07-07 15:13:43.268 D/DollieActivityManagerAdapter( 2840): [Resumed] bg:true pid:26243 uid:11189 ComponentInfo{cn.carbs.wricheditor/cn.carbs.wricheditor.MainActivity}
07-07 15:13:43.268 E/DollieAdapterService( 2840): notifyActivityState pkg:cn.carbs.wricheditor/cn.carbs.wricheditor.MainActivity state:2 fg:true mUid:11189
07-07 15:13:43.269 I/HidataAppQoeP( 2840): foregroundUidAdd uid: 11189 name: cn.carbs.wricheditor activity state: true
07-07 15:13:43.269 I/OPCollectLog( 2784): OdmfHelper:isCharging: true
07-07 15:13:43.271 E/BoosterUtil( 2840): convertSubIdToSlotId failed, subId:0, slotId:-1
07-07 15:13:43.271 E/BoosterUtil( 2840): getDefaultDataSlotId failed, invalid slotId:-1, subId:0
07-07 15:13:43.271 D/ConnCureStateMonitor( 2840): handleMessage: msg[2]
07-07 15:13:43.271 I/HwPacketFilterBypass( 2840): handleActivityUidStateChanged uid:11189 -1 foreground:1
07-07 15:13:43.271 I/UidCloseNrStateMachine( 2840): enter uidStateChanged, ForeGrountApp = cn.carbs.wricheditor, mIsCallOn = false, mIsUsbPlugged = true
07-07 15:13:43.273 D/SmartDualCardConfig( 2840): getAppType,pkgName=cn.carbs.wricheditor,appType=-1
07-07 15:13:43.273 I/OPCollectLog( 2784): OdmfHelper:insert database success 
07-07 15:13:43.273 I/OPCollectLog( 2784): OdmfHelper:opcollectCache size: 1
07-07 15:13:43.273 I/OPCollectLog( 2784): OdmfHelper:opcollectCache lastTime: 1943605414
07-07 15:13:43.273 D/SmartDualCardConfig( 2840): getAppType,pkgName=cn.carbs.wricheditor,appType=-1
07-07 15:13:43.273 E/SmartDualCardConfig( 2840): isAppInBlackList false,items==null
07-07 15:13:43.273 D/SmartDualCardSM( 2840): onUidStateUpdate,uid=11189,appName=cn.carbs.wricheditor,state=FOREGROUND
07-07 15:13:43.275 D/SmartDualCardConfig( 2840): getAppType,pkgName=cn.carbs.wricheditor,appType=-1
07-07 15:13:43.275 D/SmartDualCardSM( 2840): updateAppState mAppState=2
07-07 15:13:43.275 D/SmartDualCardConfig( 2840): addForegroundAppToList,size()=1,uid=11189
07-07 15:13:43.275 D/HiTouch_PressGestureDetector(26243): onAttached, package=cn.carbs.wricheditor, windowType=1, mHiTouchRestricted=false
07-07 15:13:43.275 I/BoosterUtil( 2840): getSlaveCardSubId slotId: 1, subId: -1
07-07 15:13:43.277 I/BoosterUtil( 2840): getSlaveCardSubId slotId: 1, subId: -1
07-07 15:13:43.277 E/BoosterUtil( 2840): convertSubIdToSlotId failed, subId:0, slotId:-1
07-07 15:13:43.277 E/BoosterUtil( 2840): getDefaultDataSlotId failed, invalid slotId:-1, subId:0
07-07 15:13:43.277 E/SmartDualCardSM( 2840): boosterDump failed, invalid param, default4GSlotId0
07-07 15:13:43.277 D/SmartDualCardSM( 2840): isNeedMonitorAppQoe return false
07-07 15:13:43.278 E/BoosterUtil( 2840): convertSubIdToSlotId failed, subId:0, slotId:-1
07-07 15:13:43.278 E/BoosterUtil( 2840): getDefaultDataSlotId failed, invalid slotId:-1, subId:0
07-07 15:13:43.278 D/SmartDualCardSM( 2840): resetAppQoeState
07-07 15:13:43.278 D/SmartDualCardSM( 2840): IdleState:got msg.what=EVENT_APP_MOVE_FOREGROUND
07-07 15:13:43.278 I/DollieChr( 2840): handleForegroundAppUpdateMsg,mAppState=1,scenes=2,mForegroundAppName=
07-07 15:13:43.278 D/HwConnectivityServiceEx( 1429): set cache by key is 1000 interfaceName iswlan0 value is false
07-07 15:13:43.279 E/BoosterUtil( 2840): convertSubIdToSlotId failed, subId:0, slotId:-1
07-07 15:13:43.279 E/BoosterUtil( 2840): getDefaultDataSlotId failed, invalid slotId:-1, subId:0
07-07 15:13:43.279 E/SmartDualCardSM( 2840): isNeedEnterHardSwitchingMode failed, invalid sub
07-07 15:13:43.283 V/HwPhoneWindowManager( 1429): updateSystemUiColorLw window=Window{a5518e1 u0 cn.carbs.wricheditor/cn.carbs.wricheditor.MainActivity},EmuiStyle=0,StatusBarColor=0xff3700b3,NavigationBarColor=0xfffcfcfc, mForceNotchStatusBar=false
07-07 15:13:43.283 D/ZrHung.AppEyeFocusWindow( 1429): FocusWindowErrorScene cancelCheckFreezeScreen
07-07 15:13:43.283 D/ZrHung.AppEyeTransparentWindow( 1429): TransparentWindow mHungConfigStatus = 0,mHungConfigEnable = 1
07-07 15:13:43.283 D/HwPhoneWindowManager( 1429): Transact:setSystemUIColor to status bar service
07-07 15:13:43.284 I/HwCommandQueue( 2486): updateBarBgColor
07-07 15:13:43.284 D/HwCommandQueue( 2486): CommandQueue, setBarBackgroundColor
07-07 15:13:43.284 I/StatusBarDisable( 1429): setFlags what=0 which=1 pkg=Window{a5518e1 u0 cn.carbs.wricheditor/cn.carbs.wricheditor.MainActivity}
07-07 15:13:43.285 I/iGraphics(26243): [0020080c] pn: cn.carbs.wricheditor, p: 26243
07-07 15:13:43.285 I/iGraphics(26243): [0030080c] no spt app: cn.carbs.wricheditor
07-07 15:13:43.295 D/mali_winsys(26243): EGLint new_window_surface(egl_winsys_display *, void *, EGLSurface, EGLConfig, egl_winsys_surface **, EGLBoolean) returns 0x3000
07-07 15:13:43.300 I/GRALLOC (  657): getCallingPid=696, shrFd=11,fmt=0x1,intFmt=0x200000001,btStrd=4352,size=10399744,pid=657 
07-07 15:13:43.300 I/GRALLOC (  657): 	 yuv=2,w=1080,h=2340,Stride u=0 v=0,offset u=0 v=0 
07-07 15:13:43.300 I/GRALLOC (  657): 	 iova_size=10399744,conUsg=0xb00,proUsg=0xb00,	 strd=1088,[afbc]HdrStrd=1088 PyldStrd=69632 Scrmbl=2,ionhnd = 0 
07-07 15:13:43.301 I/hwservicemanager(  472): getTransport: Cannot find entry android.hardware.graphics.mapper@3.0::IMapper/default in either framework or device manifest.
07-07 15:13:43.301 W/Gralloc3(26243): mapper 3.x is not supported
07-07 15:13:43.308 I/GRALLOC (  657): getCallingPid=696, shrFd=11,fmt=0x1,intFmt=0x200000001,btStrd=4352,size=10399744,pid=657 
07-07 15:13:43.308 I/GRALLOC (  657): 	 yuv=2,w=1080,h=2340,Stride u=0 v=0,offset u=0 v=0 
07-07 15:13:43.308 I/GRALLOC (  657): 	 iova_size=10399744,conUsg=0xb00,proUsg=0xb00,	 strd=1088,[afbc]HdrStrd=1088 PyldStrd=69632 Scrmbl=2,ionhnd = 0 
07-07 15:13:43.313 I/GRALLOC (  657): getCallingPid=696, shrFd=13,fmt=0x1,intFmt=0x200000001,btStrd=4352,size=10399744,pid=657 
07-07 15:13:43.313 I/GRALLOC (  657): 	 yuv=2,w=1080,h=2340,Stride u=0 v=0,offset u=0 v=0 
07-07 15:13:43.313 I/GRALLOC (  657): 	 iova_size=10399744,conUsg=0xb00,proUsg=0xb00,	 strd=1088,[afbc]HdrStrd=1088 PyldStrd=69632 Scrmbl=2,ionhnd = 0 
07-07 15:13:43.317 E/        (26243): APS:IFLoad:importExternalFunctions, search function createNewHwApsUtils failed, dlsym err:undefined symbol: createNewHwApsUtils
07-07 15:13:43.317 D/        (26243): APS:importExternalFunctions OK
07-07 15:13:43.318 I/HwViewRootImpl(26243): removeInvalidNode jank list is null
07-07 15:13:43.324 I/ActivityTaskManager( 1429): Displayed cn.carbs.wricheditor/.MainActivity: +268ms
07-07 15:13:43.324 V/WindowManager( 1429): removeIfPossible: Window{a3a1e99 u0 Splash Screen cn.carbs.wricheditor} callers=com.android.server.wm.WindowState.removeIfPossible:5505060 com.android.server.wm.WindowManagerService.removeWindow:5503048 android.view.ViewRootImpl.dispatchDetachedFromWindow:5943096 android.view.ViewRootImpl.doDie:5943772 android.view.ViewRootImpl$ViewRootHandler.handleMessage:7187460 
07-07 15:13:43.325 V/WindowManager( 1429): Not removing Window{a3a1e99 u0 Splash Screen cn.carbs.wricheditor EXITING} due to exit animation 
07-07 15:13:43.340 D/HwConnectivityServiceEx( 1429): set cache by key is 10194 interfaceName iswlan0 value is true
07-07 15:13:43.340 D/ConnectivityService( 1429): Network is BLOCKED, uid = 10194
07-07 15:13:43.348 D/ConnectivityService( 1429): get Network state from cache, cacheBlock is 1
07-07 15:13:43.348 D/ConnectivityService( 1429): Network is BLOCKED, uid = 10194
07-07 15:13:43.382 D/ScreemCommon(  921): <LOGMGR> <complete_pm> [Entry]
07-07 15:13:43.399 I/netd    (  635): trafficSwapActiveStatsMap() <15.98ms>
07-07 15:13:43.415 I/netd    (  635): trafficSwapActiveStatsMap() <14.83ms>
07-07 15:13:43.438 V/WindowManager( 1429): Exit animation finished in Window{a3a1e99 u0 Splash Screen cn.carbs.wricheditor EXITING}: remove=true
07-07 15:13:43.438 E/WindowManager( 1429): win=Window{a3a1e99 u0 Splash Screen cn.carbs.wricheditor EXITING} destroySurfaces: appStopped=false win.mWindowRemovalAllowed=true win.mRemoveOnExit=true
07-07 15:13:43.438 V/WindowManager( 1429): postWindowRemoveCleanupLocked: Window{a3a1e99 u0 Splash Screen cn.carbs.wricheditor}
07-07 15:13:43.438 V/WindowManager( 1429): Removing Window{a3a1e99 u0 Splash Screen cn.carbs.wricheditor} from AppWindowToken{a38aed1 token=Token{a51d27c ActivityRecord{a4b69c9 u0 cn.carbs.wricheditor/.MainActivity t914}}}
07-07 15:13:43.504 D/RemoteAnimationController( 1429): app-onAnimationFinished(): mOuter=com.android.server.wm.RemoteAnimationController@a3a687b
07-07 15:13:43.504 D/RemoteAnimationController( 1429): onAnimationFinished(): Notify animation finished:
07-07 15:13:43.506 I/WindowManager( 1429): New wallpaper target: null prevTarget: Window{a34adb9 u0 com.huawei.android.launcher/com.huawei.android.launcher.unihome.UniHomeLauncher}
07-07 15:13:43.508 I/HwLauncher(14430): Launcher Icon:32 Widget:0 Folder:1 Icon in folder:32
07-07 15:13:43.514 D/DollieActivityManagerAdapter( 2840): [UidStateChanged]  uid:10093 uidState:6
07-07 15:13:43.514 E/DollieAdapterService( 2840): notifyActivityState pkg:com.huawei.android.launcher/com.huawei.android.launcher.unihome.UniHomeLauncher state:6 fg:false mUid:10093
07-07 15:13:43.515 D/SmartDualCardConfig( 2840): getAppType,pkgName=com.huawei.android.launcher,appType=28
07-07 15:13:43.515 D/SmartDualCardSM( 2840): onUidStateUpdate isSkip,uid=10093,pkgName=com.huawei.android.launcher,pkgNameByComponentName=com.huawei.android.launcher
07-07 15:13:43.521 I/HiBoard_11.0.2.306_Workspace(16138): onWindowVisibilityChanged8 isOverlayClosed:true
07-07 15:13:43.523 E/BufferQueueProducer(  696): [com.huawei.intelligent.Workspace#0]:1338: disconnect: not connected (req=1)
07-07 15:13:43.523 W/libEGL  (16138): EGLNativeWindowType 0x71d7422b50 disconnect failed
07-07 15:13:43.523 D/AwareLog(  877): iawared: WorkingsetProcessCommand subCmd = 351, userId=11189, pid=26243, cn.carbs.wricheditor
07-07 15:13:43.523 E/BufferQueueProducer(  696): [com.huawei.android.launcher/com.huawei.android.launcher.unihome.UniHomeLauncher#0]:1338: disconnect: not connected (req=1)
07-07 15:13:43.523 W/libEGL  (14430): EGLNativeWindowType 0x72434fad10 disconnect failed
07-07 15:13:43.524 D/AwareLog(  877): iawared: WorkingsetPause cn.carbs.wricheditor
07-07 15:13:43.524 W/hwcomposer(  658): setGpuFreqBoost:160: boostGpuFreq release !
07-07 15:13:43.526 V/WindowManager( 1429): notifyAppStopped: AppWindowToken{a258cd1 token=Token{a04853a ActivityRecord{a3cbf91 u0 com.huawei.android.launcher/.unihome.UniHomeLauncher t3}}}
07-07 15:13:43.526 E/WindowManager( 1429): win=Window{9e18d71 u0 com.huawei.intelligent.Workspace} destroySurfaces: appStopped=true win.mWindowRemovalAllowed=false win.mRemoveOnExit=false
07-07 15:13:43.526 E/WindowManager( 1429): win=Window{a34adb9 u0 com.huawei.android.launcher/com.huawei.android.launcher.unihome.UniHomeLauncher} destroySurfaces: appStopped=true win.mWindowRemovalAllowed=false win.mRemoveOnExit=false
07-07 15:13:43.528 D/ConnectivityService( 1429): get Network state from cache, cacheBlock is 0
07-07 15:13:43.528 W/AwareLog( 1429): SchedLevelBoost: onFgActivitiesChanged config not set!
07-07 15:13:43.528 I/BoosterSwitchP( 2840): notifyUidState do nothing
07-07 15:13:43.528 I/DeepNoDisturbP( 2840): notifyUidState
07-07 15:13:43.528 I/BrowserChrP( 2840): notifyUidState
07-07 15:13:43.718 D/ZrHung.AppEyeUiProbe(14430): not watching, wait.
07-07 15:13:43.962 I/aptouch_daemon( 2788): filter_touch_detect, down, in: 1, out: 1
07-07 15:13:43.963 D/libfingersense_wrapper( 1429): Calling fingersense_classify_touch()
07-07 15:13:43.966 D/libfingersense_wrapper( 1429): fingersense_classify_touch() finished
07-07 15:13:43.967 W/Settings(26243): Setting device_provisioned has moved from android.provider.Settings.Secure to android.provider.Settings.Global.
07-07 15:13:43.967 V/HiTouch_HiTouchSensor(26243): User setup is finished.
07-07 15:13:44.011 D/ScreemCommon(  921): <LOGMGR> <SceneEnd> [Entry]
07-07 15:13:44.011 D/ScreemCommon(  921): <LOGMGR> <SceneEnd> [scene status ok,status:1 lastId:496572551]
07-07 15:13:44.028 D/ScreemCommon(  921): <LOGMGR> <complete_pm> [Entry]
07-07 15:13:44.028 E/ScreemCommon(  921): <LOGMGR> <logCaptureFilter> [not the beta version or delimitation frozen, no need to capture log]
07-07 15:13:44.028 D/ScreemCommon(  921): <LOGMGR> <logCaptureFilter> [filterReason:0]
07-07 15:13:44.028 D/ScreemCommon(  921): <LOGMGR> <complete_pm> [type:1 Level:3 filter:0]
07-07 15:13:44.028 D/ScreemCommon(  921): <LOGMGR> <reportImmediately> [entry]
07-07 15:13:44.028 E/ScreemCommon(  921): ### JankSchedHwRead error!
07-07 15:13:44.028 I/aptouch_daemon( 2788): filter_touch_detect, all_touch_up
07-07 15:13:44.028 E/ScreemCommon(  921): ### ScreemSchedDlmRead read failed!
07-07 15:13:44.029 E/ScreemCommon(  921): ### ScreemSchedDlmRead error!
07-07 15:13:44.029 E/ScreemCommon(  921): update dlm info failed
07-07 15:13:44.029 I/iMonitor(  921): create: 902100000
07-07 15:13:44.030 V/AudioManager(26243): querySoundEffectsEnabled...
07-07 15:13:44.032 D/HwFrameworkSecurityPartsFactory(26243): HwFrameworkSecurityPartsFactory in.
07-07 15:13:44.032 I/HwFrameworkSecurityPartsFactory(26243): add HwFrameworkSecurityPartsFactory to memory.
07-07 15:13:44.033 I/ActivityTaskManager( 1429): START u0 {hwFlg=0x10 cmp=cn.carbs.wricheditor/.TestLibActivity} from uid 11189
07-07 15:13:44.033 I/ActivityTaskManager( 1429): ActivityRecord info: ActivityInfo{a4465ab cn.carbs.wricheditor.TestLibActivity}
07-07 15:13:44.033 D/ActivityTaskManager( 1429): TaskLaunchParamsModifier:task=null activity=ActivityRecord{a4b6879 u0 cn.carbs.wricheditor/.TestLibActivity t-1} display-from-source=0 display-id=0 display-windowing-mode=1
07-07 15:13:44.033 D/ActivityTaskManager( 1429): TaskLaunchParamsModifier:task=null activity=ActivityRecord{a4b6879 u0 cn.carbs.wricheditor/.TestLibActivity t-1} display-from-source=0 display-id=0 display-windowing-mode=1 activity-options-fullscreen=Rect(0, 0 - 0, 0) non-freeform-display maximized-bounds
07-07 15:13:44.033 V/ActivityTaskManager( 1429): positionChild stackId=918 to top.
07-07 15:13:44.034 V/ActivityTaskManager( 1429): addAppToken: AppWindowToken{a3e8cd1 token=Token{a57fe4f ActivityRecord{a4b6879 u0 cn.carbs.wricheditor/.TestLibActivity t914}}} task={taskId=914 appTokens=[AppWindowToken{a38aed1 token=Token{a51d27c ActivityRecord{a4b69c9 u0 cn.carbs.wricheditor/.MainActivity t914}}}] mdr=false} at 2147483647
07-07 15:13:44.034 I/iMonitor(  921): send: 902100000
07-07 15:13:44.035 D/ScreemCommon(  921): <LOGMGR> <SceneClose> [Entry]
07-07 15:13:44.035 D/ScreemCommon(  921): <LOGMGR> <SceneClose> [scene status ok,status:2 lastId:496572551]
07-07 15:13:44.036 D/ScreemCommon(  921): <LOGMGR> <SceneStart> [Entry]
07-07 15:13:44.036 D/ScreemCommon(  921): <LOGMGR> <SceneStart> [new scene start 496579909]
07-07 15:13:44.038 V/ActivityTaskManager( 1429): Making visible and scheduling visibility: ActivityRecord{a4b6879 u0 cn.carbs.wricheditor/.TestLibActivity t914}
07-07 15:13:44.040 D/ZrHung.AppEyeFocusWindow( 1429): FocusWindowErrorScene CheckFreezeScreen
07-07 15:13:44.040 D/ZrHung.AppEyeTransparentWindow( 1429): TransparentWindow cancelCheckFreezeScreen
07-07 15:13:44.041 D/AwareLog(  877): iawared: WorkingsetProcessCommand subCmd = 352, userId=11189, pid=26243, cn.carbs.wricheditor
07-07 15:13:44.041 D/AwareLog(  877): iawared: WorkingsetStop cn.carbs.wricheditor
07-07 15:13:44.041 I/HwAudioServiceEx( 1429): ComponentInfo : className = cn.carbs.wricheditor.MainActivity, flag=onPause, isHomeActivity=, isTop=false
07-07 15:13:44.041 W/SecurityProfileService( 1429): Activity life state callback extras get package null!
07-07 15:13:44.042 D/DollieActivityManagerAdapter( 2840): [Paused] pid:26243 uid:11189 ComponentInfo{cn.carbs.wricheditor/cn.carbs.wricheditor.MainActivity} uidState:2
07-07 15:13:44.043 D/AwareLog(  877): iawared: WorkingsetProcessCommand subCmd = 350, userId=11189, pid=26243, cn.carbs.wricheditor/.TestLibActivity
07-07 15:13:44.043 D/AwareLog(  877): iawared: WorkingsetSendPrereadMsg cn.carbs.wricheditor/.TestLibActivity
07-07 15:13:44.043 D/AwareLog(  877): iawared: WorkingsetStart cn.carbs.wricheditor/.TestLibActivity in monitor0
07-07 15:13:44.044 W/ActivityThread(26243): handleWindowVisibility: no activity for token android.os.BinderProxy@32b9ea9
07-07 15:13:44.049 V/ActivityThread(26243): callActivityOnCreate
07-07 15:13:44.069 D/ActivityThread(26243): add activity client record, r= ActivityRecord{8741831 token=android.os.BinderProxy@32b9ea9 {cn.carbs.wricheditor/cn.carbs.wricheditor.TestLibActivity}} token= android.os.BinderProxy@32b9ea9
07-07 15:13:44.074 V/WindowManager( 1429): addWindow: Window{9e18409 u0 cn.carbs.wricheditor/cn.carbs.wricheditor.TestLibActivity}
07-07 15:13:44.076 I/HwAudioServiceEx( 1429): ComponentInfo : className = cn.carbs.wricheditor.TestLibActivity, flag=onResume, isHomeActivity=, isTop=true
07-07 15:13:44.076 W/SecurityProfileService( 1429): Activity life state callback extras get package null!
07-07 15:13:44.076 I/OPCollectLog( 2784): AppChangeImpl:call onAppChange.
07-07 15:13:44.076 I/OPCollectLog( 2784): HwForegroundAppAction:handleMessage 
07-07 15:13:44.076 D/OPCollectLog( 2784): HwForegroundAppAction:FG executeWithArgs
07-07 15:13:44.076 I/OPCollectLog( 2784): OPCollectUtils:ODMF Api Version:2.14.1
07-07 15:13:44.077 I/OPCollectLog( 2784): Action:HwForegroundAppAction executed successfully
07-07 15:13:44.077 D/DollieActivityManagerAdapter( 2840): [Resumed] bg:false pid:26243 uid:11189 ComponentInfo{cn.carbs.wricheditor/cn.carbs.wricheditor.TestLibActivity}
07-07 15:13:44.077 D/OPCollectLog( 2784): OdmfCollectScheduler:handleMessage msg: 4
07-07 15:13:44.077 E/DollieAdapterService( 2840): notifyActivityState pkg:cn.carbs.wricheditor/cn.carbs.wricheditor.TestLibActivity state:2 fg:true mUid:11189
07-07 15:13:44.077 I/OPCollectLog( 2784): OdmfHelper:opcollectCache 1
07-07 15:13:44.077 I/OPCollectLog( 2784): OdmfHelper:opcollectCache curTime: 1943606217, interval: 803
07-07 15:13:44.077 I/OPCollectLog( 2784): OdmfHelper:isCharging: true
07-07 15:13:44.079 D/HiTouch_PressGestureDetector(26243): onAttached, package=cn.carbs.wricheditor, windowType=1, mHiTouchRestricted=false
07-07 15:13:44.080 I/OPCollectLog( 2784): OdmfHelper:insert database success 
07-07 15:13:44.080 I/OPCollectLog( 2784): OdmfHelper:opcollectCache size: 1
07-07 15:13:44.080 I/OPCollectLog( 2784): OdmfHelper:opcollectCache lastTime: 1943606221
07-07 15:13:44.084 D/ZrHung.AppEyeFocusWindow( 1429): FocusWindowErrorScene cancelCheckFreezeScreen
07-07 15:13:44.084 D/ZrHung.AppEyeTransparentWindow( 1429): TransparentWindow mHungConfigStatus = 0,mHungConfigEnable = 1
07-07 15:13:44.084 I/StatusBarDisable( 1429): setFlags what=0 which=1 pkg=Window{9e18409 u0 cn.carbs.wricheditor/cn.carbs.wricheditor.TestLibActivity}
07-07 15:13:44.085 D/mali_winsys(26243): EGLint new_window_surface(egl_winsys_display *, void *, EGLSurface, EGLConfig, egl_winsys_surface **, EGLBoolean) returns 0x3000
07-07 15:13:44.091 I/GRALLOC (  657): getCallingPid=696, shrFd=11,fmt=0x1,intFmt=0x200000001,btStrd=4352,size=10399744,pid=657 
07-07 15:13:44.091 I/GRALLOC (  657): 	 yuv=2,w=1080,h=2340,Stride u=0 v=0,offset u=0 v=0 
07-07 15:13:44.091 I/GRALLOC (  657): 	 iova_size=10399744,conUsg=0xb00,proUsg=0xb00,	 strd=1088,[afbc]HdrStrd=1088 PyldStrd=69632 Scrmbl=2,ionhnd = 0 
07-07 15:13:44.096 I/GRALLOC (  657): getCallingPid=696, shrFd=11,fmt=0x1,intFmt=0x200000001,btStrd=4352,size=10399744,pid=657 
07-07 15:13:44.096 I/GRALLOC (  657): 	 yuv=2,w=1080,h=2340,Stride u=0 v=0,offset u=0 v=0 
07-07 15:13:44.096 I/GRALLOC (  657): 	 iova_size=10399744,conUsg=0xb00,proUsg=0xb00,	 strd=1088,[afbc]HdrStrd=1088 PyldStrd=69632 Scrmbl=2,ionhnd = 0 
07-07 15:13:44.102 I/GRALLOC (  657): getCallingPid=696, shrFd=11,fmt=0x1,intFmt=0x200000001,btStrd=4352,size=10399744,pid=657 
07-07 15:13:44.102 I/GRALLOC (  657): 	 yuv=2,w=1080,h=2340,Stride u=0 v=0,offset u=0 v=0 
07-07 15:13:44.102 I/GRALLOC (  657): 	 iova_size=10399744,conUsg=0xb00,proUsg=0xb00,	 strd=1088,[afbc]HdrStrd=1088 PyldStrd=69632 Scrmbl=2,ionhnd = 0 
07-07 15:13:44.103 D/OpenGLRenderer(26243): disableOutlineDraw is true
07-07 15:13:44.103 I/HwWindowManagerServiceEx( 1429): closing apps count = 1
07-07 15:13:44.105 D/HwWindowManagerServiceEx( 1429): is app exit to launcher info: transit = 6, app = AppWindowToken{a38aed1 token=Token{a51d27c ActivityRecord{a4b69c9 u0 cn.carbs.wricheditor/.MainActivity t914}}}, window = Window{a5518e1 u0 cn.carbs.wricheditor/cn.carbs.wricheditor.MainActivity}, mClosingApps = {AppWindowToken{a38aed1 token=Token{a51d27c ActivityRecord{a4b69c9 u0 cn.carbs.wricheditor/.MainActivity t914}}}}, topOpeningApp = AppWindowToken{a3e8cd1 token=Token{a57fe4f ActivityRecord{a4b6879 u0 cn.carbs.wricheditor/.TestLibActivity t914}}}, mExitIconBitmap = null, mExitIconHeight = -1, mExitIconWidth = -1
07-07 15:13:44.105 E/WindowManager( 1429): icon is null!!
07-07 15:13:44.107 D/HwWindowManagerServiceEx( 1429): is app exit to launcher info: transit = 6, app = AppWindowToken{a3e8cd1 token=Token{a57fe4f ActivityRecord{a4b6879 u0 cn.carbs.wricheditor/.TestLibActivity t914}}}, window = Window{9e18409 u0 cn.carbs.wricheditor/cn.carbs.wricheditor.TestLibActivity}, mClosingApps = {AppWindowToken{a38aed1 token=Token{a51d27c ActivityRecord{a4b69c9 u0 cn.carbs.wricheditor/.MainActivity t914}}}}, topOpeningApp = AppWindowToken{a3e8cd1 token=Token{a57fe4f ActivityRecord{a4b6879 u0 cn.carbs.wricheditor/.TestLibActivity t914}}}, mExitIconBitmap = null, mExitIconHeight = -1, mExitIconWidth = -1
07-07 15:13:44.107 E/WindowManager( 1429): icon is null!!
07-07 15:13:44.120 D/ScreemCommon(  921): <LOGMGR> <complete_pm> [Entry]
07-07 15:13:44.178 D/ScreemCommon(  921): <LOGMGR> <complete_pm> [Entry]
07-07 15:13:44.272 I/HwPacketFilterBypass( 2840): isBypassAllowed not allowed reason: DATA_OFF
07-07 15:13:44.272 I/HwPacketFilterBypass( 2840): kernelAddTrackUid uid:11189 allowed:false
07-07 15:13:44.306 D/AwareBitmapCacher(26202): handleInit system app disable uid=1000
07-07 15:13:44.309 D/AwareLog(  877): iawared: WorkingsetProcessCommand subCmd = 351, userId=11189, pid=26243, cn.carbs.wricheditor/.TestLibActivity
07-07 15:13:44.310 D/AwareLog(  877): iawared: WorkingsetPause cn.carbs.wricheditor/.TestLibActivity
07-07 15:13:44.457 E/BufferQueueProducer(  696): [cn.carbs.wricheditor/cn.carbs.wricheditor.MainActivity#0]:1338: disconnect: not connected (req=1)
07-07 15:13:44.457 W/libEGL  (26243): EGLNativeWindowType 0x7238c51810 disconnect failed
07-07 15:13:44.471 V/WindowManager( 1429): notifyAppStopped: AppWindowToken{a38aed1 token=Token{a51d27c ActivityRecord{a4b69c9 u0 cn.carbs.wricheditor/.MainActivity t914}}}
07-07 15:13:44.471 E/WindowManager( 1429): win=Window{a5518e1 u0 cn.carbs.wricheditor/cn.carbs.wricheditor.MainActivity} destroySurfaces: appStopped=true win.mWindowRemovalAllowed=false win.mRemoveOnExit=false
07-07 15:13:44.479 D/ScreemCommon(  921): <LOGMGR> <SceneEnd> [Entry]
07-07 15:13:44.479 D/ScreemCommon(  921): <LOGMGR> <SceneEnd> [scene status ok,status:1 lastId:496579909]
07-07 15:13:44.494 D/ScreemCommon(  921): <LOGMGR> <complete_pm> [Entry]
07-07 15:13:44.494 D/ScreemCommon(  921): <LOGMGR> <SceneClose> [Entry]
07-07 15:13:44.494 D/ScreemCommon(  921): <LOGMGR> <SceneClose> [scene status ok,status:2 lastId:496579909]
07-07 15:13:44.562 I/        (  852): [Promm]ReadAheadEnd: ReadAheadEnd, uid = 11189
07-07 15:13:44.562 I/        (  852): [Promm]ReadAheadCheckResult: res 1: study no file.
07-07 15:13:44.566 I/Pged-IPgedBinderService(  877): ****action is 2, pid num is 3***
07-07 15:13:44.566 I/Pged-Freezer(  877): thawPids
07-07 15:13:44.566 D/PgedBinderAdapter( 2895): unF_Z ok, pid: [28656, 25894]
07-07 15:13:45.004 I/TrafficMonitor( 1429): update:rxPkts:0,txPkts:0,rxBytes:0,txBytes:0
07-07 15:13:45.004 I/TrafficMonitor( 1429): start expired. level:-1
07-07 15:13:45.005 I/TrafficMonitor( 1429): gettimer:interval=2000
07-07 15:13:45.273 D/ConnCureStateMonitor( 2840): handleMessage: msg[4]
07-07 15:13:45.275 D/ConnCureStateMonitor( 2840): canPerformConnCure: network is not in service.
07-07 15:13:45.421 I/aptouch_daemon( 2788): filter_touch_detect, down, in: 1, out: 1
07-07 15:13:45.422 D/libfingersense_wrapper( 1429): Calling fingersense_classify_touch()
07-07 15:13:45.428 D/libfingersense_wrapper( 1429): fingersense_classify_touch() finished
07-07 15:13:45.431 W/Settings(26243): Setting device_provisioned has moved from android.provider.Settings.Secure to android.provider.Settings.Global.
07-07 15:13:45.432 V/HiTouch_HiTouchSensor(26243): User setup is finished.
07-07 15:13:45.496 I/aptouch_daemon( 2788): filter_touch_detect, all_touch_up
07-07 15:13:45.507 V/AudioManager(26243): querySoundEffectsEnabled...
07-07 15:13:45.520 E/vendor.huawei.hardware.hwvibrator@1.1-service(  681): CheckHaptics: not support haptic effect
07-07 15:13:45.520 I/HwInnerVibratorService( 1429): isSupportHwVibrator type:haptic.control.text_edit, isSupport:-1
07-07 15:13:45.521 I/HwInnerVibratorService( 1429): isSupportHwVibrator type:haptic.control.text_choose_cursor_move, isSupport:-1
07-07 15:13:45.521 E/vendor.huawei.hardware.hwvibrator@1.1-service(  681): CheckHaptics: not support haptic effect
07-07 15:13:45.522 D/qqq     (26243): editor onSelectionChanged selStart : 0 selEnd : 0
07-07 15:13:45.523 D/qqq     (26243): getEditableText().length() : 0  isCursorAutoChange : true
07-07 15:13:45.529 E/Thermal-daemon(  870): [charger_ic] temp_new :34  temp_old :33
07-07 15:13:45.530 E/Thermal-daemon(  870): Report temperature: [charger_ic] temp :34  report_threshold:1
07-07 15:13:45.533 D/fff     (26243): editor onTextChanged text :  start : 0 lengthBefore : 0 lengthAfter : 0
07-07 15:13:45.533 I/ThermalTraceService( 2895): code:1, appInfo:cn.carbs.wricheditor#10000, levelInfo:0,warm_bschg_cpu,1
07-07 15:13:45.534 D/ppp     (26243): scroll addRichCell
07-07 15:13:45.534 D/ppp     (26243): editor setWRichEditorView mWRichEditorView == null ? false
07-07 15:13:46.000 I/TrafficMonitor( 1429): expired arrive. level:-1
07-07 15:13:46.000 E/WificondControl( 1429): Noise: 0, Snr: -82, Chload: 56
07-07 15:13:46.000 I/TrafficMonitor( 1429): during_ms:2002,period_ms:2000
07-07 15:13:46.000 I/TrafficMonitor( 1429): count:133,rx_sum:0,tx_sum:0,rxBytes:0,during_ms:2002,rx_speed:0.0,tx_speed:0.0,rto:0.0
07-07 15:13:46.001 D/HuaweiWifiWatchdogStateMachine( 1429): nothing to do
07-07 15:13:46.001 I/HuaweiWifiWatchdogStateMachine( 1429): POta txb txg rxg:0, 8, 0. Lr =0% Totpkt=8
07-07 15:13:46.001 I/HwUidTcpMonitor( 1429): TcpStatisticsRun run
07-07 15:13:46.001 I/HwWifiProServiceProxy( 1429): ctrlHwWifiNetwork pkgName: WIFIPRO_SERVICE interfaceId: 79
07-07 15:13:46.002 D/WiFi_PRO( 1429): MSG_RETURN_AP_CURRY_RSSI rssi = -63
07-07 15:13:46.002 I/QosMonitor( 1429): queryRtt: rttType = 3
07-07 15:13:46.002 I/HwWifiProServiceProxy( 1429): ctrlHwWifiNetwork pkgName: WIFIPRO_SERVICE interfaceId: 8
07-07 15:13:46.002 I/HwWifiProServiceProxy( 1429): TcpStatisticsRun run
07-07 15:13:46.002 I/QosMonitor( 1429): postEventFromNative: msg=100,arg1=4,arg2=10
07-07 15:13:46.002 I/HwWifiProServiceProxy( 1429): ctrlHwWifiNetwork pkgName: WIFIPRO_SERVICE interfaceId: 8
07-07 15:13:46.002 I/QosMonitor( 1429): postEventFromNative: msg=100,arg1=0,arg2=10
07-07 15:13:46.002 D/HuaweiWifiWatchdogStateMachine( 1429): nothing to do
07-07 15:13:46.003 I/MQoS    ( 1429): rtt=224,tcpTxPkts=1074351,tcpRxPkts=2104180
07-07 15:13:46.003 I/QosMonitor( 1429): resetRtt: rttType = 3
07-07 15:13:46.003 I/HwWifiProServiceProxy( 1429): ctrlHwWifiNetwork pkgName: WIFIPRO_SERVICE interfaceId: 8
07-07 15:13:46.003 D/HwUidTcpMonitor( 1429): parseWlanUidTcpStatistics lastUidTcpStatInfo = [ mUid = 1001 mPacketName = com.android.packageinstaller mSendSegs = 570 mResendSegs = 0 mRcvSegs = 364 ]
07-07 15:13:46.003 D/HwConnectivityServiceEx( 1429): set cache by key is 1000 interfaceName iswlan0 value is false
07-07 15:13:46.003 I/MQoS    ( 1429): QOS_level:0(0),DataDisable;use level-0
07-07 15:13:46.003 I/HuaweiWifiWatchdogStateMachine( 1429): PTcp RTT:0, rtt pkt=0, tcp_rx=1, tcp_tx=2, tcp_reTran=0, rtRate=0
07-07 15:13:46.003 D/HuaweiWifiWatchdogStateMachine( 1429): rssi bad, mrssi=-63 < TargetRssi=-63
07-07 15:13:46.005 E/WifiHAL (  690): enter wifi_get_link_stats
07-07 15:13:46.006 E/WificondControl( 1429): Noise: 0, Snr: -82, Chload: 56
07-07 15:13:46.007 V/HwWifiServiceFactory( 1429): get AllImpl object = com.android.server.wifi.HwWifiServiceFactoryImpl@a22847d
07-07 15:13:46.012 D/TelephonyManager( 1429): getAllCellInfo calling app is android
07-07 15:13:46.013 W/PhoneInterfaceManager( 2908): shouldBlockLocation running ...
07-07 15:13:46.013 I/PhoneInterfaceManager( 2908): shouldBlockLocation  ret:false
07-07 15:13:46.391 I/aptouch_daemon( 2788): filter_touch_detect, down, in: 1, out: 1
07-07 15:13:46.392 D/libfingersense_wrapper( 1429): Calling fingersense_classify_touch()
07-07 15:13:46.398 D/libfingersense_wrapper( 1429): fingersense_classify_touch() finished
07-07 15:13:46.474 I/aptouch_daemon( 2788): filter_touch_detect, all_touch_up
07-07 15:13:46.490 V/AudioManager(26243): querySoundEffectsEnabled...
07-07 15:13:46.493 D/qqq     (26243): editor onSelectionChanged selStart : 0 selEnd : 0
07-07 15:13:46.494 D/qqq     (26243): getEditableText().length() : 0  isCursorAutoChange : true
07-07 15:13:46.494 D/fff     (26243): editor onTextChanged text :  start : 0 lengthBefore : 0 lengthAfter : 0
07-07 15:13:46.495 D/ppp     (26243): scroll addRichCell
07-07 15:13:46.495 D/ppp     (26243): editor setWRichEditorView mWRichEditorView == null ? false
07-07 15:13:46.512 I/HiBoard_11.0.2.306_LauncherOverlayService(16138): onUnbind
07-07 15:13:46.512 I/HiBoard_11.0.2.306_ReportHelper(16138): reportHiBoardBindDuration duration: 9789, onBindTime: 1594106016723, onUnbindTime: 1594106026512
07-07 15:13:46.512 I/HiBoard_11.0.2.306_SettingsUtil(16138): isAgreeProtocolBefore:true
07-07 15:13:46.512 I/HiBoard_11.0.2.306_ReportHelper(16138): reportCommonEvent ,string eventId:3030 type: 2
07-07 15:13:46.513 I/HiBoard_11.0.2.306_LauncherOverlayService(16138): onDestroy
07-07 15:13:46.756 I/HwNaturalBase( 2819): [CommonHandler]: 18237Kb ram is used.
07-07 15:13:46.871 D/ConnectivityService( 1429): get Network state from cache, cacheBlock is 0
07-07 15:13:46.873 D/ConnectivityService( 1429): get Network state from cache, cacheBlock is 0
07-07 15:13:46.965 I/aptouch_daemon( 2788): filter_touch_detect, down, in: 1, out: 1
07-07 15:13:46.966 D/libfingersense_wrapper( 1429): Calling fingersense_classify_touch()
07-07 15:13:46.972 D/libfingersense_wrapper( 1429): fingersense_classify_touch() finished
07-07 15:13:47.008 I/TrafficMonitor( 1429): update:rxPkts:0,txPkts:0,rxBytes:0,txBytes:0
07-07 15:13:47.008 I/TrafficMonitor( 1429): start expired. level:-1
07-07 15:13:47.008 I/TrafficMonitor( 1429): gettimer:interval=2000
07-07 15:13:47.023 I/aptouch_daemon( 2788): filter_touch_detect, all_touch_up
07-07 15:13:47.028 D/HwAutofillHelper(26243): recordCurrentInfo:0
07-07 15:13:47.028 D/HwAutofillHelper(26243): inputType = 131073
07-07 15:13:47.033 D/fff     (26243): editor onFocusChanged focused : true direction : 130
07-07 15:13:47.033 D/eee     (26243): onEditorFocusChanged focused : true
07-07 15:13:47.036 D/HwSecImmHelper( 1429): isPasswordInputType = false, inputType = 131073
07-07 15:13:47.043 I/netd    (  635): firewallSetUidRule(2, 10194, 1) <0.03ms>
07-07 15:13:47.043 I/NetworkPolicy( 1429): upPwResUL:10194,idle:1,resPw:0,dIdle:0,fg=1,white=0,old=64,new=32,newUid=32,oldUid=64,resBg=0
07-07 15:13:47.047 I/AssistStructure(26243): Flattened final assist data: 2252 bytes, containing 1 windows, 14 views
07-07 15:13:47.047 V/RemoteFillService( 1429): ensureBound()
07-07 15:13:47.050 D/HwConnectivityServiceEx( 1429): set cache by key is 10194 interfaceName iswlan0 value is false
07-07 15:13:47.050 D/ConnectivityService( 1429): Returning UNBLOCKED NetworkInfo to uid=10194
07-07 15:13:47.053 D/HwKeychain(25195): HwAutofillService:hasLockPassword: true
07-07 15:13:47.053 D/HwKeychain(25195): UserUtility:userid:0;0
07-07 15:13:47.053 D/HwKeychain(25195): HwAutofillService:isMainUser: true
07-07 15:13:47.053 D/HwSecurityService( 1429): find this Resident Plugin
07-07 15:13:47.054 I/HISEC   (  680): [SOCKETC   ] client >> cmd 2002, key 8, detail 0, history 0
07-07 15:13:47.054 I/HISEC   (  680): [SOCKETC   ] client << len 6, ret 0
07-07 15:13:47.055 D/HwKeychain(25195): HwAutofillService:isRoot: false
07-07 15:13:47.055 I/HwKeychain(25195): HwAutofillService:onFillRequest: package name: cn.carbs.wricheditor
07-07 15:13:47.055 I/AssistStructure( 1429): Flattened final assist data: 2096 bytes, containing 1 windows, 14 views
07-07 15:13:47.055 D/HwKeychain(25195): AssistStructureUtility:handle viewnode = android.app.assist.AssistStructure$ViewNode@a0f8517*********
07-07 15:13:47.055 D/HwKeychain(25195): AssistStructureUtility:inputtype = 131073
07-07 15:13:47.055 D/HwKeychain(25195): AssistStructureUtility:hint = null
07-07 15:13:47.055 D/HwKeychain(25195): AssistStructureUtility:id = null
07-07 15:13:47.055 D/HwKeychain(25195): AssistStructureUtility:handle viewnode = android.app.assist.AssistStructure$ViewNode@9f2dd04*********
07-07 15:13:47.055 D/HwKeychain(25195): AssistStructureUtility:inputtype = 131073
07-07 15:13:47.055 D/HwKeychain(25195): AssistStructureUtility:hint = null
07-07 15:13:47.055 D/HwKeychain(25195): AssistStructureUtility:id = null
07-07 15:13:47.055 D/HwKeychain(25195): HwAutofillService:onFillRequest:dict is invalid
07-07 15:13:47.056 W/DevicePolicyManager( 1429): Package com.sohu.inputmethod.sogou (uid=10194, pid=7479) cannot access Device IDs
07-07 15:13:47.057 W/TelephonyPermissions( 2908): reportAccessDeniedToReadIdentifiers:com.sohu.inputmethod.sogou:getSubscriberId:isPreinstalled=false:isPrivApp=false
07-07 15:13:47.061 I/PGServer( 2895): report state:10005 event type:1 pid:0 uid:0 pkg:null to pid: 2895
07-07 15:13:47.061 I/PGServer( 2895): report state:10005 event type:1 pid:0 uid:0 pkg:null to pid: 1429
07-07 15:13:47.062 W/system_server( 1429): resources.arsc in APK '/data/app/com.sohu.inputmethod.sogou-JRnML-orRvlAJkoxHV0bcg==/base.apk' is compressed.
07-07 15:13:47.063 W/ActivityManager( 1429): Sending non-protected broadcast huawei.action.floattasks.IME_WINDOW_STATE_CHANGED from system 2486:com.android.systemui/u0a42 pkg com.android.systemui
07-07 15:13:47.063 I/StatusBar/NavBarView( 2486): updateNavButtonIcons (b/113914868): home disabled=false mDisabledFlags=0
07-07 15:13:47.076 I/HwInputMethodManagerServiceEx( 1429): NaviBar defValue = 1
07-07 15:13:47.076 I/HwInputMethodManagerServiceEx( 1429): --- show navigation bar status: isEnableNavBar = true ,isGestureNavigation = false
07-07 15:13:47.077 I/HwInputMethodManagerServiceEx( 1429): NaviBar defValue = 1
07-07 15:13:47.077 I/HwInputMethodManagerServiceEx( 1429): --- show navigation bar status: isEnableNavBar = true ,isGestureNavigation = false
07-07 15:13:47.081 D/mali_winsys( 7479): EGLint new_window_surface(egl_winsys_display *, void *, EGLSurface, EGLConfig, egl_winsys_surface **, EGLBoolean) returns 0x3000
07-07 15:13:47.082 I/WindowManager( 1429): navColorWin was set to default navbar color so should add SYSTEM_UI_FLAG_LIGHT_NAVIGATION_BAR 8018
07-07 15:13:47.082 I/StatusBarDisable( 1429): setFlags what=0 which=1 pkg=Window{9e18409 u0 cn.carbs.wricheditor/cn.carbs.wricheditor.TestLibActivity}
07-07 15:13:47.090 I/GRALLOC (  657): getCallingPid=696, shrFd=11,fmt=0x1,intFmt=0x200000001,btStrd=4352,size=10043392,pid=657 
07-07 15:13:47.090 I/GRALLOC (  657): 	 yuv=2,w=1080,h=2268,Stride u=0 v=0,offset u=0 v=0 
07-07 15:13:47.090 I/GRALLOC (  657): 	 iova_size=10043392,conUsg=0xb00,proUsg=0xb00,	 strd=1088,[afbc]HdrStrd=1088 PyldStrd=69632 Scrmbl=2,ionhnd = 0 
07-07 15:13:47.095 I/WindowManager( 1429): navColorWin was set to default navbar color so should add SYSTEM_UI_FLAG_LIGHT_NAVIGATION_BAR 8018
07-07 15:13:47.099 I/GRALLOC (  657): getCallingPid=696, shrFd=11,fmt=0x1,intFmt=0x200000001,btStrd=4352,size=10043392,pid=657 
07-07 15:13:47.099 I/GRALLOC (  657): 	 yuv=2,w=1080,h=2268,Stride u=0 v=0,offset u=0 v=0 
07-07 15:13:47.099 I/GRALLOC (  657): 	 iova_size=10043392,conUsg=0xb00,proUsg=0xb00,	 strd=1088,[afbc]HdrStrd=1088 PyldStrd=69632 Scrmbl=2,ionhnd = 0 
07-07 15:13:47.105 I/GRALLOC (  657): getCallingPid=696, shrFd=13,fmt=0x1,intFmt=0x200000001,btStrd=4352,size=10043392,pid=657 
07-07 15:13:47.105 I/GRALLOC (  657): 	 yuv=2,w=1080,h=2268,Stride u=0 v=0,offset u=0 v=0 
07-07 15:13:47.105 I/GRALLOC (  657): 	 iova_size=10043392,conUsg=0xb00,proUsg=0xb00,	 strd=1088,[afbc]HdrStrd=1088 PyldStrd=69632 Scrmbl=2,ionhnd = 0 
07-07 15:13:47.107 I/WindowManager( 1429): navColorWin was set to default navbar color so should add SYSTEM_UI_FLAG_LIGHT_NAVIGATION_BAR 8018
07-07 15:13:47.110 D/AwareLog(  877): iawared: WorkingsetProcessCommand subCmd = 357, userId=11189, pid=26243, cn.carbs.wricheditor/.TestLibActivity
07-07 15:13:47.110 D/AwareLog(  877): iawared: WorkingsetPauseCollect cn.carbs.wricheditor/.TestLibActivity
07-07 15:13:47.192 D/SensorHub(  912): huawei Hal get step event
07-07 15:13:47.192 D/motion@1.0-service(  937): motion-hal Motion::readEvents motionType: 11
07-07 15:13:47.192 D/motion@1.0-service(  937): motion-hal Motion::ReadHwStepCounter motionType == MOTIONHUB_TYPE_HW_STEP_COUNTER
07-07 15:13:47.192 D/motion@1.0-service(  937): motion-hal Motiontest::get stepcount!
07-07 15:13:47.193 D/motion@1.0-service(  937): pollMotionResult g_pollResultReturn = 19
07-07 15:13:47.193 D/        ( 1429): HWExtMotionService Motioncallback ret_cb:19 , motion_cb:11 , length_cb:19
07-07 15:13:47.193 D/        ( 1429): HWExtMotionService valueSize:19 
07-07 15:13:47.193 D/        ( 1429): HWExtDeviceService getActiveConnections 
07-07 15:13:47.193 D/        ( 1429): HWExtDeviceService connSize:1 
07-07 15:13:47.193 D/        ( 2840): ALOGD: HWExtDeviceManager::notifyDeviceData  type: 1100 
07-07 15:13:47.193 D/        ( 2840): HWExtDeviceManager::notifyDeviceData handleEvent uniqueId : 110001
07-07 15:13:47.193 D/motion@1.0-service(  937): g_motionPollResultReady::unlock out
07-07 15:13:47.193 D/motion@1.0-service(  937): ActMotionCb motionClientVector.size = 0
07-07 15:13:47.193 D/motion@1.0-service(  937): ActMotionCb out
07-07 15:13:47.194 I/HWExtDeviceManager( 2840): trigger onDeviceDataChanged : mListener : com.huawei.systemserver.ihealth.manager.HwStepCounter$1@bea979b,type : 1100
07-07 15:13:47.194 D/HwStepCounter( 2840): onDeviceDataChanged
07-07 15:13:47.194 W/HwStepCounter( 2840): version : 1
07-07 15:13:47.194 I/HwStepCounter( 2840): dealReportData tm: 2020-07-07 15:13:48 steps_value[0] : 0 state_value[0]:0 level_value[0]:0
07-07 15:13:47.194 I/HwStepCounter( 2840): isBeginOfToday: 7 -> 7
07-07 15:13:47.194 I/HwStepCounter( 2840): isBeginOfToday: false
07-07 15:13:47.194 I/HwStepCounter( 2840): dealReportData: diff = 0
07-07 15:13:47.196 D/HwStepCounter( 2840): ReportProxy client : 1
07-07 15:13:47.197 I/StepCounterRemoteStub( 2840): Report client count 1
07-07 15:13:47.197 I/R_Step_ExtendStepCounter(12969): 100100511|R|onExtend: 1594106028000 0 0 0 
07-07 15:13:47.198 I/R_Step_LSC(12969): 100100511|R|onStandStepChanged 5430
07-07 15:13:47.705 I/aptouch_daemon( 2788): filter_touch_detect, down, in: 1, out: 1
07-07 15:13:47.706 D/libfingersense_wrapper( 1429): Calling fingersense_classify_touch()
07-07 15:13:47.709 D/libfingersense_wrapper( 1429): fingersense_classify_touch() finished
07-07 15:13:47.710 W/uniperf server(  682): uniPerfEvent doParse failed, cmdId=13120
07-07 15:13:47.710 D/uniperf hal(  682): do uniPerfEvent failed, cmdId=13120, ret=2
07-07 15:13:47.803 I/aptouch_daemon( 2788): filter_touch_detect, all_touch_up
07-07 15:13:47.238 I/chatty  ( 1429): uid=1000(system) android.anim identical 2 lines
07-07 15:13:47.255 I/WindowManager( 1429): navColorWin was set to default navbar color so should add SYSTEM_UI_FLAG_LIGHT_NAVIGATION_BAR 8018
07-07 15:13:47.812 I/WindowManager( 1429): navColorWin was set to default navbar color so should add SYSTEM_UI_FLAG_LIGHT_NAVIGATION_BAR 8018
07-07 15:13:47.812 I/aptouch_daemon( 2788): filter_touch_detect, down, in: 1, out: 1
07-07 15:13:47.813 D/libfingersense_wrapper( 1429): Calling fingersense_classify_touch()
07-07 15:13:47.816 D/libfingersense_wrapper( 1429): fingersense_classify_touch() finished
07-07 15:13:47.817 W/uniperf server(  682): uniPerfEvent doParse failed, cmdId=13120
07-07 15:13:47.817 D/uniperf hal(  682): do uniPerfEvent failed, cmdId=13120, ret=2
07-07 15:13:47.817 D/KnockGestureDetector( 1429): onAnyTouchEvent current appFilter=0
07-07 15:13:47.823 I/netd    (  635): trafficSwapActiveStatsMap() <14.85ms>
07-07 15:13:47.887 I/aptouch_daemon( 2788): filter_touch_detect, all_touch_up
07-07 15:13:47.892 I/WindowManager( 1429): navColorWin was set to default navbar color so should add SYSTEM_UI_FLAG_LIGHT_NAVIGATION_BAR 8018
07-07 15:13:47.895 I/aptouch_daemon( 2788): filter_touch_detect, down, in: 1, out: 1
07-07 15:13:47.896 D/libfingersense_wrapper( 1429): Calling fingersense_classify_touch()
07-07 15:13:47.899 D/libfingersense_wrapper( 1429): fingersense_classify_touch() finished
07-07 15:13:47.899 W/uniperf server(  682): uniPerfEvent doParse failed, cmdId=13120
07-07 15:13:47.899 D/uniperf hal(  682): do uniPerfEvent failed, cmdId=13120, ret=2
07-07 15:13:47.900 D/KnockGestureDetector( 1429): onAnyTouchEvent current appFilter=0
07-07 15:13:47.923 W/migration/7(   53): type=1400 audit(0.0:11324007): avc: granted { setsched } for pid=53 scontext=u:r:kernel:s0 tcontext=u:r:kernel:s0 tclass=process
07-07 15:13:47.952 I/aptouch_daemon( 2788): filter_touch_detect, all_touch_up
07-07 15:13:47.967 W/migration/7(   53): type=1400 audit(0.0:11324008): avc: granted { setsched } for pid=53 scontext=u:r:kernel:s0 tcontext=u:r:kernel:s0 tclass=process
07-07 15:13:48.053 I/aptouch_daemon( 2788): filter_touch_detect, down, in: 1, out: 1
07-07 15:13:48.054 D/libfingersense_wrapper( 1429): Calling fingersense_classify_touch()
07-07 15:13:48.057 D/libfingersense_wrapper( 1429): fingersense_classify_touch() finished
07-07 15:13:48.057 W/uniperf server(  682): uniPerfEvent doParse failed, cmdId=13120
07-07 15:13:48.057 D/uniperf hal(  682): do uniPerfEvent failed, cmdId=13120, ret=2
07-07 15:13:48.058 D/KnockGestureDetector( 1429): onAnyTouchEvent current appFilter=0
07-07 15:13:48.067 W/migration/7(   53): type=1400 audit(0.0:11324009): avc: granted { setsched } for pid=53 scontext=u:r:kernel:s0 tcontext=u:r:kernel:s0 tclass=process
07-07 15:13:48.119 I/aptouch_daemon( 2788): filter_touch_detect, all_touch_up
07-07 15:13:47.958 I/WindowManager( 1429): navColorWin was set to default navbar color so should add SYSTEM_UI_FLAG_LIGHT_NAVIGATION_BAR 8018
07-07 15:13:48.124 I/WindowManager( 1429): navColorWin was set to default navbar color so should add SYSTEM_UI_FLAG_LIGHT_NAVIGATION_BAR 8018
07-07 15:13:48.180 I/AwareBitmapCacher(26243): init lrucache size: 2097152 pid=26243
07-07 15:13:48.186 I/aptouch_daemon( 2788): filter_touch_detect, down, in: 1, out: 1
07-07 15:13:48.187 D/libfingersense_wrapper( 1429): Calling fingersense_classify_touch()
07-07 15:13:48.190 D/libfingersense_wrapper( 1429): fingersense_classify_touch() finished
07-07 15:13:48.190 W/uniperf server(  682): uniPerfEvent doParse failed, cmdId=13120
07-07 15:13:48.190 D/uniperf hal(  682): do uniPerfEvent failed, cmdId=13120, ret=2
07-07 15:13:48.191 D/KnockGestureDetector( 1429): onAnyTouchEvent current appFilter=0
07-07 15:13:48.191 E/HwModemCapability( 2908): isCapabilitySupport java.lang.StringIndexOutOfBoundsException: length=7; index=7
07-07 15:13:48.194 E/HwModemCapability( 1429): isCapabilitySupport java.lang.StringIndexOutOfBoundsException: unknown reason
07-07 15:13:48.277 I/aptouch_daemon( 2788): filter_touch_detect, all_touch_up
07-07 15:13:48.286 I/aptouch_daemon( 2788): filter_touch_detect, down, in: 1, out: 1
07-07 15:13:48.287 D/libfingersense_wrapper( 1429): Calling fingersense_classify_touch()
07-07 15:13:48.290 D/libfingersense_wrapper( 1429): fingersense_classify_touch() finished
07-07 15:13:48.291 W/uniperf server(  682): uniPerfEvent doParse failed, cmdId=13120
07-07 15:13:48.291 D/uniperf hal(  682): do uniPerfEvent failed, cmdId=13120, ret=2
07-07 15:13:48.292 D/KnockGestureDetector( 1429): onAnyTouchEvent current appFilter=0
07-07 15:13:48.369 I/aptouch_daemon( 2788): filter_touch_detect, all_touch_up
07-07 15:13:48.507 W/migration/6(   47): type=1400 audit(0.0:11324010): avc: granted { setsched } for pid=47 scontext=u:r:kernel:s0 tcontext=u:r:kernel:s0 tclass=process
07-07 15:13:48.912 I/aptouch_daemon( 2788): filter_touch_detect, down, in: 1, out: 1
07-07 15:13:48.913 D/libfingersense_wrapper( 1429): Calling fingersense_classify_touch()
07-07 15:13:48.918 D/libfingersense_wrapper( 1429): fingersense_classify_touch() finished
07-07 15:13:48.920 W/uniperf server(  682): uniPerfEvent doParse failed, cmdId=13120
07-07 15:13:48.920 D/uniperf hal(  682): do uniPerfEvent failed, cmdId=13120, ret=2
07-07 15:13:48.986 I/aptouch_daemon( 2788): filter_touch_detect, all_touch_up
07-07 15:13:49.012 I/TrafficMonitor( 1429): update:rxPkts:1,txPkts:1,rxBytes:78,txBytes:106
07-07 15:13:49.012 I/TrafficMonitor( 1429): start expired. level:-1
07-07 15:13:49.012 I/TrafficMonitor( 1429): gettimer:interval=2000
07-07 15:13:49.016 E/WifiHAL (  690): enter wifi_get_link_stats
07-07 15:13:49.020 E/WificondControl( 1429): Noise: 0, Snr: -85, Chload: 24
07-07 15:13:49.021 V/HwWifiServiceFactory( 1429): get AllImpl object = com.android.server.wifi.HwWifiServiceFactoryImpl@a22847d
07-07 15:13:49.024 D/TelephonyManager( 1429): getAllCellInfo calling app is android
07-07 15:13:49.024 W/PhoneInterfaceManager( 2908): shouldBlockLocation running ...
07-07 15:13:49.024 I/PhoneInterfaceManager( 2908): shouldBlockLocation  ret:false
07-07 15:13:49.060 I/aptouch_daemon( 2788): filter_touch_detect, down, in: 1, out: 1
07-07 15:13:49.060 D/libfingersense_wrapper( 1429): Calling fingersense_classify_touch()
07-07 15:13:49.063 D/libfingersense_wrapper( 1429): fingersense_classify_touch() finished
07-07 15:13:49.064 W/uniperf server(  682): uniPerfEvent doParse failed, cmdId=13120
07-07 15:13:49.064 D/uniperf hal(  682): do uniPerfEvent failed, cmdId=13120, ret=2
07-07 15:13:49.065 D/KnockGestureDetector( 1429): onAnyTouchEvent current appFilter=0
07-07 15:13:49.122 D/ZrHung.AppEyeTransparentWindow( 1429): handleMessage CHECK_TRANS_WINDOW_ERROR_MSG
07-07 15:13:49.127 I/NetworkQoe( 2840): checkAppStatInfoDelay:foreground app update already
07-07 15:13:49.134 I/aptouch_daemon( 2788): filter_touch_detect, all_touch_up
07-07 15:13:49.159 I/aptouch_daemon( 2788): filter_touch_detect, down, in: 1, out: 1
07-07 15:13:49.160 D/libfingersense_wrapper( 1429): Calling fingersense_classify_touch()
07-07 15:13:49.163 D/libfingersense_wrapper( 1429): fingersense_classify_touch() finished
07-07 15:13:49.164 W/uniperf server(  682): uniPerfEvent doParse failed, cmdId=13120
07-07 15:13:49.164 D/uniperf hal(  682): do uniPerfEvent failed, cmdId=13120, ret=2
07-07 15:13:49.166 D/KnockGestureDetector( 1429): onAnyTouchEvent current appFilter=0
07-07 15:13:49.267 I/aptouch_daemon( 2788): filter_touch_detect, all_touch_up
07-07 15:13:49.283 W/migration/6(   47): type=1400 audit(0.0:11324011): avc: granted { setsched } for pid=47 scontext=u:r:kernel:s0 tcontext=u:r:kernel:s0 tclass=process
07-07 15:13:49.283 W/migration/7(   53): type=1400 audit(0.0:11324012): avc: granted { setsched } for pid=53 scontext=u:r:kernel:s0 tcontext=u:r:kernel:s0 tclass=process
07-07 15:13:49.326 I/aptouch_daemon( 2788): filter_touch_detect, down, in: 1, out: 1
07-07 15:13:49.326 D/libfingersense_wrapper( 1429): Calling fingersense_classify_touch()
07-07 15:13:49.329 D/libfingersense_wrapper( 1429): fingersense_classify_touch() finished
07-07 15:13:49.330 W/uniperf server(  682): uniPerfEvent doParse failed, cmdId=13120
07-07 15:13:49.330 D/uniperf hal(  682): do uniPerfEvent failed, cmdId=13120, ret=2
07-07 15:13:49.331 D/KnockGestureDetector( 1429): onAnyTouchEvent current appFilter=0
07-07 15:13:49.401 I/aptouch_daemon( 2788): filter_touch_detect, all_touch_up
07-07 15:13:49.417 I/aptouch_daemon( 2788): filter_touch_detect, down, in: 1, out: 1
07-07 15:13:49.418 D/libfingersense_wrapper( 1429): Calling fingersense_classify_touch()
07-07 15:13:49.421 D/libfingersense_wrapper( 1429): fingersense_classify_touch() finished
07-07 15:13:49.422 W/uniperf server(  682): uniPerfEvent doParse failed, cmdId=13120
07-07 15:13:49.422 D/uniperf hal(  682): do uniPerfEvent failed, cmdId=13120, ret=2
07-07 15:13:49.422 D/KnockGestureDetector( 1429): onAnyTouchEvent current appFilter=0
07-07 15:13:49.500 I/aptouch_daemon( 2788): filter_touch_detect, all_touch_up
07-07 15:13:49.537 W/DevicePolicyManager( 1429): Package com.sohu.inputmethod.sogou (uid=10194, pid=7479) cannot access Device IDs
07-07 15:13:49.537 W/TelephonyPermissions( 2908): reportAccessDeniedToReadIdentifiers:com.sohu.inputmethod.sogou:getSubscriberId:isPreinstalled=false:isPrivApp=false
07-07 15:13:49.627 W/migration/7(   53): type=1400 audit(0.0:11324013): avc: granted { setsched } for pid=53 scontext=u:r:kernel:s0 tcontext=u:r:kernel:s0 tclass=process
07-07 15:13:50.197 I/aptouch_daemon( 2788): filter_touch_detect, down, in: 1, out: 1
07-07 15:13:50.198 D/libfingersense_wrapper( 1429): Calling fingersense_classify_touch()
07-07 15:13:50.201 D/libfingersense_wrapper( 1429): fingersense_classify_touch() finished
07-07 15:13:50.202 W/uniperf server(  682): uniPerfEvent doParse failed, cmdId=13120
07-07 15:13:50.202 D/uniperf hal(  682): do uniPerfEvent failed, cmdId=13120, ret=2
07-07 15:13:50.227 W/migration/7(   53): type=1400 audit(0.0:11324014): avc: granted { setsched } for pid=53 scontext=u:r:kernel:s0 tcontext=u:r:kernel:s0 tclass=process
07-07 15:13:50.271 I/aptouch_daemon( 2788): filter_touch_detect, all_touch_up
07-07 15:13:50.280 D/fff     (26243): editor onTextChanged text :  start : 0 lengthBefore : 0 lengthAfter : 7
