07-09 18:32:49.298 I/fwkit_process_utils(22822): [I/fwkit/fwkit_process_utils 22822:3256 HmsProcUtils.java:79] HmsProcUtils  init start
07-09 18:32:49.298 I/fwkit_process_utils(22822): [I/fwkit/fwkit_process_utils 22822:3256 HmsProcUtils.java:97]  fwk proc map {.container3=com.huawei.hwid.container3, ui=com.huawei.hwid, .persistent=com.huawei.hwid.persistent, .nobreakcontainer=com.huawei.hwid.nobreakcontainer, .core=com.huawei.hwid.core, .oobe=com.huawei.hwid.oobe, .container1=com.huawei.hwid.container1, .container2=com.huawei.hwid.container2}
07-09 18:32:49.299 I/fwkit_process_utils(22822): [I/fwkit/fwkit_process_utils 22822:3256 HmsProcUtils.java:98] HmsProcUtils  init over
07-09 18:32:49.299 D/AppLogManager(22822): PrintWoker poll timeout , shutdown
07-09 18:32:49.299 I/PGServer( 2975): getTopFrontApp. calling pkg: android
07-09 18:32:49.299 I/fwkit_sm(22822): [I/fwkit/fwkit_sm 22822:3256 ServiceManager.java:173] register [com.huawei.hwid.container1] DeathRecipient to core process
07-09 18:32:49.300 D/AppLogManager(22822): PrintWoker poll timeout , shutdown
07-09 18:32:49.300 I/PushLogSys( 4439): sys push system receiver get action is android.intent.action.PACKAGE_ADDED. pkgName is cn.carbs.wricheditor
07-09 18:32:49.302 I/fwkit_sm(22822): [I/fwkit/fwkit_sm 22822:3256 ServiceManager.java:124] ServiceManager put pmsBinder:android.os.BinderProxy@68ee95a
07-09 18:32:49.303 D/AppLogManager(22822): PrintWoker poll timeout , shutdown
07-09 18:32:49.303 I/fwkit_HmsProfiler(22822): [I/fwkit/fwkit_HmsProfiler 22822:3256 HmsProfiler.java:80] HmsProfiler begin init.
07-09 18:32:49.303 I/FontsPackageChangeOp( 3075): Package cn.carbs.wricheditor has no metadata
07-09 18:32:49.303 D/AppLogManager(22822): PrintWoker poll timeout , shutdown
07-09 18:32:49.304 I/fwkit_HmsProfiler(22822): [I/fwkit/fwkit_HmsProfiler 22822:3256 HmsProfiler.java:98] estimate the device is report: false
07-09 18:32:49.305 D/AppLogManager(22822): PrintWoker poll timeout , shutdown
07-09 18:32:49.306 W/fwkit_CrashHandler(22822): [W/fwkit/fwkit_CrashHandler 22822:3258 CrashHandler.java:103] processName is: com.huawei.hwid.container1
07-09 18:32:49.306 W/fwkit_CrashHandler(22822): [W/fwkit/fwkit_CrashHandler 22822:3258 CrashHandler.java:108] is: com.huawei.hwid.container1
07-09 18:32:49.306 I/fwkit_CrashHandler(22822): [I/fwkit/fwkit_CrashHandler 22822:3258 CrashHandler.java:304] reportRebootInfo begins
07-09 18:32:49.307 I/fwkit_kac_cl(22822): [I/fwkit/fwkit_kac_cl 22822:3257 ClassLoaderManager.java:115] The android version is:29, use the kit path:/data/user_de/0/com.huawei.hwid/files/kits/com.huawei.hms.nearby/50000302/lib/arm64-v8a
07-09 18:32:49.307 W/hwid.container(22822): Unsupported class loader
07-09 18:32:49.307 I/fwkit_HmsProfiler(22822): [I/fwkit/fwkit_HmsProfiler 22822:3258 HmsHiAnalyticsClient.java:125] Is China ROM and no need to check ANALYTICS_STATE
07-09 18:32:49.308 W/hwid.container(22822): Skipping duplicate class check due to unsupported classloader
07-09 18:32:49.308 W/hwid.container(22822): Unsupported class loader
07-09 18:32:49.308 I/AppsUpload( 3075): Received intent with action android.intent.action.PACKAGE_REPLACED
07-09 18:32:49.309 W/hwid.container(22822): Skipping duplicate class check due to unsupported classloader
07-09 18:32:49.309 V/ActivityManager( 1709): Successfully start provider ContentProviderRecord{978cff8 u0 com.huawei.hwid/com.huawei.hms.runtimekit.kitcontainerservice.KitProcessAgentPersistProvider} launchingApp=ProcessRecord{9501d29 3967:com.huawei.hwid.persistent/u0a109} caller pid= 22822
07-09 18:32:49.309 D/AppLogManager(22822): PrintWoker poll timeout , shutdown
07-09 18:32:49.313 I/OllieMsgCenter( 2931): handleMessage msg.what:2130968586moduleName:System Package::eventName:EVENT_SYSTEM_PACKAGE_ADDED arg1:0 arg2:0 obj:null
07-09 18:32:49.313 I/SmartDualCardConfig( 2931): onPackageInstallStateUpdate uid=11189,appName=cn.carbs.wricheditor,packageAddFlag=1
07-09 18:32:49.315 I/SmartDualCardRecommend( 1709): slave imsi is empty
07-09 18:32:49.318 D/PGGoogleServicePolicy( 1709): prevent gms/gsf hold partial wakelock
07-09 18:32:49.318 I/rbs.wrichedito(22971): QarthPatchMonintor::Init
07-09 18:32:49.318 I/rbs.wrichedito(22971): 
07-09 18:32:49.318 I/rbs.wrichedito(22971): QarthPatchMonintor::StartWatch
07-09 18:32:49.318 I/rbs.wrichedito(22971): 
07-09 18:32:49.318 I/rbs.wrichedito(22971): QarthPatchMonintor::WatchPackage: /data/hotpatch/fwkhotpatch/
07-09 18:32:49.318 I/rbs.wrichedito(22971): 
07-09 18:32:49.318 I/rbs.wrichedito(22971): QarthPatchMonintor::CheckAndWatchPatch: /data/hotpatch/fwkhotpatch/cn.carbs.wricheditor
07-09 18:32:49.318 I/rbs.wrichedito(22971): 
07-09 18:32:49.318 I/rbs.wrichedito(22971): QarthPatchMonintor::CheckAndWatchPatch: /data/hotpatch/fwkhotpatch/all
07-09 18:32:49.318 I/rbs.wrichedito(22971): 
07-09 18:32:49.318 I/rbs.wrichedito(22971): QarthPatchMonintor::Run
07-09 18:32:49.318 I/rbs.wrichedito(22971): 
07-09 18:32:49.319 I/rbs.wrichedito(22971): QarthPatchMonintor::Reading
07-09 18:32:49.319 I/rbs.wrichedito(22971): 
07-09 18:32:49.319 I/rbs.wrichedito(22971): QarthPatchMonintor::CheckNotifyEvent
07-09 18:32:49.319 I/rbs.wrichedito(22971): 
07-09 18:32:49.319 I/rbs.wrichedito(22971): QarthPatchMonintor::CheckNotifyEvent before read
07-09 18:32:49.319 I/rbs.wrichedito(22971): 
07-09 18:32:49.320 D/HmsNearbyKit_apk_NearbyApplication(22822): onCreate begin
07-09 18:32:49.321 I/HwApiCacheMangerEx(22971): apicache path=/storage/emulated/0 state=mounted key=cn.carbs.wricheditor#11189#256
07-09 18:32:49.321 I/HwApiCacheMangerEx(22971): need clear apicache,because volumes changed,oldCnt=0 newCnt=1
07-09 18:32:49.321 D/HmsNearbyKit_apk_NearbyApplication(22822): set kit context success.
07-09 18:32:49.322 I/HwApiCacheMangerEx(22971): apicache path=/storage/emulated/0 state=mounted key=cn.carbs.wricheditor#11189#0
07-09 18:32:49.322 I/HwApiCacheMangerEx(22971): need clear apicache,because volumes changed,oldCnt=1 newCnt=1
07-09 18:32:49.323 I/HwAudioService( 1709): now type = 255,reportForegroundAppType = -1,pkg = null,systemload = 255mVoipOptimizeInGameModefalse
07-09 18:32:49.323 I/fwkit_CrashHandler(22822): [I/fwkit/fwkit_CrashHandler 22822:3258 CrashHandler.java:322] rebootData is empty, no report
07-09 18:32:49.324 I/fwkit_CrashHandler(22822): [I/fwkit/fwkit_CrashHandler 22822:3258 CrashHandler.java:515] reportLastCrashInfo begins
07-09 18:32:49.324 I/fwkit_HmsProfiler(22822): [I/fwkit/fwkit_HmsProfiler 22822:3258 HmsHiAnalyticsClient.java:125] Is China ROM and no need to check ANALYTICS_STATE
07-09 18:32:49.327 D/AppLogManager(22822): PrintWoker poll timeout , shutdown
07-09 18:32:49.327 D/OpenGLRenderer(22971): disableOutlineDraw is true
07-09 18:32:49.328 I/HiTraceC(23044): entered LogRegisterGetIdFun
07-09 18:32:49.328 I/HiTraceC(23044): entered HiTraceInit
07-09 18:32:49.329 I/AwareBitmapCacher(22971): init processName:cn.carbs.wricheditor pid=22971 uid=11189
07-09 18:32:49.329 E/PowerManagerService( 1709): Exception when search wack lock :java.lang.IllegalArgumentException: Wake lock not active: android.os.BinderProxy@95188d1 from uid 10039
07-09 18:32:49.330 E/NfcNci  ( 5760): NfcUtils error: APP do not have nfc permission
07-09 18:32:49.331 D/AppLogManager(22822): PrintWoker poll timeout , shutdown
07-09 18:32:49.333 I/PackageManager( 1709): getInstalledPackages cost 3 ms, flags: 786432, userId: 0, callingUid: 2000, callingPid: 23044
07-09 18:32:49.333 I/iGraphics(22971): [0020080c] pn: cn.carbs.wricheditor, p: 22971
07-09 18:32:49.333 I/iGraphics(22971): [0030080c] no spt app: cn.carbs.wricheditor
07-09 18:32:49.336 I/ChromeSync( 3075): [Persistence,AffiliationManager] One of affiliation or grouping data for android://Ll0swVZlilCJV130wRJML95mDrOv9tXi6O9hLKr4htP42NRYw6J_TAFSoTqsePKObL1zAaKeSMXniRc05zy4bg==@cn.carbs.wricheditor/ was not found. Marking affiliation data as stale...
07-09 18:32:49.337 E/NfcNci  ( 5760): NfcUtils error: APP do not have nfc permission
07-09 18:32:49.337 D/HmsNearbyKit_apk_CountryCode(22822): Init report status success by vendor
07-09 18:32:49.351 I/HiTraceC(23055): entered LogRegisterGetIdFun
07-09 18:32:49.351 I/HiTraceC(23055): entered HiTraceInit
07-09 18:32:49.351 E/NfcNci  ( 5760): NfcUtils error: APP do not have nfc permission
07-09 18:32:49.352 V/ActivityManager( 1709): Successfully start provider ContentProviderRecord{943b43f u0 com.android.providers.settings/.hwext.HwSettingsProvider} launchingApp=null caller pid= 22971
07-09 18:32:49.352 E/NfcNci  ( 5760): NfcUtils error: APP do not have nfc permission
07-09 18:32:49.352 I/fwkit_CrashHandler(22822): [I/fwkit/fwkit_CrashHandler 22822:3258 CrashHandler.java:526] fileData is empty, no report
07-09 18:32:49.352 E/NfcNci  ( 5760): NfcUtils error: APP do not have nfc permission
07-09 18:32:49.353 I/fwkit_HmsProfiler(22822): [I/fwkit/fwkit_HmsProfiler 22822:3258 HmsProfiler.java:129] trace first ram start info.
07-09 18:32:49.354 E/NfcNci  ( 5760): NfcUtils error: APP do not have nfc permission
07-09 18:32:49.356 E/AwareLog(22971): AtomicFileUtils: readFileLines file not exist: android.util.AtomicFile@7730c1c
07-09 18:32:49.356 E/maple   ( 1709): LoadRefVolatile 3044 0xc6e23b80
07-09 18:32:49.356 V/ActivityThread(22971): callActivityOnCreate
07-09 18:32:49.359 D/AppLogManager(22822): PrintWoker poll timeout , shutdown
07-09 18:32:49.361 I/PreDnsQuery( 2931): onReceive: intent = android.intent.action.PACKAGE_ADDED
07-09 18:32:49.361 D/AppLogManager(22822): PrintWoker poll timeout , shutdown
07-09 18:32:49.361 I/fwkit_MemoryMonitor(22822): [I/fwkit/fwkit_MemoryMonitor 22822:3258 MemoryMonitor.java:92] processRamEvent stage: mem_t1 pkgName: none version:none
07-09 18:32:49.362 D/HmsNearbyKit_apk_CountryCode(22822): Init Sim status success
07-09 18:32:49.363 I/HwResolverManager( 1709): isMultiScreenCollaborationEnabled: Operate settings exception! 
07-09 18:32:49.365 V/HwWidgetFactory(22971): : successes to get AllImpl object and return....
07-09 18:32:49.366 D/wifiserviceimpl( 1709): netmask =16580607
07-09 18:32:49.368 I/PackageManager( 1709): getInstalledPackages cost 1 ms, flags: 786432, userId: 0, callingUid: 10039, callingPid: 3075
07-09 18:32:49.369 I/fwkit_MemoryMonitor(22822): [I/fwkit/fwkit_MemoryMonitor 22822:3258 MemoryMonitor.java:131] do something
07-09 18:32:49.370 I/DecorView[](22971):  old windowMode:0 new windoMode:1
07-09 18:32:49.370 D/AppLogManager(22822): PrintWoker poll timeout , shutdown
07-09 18:32:49.379 I/OverScrollerOptimization(22971): start init SmartSlideOverScroller and get the overscroller config
07-09 18:32:49.379 I/OverScrollerOptimization(22971): get the overscroller config
07-09 18:32:49.379 E/WifiService( 1709): enforceCanAccessScanResults: hiding ssid and bssidLocation mode is disabled for the device
07-09 18:32:49.372 I/HwResolverManager( 1709): isMultiScreenCollaborationEnabled: Operate settings exception! 
07-09 18:32:49.385 E/PowerManagerService( 1709): Exception when search wack lock :java.lang.IllegalArgumentException: Wake lock not active: android.os.BinderProxy@95188d1 from uid 10039
07-09 18:32:49.385 D/ZrHung.AppEyeUiProbe(22584): not watching, wait.
07-09 18:32:49.390 I/HwResolverManager( 1709): isMultiScreenCollaborationEnabled: Operate settings exception! 
07-09 18:32:49.390 I/HwResolverManager( 1709): isMultiScreenCollaborationEnabled: Operate settings exception! 
07-09 18:32:49.391 W/Looper  ( 1709): Drained
07-09 18:32:49.394 I/fwkit_kpms_dbwrapper( 3766): [I/fwkit/fwkit_kpms_dbwrapper 3766:128 DBAndCacheWrapper.java:1229] getValidPluginKey: valid plugin has found: com.huawei.hms.nearby
07-09 18:32:49.394 D/LogWrite( 3766): wtf Exception
07-09 18:32:49.394 D/AppLogManager( 3766): PrintWoker poll timeout , shutdown
07-09 18:32:49.395 I/meassistant:br(22995): QarthPatchMonintor::Init
07-09 18:32:49.395 I/meassistant:br(22995): 
07-09 18:32:49.395 I/meassistant:br(22995): QarthPatchMonintor::StartWatch
07-09 18:32:49.395 I/meassistant:br(22995): 
07-09 18:32:49.395 I/HwResolverManager( 1709): isMultiScreenCollaborationEnabled: Operate settings exception! 
07-09 18:32:49.395 I/meassistant:br(22995): QarthPatchMonintor::WatchPackage: /data/hotpatch/fwkhotpatch/
07-09 18:32:49.395 I/meassistant:br(22995): 
07-09 18:32:49.395 W/Searchables( 1709): No global search activity found
07-09 18:32:49.395 I/meassistant:br(22995): QarthPatchMonintor::CheckAndWatchPatch: /data/hotpatch/fwkhotpatch/com.huawei.gameassistant
07-09 18:32:49.395 I/meassistant:br(22995): 
07-09 18:32:49.395 I/HwResolverManager( 1709): isMultiScreenCollaborationEnabled: Operate settings exception! 
07-09 18:32:49.397 E/PowerManagerService( 1709): Exception when search wack lock :java.lang.IllegalArgumentException: Wake lock not active: android.os.BinderProxy@95188d1 from uid 10039
07-09 18:32:49.398 I/ScenarioService( 2975): refresh visibleApp:[cn.carbs.wricheditor]
07-09 18:32:49.398 I/PGServer( 2975): report state:10022 event type:1 pid:-1 uid:-1 pkg:cn.carbs.wricheditor to pid: 2975
07-09 18:32:49.398 I/AGPService(  868): aps-info: focus pkgName - cn.carbs.wricheditor, with 0 more apps
07-09 18:32:49.398 I/AGPService(  868): aps-info: new pkgName - cn.carbs.wricheditor
07-09 18:32:49.398 I/AGPService(  868): fpscommon: this is non game, type -1
07-09 18:32:49.395 I/meassistant:br(22995): QarthPatchMonintor::CheckAndWatchPatch: /data/hotpatch/fwkhotpatch/all
07-09 18:32:49.399 I/meassistant:br(22995): 
07-09 18:32:49.399 I/meassistant:br(22995): QarthPatchMonintor::Run
07-09 18:32:49.399 I/meassistant:br(22995): 
07-09 18:32:49.399 I/HwLauncher( 5848): Model onPackageChanged packageName = cn.carbs.wricheditor user = UserHandle{0}
07-09 18:32:49.399 I/ActivityTaskManager( 1709): Displayed cn.carbs.wricheditor/.MainActivity: +25ms
07-09 18:32:49.400 I/HwResourcesImpl( 5848): remove icon, packageName = cn.carbs.wricheditor
07-09 18:32:49.400 I/Icon_Cache( 5848): removeByPackageName: key = 2131427328#cn.carbs.wricheditor
07-09 18:32:49.400 W/rbs.wrichedito(22971): Accessing hidden method Landroid/view/View;->computeFitSystemWindows(Landroid/graphics/Rect;Landroid/graphics/Rect;)Z (greylist, reflection, allowed)
07-09 18:32:49.401 W/rbs.wrichedito(22971): Accessing hidden method Landroid/view/ViewGroup;->makeOptionalFitsSystemWindows()V (greylist, reflection, allowed)
07-09 18:32:49.402 I/HwLauncher( 5848): PowerSaveLauncherModel onPackageChanged packageName = cn.carbs.wricheditor user = UserHandle{0}
07-09 18:32:49.402 E/HwLauncher( 5848): PowerSaveLauncherModel onPackageChanged: not inPowerSaveLauncher 
07-09 18:32:49.402 I/HwLauncher( 5848): StreetModeLauncherModel onPackageChanged packageName = cn.carbs.wricheditor,user = UserHandle{0}
07-09 18:32:49.402 E/HwLauncher( 5848): StreetModeLauncherModel onPackageChanged: not inStreetModeLauncher 
07-09 18:32:49.402 I/HwResolverManager( 1709): isMultiScreenCollaborationEnabled: Operate settings exception! 
07-09 18:32:49.403 I/HwResolverManager( 1709): isMultiScreenCollaborationEnabled: Operate settings exception! 
07-09 18:32:49.404 I/HwResolverManager( 1709): isMultiScreenCollaborationEnabled: Operate settings exception! 
07-09 18:32:49.408 E/SmartDualCardConfig( 2931): getApkConfig fail,end
07-09 18:32:49.408 I/SmartDualCardConfig( 2931): isAppInXml,return false
07-09 18:32:49.408 E/SmartDualCardConfig( 2931): onPackageInstallStateUpdate fail
07-09 18:32:49.408 E/AwareLog( 1709): RMS.AwareIntelligentRecg: delete pkg:cn.carbs.wricheditor userid:0 from iAware.db
07-09 18:32:49.423 D/ActivityThread(22971): add activity client record, r= ActivityRecord{e734999 token=android.os.BinderProxy@e2d106d {cn.carbs.wricheditor/cn.carbs.wricheditor.MainActivity}} token= android.os.BinderProxy@e2d106d
07-09 18:32:49.424 I/HwApiCacheMangerEx(22995): apicache path=/storage/emulated/0 state=mounted key=com.huawei.gameassistant#10120#256
07-09 18:32:49.424 I/HwApiCacheMangerEx(22995): need clear apicache,because volumes changed,oldCnt=0 newCnt=1
07-09 18:32:49.432 I/meassistant:br(22995): QarthPatchMonintor::Reading
07-09 18:32:49.432 I/meassistant:br(22995): 
07-09 18:32:49.432 I/meassistant:br(22995): QarthPatchMonintor::CheckNotifyEvent
07-09 18:32:49.432 I/meassistant:br(22995): 
07-09 18:32:49.432 I/meassistant:br(22995): QarthPatchMonintor::CheckNotifyEvent before read
07-09 18:32:49.432 I/meassistant:br(22995): 
07-09 18:32:49.434 D/HwActivityManagerServiceEx( 1709): notifyAppToTop pid:22971, enable:1
07-09 18:32:49.434 I/HwApiCacheMangerEx(22995): apicache path=/storage/emulated/0 state=mounted key=com.huawei.gameassistant#10120#0
07-09 18:32:49.434 I/HwApiCacheMangerEx(22995): need clear apicache,because volumes changed,oldCnt=1 newCnt=1
07-09 18:32:49.435 I/InputDispatcher( 1709): registerInputChannel->dispatchMiscEventForConnectionLocked
07-09 18:32:49.435 I/WindowManager( 1709): addWindow: Window{944a051 u0 cn.carbs.wricheditor/cn.carbs.wricheditor.MainActivity}
07-09 18:32:49.436 E/PowerManagerService( 1709): Exception when search wack lock :java.lang.IllegalArgumentException: Wake lock not active: android.os.BinderProxy@95188d1 from uid 10039
07-09 18:32:49.438 I/HwQoeQualityMonitor( 1709): notifyAppChanged mIsMonitorStarted = true
07-09 18:32:49.438 I/AppLifeChangeSensor( 7191): CAWARENESS: activityResumed componentName = ComponentInfo{cn.carbs.wricheditor/cn.carbs.wricheditor.MainActivity}
07-09 18:32:49.438 I/HwQoeQualityMonitor( 1709): stopQoeMonitor
07-09 18:32:49.438 E/AppLifeChangeSensor( 7191): CAWARENESS: activityResumed mAppLifeChangeCallback is null 
07-09 18:32:49.438 I/RmeSchedManager(22971): init Rme, version is: v1.0
07-09 18:32:49.438 D/OpenGLRenderer(22971): disableOutlineDraw is true
07-09 18:32:49.439 I/HwQoeQualityMonitor( 1709): can not find the app cn.carbs.wricheditor, use the default value.
07-09 18:32:49.439 I/HwQoeQualityMonitor( 1709): resetTcpQualityRecord
07-09 18:32:49.439 I/HwQoeQualityMonitor( 1709): setNetworkBlockDetectionCfg success, detectionPeriod is 8, badQualityNumThreshold is 5, goodQualityNumThreshold is 2, continuesbadQualityNumThreshold is 4
07-09 18:32:49.439 I/HwQoeQualityMonitor( 1709): continue check internet for app : cn.carbs.wricheditor
07-09 18:32:49.439 W/SecurityProfileService( 1709): Activity life state callback extras get package null!
07-09 18:32:49.439 I/HwAudioServiceEx( 1709): ComponentInfo : className = cn.carbs.wricheditor.MainActivity, flag=onResume, isHomeActivity=, isTop=true
07-09 18:32:49.439 I/HwAudioServiceEx( 1709): sendAppKilledIntentForKit, isKitPackageOnPause = false, isKitPackageKill = false, isKitPackageOnResume = false
07-09 18:32:49.439 D/DollieActivityManagerAdapter( 2931): [Resumed] bg:true pid:22971 uid:11189 ComponentInfo{cn.carbs.wricheditor/cn.carbs.wricheditor.MainActivity}
07-09 18:32:49.439 E/DollieAdapterService( 2931): notifyActivityState pkg:cn.carbs.wricheditor/cn.carbs.wricheditor.MainActivity state:2 fg:true mUid:11189
07-09 18:32:49.439 I/OPCollectLog( 3284): AppChangeImpl:call onAppChange.
07-09 18:32:49.440 I/HidataAppQoeP( 2931): foregroundUidAdd uid: 11189 name: cn.carbs.wricheditor activity state: true
07-09 18:32:49.440 I/ContentSensor_ContentSensorService( 5737): The ComponentName can not be autoGrabbed or allowed all text capture
07-09 18:32:49.440 I/OPCollectLog( 3284): HwForegroundAppAction:handleMessage 
07-09 18:32:49.440 D/OPCollectLog( 3284): HwForegroundAppAction:FG executeWithArgs
07-09 18:32:49.440 I/OPCollectLog( 3284): OPCollectUtils:ODMF Api Version:2.15.3
07-09 18:32:49.440 I/OPCollectLog( 3284): Action:HwForegroundAppAction executed successfully
07-09 18:32:49.440 D/OPCollectLog( 3284): OdmfCollectScheduler:handleMessage msg: 4
07-09 18:32:49.440 I/OPCollectLog( 3284): OdmfHelper:opcollectCache 1
07-09 18:32:49.440 I/OPCollectLog( 3284): OdmfHelper:opcollectCache curTime: 97934548, interval: 445
07-09 18:32:49.441 I/OPCollectLog( 3284): OdmfHelper:isCharging: true
07-09 18:32:49.441 E/BoosterUtil( 2931): convertSubIdToSlotId failed, subId:0, slotId:-1
07-09 18:32:49.441 E/BoosterUtil( 2931): getDefaultDataSlotId failed, invalid slotId:-1, subId:0
07-09 18:32:49.441 I/ConnCureStateMonitor( 2931): handleMessage: msg[2]
07-09 18:32:49.441 I/HwPacketFilterBypass( 2931): handleActivityUidStateChanged uid:11189 -1 foreground:1
07-09 18:32:49.441 I/NetworkQoeChr( 2931): checkForegroundApp timer end
07-09 18:32:49.441 I/OllieMsgCenter( 2931): handleMessage msg.what:2130771969moduleName:Ollie Aware::eventName:EVENT_OLLIE_ACTIVITY_UID_STATE_CHANGED arg1:0 arg2:0 obj:com.huawei.systemserver.booster.ollie.common.schedule.AwareProxy$ActivityUidInfo@fb56619
07-09 18:32:49.441 I/OllieMsgCenter( 2931): handleMessage msg.what:2130771985moduleName:Ollie Aware::eventName:EVENT_OLLIE_ACTIVITY_CHANGED arg1:0 arg2:0 obj:com.huawei.systemserver.booster.ollie.common.schedule.AwareProxy$ActivityUidInfo@5ae46de
07-09 18:32:49.441 I/SpeedTestNotifier( 2931): Speed test app is back Activity
07-09 18:32:49.442 I/SmartDualCardConfig( 2931): getAppType,pkgName=cn.carbs.wricheditor,appType=-1
07-09 18:32:49.442 E/SmartDualCardConfig( 2931): isAppInBlackList false,items==null
07-09 18:32:49.442 I/SmartDualCardConfig( 2931): isAppInWhiteList false,uid=11189
07-09 18:32:49.442 D/ForegroundDataOpt( 2931): is APK changed:true uid:11189 mBgLimitLevel:0
07-09 18:32:49.442 I/OllieMsgCenter( 2931): handleMessage msg.what:2134966274moduleName:Invalid Module::eventName:2134966274 arg1:1 arg2:0 obj:com.huawei.systemserver.booster.ollie.service.dollie.common.AppInfo@28000bf
07-09 18:32:49.442 I/ForegroundDataOpt( 2931): mCurUid changed to 11189
07-09 18:32:49.442 D/DsduChr ( 2931): uid=11189, isTrafficFree=false, isUsingFreeTraffic=false
07-09 18:32:49.443 I/OPCollectLog( 3284): OdmfHelper:insert database success 
07-09 18:32:49.444 I/OPCollectLog( 3284): OdmfHelper:opcollectCache size: 1
07-09 18:32:49.444 I/OPCollectLog( 3284): OdmfHelper:opcollectCache lastTime: 97934552
07-09 18:32:49.448 I/DPMS_ObjectDevicePermissionManager( 2931): notifyPermissionChanged: operation start with uid: 11189
07-09 18:32:49.448 I/DPMS_ObjectDevicePermissionManager( 2931): notifyPermissionChanged: devicesToSync is empty, no need to notify, return success
07-09 18:32:49.448 I/NetworkKit_AbstractLocalManager(22822): OnReceive-thread-1 -->NetworkKit_GRS_GrsClient-Init_0|null|com.huawei.hms.framework.network.grs.local.a|a|15|load APP_CONFIG_FILE success.
07-09 18:32:49.449 D/HiTouch_PressGestureDetector(22971): onAttached, package=cn.carbs.wricheditor, windowType=1, mHiTouchRestricted=false
07-09 18:32:49.454 I/fwkit_kpms_dbwrapper( 3766): [I/fwkit/fwkit_kpms_dbwrapper 3766:128 DBAndCacheWrapper.java:1229] getValidPluginKey: valid plugin has found: com.huawei.hms.nearby
07-09 18:32:49.454 D/LogWrite( 3766): wtf Exception
07-09 18:32:49.454 D/AppLogManager( 3766): PrintWoker poll timeout , shutdown
07-09 18:32:49.459 I/fwkit_kpms_dbwrapper( 3766): [I/fwkit/fwkit_kpms_dbwrapper 3766:128 DBAndCacheWrapper.java:1229] getValidPluginKey: valid plugin has found: com.huawei.hms.nearby
07-09 18:32:49.459 I/WindowManager( 1709): Changing focus from null to Window{944a051 u0 cn.carbs.wricheditor/cn.carbs.wricheditor.MainActivity} displayId=0 Callers=com.android.server.wm.RootWindowContainer.updateFocusedWindowLocked:4545952 com.android.server.wm.WindowManagerService.updateFocusedWindowLocked:4548172 com.android.server.wm.WindowManagerService.relayoutWindow:4703972 com.android.server.wm.Session.relayout:4697780 
07-09 18:32:49.459 D/LogWrite( 3766): wtf Exception
07-09 18:32:49.459 D/AppLogManager( 3766): PrintWoker poll timeout , shutdown
07-09 18:32:49.459 V/HwPhoneWindowManager( 1709): updateSystemUiColorLw window=Window{944a051 u0 cn.carbs.wricheditor/cn.carbs.wricheditor.MainActivity},EmuiStyle=0,StatusBarColor=0xff3700b3,NavigationBarColor=0xfffcfcfc, mForceNotchStatusBar=false
07-09 18:32:49.459 D/ZrHung.AppEyeFocusWindow( 1709): FocusWindowErrorScene cancelCheckFreezeScreen
07-09 18:32:49.459 D/ZrHung.AppEyeTransparentWindow( 1709): TransparentWindow mHungConfigStatus = 0,mHungConfigEnable = 1
07-09 18:32:49.459 D/HwPhoneWindowManager( 1709): Transact:setSystemUIColor to status bar service
07-09 18:32:49.459 I/HwCommandQueue( 2645): updateBarBgColor
07-09 18:32:49.459 D/HwCommandQueue( 2645): CommandQueue, setBarBackgroundColor
07-09 18:32:49.460 I/StatusBarDisable( 1709): setFlags what=0 which=1 pkg=Window{944a051 u0 cn.carbs.wricheditor/cn.carbs.wricheditor.MainActivity}
07-09 18:32:49.460 I/fwkit_kpms_dbwrapper( 3766): [I/fwkit/fwkit_kpms_dbwrapper 3766:128 DBAndCacheWrapper.java:1229] getValidPluginKey: valid plugin has found: com.huawei.hms.nearby
07-09 18:32:49.460 D/LogWrite( 3766): wtf Exception
07-09 18:32:49.460 D/AppLogManager( 3766): PrintWoker poll timeout , shutdown
07-09 18:32:49.461 I/NetworkKit_a(22822): OnReceive-thread-1|null|com.huawei.hms.framework.network.grs.a|a|22|get url from sp is not empty.
07-09 18:32:49.461 D/mali_winsys(22971): EGLint new_window_surface(egl_winsys_display *, void *, EGLSurface, EGLConfig, egl_winsys_surface **, EGLBoolean) returns 0x3000
07-09 18:32:49.462 I/HwGameAssistant-10.5.0.300-(22995): 
07-09 18:32:49.462 I/HwGameAssistant-10.5.0.300-(22995): ==================================================
07-09 18:32:49.462 I/HwGameAssistant-10.5.0.300-(22995): == Package: com.huawei.gameassistant
07-09 18:32:49.462 I/HwGameAssistant-10.5.0.300-(22995): == Version: 1005000300 : 10.5.0.300
07-09 18:32:49.462 I/HwGameAssistant-10.5.0.300-(22995): == Process: 22995 : com.huawei.gameassistant:brd
07-09 18:32:49.462 I/HwGameAssistant-10.5.0.300-(22995): == Time: 2020-07-09 18:32:49.462
07-09 18:32:49.462 I/HwGameAssistant-10.5.0.300-(22995): ==================================================
07-09 18:32:49.462 I/ApplicationContext(22995): ApplicationContext init
07-09 18:32:49.463 I/ApplicationContext(22995): ApplicationContext init ok
07-09 18:32:49.464 I/HwGameAssistant-10.5.0.300-NetWorkLogic(22995): init
07-09 18:32:49.464 I/GRALLOC (  683): getCallingPid=723, shrFd=11,fmt=0x1,intFmt=0x200000001,btStrd=4352,size=10399744,pid=683 
07-09 18:32:49.464 I/GRALLOC (  683): 	 yuv=2,w=1080,h=2340,Stride u=0 v=0,offset u=0 v=0 
07-09 18:32:49.464 I/GRALLOC (  683): 	 iova_size=10399744,conUsg=0xb00,proUsg=0xb00,	 strd=1088,[afbc]HdrStrd=1088 PyldStrd=69632 Scrmbl=2, ionhnd = 0 
07-09 18:32:49.466 I/GRALLOC (  683): getCallingPid=723, shrFd=11,fmt=0x1,intFmt=0x200000001,btStrd=4352,size=10399744,pid=683 
07-09 18:32:49.466 I/GRALLOC (  683): 	 yuv=2,w=1080,h=2340,Stride u=0 v=0,offset u=0 v=0 
07-09 18:32:49.466 I/GRALLOC (  683): 	 iova_size=10399744,conUsg=0xb00,proUsg=0xb00,	 strd=1088,[afbc]HdrStrd=1088 PyldStrd=69632 Scrmbl=2, ionhnd = 0 
07-09 18:32:49.467 D/HwConnectivityServiceEx( 1709): set 10120 wlan0 value true
07-09 18:32:49.467 I/ConnectivityService( 1709): BLOCKED uid 10120
07-09 18:32:49.470 I/hwservicemanager(  492): getTransport: Cannot find entry android.hardware.graphics.mapper@3.0::IMapper/default in either framework or device manifest.
07-09 18:32:49.471 W/Gralloc3(22971): mapper 3.x is not supported
07-09 18:32:49.471 I/GRALLOC (  683): getCallingPid=723, shrFd=11,fmt=0x1,intFmt=0x200000001,btStrd=4352,size=10399744,pid=683 
07-09 18:32:49.471 I/GRALLOC (  683): 	 yuv=2,w=1080,h=2340,Stride u=0 v=0,offset u=0 v=0 
07-09 18:32:49.471 I/GRALLOC (  683): 	 iova_size=10399744,conUsg=0xb00,proUsg=0xb00,	 strd=1088,[afbc]HdrStrd=1088 PyldStrd=69632 Scrmbl=2, ionhnd = 0 
07-09 18:32:49.476 I/AwareBitmapCacher(22995): init processName:com.huawei.gameassistant:brd pid=22995 uid=10120
07-09 18:32:49.482 I/fwkit_kpms_dbwrapper( 3766): [I/fwkit/fwkit_kpms_dbwrapper 3766:1 DBAndCacheWrapper.java:1229] getValidPluginKey: valid plugin has found: com.huawei.hms.analytics
07-09 18:32:49.482 W/fwkit_breaker_utils( 3766): [W/fwkit/fwkit_breaker_utils 3766:1 BreakerUtils.java:172] isKitNeedBreakerPkg kitBreakerInfos is null or empty
07-09 18:32:49.482 I/fwkit_kams_scheduler( 3766): [I/fwkit/fwkit_kams_scheduler 3766:177 StubScheduler.java:306] getStubProcessNameByComponent: assign: com.huawei.hwid.container1
07-09 18:32:49.482 I/fwkit_kbct_dispatcher( 3766): [I/fwkit/fwkit_kbct_dispatcher 3766:177 KitBroadcastDispatcher.java:435] [ KAMS ] kitOnReceiver: broadcast action: android.intent.action.PACKAGE_REMOVED, receiver info: com.huawei.hms.analytics com.huawei.hms.analytics.receiver.HiAnalyticsSysEvtReceiver in com.huawei.hwid.container1
07-09 18:32:49.482 I/fwkit_kbct_dispatcher( 3766): [I/fwkit/fwkit_kbct_dispatcher 3766:177 KitBroadcastDispatcher.java:492] no need wait process kill:com.huawei.hwid.container1
07-09 18:32:49.483 D/LogWrite( 3766): wtf Exception
07-09 18:32:49.483 I/chatty  ( 3766): uid=10109(com.huawei.hwid) Core-LogWrite identical 3 lines
07-09 18:32:49.483 D/LogWrite( 3766): wtf Exception
07-09 18:32:49.483 D/AppLogManager( 3766): PrintWoker poll timeout , shutdown
07-09 18:32:49.503 I/HwGameAssistant-10.5.0.300-SecurityUtil(22995): init start
07-09 18:32:49.503 V/ActivityManager( 1709): Successfully start provider ContentProviderRecord{943b43f u0 com.android.providers.settings/.hwext.HwSettingsProvider} launchingApp=null caller pid= 22995
07-09 18:32:49.503 I/HwGameAssistant-10.5.0.300-SecurityUtil(22995): isInit is true
07-09 18:32:49.504 I/HwGameAssistant-10.5.0.300-SecurityUtil(22995): init KeyPair success.
07-09 18:32:49.507 I/HwGameAssistant-10.5.0.300-GameassistantApplication(22995): exit superpower,current mode:2
07-09 18:32:49.512 I/HwGameAssistant-10.5.0.300-GameassistantApplication(22995): isFirstOpen:false
07-09 18:32:49.519 W/HwGameAssistant-10.5.0.300-RemovePackageIntentReceiver(22995): is updating
07-09 18:32:49.520 I/ConnectivityService( 1709): BLOCKED uid 10120
07-09 18:32:49.521 I/fwkit_PackageRemovedReceiver( 3766): receive app touch removed receiver
07-09 18:32:49.524 I/fwkit_AppTouchApi( 3766): [I/fwkit/fwkit_AppTouchApi 3766:1 AppTouchApi.java:225] first install time not change
07-09 18:32:49.524 I/fwkit_kpms_dbwrapper( 3766): [I/fwkit/fwkit_kpms_dbwrapper 3766:1 DBAndCacheWrapper.java:1229] getValidPluginKey: valid plugin has found: com.huawei.hms.analytics
07-09 18:32:49.524 W/fwkit_breaker_utils( 3766): [W/fwkit/fwkit_breaker_utils 3766:1 BreakerUtils.java:172] isKitNeedBreakerPkg kitBreakerInfos is null or empty
07-09 18:32:49.524 I/fwkit_kams_scheduler( 3766): [I/fwkit/fwkit_kams_scheduler 3766:177 StubScheduler.java:306] getStubProcessNameByComponent: assign: com.huawei.hwid.container1
07-09 18:32:49.524 I/fwkit_kbct_dispatcher( 3766): [I/fwkit/fwkit_kbct_dispatcher 3766:177 KitBroadcastDispatcher.java:435] [ KAMS ] kitOnReceiver: broadcast action: android.intent.action.PACKAGE_ADDED, receiver info: com.huawei.hms.analytics com.huawei.hms.analytics.receiver.HiAnalyticsSysEvtReceiver in com.huawei.hwid.container1
07-09 18:32:49.524 I/fwkit_kbct_dispatcher( 3766): [I/fwkit/fwkit_kbct_dispatcher 3766:177 KitBroadcastDispatcher.java:492] no need wait process kill:com.huawei.hwid.container1
07-09 18:32:49.525 D/LogWrite( 3766): wtf Exception
07-09 18:32:49.525 I/chatty  ( 3766): uid=10109(com.huawei.hwid) Core-LogWrite identical 1 line
07-09 18:32:49.525 D/LogWrite( 3766): wtf Exception
07-09 18:32:49.525 D/AppLogManager( 3766): PrintWoker poll timeout , shutdown
07-09 18:32:49.525 D/LogWrite( 3766): wtf Exception
07-09 18:32:49.525 I/chatty  ( 3766): uid=10109(com.huawei.hwid) Core-LogWrite identical 1 line
07-09 18:32:49.525 D/LogWrite( 3766): wtf Exception
07-09 18:32:49.525 D/AppLogManager( 3766): PrintWoker poll timeout , shutdown
07-09 18:32:49.527 I/HwNaturalBase( 3013): [AppDataClearReceiver]: AppDataClearBroadcastReceiver: clear app data start 
07-09 18:32:49.528 W/ContextImpl( 3013): Calling a method in the system process without a qualified user: android.app.ContextImpl.startService:1674 android.content.ContextWrapper.startService:669 android.content.ContextWrapper.startService:669 com.huawei.nb.receiver.AppDataClearBroadcastReceiver$1.run:67 com.huawei.nb.scheduler.a.b.run:55 
07-09 18:32:49.528 I/netd    (  662): trafficSwapActiveStatsMap() <18.40ms>
07-09 18:32:49.530 I/HwResolverManager( 1709): isMultiScreenCollaborationEnabled: Operate settings exception! 
07-09 18:32:49.530 I/HwNaturalBase( 3013): [AppDataClearReceiver]: AppDataClearBroadcastReceiver: onReceive clear app data pkg in KvDataClearService, pkg is cn.carbs.wricheditor ,userId is 0
07-09 18:32:49.531 I/HwNaturalBase( 3013): [main]: KvDataClearService:  KvDataClearService onCreate 0
07-09 18:32:49.531 I/HwViewRootImpl(22971): removeInvalidNode jank list is null
07-09 18:32:49.533 I/WindowManager( 1709): dispatchResized : win = Window{944a051 u0 cn.carbs.wricheditor/cn.carbs.wricheditor.MainActivity} drawState = READY_TO_SHOW
07-09 18:32:49.534 E/ScreemCommon(  929): unknow fps mode
07-09 18:32:49.534 E/ScreemCommon(  929): failed to recording jank bigdata of different frame rates
07-09 18:32:49.535 W/AwareLog( 1709): HwMtmBroadcastResourceManager: iaware_brjob not process: ResolveInfo{95ca153 com.huawei.systemmanager/.netassistant.traffic.datasaver.DataSaverReceiver m=0x208000}, filter: null, count: null
07-09 18:32:49.535 V/ActivityManager( 1709): startProcess: name=com.huawei.systemmanager app=null knownToBeDead=true thread=null pid=-1 preloadStatus=-1
07-09 18:32:49.535 I/HwNaturalBase( 3013): [main]: KvDataClearService: clearDataByOwner start
07-09 18:32:49.535 I/HwNaturalBase( 3013): [main]: Service not registered.
07-09 18:32:49.536 W/ContextImpl( 3013): Calling a method in the system process without a qualified user: android.app.ContextImpl.bindService:1753 android.content.ContextWrapper.bindService:705 com.huawei.nb.client.RemoteServiceConnection.open:132 com.huawei.nb.client.Proxy.connect:172 com.huawei.nb.client.DualProxy.connect:72 
07-09 18:32:49.536 I/WindowManager( 1709): removeIfPossible: Window{926e7b9 u0 Splash Screen cn.carbs.wricheditor} callers=com.android.server.wm.WindowState.removeIfPossible:1371784 com.android.server.wm.WindowManagerService.removeWindow:1384364 android.view.ViewRootImpl.dispatchDetachedFromWindow:4972624 android.view.ViewRootImpl.doDie:4973316 android.view.ViewRootImpl$ViewRootHandler.handleMessage:5301492 
07-09 18:32:49.537 I/WindowManager( 1709): Not removing Window{926e7b9 u0 Splash Screen cn.carbs.wricheditor EXITING} due to exit animation 
07-09 18:32:49.544 D/HwNaturalBase( 3013): [main]: Succeed to open connection to NaturalBase Data Service.
07-09 18:32:49.544 I/HwNaturalBase( 3013): [main]: KvDataClearService:  KvDataClearService onStartCommand, pkgName is cn.carbs.wricheditor
07-09 18:32:49.544 I/HwNaturalBase( 3013): [main]: onServiceConnected invoke.
07-09 18:32:49.544 I/HwNaturalBase( 3013): [main]: Connection got remote is true
07-09 18:32:49.545 I/HwNaturalBase( 3013): [main]: Succeed to connect to NaturalBase Data Service.
07-09 18:32:49.545 I/HwNaturalBase( 3013): [connectCallback]: Service not registered.
07-09 18:32:49.545 W/ContextImpl( 3013): Calling a method in the system process without a qualified user: android.app.ContextImpl.bindService:1753 android.content.ContextWrapper.bindService:705 com.huawei.nb.client.RemoteServiceConnection.open:132 com.huawei.nb.client.Proxy.connect:172 com.huawei.nb.client.DualProxy.access$101:28 
07-09 18:32:49.546 W/ScreemCommon(  929): processEntry, not beta version or commercial log off
07-09 18:32:49.547 D/DecorView(22971): showOrHideHighlightView: hasFocus=true; winMode=1; isMrgNull=true
07-09 18:32:49.547 D/HwNaturalBase( 3013): [connectCallback]: Succeed to open connection to NaturalBase KV Service.
07-09 18:32:49.547 I/HwNaturalBase( 3013): [main]: onServiceConnected invoke.
07-09 18:32:49.547 I/HwNaturalBase( 3013): [main]: Connection got remote is true
07-09 18:32:49.548 I/HwNaturalBase( 3013): [main]: Succeed to connect to NaturalBase KV Service.
07-09 18:32:49.548 W/InputMethodManager(22971): startInputReason = 1
07-09 18:32:49.548 I/HwNaturalBase( 3013): [connectCallback]: KvDataClearService: kv Service is connected
07-09 18:32:49.549 I/HwNaturalBase( 3013): [connectCallback]: createKvDataManager userId is 0
07-09 18:32:49.549 I/HwNaturalBase( 3013): [connectCallback]: KvDatamanager KvStoreProxy getKvStore userId is 0
07-09 18:32:49.549 I/HwNaturalBase( 3013): [connectCallback]: KvDatamanager KvStoreProxy getKvStore userId is 0
07-09 18:32:49.549 D/HwNaturalBase( 3013): [connectCallback]: clearDataByOwner start
07-09 18:32:49.550 W/InputMethodManager(22971): startInputReason = 5
07-09 18:32:49.554 D/Zygote  (  663): Forked child process 23097
07-09 18:32:49.556 I/ActivityManager( 1709): Start proc 23097:com.huawei.systemmanager/1000 for broadcast {com.huawei.systemmanager/com.huawei.systemmanager.netassistant.traffic.datasaver.DataSaverReceiver}
07-09 18:32:49.556 I/netd    (  662): trafficSwapActiveStatsMap() <25.09ms>
07-09 18:32:49.557 E/ProcessInfoCollector( 1709): getProcessInfo: failed to find this proc 
07-09 18:32:49.559 I/ConnectivityService( 1709): BLOCKED uid 10194
07-09 18:32:49.559 V/ActivityTaskManager( 1709): Activity idle: Token{9869031 ActivityRecord{9843b83 u0 cn.carbs.wricheditor/.MainActivity t1164}}
07-09 18:32:49.560 V/ActivityManager( 1709): Successfully start provider ContentProviderRecord{9793f8c u0 com.huawei.hwid/.fingerprint.provider.HwIDProvider} launchingApp=ProcessRecord{926e699 3766:com.huawei.hwid.core/u0a109} caller pid= 22995
07-09 18:32:49.562 I/HwIDProvider( 3766): [I/HwID_APK_log[5.0.0.304]/HwIDProvider 3766:128 :170] uri is:
07-09 18:32:49.562 I/HwIDProvider( 3766): [I/HwID_APK_log[5.0.0.304]/HwIDProvider 3766:128 :172] match result:5
07-09 18:32:49.562 D/LogWrite( 3766): wtf Exception
07-09 18:32:49.562 D/AppLogManager( 3766): PrintWoker poll timeout , shutdown
07-09 18:32:49.562 D/LogWrite( 3766): wtf Exception
07-09 18:32:49.562 D/AppLogManager( 3766): PrintWoker poll timeout , shutdown
07-09 18:32:49.562 I/HiAnalyticsUtil( 3766): [I/HwID_APK_log[5.0.0.304]/HiAnalyticsUtil 3766:128 :500] Context == null
07-09 18:32:49.562 D/LogWrite( 3766): wtf Exception
07-09 18:32:49.562 D/AppLogManager( 3766): PrintWoker poll timeout , shutdown
07-09 18:32:49.562 I/HwIDProvider( 3766): [I/HwID_APK_log[5.0.0.304]/HwIDProvider 3766:128 :606] Enter hasLogin
07-09 18:32:49.562 D/LogWrite( 3766): wtf Exception
07-09 18:32:49.562 D/AppLogManager( 3766): PrintWoker poll timeout , shutdown
07-09 18:32:49.562 I/i.systemmanage(23097): Reinit property: dalvik.vm.checkjni= false
07-09 18:32:49.562 I/i.systemmanage(23097): ReInitProperties: persist.vm.debug.dumpapi= false
07-09 18:32:49.563 E/Handler (22995): This is not main thread, and the caller should invoke Looper.prepare()  and Looper.loop()called byandroid.os.Handler.<init>:122 com.huawei.android.feature.split.hianalytics.HianalyticsHelper.report:140 com.huawei.android.feature.split.compat.FeatureCompat.install:20 com.huawei.android.dynamicfeature.plugin.language.LanguageFeatureCompat.install:45 com.huawei.android.dynamicfeature.plugin.language.LanguagePlugin.installllanguage:46 com.huawei.android.dynamicfeature.plugin.language.LanguagePlugin$1.run:59 java.lang.Thread.run:929 <bottom of call stack> 
07-09 18:32:49.563 D/FeatureCompat(22995): FeatureCompat install
07-09 18:32:49.563 I/HwIDProvider( 3766): [I/HwID_APK_log[5.0.0.304]/HwIDProvider 3766:128 :610] Out hasLogin
07-09 18:32:49.563 I/HwIDProvider( 3766): [I/HwID_APK_log[5.0.0.304]/HwIDProvider 3766:128 :481] hasLogin:true Build.VERSION.SDK_INT:29
07-09 18:32:49.563 E/i.systemmanage(23097): Not starting debugger since process cannot load the jdwp agent.
07-09 18:32:49.563 D/HWFeatureCompat(22995): compat install
07-09 18:32:49.563 D/LogWrite( 3766): wtf Exception
07-09 18:32:49.563 D/LogWrite( 3766): wtf Exception
07-09 18:32:49.563 D/AppLogManager( 3766): PrintWoker poll timeout , shutdown
07-09 18:32:49.563 I/HiAnalyticsUtil( 3766): [I/HwID_APK_log[5.0.0.304]/HiAnalyticsUtil 3766:128 :500] Context == null
07-09 18:32:49.563 I/HwIDProvider( 3766): [I/HwID_APK_log[5.0.0.304]/HwIDProvider 3766:128 :229] Out query
07-09 18:32:49.563 D/LogWrite( 3766): wtf Exception
07-09 18:32:49.563 D/LogWrite( 3766): wtf Exception
07-09 18:32:49.563 D/AppLogManager( 3766): PrintWoker poll timeout , shutdown
07-09 18:32:49.565 D/FeatureInstallListenerRegistry(22995): forceRegister
07-09 18:32:49.565 D/TAG     (22995): updateRegistAction registerReceiver
07-09 18:32:49.566 I/HwGameAssistant-10.5.0.300-HmsSignInManager(22995): query HwID login resultCode:1
07-09 18:32:49.567 I/HwGameAssistant-10.5.0.300-HmsSignInRequest(22995): mActivity is null
07-09 18:32:49.570 D/ActivityThread(23097): Attach thread to application
07-09 18:32:49.572 D/ContentProviderRecord( 1709): Install provider in app ui process, name:ComponentInfo{com.huawei.systemmanager/com.huawei.hms.support.api.push.PushProvider}
07-09 18:32:49.572 D/ContentProviderRecord( 1709): Install provider in app ui process, name:ComponentInfo{com.huawei.systemmanager/com.huawei.fastengine.fastview.download.install.FastAppEngineFileProvider}
07-09 18:32:49.572 D/ContentProviderRecord( 1709): Install provider in app ui process, name:ComponentInfo{com.huawei.systemmanager/com.huawei.hmskit.kitupdate.provider.UpdateProvider}
07-09 18:32:49.572 D/ContentProviderRecord( 1709): Install provider in app ui process, name:ComponentInfo{com.huawei.systemmanager/com.huawei.updatesdk.fileprovider.UpdateSdkFileProvider}
07-09 18:32:49.572 D/ContentProviderRecord( 1709): Install provider in app ui process, name:ComponentInfo{com.huawei.systemmanager/com.huawei.agconnect.core.provider.AGConnectInitializeProvider}
07-09 18:32:49.572 D/ContentProviderRecord( 1709): Install provider in app ui process, name:ComponentInfo{com.huawei.systemmanager/com.huawei.systemmanager.settingsearch.SettingSearchProvider}
07-09 18:32:49.572 D/ContentProviderRecord( 1709): Install provider in app ui process, name:ComponentInfo{com.huawei.systemmanager/com.huawei.securitycenter.urlrecognition.db.UrlRecognitionProvider}
07-09 18:32:49.572 D/ContentProviderRecord( 1709): Install provider in app ui process, name:ComponentInfo{com.huawei.systemmanager/com.huawei.securitycenter.permission.service.clone.PermissionDataProvider}
07-09 18:32:49.572 D/ContentProviderRecord( 1709): Install provider in app ui process, name:ComponentInfo{com.huawei.systemmanager/com.huawei.securitycenter.globalsearch.SearchEntryProvider}
07-09 18:32:49.572 D/ContentProviderRecord( 1709): Install provider in app ui process, name:ComponentInfo{com.huawei.systemmanager/android.support.v4.content.FileProvider}
07-09 18:32:49.577 D/HmsNearbyKit_apk_HiAnalyticsBase(22822): Init HiAnalyticBase success
07-09 18:32:49.581 D/HwFrameworkSecurityPartsFactory(23097): HwFrameworkSecurityPartsFactory in.
07-09 18:32:49.581 I/HwFrameworkSecurityPartsFactory(23097): add HwFrameworkSecurityPartsFactory to memory.
07-09 18:32:49.584 D/HmsNearbyKit_apk_HaGlobalStatusRecorder(22822): Listen network status
07-09 18:32:49.585 D/ApplicationLoaders(23097): Returning zygote-cached class loader: /system/framework/android.hidl.base-V1.0-java.jar
07-09 18:32:49.585 D/ApplicationLoaders(23097): Returning zygote-cached class loader: /system/framework/android.hidl.manager-V1.0-java.jar
07-09 18:32:49.585 D/ApplicationLoaders(23097): Returning zygote-cached class loader: /system/framework/android.hidl.base-V1.0-java.jar
07-09 18:32:49.585 D/HwConnectivityServiceEx( 1709): set 10109 wlan0 value false
07-09 18:32:49.587 I/i.systemmanage(23097): The ClassLoaderContext is a special shared library.
07-09 18:32:49.593 I/i.systemmanage(23097): The ClassLoaderContext is a special shared library.
07-09 18:32:49.591 W/i.systemmanager(23097): type=1400 audit(0.0:14769): avc: denied { write } for pid=23097 name="com.huawei.systemmanager-wJW3k78Fm9l3KgqzQW3bGw==" dev="sdd71" ino=74971 scontext=u:r:system_app:s0 tcontext=u:object_r:apk_data_file:s0 tclass=dir permissive=0
07-09 18:32:49.606 W/HSC_SEC_BG( 2810): SecurityProfileNetworkChecker:No app need to check from network: updating packages size zero!
07-09 18:32:49.609 I/HwResolverManager( 1709): isMultiScreenCollaborationEnabled: Operate settings exception! 
07-09 18:32:49.611 D/HmsNearbyKit_apk_NearbyMonitor(22822): NearbyHiAnalytics.NetworkStatusCallBack listen event[10]
07-09 18:32:49.611 D/HmsNearbyKit_apk_NearbyApplication(22822): Nearby Service init, version=5.0.0.302
07-09 18:32:49.611 D/HmsNearbyKit_apk_NearbyApplication(22822): onCreate end
07-09 18:32:49.616 I/i.systemmanage(23097): QarthPatchMonintor::Init
07-09 18:32:49.616 I/i.systemmanage(23097): 
07-09 18:32:49.616 I/i.systemmanage(23097): QarthPatchMonintor::StartWatch
07-09 18:32:49.616 I/i.systemmanage(23097): 
07-09 18:32:49.616 I/i.systemmanage(23097): QarthPatchMonintor::WatchPackage: /data/hotpatch/fwkhotpatch/
07-09 18:32:49.616 I/i.systemmanage(23097): 
07-09 18:32:49.616 I/i.systemmanage(23097): QarthPatchMonintor::CheckAndWatchPatch: /data/hotpatch/fwkhotpatch/com.huawei.systemmanager
07-09 18:32:49.616 I/i.systemmanage(23097): 
07-09 18:32:49.616 I/i.systemmanage(23097): QarthPatchMonintor::CheckAndWatchPatch: /data/hotpatch/fwkhotpatch/all
07-09 18:32:49.616 I/i.systemmanage(23097): 
07-09 18:32:49.616 I/i.systemmanage(23097): QarthPatchMonintor::Run
07-09 18:32:49.616 I/i.systemmanage(23097): 
07-09 18:32:49.619 I/HwNaturalBase( 3013): [connectCallback]: Database monitor for dsKvData is enabled, threshold: 100Mb, action: 0.
07-09 18:32:49.619 I/HwNaturalBase( 3013): [connectCallback]: dsKvData's size is 0M.
07-09 18:32:49.620 I/HwNaturalBase( 3013): [connectCallback]: DataManager-0: DbEngine for dsKvData is reopened.
07-09 18:32:49.620 W/HwNaturalBase( 3013): [connectCallback]: No value found in Key-Value Json storage.
07-09 18:32:49.620 W/HwNaturalBase( 3013): [connectCallback]: No value found in Key-Value Json storage.
07-09 18:32:49.620 E/HwNaturalBase( 3013): [connectCallback]: clearDataByOwner ignore: Found null values with the given ownerPkgName is[cn.carbs.wricheditor].
07-09 18:32:49.620 D/HmsNearbyKit_apk_NearbyInstaller(22822): onCreate
07-09 18:32:49.620 I/HwNaturalBase( 3013): [main]: KvDataClearService: onDestroy
07-09 18:32:49.621 W/HwNaturalBase( 3013): [main]: Connection to NaturalBase Data Service is closed completely.
07-09 18:32:49.622 I/HwNaturalBase( 3013): [main]: KvDataClearService: kv Service disconnected
07-09 18:32:49.622 W/HwNaturalBase( 3013): [main]: Connection to NaturalBase KV Service is closed completely.
07-09 18:32:49.622 I/netd    (  662): trafficSwapActiveStatsMap() <28.67ms>
07-09 18:32:49.627 I/fwkit_kac_kitloader(22822): [I/fwkit/fwkit_kac_kitloader 22822:3257 KitLoaderManager.java:199] kit loaded:nearby_50000302
07-09 18:32:49.627 I/PackageManager( 1709): getInstalledPackages cost 2 ms, flags: 786432, userId: 0, callingUid: 10039, callingPid: 3075
07-09 18:32:49.627 D/AppLogManager(22822): PrintWoker poll timeout , shutdown
07-09 18:32:49.628 I/HmsNearbyKit_apk_NearbyContactMonitor(22822): remove app: package:cn.carbs.wricheditor
07-09 18:32:49.628 E/fwkit_kpms_impl( 3766): [E/fwkit/fwkit_kpms_impl 3766:128 KitPackageManagerImpl.java:646] callerPackage is not allowed empty!
07-09 18:32:49.629 I/fwkit_kpms_dbwrapper( 3766): [I/fwkit/fwkit_kpms_dbwrapper 3766:128 DBAndCacheWrapper.java:1229] getValidPluginKey: valid plugin has found: com.huawei.hms.nearby
07-09 18:32:49.629 D/LogWrite( 3766): wtf Exception
07-09 18:32:49.629 D/LogWrite( 3766): wtf Exception
07-09 18:32:49.629 D/AppLogManager( 3766): PrintWoker poll timeout , shutdown
07-09 18:32:49.629 I/i.systemmanage(23097): QarthPatchMonintor::Reading
07-09 18:32:49.629 I/i.systemmanage(23097): 
07-09 18:32:49.629 I/i.systemmanage(23097): QarthPatchMonintor::CheckNotifyEvent
07-09 18:32:49.629 I/i.systemmanage(23097): 
07-09 18:32:49.629 I/i.systemmanage(23097): QarthPatchMonintor::CheckNotifyEvent before read
07-09 18:32:49.629 I/i.systemmanage(23097): 
07-09 18:32:49.632 D/AppLogManager(22822): PrintWoker poll timeout , shutdown
07-09 18:32:49.632 I/fwkit_kac_cl(22822): [I/fwkit/fwkit_kac_cl 22822:3257 ClassLoaderManager.java:115] The android version is:29, use the kit path:/data/user_de/0/com.huawei.hwid/files/kits/com.huawei.hms.analytics/40003300/lib/arm64-v8a
07-09 18:32:49.633 W/hwid.container(22822): Unsupported class loader
07-09 18:32:49.634 I/HwApiCacheMangerEx(23097): apicache path=/storage/emulated/0 state=mounted key=com.huawei.systemmanager#1000#256
07-09 18:32:49.634 I/HwApiCacheMangerEx(23097): need clear apicache,because volumes changed,oldCnt=0 newCnt=1
07-09 18:32:49.638 I/HMSSDK_HMSPackageManager(22995): Succeed to find HMS apk: com.huawei.hwid version: 50000304
07-09 18:32:49.638 I/WindowManager( 1709): Exit animation finished in Window{926e7b9 u0 Splash Screen cn.carbs.wricheditor EXITING}: remove=true
07-09 18:32:49.638 E/WindowManager( 1709): win=Window{926e7b9 u0 Splash Screen cn.carbs.wricheditor EXITING} destroySurfaces: appStopped=false win.mWindowRemovalAllowed=true win.mRemoveOnExit=true
07-09 18:32:49.638 W/hwid.container(22822): Skipping duplicate class check due to unsupported classloader
07-09 18:32:49.639 I/WindowManager( 1709): postWindowRemoveCleanupLocked: Window{926e7b9 u0 Splash Screen cn.carbs.wricheditor}
07-09 18:32:49.639 I/WindowManager( 1709): Removing Window{926e7b9 u0 Splash Screen cn.carbs.wricheditor} from AppWindowToken{93873cb token=Token{9869031 ActivityRecord{9843b83 u0 cn.carbs.wricheditor/.MainActivity t1164}}}
07-09 18:32:49.641 E/SecurityResourcesReader(22995): Exception when reading the 'K&I' for 'Config'.
07-09 18:32:49.642 D/PGGoogleServicePolicy( 1709): prevent gms/gsf hold partial wakelock
07-09 18:32:49.645 I/HMSSDK_Util(22995): In getMetaDataCpId, Failed to read meta data for the CpId.
07-09 18:32:49.645 I/fwkit_kac_kitloader(22822): [I/fwkit/fwkit_kac_kitloader 22822:3257 KitLoaderManager.java:199] kit loaded:hianalytics_40003300
07-09 18:32:49.646 D/AppLogManager(22822): PrintWoker poll timeout , shutdown
07-09 18:32:49.646 I/HMSSDK_HMSBIInitializer(22995): Builder->biInitFlag :false
07-09 18:32:49.649 I/HMSSDK_HMSBIInitializer(22995): Builder->biSetting :true
