06-22 15:51:50.680 D/AppLogManager(13970): PrintWoker poll timeout , shutdown
06-22 15:51:50.680 I/SerializedObject(13970): [I/HMSCore/SerializedObject 13970:12499 :50] write type class com.huawei.hms.auth.scope.bean.AppScope to disk sucessfully.
06-22 15:51:50.681 D/HiCareHMS PushTokenManager(29434): onMessageEvent pushTokenMessage:A*
06-22 15:51:50.683 I/HttpHelper(13970): [I/HMSCore/HttpHelper 13970:12501 :82] Call execute end.
06-22 15:51:50.683 I/ScopeCache(13970): [I/HMSCore/ScopeCache 13970:12501 :279] Load scope from network completed, appID:10067631
06-22 15:51:50.683 I/ScopeCache(13970): [I/HMSCore/ScopeCache 13970:12501 :108] add scope success. appid = [10067631]
06-22 15:51:50.684 I/HwOUC   (26837): [EnterpriseCheckId-13271]doPostRequest KeyStore is MyselfCAKeystore.(HttpsKeyStoreUtils.java:69)
06-22 15:51:50.685 D/AppLogManager(13970): PrintWoker poll timeout , shutdown
06-22 15:51:50.685 I/SerializedObject(13970): [I/HMSCore/SerializedObject 13970:12501 :50] write type class com.huawei.hms.auth.scope.bean.AppScope to disk sucessfully.
06-22 15:51:50.686 D/AppLogManager(13970): PrintWoker poll timeout , shutdown
06-22 15:51:50.687 I/NetworkSdk_HianalyticsHelper(13970): [I/HMSCore/NetworkSdk_HianalyticsHelper 13970:11823 :30] Core-Connect-87 -->NetworkKit_report_ha_0|null|com.huawei.hms.framework.common.hianalytics.HianalyticsHelper|isEnableReportNoSeed|9|user experience involved needs to be opened
06-22 15:51:50.687 I/NetworkSdk_DefaultRCEventListener(13970): [I/HMSCore/NetworkSdk_DefaultRCEventListener 13970:11823 :30] Core-Connect-87 -->NetworkKit_report_ha_0||o.alu|E|283|HianalyticsHelper report disable
06-22 15:51:50.687 W//system/bin/netd(  635): A binder object at 0x72eac17080 is being transacted on, however, this object is in the same process as its proxy. Transacting with this binder is expensive compared to just calling the corresponding functionality in the same process.
06-22 15:51:50.687 I/PreDnsController(  635): canPreDnsQuery,persist.sys.predns is false!
06-22 15:51:50.687 D/AppLogManager(13970): PrintWoker poll timeout , shutdown
06-22 15:51:50.687 W/DnsProxyListener(  635): GetAddrInfoHandler::run: {138 786570 138 983178 1000 0}
06-22 15:51:50.687 W/getaddrinfo(  635): android_getaddrinfofornetcontext: explore_numeric: ai_family=10 ai_socktype=1 ai_protocol=6
06-22 15:51:50.687 W/getaddrinfo(  635): android_getaddrinfofornetcontext: explore_numeric: ai_family=2 ai_socktype=1 ai_protocol=6
06-22 15:51:50.688 W/res_mkquery(  635): res_nmkquery: (QUERY, IN, A)
06-22 15:51:50.688 W/res_send(  635): res_nsend
06-22 15:51:50.688 W/res_cache(  635): _resolv_cache_lookup: lookup
06-22 15:51:50.688 W/res_cache(  635): _resolv_cache_lookup: NOT IN CACHE
06-22 15:51:50.688 W/res_send(  635): res_nsend: Querying server (# 1) address = 172.22.1.253
06-22 15:51:50.688 W/res_send(  635): res_nsend: using send_dg
06-22 15:51:50.689 I/HttpHelper(13970): [I/HMSCore/HttpHelper 13970:12502 :82] Call execute end.
06-22 15:51:50.689 I/ScopeCache(13970): [I/HMSCore/ScopeCache 13970:12502 :279] Load scope from network completed, appID:10067631
06-22 15:51:50.689 I/ScopeCache(13970): [I/HMSCore/ScopeCache 13970:12502 :108] add scope success. appid = [10067631]
06-22 15:51:50.690 D/AppLogManager(13970): PrintWoker poll timeout , shutdown
06-22 15:51:50.691 I/NetworkSdk_HianalyticsHelper(13970): [I/HMSCore/NetworkSdk_HianalyticsHelper 13970:11823 :30] Core-Connect-88 -->NetworkKit_report_ha_0|null|com.huawei.hms.framework.common.hianalytics.HianalyticsHelper|isEnableReportNoSeed|9|user experience involved needs to be opened
06-22 15:51:50.691 I/SerializedObject(13970): [I/HMSCore/SerializedObject 13970:12502 :50] write type class com.huawei.hms.auth.scope.bean.AppScope to disk sucessfully.
06-22 15:51:50.691 I/NetworkSdk_DefaultRCEventListener(13970): [I/HMSCore/NetworkSdk_DefaultRCEventListener 13970:11823 :30] Core-Connect-88 -->NetworkKit_report_ha_0||o.alu|E|283|HianalyticsHelper report disable
06-22 15:51:50.692 D/AppLogManager(13970): PrintWoker poll timeout , shutdown
06-22 15:51:50.701 W/res_send(  635): res_nsend: got answer:
06-22 15:51:50.701 E/ResolverController(  635): No valid NAT64 prefix (138, <unspecified>/0)
06-22 15:51:50.714 I/HwOUC   (26837): [EnterpriseCheckId-13271]doPostRequest is cer.pem(HttpsKeyStoreUtils.java:81)
06-22 15:51:50.714 I/HwOUC   (26837): [EnterpriseCheckId-13271]begin httpsurlconnection(HttpCommunicator.java:388)
06-22 15:51:50.716 I/SecureSSLSocketFactory( 4574): createSocket: s , host , port , autoClose
06-22 15:51:50.716 I/SecureSSLSocketFactory( 4574): set default tls and cipher
06-22 15:51:50.773 I/PushLog100101302( 4574): [SeqTask-pool-thread-93-3364]close connection
06-22 15:51:50.774 I/PushLog100101302( 4574): [SeqTask-pool-thread-93-3364]TrsReq: {pushDeviceIdType: 9,push version: 100101302,connId length: 66,belongId: 1,pushVersion: HMS,rV: TNY-AL00 10.0.0.196(C00E65R1P11),PhoneType: 1,the UsrExp switch is: 0,romRegion:CN,triggerTRSModule:0,ncVersion:100101301,hmsVersion:50000304,networkType:1,cookie:0,srcBelongId:null,ipv6:1,analyticsSwitch:0}
06-22 15:51:50.774 I/PushLog100101302( 4574): [SeqTask-pool-thread-93-3364]queryTrs success!
06-22 15:51:50.783 W/migration/7(   53): type=1400 audit(0.0:8707184): avc: granted { setsched } for pid=53 scontext=u:r:kernel:s0 tcontext=u:r:kernel:s0 tclass=process
06-22 15:51:50.794 I/PushLog100101302( 4574): [SeqTask-pool-thread-93-3364]eventOnOff: 
06-22 15:51:50.796 D/PushLog100101302( 4574): Begin to init FileNode
06-22 15:51:50.796 D/PushLog100101302( 4574): whether write file log:true
06-22 15:51:50.800 I/PushLog100101302( 4574): [SeqTask-pool-thread-93-3364]dispatchIntent over
06-22 15:51:50.801 I/PushLog100101302( 4574): [SeqTask-pool-thread-93-3364]delete exceed messsages
06-22 15:51:50.805 I/PushLog100101302( 4574): [ReceiverDispatcher-219]reload heartbeat info, [lastBestHBTime: 1592651564494,hasFindHeartBeat: true,localBestHB: 300000,minHeartBeat: 180000,maxHeartBeat: 300000wifi:6c:99*********:9e,controlKey:wifi_6***********8a:9e]
06-22 15:51:50.806 I/PushLog100101302( 4574): [ReceiverDispatcher-219]after load heartBeat, next heartBeatInterval:300000
06-22 15:51:50.806 I/PushLog100101302( 4574): [ReceiverDispatcher-219]enter resetReconnectConfig
06-22 15:51:50.810 I/PushLog100101302( 4574): [ReceiverDispatcher-219]after load new heartbeat, check if need update heartbeat to power genie
06-22 15:51:50.811 I/chatty  ( 1429): uid=1000(system) Binder:1429_3 identical 22 lines
06-22 15:51:50.812 D/ConnectivityService( 1429): get Network state from cache, cacheBlock is 0
06-22 15:51:50.812 I/PushLog100101302( 4574): [ReceiverDispatcher-219]not support bastet in wifi
06-22 15:51:50.813 I/PushLog100101302( 4574): [ReceiverDispatcher-219]send best heartBeat to powergenie, currentNetType:1
06-22 15:51:50.813 I/PushLog100101302( 4574): [ReceiverDispatcher-219]send current push bestHeartBeat to powergenie:300000
06-22 15:51:50.814 W/ContextImpl( 4574): Calling a method in the system process without a qualified user: android.app.ContextImpl.sendBroadcast:1144 android.content.ContextWrapper.sendBroadcast:448 ey.a:73 ey.i:73 jl.fZ:12 
06-22 15:51:50.815 D/ConnectivityService( 1429): get Network state from cache, cacheBlock is 0
06-22 15:51:50.816 I/PushLog100101302( 4574): [ReceiverDispatcher-219]dispatchIntent over
06-22 15:51:50.816 I/StateActionFactory( 2895): not make action for msgId: 382
06-22 15:51:50.816 I/AlarmConfigUnifier( 2895): rev best push heartbeat, natTime: 300000
06-22 15:51:50.817 I/PushLog100101302( 4574): [ReceiverDispatcher-219]com.huawei.action.CONNECT_PUSHSRV alarm trigger, expectTriggerTime:0, current trigger time:1592812310817
06-22 15:51:50.819 I/PushLog100101302( 4574): [ReceiverDispatcher-219]lastnetWorkType:1 curNetWorkType:1, [-1:NONE, 0:MOBILE, 1:WIFI]
06-22 15:51:50.820 I/PushLog100101302( 4574): [ReceiverDispatcher-219]is network env changed: false,from netType 1 to 1, [-1:NONE, 0:MOBILE, 1:WIFI]
06-22 15:51:50.824 I/PushLog100101302( 4574): [ReceiverDispatcher-219]reload heartbeat info, [lastBestHBTime: 1592651564494,hasFindHeartBeat: true,localBestHB: 300000,minHeartBeat: 180000,maxHeartBeat: 300000wifi:6c:99*********:9e,controlKey:wifi_6***********8a:9e]
06-22 15:51:50.824 I/PushLog100101302( 4574): [ReceiverDispatcher-219]after load heartBeat, next heartBeatInterval:300000
06-22 15:51:50.824 I/chatty  ( 1429): uid=1000(system) Binder:1429_3 identical 10 lines
06-22 15:51:50.825 D/ConnectivityService( 1429): get Network state from cache, cacheBlock is 0
06-22 15:51:50.872 E/HwOUC   (26837): [EnterpriseCheckId-13271]HwX509TrustManagerEx checkServerTrusted.CertificateException real error and throw it.(HwX509TrustManagerEx.java:84)
06-22 15:51:50.875 E/HwOUC   (26837): [EnterpriseCheckId-13271]requestServerUsePost Exception: java.security.cert.CertPathValidatorException: Trust anchor for certification path not found.(HttpCommunicator.java:422)
06-22 15:51:50.875 I/HwOUC   (26837): [EnterpriseCheckId-13271]unapplyForResourceUse totalApplyTimes is 0(PowerKitManager.java:200)
06-22 15:51:50.875 I/HwOUC   (26837): [EnterpriseCheckId-13271]addPowerKitCallback call unapplyForResourceUse(PowerKitManager.java:247)
06-22 15:51:50.876 I/PowerKit_Impl( 2895): unapply pkg: com.huawei.android.hwouc resource:512 timeout:-1 reason:null
06-22 15:51:50.877 I/AppResManager( 2895): cancel Request interaction : {com.huawei.android.hwouc 512 649952222}
06-22 15:51:50.877 I/PGServer( 2895): report state:12 event type:2 pid:-1 uid:0 pkg:com.huawei.android.hwouc#649952222 to pid: 1429
06-22 15:51:50.880 I/HwOUC   (26837): [EnterpriseCheckId-13271]network error, cannot pull new version information(EnterpriseCheckId.java:81)
06-22 15:51:50.881 I/HwOUC   (26837): [main-1]Get enterprise id failed ! (EnterpriseCheckHandler.java:101)
06-22 15:51:50.882 I/HwOUC   (26837): [main-1]AutoCheckNewVersionHandler CHECK_NO_NEW_VERSION mNewVersionId=(AutoCheckService.java:423)
06-22 15:51:50.889 E/HwOUC   (26837): [Thread-17-13272]versionId is null when setNewVersionIds(Hianalytics.java:1832)
06-22 15:51:50.896 I/        (  485): CheckPropValue: ro.hardware : kirin980
06-22 15:51:50.896 I/        (  485): CheckPropValue: ro.runmode : normal
06-22 15:51:50.896 I/HwOUC   (26837): [main-1]refreshUndoneStatusValue isFirmwareUndoneLastTime is false; isMicroPatchUndoneLastTime is false; isCotaUndone is false; isFusionUndoneLastTime is false(AutoCheckService.java:675)
06-22 15:51:50.897 I/HwOUC   (26837): [main-1]executeCheck checkType is 16(AutoModuleCheckImpl.java:49)
06-22 15:51:50.899 I/OEMINFO_NVM_SERVER(  485): GetValidOeminfoRegion: index is (28).
06-22 15:51:50.900 D/hw_oeminfo_nv_interface( 2840): RmtCommonOeminfoRead: index(104) ret = 0
06-22 15:51:50.901 D/HwBootAnimationOeminfo( 2840): getBAP  idx = 104, dst = 1, ret = 0
06-22 15:51:50.901 I/BigDataLog( 2784): BD.BDService:send app action data success
06-22 15:51:50.906 I/HwOUC   (26837): [ModuleCheck-13273]ModuleCheck isAutoCheck is true(ModuleCheck.java:67)
06-22 15:51:50.908 E/ActivityThread(26837): Failed to find provider info for service_oversea_rom
06-22 15:51:50.911 I/HwOUC   (26837): [ModuleCheck-13273]chooseQueryServerFirmwareUrl siteId is -1 or -2, return default uri : https://query.hicloud.com/sp_ard_common/v2/onestopCheck.action?verType=true&autoInstall=y&latest=true(HwOucUtility.java:7988)
06-22 15:51:50.911 I/HwOUC   (26837): [ModuleCheck-13273]getBuildExValue buildExKey: FINGERPRINT buildExValue: HONOR/TNY-AL00/HWTNY:10/HUAWEITNY-AL00/10.0.0.196C00:user/release-keys(HwOucUtility.java:11335)
06-22 15:51:50.912 I/HwOUC   (26837): [ModuleCheck-13273]isSupportUDID true(XmlManager.java:604)
06-22 15:51:50.914 D/HwSecurityService( 1429): find this Resident Plugin
06-22 15:51:50.919 I/        (  485): CheckPropValue: ro.hardware : kirin980
06-22 15:51:50.919 I/        (  485): CheckPropValue: ro.runmode : normal
06-22 15:51:50.922 I/OEMINFO_NVM_SERVER(  485): GetValidOeminfoRegion: index is (48).
06-22 15:51:50.923 I/HwOUC   (26837): [ModuleCheck-13273]get device activate status success, isActivated true(HwOucUtility.java:3263)
06-22 15:51:50.924 E/HwOUC   (26837): [ModuleCheck-13273]method invoke failed: android.hwtheme.HwThemeManagerNative(HwOucUtility.java:3289)
06-22 15:51:50.926 E/HwOUC   (26837): [ModuleCheck-13273]getUnsignedProfile Exception: /data/user/0/com.huawei.android.hwouc/files/profile.xml: open failed: ENOENT (No such file or directory)(ProfileVerifier.java:162)
06-22 15:51:50.927 I/HwOUC   (26837): [ModuleCheck-13273]getProfileSha256 : unsigned profile is null! (ProfileVerifier.java:171)
06-22 15:51:50.927 I/HwOUC   (26837): [ModuleCheck-13273]sha256 is null(ProfileVerifier.java:79)
06-22 15:51:50.927 I/HwOUC   (26837): [ModuleCheck-13273]isPrivacyVersionUpdate savedVersion : 1.0metaVersion : 1.0(BetaUtil.java:86)
06-22 15:51:50.928 I/HwOUC   (26837): [ModuleCheck-13273]isBetaProfileInvalid isVerifyOK : false isPrivacyVersionUpdate : false(BetaUtil.java:150)
06-22 15:51:50.928 I/HwOUC   (26837): [ModuleCheck-13273]getBetaProfileSubGroup beta profile is invalid !!(BetaUtil.java:162)
06-22 15:51:50.928 E/HwOUC   (26837): [ModuleCheck-13273]getUnsignedProfile Exception: /data/user/0/com.huawei.android.hwouc/files/profile.xml: open failed: ENOENT (No such file or directory)(ProfileVerifier.java:162)
06-22 15:51:50.929 I/HwOUC   (26837): [ModuleCheck-13273]getProfileSha256 : unsigned profile is null! (ProfileVerifier.java:171)
06-22 15:51:50.929 I/HwOUC   (26837): [ModuleCheck-13273]sha256 is null(ProfileVerifier.java:79)
06-22 15:51:50.929 I/HwOUC   (26837): [ModuleCheck-13273]isPrivacyVersionUpdate savedVersion : 1.0metaVersion : 1.0(BetaUtil.java:86)
06-22 15:51:50.930 I/HwOUC   (26837): [ModuleCheck-13273]isBetaProfileInvalid isVerifyOK : false isPrivacyVersionUpdate : false(BetaUtil.java:150)
06-22 15:51:50.930 I/HwOUC   (26837): [ModuleCheck-13273]getBetaProfileVersionGroup beta profile is invalid !!(BetaUtil.java:180)
06-22 15:51:50.930 I/HwOUC   (26837): [ModuleCheck-13273]convertVersionFilterXMLToStream extraInfoSendSuccessFlag is false, packageType is increment(XmlManager.java:320)
06-22 15:51:50.931 I/HwOUC   (26837): [ModuleCheck-13273]getFirmwareAndPatchVersion->hotPatchVersion=patch00; isHotApkLost is false(LogControl.java:184)
06-22 15:51:50.934 I/HwOUC   (26837): [ModuleCheck-13273]applyForResourceUse init expire time to Mon Jun 22 15:52:50 GMT+08:00 2020(PowerKitManager.java:183)
06-22 15:51:50.935 I/HwOUC   (26837): [ModuleCheck-13273]applyForResourceUse totalApplyTimes is 1(PowerKitManager.java:186)
06-22 15:51:50.935 I/HwOUC   (26837): [ModuleCheck-13273]handleCallResource call applyForResourceUse(PowerKitManager.java:243)
06-22 15:51:50.935 I/PowerKit_Impl( 2895): apply pkg: com.huawei.android.hwouc resource:512 timeout:60000 reason:check version
06-22 15:51:50.936 I/AppResManager( 2895): Request interaction :{com.huawei.android.hwouc 512 649952483}
06-22 15:51:50.936 I/PGServer( 2895): report state:12 event type:1 pid:-1 uid:0 pkg:com.huawei.android.hwouc#649952483 to pid: 1429
06-22 15:51:50.936 I/AbnormalCtrlPolicy( 2895): Request interaction app: com.huawei.android.hwouc
06-22 15:51:50.940 I/HwOUC   (26837): [ModuleCheck-13273]doPostRequest KeyStore is MyselfCAKeystore.(HttpsKeyStoreUtils.java:69)
06-22 15:51:50.972 I/HwOUC   (26837): [ModuleCheck-13273]doPostRequest is cer.pem(HttpsKeyStoreUtils.java:81)
06-22 15:51:50.973 I/HwOUC   (26837): [ModuleCheck-13273]begin httpsurlconnection(HttpCommunicator.java:388)
06-22 15:51:50.974 D/ConnectivityService( 1429): get Network state from cache, cacheBlock is 0
06-22 15:51:51.013 I/Media_effect:ThermalDetect(28787): doThermalControl: 0
06-22 15:51:51.013 E/Media_effect:Camera2Manager(28787): onThermalChange, nothing changed
06-22 15:51:51.063 E/HwOUC   (26837): [ModuleCheck-13273]HwX509TrustManagerEx checkServerTrusted.CertificateException real error and throw it.(HwX509TrustManagerEx.java:84)
06-22 15:51:51.066 E/HwOUC   (26837): [ModuleCheck-13273]requestServerUsePost Exception: java.security.cert.CertPathValidatorException: Trust anchor for certification path not found.(HttpCommunicator.java:422)
06-22 15:51:51.066 I/HwOUC   (26837): [ModuleCheck-13273]unapplyForResourceUse totalApplyTimes is 0(PowerKitManager.java:200)
06-22 15:51:51.067 I/HwOUC   (26837): [ModuleCheck-13273]addPowerKitCallback call unapplyForResourceUse(PowerKitManager.java:247)
06-22 15:51:51.068 I/PowerKit_Impl( 2895): unapply pkg: com.huawei.android.hwouc resource:512 timeout:-1 reason:null
06-22 15:51:51.068 I/AppResManager( 2895): cancel Request interaction : {com.huawei.android.hwouc 512 649952483}
06-22 15:51:51.068 I/PGServer( 2895): report state:12 event type:2 pid:-1 uid:0 pkg:com.huawei.android.hwouc#649952483 to pid: 1429
06-22 15:51:51.072 I/HwOUC   (26837): [ModuleCheck-13273]retrieve newversioninfo.xml: (HttpCommunicator.java:467)
06-22 15:51:51.073 I/HwOUC   (26837): [ModuleCheck-13273]getNewVersionFromServer status is -1check request send failed(HttpCommunicator.java:473)
06-22 15:51:51.073 I/HwOUC   (26837): [ModuleCheck-13273]network error, cannot pull new version information(ModuleCheck.java:84)
06-22 15:51:51.074 I/HwOUC   (26837): [main-1]check new version failed ! (ModuleCheckHandler.java:84)
06-22 15:51:51.075 I/HwOUC   (26837): [main-1]AutoCheckNewVersionHandler CHECK_NO_NEW_VERSION mNewVersionId=(AutoCheckService.java:423)
06-22 15:51:51.087 I/HwOUC   (26837): [main-1]isMicroPatchOnly cacheContents is null, return false(LogControl.java:184)
06-22 15:51:51.088 E/HwOUC   (26837): [Thread-18-13274]versionId is null when setNewVersionIds(Hianalytics.java:1832)
06-22 15:51:51.096 I/HwOUC   (26837): [main-1]refreshUndoneStatusValue isFirmwareUndoneLastTime is false; isMicroPatchUndoneLastTime is false; isCotaUndone is false; isFusionUndoneLastTime is false(AutoCheckService.java:675)
06-22 15:51:51.099 I/        (  485): CheckPropValue: ro.hardware : kirin980
06-22 15:51:51.099 I/        (  485): CheckPropValue: ro.runmode : normal
06-22 15:51:51.102 I/OEMINFO_NVM_SERVER(  485): GetValidOeminfoRegion: index is (28).
06-22 15:51:51.103 I/HwOUC   (26837): [main-1]executeCheck checkFirmwareFromServer()(AutoCheckNewVersionHotaImpl.java:68)
06-22 15:51:51.103 D/hw_oeminfo_nv_interface( 2840): RmtCommonOeminfoRead: index(104) ret = 0
06-22 15:51:51.103 D/HwBootAnimationOeminfo( 2840): getBAP  idx = 104, dst = 1, ret = 0
06-22 15:51:51.104 I/BigDataLog( 2784): BD.BDService:send app action data success
06-22 15:51:51.113 D/ConnectivityService( 1429): get Network state from cache, cacheBlock is 0
06-22 15:51:51.115 E/WifiService( 1429): enforceCanAccessScanResults: hiding ssid and bssidLocation mode is disabled for the device
06-22 15:51:51.117 I/HwOUC   (26837): [main-1]where: auto_check_flag='1' AND (BaseDBOperator.java:83)
06-22 15:51:51.119 I/HwOUC   (26837): [Thread-19-13275]getWifiType->isMeteredWifi is false(ConnectivityUtil.java:60)
06-22 15:51:51.120 I/HwOUC   (26837): [Thread-19-13275]isRootedByUserForPay the paycenter Switch is not open.(PayCenterUtils.java:43)
06-22 15:51:51.120 I/HwOUC   (26837): [Thread-19-13275]isVeritySupport verityBootMode is enforcing;isVeritySupport is true(LogControl.java:184)
06-22 15:51:51.120 I/HwOUC   (26837): [Thread-19-13275]isVeritySuccess VERITY_BOOT_NORMAL_MODE return true(LogControl.java:184)
06-22 15:51:51.121 I/HwGeneralService( 1429): readProtectArea: callingPid is 26837,callingUid is 10082
06-22 15:51:51.126 I/        (  485): CheckPropValue: ro.hardware : kirin980
06-22 15:51:51.126 I/        (  485): CheckPropValue: ro.runmode : normal
06-22 15:51:51.126 I/OUC_COTA(26837): [main-1]getCotaDownloadInfo(/CotaProxy.java:701)
06-22 15:51:51.128 I/OEMINFO_NVM_SERVER(  485): GetValidOeminfoRegion: index is (46).
06-22 15:51:51.130 D/hw_oeminfo_nv_interface( 1429): RmtCommonOeminfoRead: index(133) ret = 0
06-22 15:51:51.130 I/HwProtectAreaService_jni( 1429): _nativeReadProtectArea:optItemStr : UPDATE_OVMODE_STATE,len: 128 
06-22 15:51:51.130 I/HwOUC   (26837): [main-1]isRootedByUserForPay the paycenter Switch is not open.(PayCenterUtils.java:43)
06-22 15:51:51.131 I/HwOUC   (26837): [Thread-19-13275]checkVerifyFailByOVMODE oemKey: UPDATE_OVMODE_STATE; baseStateverify_success(HwOucUtility.java:6459)
06-22 15:51:51.131 I/HwOUC   (26837): [main-1]isVeritySupport verityBootMode is enforcing;isVeritySupport is true(LogControl.java:184)
06-22 15:51:51.131 I/HwGeneralService( 1429): readProtectArea: callingPid is 26837,callingUid is 10082
06-22 15:51:51.131 I/HwOUC   (26837): [main-1]isVeritySuccess VERITY_BOOT_NORMAL_MODE return true(LogControl.java:184)
06-22 15:51:51.131 I/HwGeneralService( 1429): readProtectArea: callingPid is 26837,callingUid is 10082
06-22 15:51:51.135 I/        (  485): CheckPropValue: ro.hardware : kirin980
06-22 15:51:51.135 I/        (  485): CheckPropValue: ro.runmode : normal
06-22 15:51:51.138 I/OEMINFO_NVM_SERVER(  485): GetValidOeminfoRegion: index is (105).
06-22 15:51:51.139 D/hw_oeminfo_nv_interface( 1429): RmtCommonOeminfoRead: index(74) ret = 0
06-22 15:51:51.139 I/HwProtectAreaService_jni( 1429): _nativeReadProtectArea:optItemStr : CUST_OVMODE_STATE,len: 128 
06-22 15:51:51.140 I/HwOUC   (26837): [Thread-19-13275]checkVerifyFailByOVMODE oemKey: CUST_OVMODE_STATE; baseStateverify_success(HwOucUtility.java:6459)
06-22 15:51:51.140 I/HwGeneralService( 1429): readProtectArea: callingPid is 26837,callingUid is 10082
06-22 15:51:51.142 I/        (  485): CheckPropValue: ro.hardware : kirin980
06-22 15:51:51.143 I/        (  485): CheckPropValue: ro.runmode : normal
06-22 15:51:51.144 I/OEMINFO_NVM_SERVER(  485): GetValidOeminfoRegion: index is (46).
06-22 15:51:51.145 D/hw_oeminfo_nv_interface( 1429): RmtCommonOeminfoRead: index(133) ret = 0
06-22 15:51:51.145 I/HwProtectAreaService_jni( 1429): _nativeReadProtectArea:optItemStr : UPDATE_OVMODE_STATE,len: 128 
06-22 15:51:51.145 I/HwOUC   (26837): [main-1]checkVerifyFailByOVMODE oemKey: UPDATE_OVMODE_STATE; baseStateverify_success(HwOucUtility.java:6459)
06-22 15:51:51.146 I/HwGeneralService( 1429): readProtectArea: callingPid is 26837,callingUid is 10082
06-22 15:51:51.148 I/        (  485): CheckPropValue: ro.hardware : kirin980
06-22 15:51:51.148 I/        (  485): CheckPropValue: ro.runmode : normal
06-22 15:51:51.150 I/OEMINFO_NVM_SERVER(  485): GetValidOeminfoRegion: index is (106).
06-22 15:51:51.150 D/hw_oeminfo_nv_interface( 1429): RmtCommonOeminfoRead: index(75) ret = 0
06-22 15:51:51.151 I/HwProtectAreaService_jni( 1429): _nativeReadProtectArea:optItemStr : PRELOAD_OVMODE_STATE,len: 128 
06-22 15:51:51.151 I/HwOUC   (26837): [Thread-19-13275]checkVerifyFailByOVMODE oemKey: PRELOAD_OVMODE_STATE; baseStateverify_success(HwOucUtility.java:6459)
06-22 15:51:51.152 D/HwSecurityService( 1429): find this Resident Plugin
06-22 15:51:51.154 I/        (  485): CheckPropValue: ro.hardware : kirin980
06-22 15:51:51.154 I/        (  485): CheckPropValue: ro.runmode : normal
06-22 15:51:51.155 I/OEMINFO_NVM_SERVER(  485): GetValidOeminfoRegion: index is (105).
06-22 15:51:51.155 I/chatty  ( 1429): uid=1000(system) Binder:1429_3 identical 3 lines
06-22 15:51:51.156 D/HwSecurityService( 1429): find this Resident Plugin
06-22 15:51:51.156 D/hw_oeminfo_nv_interface( 1429): RmtCommonOeminfoRead: index(74) ret = 0
06-22 15:51:51.156 I/HwProtectAreaService_jni( 1429): _nativeReadProtectArea:optItemStr : CUST_OVMODE_STATE,len: 128 
06-22 15:51:51.156 I/HwOUC   (26837): [main-1]checkVerifyFailByOVMODE oemKey: CUST_OVMODE_STATE; baseStateverify_success(HwOucUtility.java:6459)
06-22 15:51:51.157 I/HwGeneralService( 1429): readProtectArea: callingPid is 26837,callingUid is 10082
06-22 15:51:51.160 I/        (  485): CheckPropValue: ro.hardware : kirin980
06-22 15:51:51.160 I/        (  485): CheckPropValue: ro.runmode : normal
06-22 15:51:51.161 I/OEMINFO_NVM_SERVER(  485): GetValidOeminfoRegion: index is (106).
06-22 15:51:51.162 D/hw_oeminfo_nv_interface( 1429): RmtCommonOeminfoRead: index(75) ret = 0
06-22 15:51:51.162 I/HwProtectAreaService_jni( 1429): _nativeReadProtectArea:optItemStr : PRELOAD_OVMODE_STATE,len: 128 
06-22 15:51:51.162 D/HwSecurityService( 1429): find this Resident Plugin
06-22 15:51:51.162 I/HwOUC   (26837): [main-1]checkVerifyFailByOVMODE oemKey: PRELOAD_OVMODE_STATE; baseStateverify_success(HwOucUtility.java:6459)
06-22 15:51:51.165 D/AwareBitmapCacher(29150): handleInit disable com.huawei.parentcontrol
06-22 15:51:51.166 I/HwOUC   (26837): [Thread-19-13275]readyToUpgradeIncrementPackage isVerifyFailByOVMODE is false; isRootedByUser is false; isVeritySupport is true; isRomMalPreInstalled is false; isDataCustNeedToUpdate is false(LogControl.java:184)
06-22 15:51:51.166 I/chatty  ( 1429): uid=1000(system) Binder:1429_3 identical 5 lines
06-22 15:51:51.166 I/HwOUC   (26837): [Thread-19-13275]mIsHwInitHashCheckFail is ok return false(HwOucUtility.java:4830)
06-22 15:51:51.166 D/HwSecurityService( 1429): find this Resident Plugin
06-22 15:51:51.167 I/HwOUC   (26837): [main-1]mIsHwInitHashCheckFail is ok return false(HwOucUtility.java:4800)
06-22 15:51:51.168 I/HwOUC   (26837): [main-1]isOneTimeHotaSupport: true(HwOucUtility.java:5569)
06-22 15:51:51.168 I/HwGeneralService( 1429): readProtectArea: callingPid is 26837,callingUid is 10082
06-22 15:51:51.173 I/        (  485): CheckPropValue: ro.hardware : kirin980
06-22 15:51:51.173 I/        (  485): CheckPropValue: ro.runmode : normal
06-22 15:51:51.173 E/HwOUC   (26837): [Thread-19-13275]versionId is null when setNewVersionIds(Hianalytics.java:1832)
06-22 15:51:51.176 I/OEMINFO_NVM_SERVER(  485): GetValidOeminfoRegion: index is (46).
06-22 15:51:51.177 D/hw_oeminfo_nv_interface( 1429): RmtCommonOeminfoRead: index(133) ret = 0
06-22 15:51:51.177 I/HwProtectAreaService_jni( 1429): _nativeReadProtectArea:optItemStr : UPDATE_OVMODE_STATE,len: 128 
06-22 15:51:51.178 I/HwOUC   (26837): [main-1]checkVerifyFailByOVMODE oemKey: UPDATE_OVMODE_STATE; baseStateverify_success(HwOucUtility.java:6459)
06-22 15:51:51.178 I/chatty  ( 1429): uid=1000(system) Binder:1429_D identical 1 line
06-22 15:51:51.179 I/        (  485): CheckPropValue: ro.hardware : kirin980
06-22 15:51:51.180 I/        (  485): CheckPropValue: ro.runmode : normal
06-22 15:51:51.181 I/OEMINFO_NVM_SERVER(  485): GetValidOeminfoRegion: index is (28).
06-22 15:51:51.182 D/hw_oeminfo_nv_interface( 2840): RmtCommonOeminfoRead: index(104) ret = 0
06-22 15:51:51.182 D/HwBootAnimationOeminfo( 2840): getBAP  idx = 104, dst = 1, ret = 0
06-22 15:51:51.182 I/BigDataLog( 2784): BD.BDService:send app action data success
06-22 15:51:51.184 I/        (  485): CheckPropValue: ro.hardware : kirin980
06-22 15:51:51.184 I/        (  485): CheckPropValue: ro.runmode : normal
06-22 15:51:51.186 I/OEMINFO_NVM_SERVER(  485): GetValidOeminfoRegion: index is (105).
06-22 15:51:51.186 D/hw_oeminfo_nv_interface( 1429): RmtCommonOeminfoRead: index(74) ret = 0
06-22 15:51:51.186 I/HwProtectAreaService_jni( 1429): _nativeReadProtectArea:optItemStr : CUST_OVMODE_STATE,len: 128 
06-22 15:51:51.187 I/HwOUC   (26837): [main-1]checkVerifyFailByOVMODE oemKey: CUST_OVMODE_STATE; baseStateverify_success(HwOucUtility.java:6459)
06-22 15:51:51.187 I/HwGeneralService( 1429): readProtectArea: callingPid is 26837,callingUid is 10082
06-22 15:51:51.191 I/        (  485): CheckPropValue: ro.hardware : kirin980
06-22 15:51:51.191 I/        (  485): CheckPropValue: ro.runmode : normal
06-22 15:51:51.192 I/OEMINFO_NVM_SERVER(  485): GetValidOeminfoRegion: index is (106).
06-22 15:51:51.192 D/hw_oeminfo_nv_interface( 1429): RmtCommonOeminfoRead: index(75) ret = 0
06-22 15:51:51.193 I/HwProtectAreaService_jni( 1429): _nativeReadProtectArea:optItemStr : PRELOAD_OVMODE_STATE,len: 128 
06-22 15:51:51.193 I/HwOUC   (26837): [main-1]checkVerifyFailByOVMODE oemKey: PRELOAD_OVMODE_STATE; baseStateverify_success(HwOucUtility.java:6459)
06-22 15:51:51.194 D/HwSecurityService( 1429): find this Resident Plugin
06-22 15:51:51.197 I/chatty  ( 1429): uid=1000(system) Binder:1429_D identical 4 lines
06-22 15:51:51.197 D/HwSecurityService( 1429): find this Resident Plugin
06-22 15:51:51.198 I/HwOUC   (26837): [main-1]mIsHwInitHashCheckFail is ok return false(HwOucUtility.java:4800)
06-22 15:51:51.199 I/HwOUC   (26837): [main-1]checkNewversion, auto download available, isMultiplePackageAvailable is true; packageType is increment(AutoCheckNewVersionHotaImpl.java:131)
06-22 15:51:51.199 I/HwOUC   (26837): [main-1]AutoCheckNewVersionHotaImpl--checkNewversion()--oneStopCheckSwitch is true(AutoCheckNewVersionHotaImpl.java:138)
06-22 15:51:51.202 I/HwOUC   (26837): [OneTimeCheckNewVersionThread-13276]OneTimeCheckNewVersion synchronized run manualCheckSleeppedFlag is false; mIsAutoCheck is true; oneStopCheckSwitch is true; mPackageType is increment(UpdateProcessor.java:434)
06-22 15:51:51.204 E/ActivityThread(26837): Failed to find provider info for service_oversea_rom
06-22 15:51:51.208 I/HwOUC   (26837): [OneTimeCheckNewVersionThread-13276]chooseQueryServerFirmwareUrl siteId is -1 or -2, return default uri : https://query.hicloud.com/sp_ard_common/v2/onestopCheck.action?verType=true&autoInstall=y&latest=true(HwOucUtility.java:7988)
06-22 15:51:51.208 I/HwOUC   (26837): [OneTimeCheckNewVersionThread-13276]getBuildExValue buildExKey: FINGERPRINT buildExValue: HONOR/TNY-AL00/HWTNY:10/HUAWEITNY-AL00/10.0.0.196C00:user/release-keys(HwOucUtility.java:11335)
06-22 15:51:51.209 I/HwOUC   (26837): [OneTimeCheckNewVersionThread-13276]isSupportUDID true(XmlManager.java:604)
06-22 15:51:51.210 I/aptouch_daemon(  752): filter_touch_detect, down, in: 1, out: 1
06-22 15:51:51.210 D/libfingersense_wrapper( 1429): Calling fingersense_classify_touch()
06-22 15:51:51.210 D/libfingersense_wrapper( 1429): fingersense_classify_touch() finished
06-22 15:51:51.211 D/HwSecurityService( 1429): find this Resident Plugin
06-22 15:51:51.214 V/AudioManager( 2486): querySoundEffectsEnabled...
06-22 15:51:51.214 D/HwCustPhoneWindowManager( 1429): answer call by keyCode = 4, down = true, isSupVolumnkeyAnswerCall = false
06-22 15:51:51.214 D/HwPhoneWindowManager( 1429): enter wakeupNoteEditor
06-22 15:51:51.215 D/WindowManager( 1429): interceptKeyBeforeQueueing: key 4 , result : 1
06-22 15:51:51.216 D/HwGameAssistantController( 1429): Keycontrol mode is 1 for user 0
06-22 15:51:51.216 D/HwGameAssistantController( 1429): isGameForeground? false
06-22 15:51:51.216 D/HwPhoneWindowManager( 1429): deviceId:-1 mFingerPrintId:0 isGameKeyControlOn:false,EnableKey=false,mLastKeyDownDropped=false
06-22 15:51:51.216 V/InputDispatcher( 1429): Asynchronous input event injection succeeded.
06-22 15:51:51.218 D/canna-debug(13668): dne:handleKeyDown-- code=4
06-22 15:51:51.221 E/canna-debug(13668): showKeyboardWithHKB -- 1
06-22 15:51:51.221 I/        (  485): CheckPropValue: ro.hardware : kirin980
06-22 15:51:51.222 I/        (  485): CheckPropValue: ro.runmode : normal
06-22 15:51:51.224 I/OEMINFO_NVM_SERVER(  485): GetValidOeminfoRegion: index is (48).
06-22 15:51:51.227 I/HwOUC   (26837): [OneTimeCheckNewVersionThread-13276]get device activate status success, isActivated true(HwOucUtility.java:3263)
06-22 15:51:51.228 E/HwOUC   (26837): [OneTimeCheckNewVersionThread-13276]method invoke failed: android.hwtheme.HwThemeManagerNative(HwOucUtility.java:3289)
06-22 15:51:51.230 I/HwOUC   (26837): [OneTimeCheckNewVersionThread-13276]OneTimeCheckNewVersion synchronized run first check for one time hota(UpdateProcessor.java:371)
06-22 15:51:51.230 I/HwOUC   (26837): [OneTimeCheckNewVersionThread-13276]OneTimeCheckNewVersion synchronized run versionNum is null(UpdateProcessor.java:288)
06-22 15:51:51.232 E/HwOUC   (26837): [OneTimeCheckNewVersionThread-13276]getUnsignedProfile Exception: /data/user/0/com.huawei.android.hwouc/files/profile.xml: open failed: ENOENT (No such file or directory)(ProfileVerifier.java:162)
06-22 15:51:51.232 I/HwOUC   (26837): [OneTimeCheckNewVersionThread-13276]getProfileSha256 : unsigned profile is null! (ProfileVerifier.java:171)
06-22 15:51:51.232 I/HwOUC   (26837): [OneTimeCheckNewVersionThread-13276]sha256 is null(ProfileVerifier.java:79)
06-22 15:51:51.233 I/HwOUC   (26837): [OneTimeCheckNewVersionThread-13276]isPrivacyVersionUpdate savedVersion : 1.0metaVersion : 1.0(BetaUtil.java:86)
06-22 15:51:51.233 I/HwOUC   (26837): [OneTimeCheckNewVersionThread-13276]isBetaProfileInvalid isVerifyOK : false isPrivacyVersionUpdate : false(BetaUtil.java:150)
06-22 15:51:51.233 I/HwOUC   (26837): [OneTimeCheckNewVersionThread-13276]getBetaProfileSubGroup beta profile is invalid !!(BetaUtil.java:162)
06-22 15:51:51.234 E/HwOUC   (26837): [OneTimeCheckNewVersionThread-13276]getUnsignedProfile Exception: /data/user/0/com.huawei.android.hwouc/files/profile.xml: open failed: ENOENT (No such file or directory)(ProfileVerifier.java:162)
06-22 15:51:51.234 I/HwOUC   (26837): [OneTimeCheckNewVersionThread-13276]getProfileSha256 : unsigned profile is null! (ProfileVerifier.java:171)
06-22 15:51:51.234 I/HwOUC   (26837): [OneTimeCheckNewVersionThread-13276]sha256 is null(ProfileVerifier.java:79)
06-22 15:51:51.235 I/HwOUC   (26837): [OneTimeCheckNewVersionThread-13276]isPrivacyVersionUpdate savedVersion : 1.0metaVersion : 1.0(BetaUtil.java:86)
06-22 15:51:51.236 I/HwOUC   (26837): [OneTimeCheckNewVersionThread-13276]isBetaProfileInvalid isVerifyOK : false isPrivacyVersionUpdate : false(BetaUtil.java:150)
06-22 15:51:51.237 I/HwOUC   (26837): [OneTimeCheckNewVersionThread-13276]getBetaProfileVersionGroup beta profile is invalid !!(BetaUtil.java:180)
06-22 15:51:51.237 I/HwOUC   (26837): [OneTimeCheckNewVersionThread-13276]convertVersionFilterXMLToStream extraInfoSendSuccessFlag is false, packageType is increment(XmlManager.java:320)
06-22 15:51:51.238 I/HwOUC   (26837): [OneTimeCheckNewVersionThread-13276]getFirmwareAndPatchVersion->hotPatchVersion=patch00; isHotApkLost is false(LogControl.java:184)
06-22 15:51:51.240 I/HwOUC   (26837): [OneTimeCheckNewVersionThread-13276]applyForResourceUse init expire time to Mon Jun 22 15:52:51 GMT+08:00 2020(PowerKitManager.java:183)
06-22 15:51:51.240 I/HwOUC   (26837): [OneTimeCheckNewVersionThread-13276]applyForResourceUse totalApplyTimes is 1(PowerKitManager.java:186)
06-22 15:51:51.241 I/HwOUC   (26837): [OneTimeCheckNewVersionThread-13276]handleCallResource call applyForResourceUse(PowerKitManager.java:243)
06-22 15:51:51.241 I/PowerKit_Impl( 2895): apply pkg: com.huawei.android.hwouc resource:512 timeout:60000 reason:check version
06-22 15:51:51.242 I/AppResManager( 2895): Request interaction :{com.huawei.android.hwouc 512 649952789}
06-22 15:51:51.242 I/PGServer( 2895): report state:12 event type:1 pid:-1 uid:0 pkg:com.huawei.android.hwouc#649952789 to pid: 1429
06-22 15:51:51.245 I/AbnormalCtrlPolicy( 2895): Request interaction app: com.huawei.android.hwouc
06-22 15:51:51.249 I/HwOUC   (26837): [OneTimeCheckNewVersionThread-13276]doPostRequest KeyStore is MyselfCAKeystore.(HttpsKeyStoreUtils.java:69)
06-22 15:51:51.258 D/AwareBitmapCacher(29174): handleInit disable com.android.calendar
06-22 15:51:51.284 I/HwOUC   (26837): [OneTimeCheckNewVersionThread-13276]doPostRequest is cer.pem(HttpsKeyStoreUtils.java:81)
06-22 15:51:51.285 I/HwOUC   (26837): [OneTimeCheckNewVersionThread-13276]begin httpsurlconnection(HttpCommunicator.java:388)
06-22 15:51:51.286 D/ConnectivityService( 1429): get Network state from cache, cacheBlock is 0
06-22 15:51:51.300 I/aptouch_daemon(  752): filter_touch_detect, all_touch_up
06-22 15:51:51.306 D/HwCustPhoneWindowManager( 1429): answer call by keyCode = 4, down = false, isSupVolumnkeyAnswerCall = false
06-22 15:51:51.306 D/HwPhoneWindowManager( 1429): enter wakeupNoteEditor
06-22 15:51:51.306 D/WindowManager( 1429): interceptKeyBeforeQueueing: key 4 , result : 1
06-22 15:51:51.307 D/HwGameAssistantController( 1429): Keycontrol mode is 1 for user 0
06-22 15:51:51.307 D/HwGameAssistantController( 1429): isGameForeground? false
06-22 15:51:51.307 D/HwPhoneWindowManager( 1429): deviceId:-1 mFingerPrintId:0 isGameKeyControlOn:false,EnableKey=false,mLastKeyDownDropped=false
06-22 15:51:51.307 V/InputDispatcher( 1429): Asynchronous input event injection succeeded.
06-22 15:51:51.308 D/canna-debug(13668): dne:handleKeyUp-- code=4
06-22 15:51:51.311 I/PG_ash  ( 2895): 1429 binder call 2486
06-22 15:51:51.315 W/Settings(25670): Setting airplane_mode_on has moved from android.provider.Settings.System to android.provider.Settings.Global, returning read-only value.
06-22 15:51:51.316 D/ZrHung.AppEyeFocusWindow( 1429): FocusWindowErrorScene CheckFreezeScreen
06-22 15:51:51.316 D/ZrHung.AppEyeTransparentWindow( 1429): TransparentWindow cancelCheckFreezeScreen
06-22 15:51:51.317 E/HwActivityTaskManagerServiceEx( 1429): invalid ActivityRecord, error.
06-22 15:51:51.317 E/HwActivityTaskManagerServiceEx( 1429): parse activity info error.
06-22 15:51:51.317 V/WindowManager( 1429): notifyAppResumed: wasStopped=true AppWindowToken{a1a3f67 token=Token{a0b6f94 ActivityRecord{a4c1eb1 u0 com.android.settings/.HWSettings t383}}}
06-22 15:51:51.320 I/HwAudioServiceEx( 1429): ComponentInfo : className = com.android.settings.SubSettings, flag=onPause, isHomeActivity=, isTop=false
06-22 15:51:51.320 W/SecurityProfileService( 1429): Activity life state callback extras get package null!
06-22 15:51:51.321 W/ContextImpl(19513): Calling a method in the system process without a qualified user: android.app.ContextImpl.sendBroadcast:1159 android.content.ContextWrapper.sendBroadcast:453 com.android.settings.HWSettings.onResume:283 android.app.Instrumentation.callActivityOnResume:1465 android.app.Activity.performResume:8203 
06-22 15:51:51.322 W/ActivityManager( 1429): Sending non-protected broadcast com.huawei.android.intent.action.ENTER_SETTINGS from system 19513:com.android.settings/1000 pkg com.android.settings
06-22 15:51:51.323 W/migration/6(   47): type=1400 audit(0.0:8707186): avc: granted { setsched } for pid=47 scontext=u:r:kernel:s0 tcontext=u:r:kernel:s0 tclass=process
06-22 15:51:51.323 W/migration/7(   53): type=1400 audit(0.0:8707187): avc: granted { setsched } for pid=53 scontext=u:r:kernel:s0 tcontext=u:r:kernel:s0 tclass=process
06-22 15:51:51.324 E/WindowManagerEx(19513): getDisplaySideRegion: windowInsets is null please check!
06-22 15:51:51.327 W/FileTracer(25670): type=1400 audit(0.0:8707188): avc: granted { append } for pid=25670 name="wtlogin_20200622.log" dev="sdcardfs" ino=118668 scontext=u:r:untrusted_app_27:s0:c512,c768 tcontext=u:object_r:sdcardfs:s0 tclass=file
06-22 15:51:51.327 W/FileTracer(25670): type=1400 audit(0.0:8707189): avc: granted { append open } for pid=25670 path="/storage/emulated/0/Android/data/com.tencent.mobileqq/cache/tencent/wtlogin/com.tencent.mobileqq/wtlogin_20200622.log" dev="sdcardfs" ino=118668 scontext=u:r:untrusted_app_27:s0:c512,c768 tcontext=u:object_r:sdcardfs:s0 tclass=file
06-22 15:51:51.327 I/HwAudioServiceEx( 1429): ComponentInfo : className = com.android.settings.HWSettings, flag=onResume, isHomeActivity=, isTop=true
06-22 15:51:51.327 W/SecurityProfileService( 1429): Activity life state callback extras get package null!
06-22 15:51:51.327 I/OPCollectLog( 2784): AppChangeImpl:call onAppChange.
06-22 15:51:51.327 I/OPCollectLog( 2784): HwForegroundAppAction:handleMessage 
06-22 15:51:51.327 D/OPCollectLog( 2784): HwForegroundAppAction:FG executeWithArgs
06-22 15:51:51.327 I/OPCollectLog( 2784): OPCollectUtils:ODMF Api Version:2.14.1
06-22 15:51:51.328 I/OPCollectLog( 2784): Action:HwForegroundAppAction executed successfully
06-22 15:51:51.328 D/OPCollectLog( 2784): OdmfCollectScheduler:handleMessage msg: 4
06-22 15:51:51.328 I/OPCollectLog( 2784): OdmfHelper:opcollectCache 1
06-22 15:51:51.328 I/OPCollectLog( 2784): OdmfHelper:opcollectCache curTime: 649892876, interval: 2915
06-22 15:51:51.328 W/Settings(25670): Setting airplane_mode_on has moved from android.provider.Settings.System to android.provider.Settings.Global, returning read-only value.
06-22 15:51:51.330 I/OPCollectLog( 2784): OdmfHelper:isCharging: false
06-22 15:51:51.334 I/OPCollectLog( 2784): OdmfHelper:insert database success 
06-22 15:51:51.334 I/OPCollectLog( 2784): OdmfHelper:opcollectCache size: 1
06-22 15:51:51.334 I/OPCollectLog( 2784): OdmfHelper:opcollectCache lastTime: 649892882
06-22 15:51:51.335 D/FingerprintManagerEx(19513): isSupportDualFingerprint called.
06-22 15:51:51.335 D/HwFingerprintService( 1429): CODE_IS_SUPPORT_DUAL_FINGERPRINT
06-22 15:51:51.335 D/FingerprintManagerEx(19513): isSupportDualFingerprint is: false
06-22 15:51:51.336 E/WindowManagerEx(19513): getDisplaySideRegion: windowInsets is null please check!
06-22 15:51:51.336 D/FingerprintManagerEx(19513): isSupportDualFingerprint called.
06-22 15:51:51.336 D/HwFingerprintService( 1429): CODE_IS_SUPPORT_DUAL_FINGERPRINT
06-22 15:51:51.336 D/FingerprintManagerEx(19513): isSupportDualFingerprint is: false
06-22 15:51:51.339 D/ZrHung.AppEyeFocusWindow( 1429): FocusWindowErrorScene cancelCheckFreezeScreen
06-22 15:51:51.339 D/ZrHung.AppEyeTransparentWindow( 1429): TransparentWindow mHungConfigStatus = 0,mHungConfigEnable = 1
06-22 15:51:51.340 E/WindowManagerEx(19513): getDisplaySideRegion: windowInsets is null please check!
06-22 15:51:51.340 E/WindowManagerEx(19513): getDisplaySideRegion: windowInsets is null please check!
06-22 15:51:51.340 D/mali_winsys(19513): EGLint new_window_surface(egl_winsys_display *, void *, EGLSurface, EGLConfig, egl_winsys_surface **, EGLBoolean) returns 0x3000
06-22 15:51:51.340 D/AwareBitmapCacher(29201): handleInit disable com.android.providers.calendar
06-22 15:51:51.341 I/StatusBarDisable( 1429): setFlags what=0 which=1 pkg=Window{a029a09 u0 com.android.settings/com.android.settings.HWSettings}
06-22 15:51:51.345 I/GRALLOC (  657): getCallingPid=696, shrFd=11,fmt=0x1,intFmt=0x200000001,btStrd=4352,size=10399744,pid=657 
06-22 15:51:51.345 I/GRALLOC (  657): 	 yuv=2,w=1080,h=2340,Stride u=0 v=0,offset u=0 v=0 
06-22 15:51:51.345 I/GRALLOC (  657): 	 iova_size=10399744,conUsg=0xb00,proUsg=0xb00,	 strd=1088,[afbc]HdrStrd=1088 PyldStrd=69632 Scrmbl=2,ionhnd = 0 
06-22 15:51:51.352 I/GRALLOC (  657): getCallingPid=696, shrFd=11,fmt=0x1,intFmt=0x200000001,btStrd=4352,size=10399744,pid=657 
06-22 15:51:51.352 I/GRALLOC (  657): 	 yuv=2,w=1080,h=2340,Stride u=0 v=0,offset u=0 v=0 
06-22 15:51:51.352 I/GRALLOC (  657): 	 iova_size=10399744,conUsg=0xb00,proUsg=0xb00,	 strd=1088,[afbc]HdrStrd=1088 PyldStrd=69632 Scrmbl=2,ionhnd = 0 
06-22 15:51:51.357 I/APwPowerPolicy( 2895): ignore sensor about not never opt app: com.tencent.mobileqq
06-22 15:51:51.358 I/GRALLOC (  657): getCallingPid=696, shrFd=13,fmt=0x1,intFmt=0x200000001,btStrd=4352,size=10399744,pid=657 
06-22 15:51:51.358 I/GRALLOC (  657): 	 yuv=2,w=1080,h=2340,Stride u=0 v=0,offset u=0 v=0 
06-22 15:51:51.358 I/GRALLOC (  657): 	 iova_size=10399744,conUsg=0xb00,proUsg=0xb00,	 strd=1088,[afbc]HdrStrd=1088 PyldStrd=69632 Scrmbl=2,ionhnd = 0 
06-22 15:51:51.358 I/ash_trans( 2895): com.tencent.mobileqq { doze duration=10041 Uptime=10041 } transition to: hibernation reason:
06-22 15:51:51.358 I/PG_ash  ( 2895): H takeover action: 1
06-22 15:51:51.358 I/PG_ash  ( 2895): H takeover action: 2
06-22 15:51:51.358 I/PG_ash  ( 2895): perform H actions: com.tencent.mobileqq
06-22 15:51:51.360 I/PG_ash  ( 2895): long time no use, not treat as im app:com.tencent.mobileqq
06-22 15:51:51.360 I/PG_ash  ( 2895): h takeover pending H_B pkg:com.tencent.mobileqq
06-22 15:51:51.360 I/PG_ash  ( 2895): h takeover P_GPS pkg:com.tencent.mobileqq
06-22 15:51:51.360 I/PGManagerService( 1429): proxyBroadcast:[com.tencent.mobileqq] proxy:true
06-22 15:51:51.360 I/PG_ash  ( 2895): P_BC com.tencent.mobileqq OK ! delayMs:0
06-22 15:51:51.360 I/PG_ash  ( 2895): perform delay action: com.tencent.mobileqq
06-22 15:51:51.361 I/Pged-IPgedBinderService(  877): ****action is 1, pid num is 4***
06-22 15:51:51.361 I/Pged-Freezer(  877): freezePids
06-22 15:51:51.361 I/Pged-Freezer(  877): freezePids pid 11208 binder called 1151 ms ago by 25670, ignor it:1
06-22 15:51:51.361 I/Pged-Freezer(  877): freezePids pid 25009 binder called 1156 ms ago by 25670, ignor it:1
06-22 15:51:51.361 I/Pged-Freezer(  877): Freeze process: 11208
06-22 15:51:51.361 I/Pged-Freezer(  877): Freeze process: 25670
06-22 15:51:51.361 I/Pged-Freezer(  877): Freeze process: 25009
06-22 15:51:51.361 D/PgedBinderAdapter( 2895): F_Z ok, pid: [11208, 25670, 25009]
06-22 15:51:51.361 I/PGServer( 2895): report state:6 event type:1 pid:0 uid:11155 pkg:com.tencent.mobileqq to pid: 1429
06-22 15:51:51.362 I/PGServer( 2895): report state:100 event type:1 pid:0 uid:11155 pkg:11208:25670:25009 to pid: 1429
06-22 15:51:51.364 I/PG_ash  ( 2895): F_Z com.tencent.mobileqq OK !
06-22 15:51:51.364 I/PG_ash  ( 2895): no need care packet.
06-22 15:51:51.365 I/PGManagerService( 1429): proxyWakeLockByPidUid, pid: 11208, uid: 11155, proxy: true
06-22 15:51:51.365 I/PG_ash  ( 2895): P_wl uid = 11155 pid = 11208
06-22 15:51:51.365 I/PGManagerService( 1429): proxyWakeLockByPidUid, pid: 25670, uid: 11155, proxy: true
06-22 15:51:51.365 I/PG_ash  ( 2895): P_wl uid = 11155 pid = 25670
06-22 15:51:51.365 I/PGManagerService( 1429): proxyWakeLockByPidUid, pid: 25009, uid: 11155, proxy: true
06-22 15:51:51.365 I/PG_ash  ( 2895): P_wl uid = 11155 pid = 25009
06-22 15:51:51.374 I/HwWindowManagerServiceEx( 1429): closing apps count = 1
06-22 15:51:51.376 D/HwWindowManagerServiceEx( 1429): is app exit to launcher info: transit = 7, app = AppWindowToken{a4ffb99 token=Token{a4dead6 ActivityRecord{a475c79 u0 com.android.settings/.SubSettings t383}}}, window = Window{a30d451 u0 com.android.settings/com.android.settings.SubSettings}, mClosingApps = {AppWindowToken{a4ffb99 token=Token{a4dead6 ActivityRecord{a475c79 u0 com.android.settings/.SubSettings t383}}}}, topOpeningApp = AppWindowToken{a1a3f67 token=Token{a0b6f94 ActivityRecord{a4c1eb1 u0 com.android.settings/.HWSettings t383}}}, mExitIconBitmap = null, mExitIconHeight = -1, mExitIconWidth = -1
06-22 15:51:51.376 E/WindowManager( 1429): icon is null!!
06-22 15:51:51.379 D/HwWindowManagerServiceEx( 1429): is app exit to launcher info: transit = 7, app = AppWindowToken{a1a3f67 token=Token{a0b6f94 ActivityRecord{a4c1eb1 u0 com.android.settings/.HWSettings t383}}}, window = Window{a029a09 u0 com.android.settings/com.android.settings.HWSettings}, mClosingApps = {AppWindowToken{a4ffb99 token=Token{a4dead6 ActivityRecord{a475c79 u0 com.android.settings/.SubSettings t383}}}}, topOpeningApp = AppWindowToken{a1a3f67 token=Token{a0b6f94 ActivityRecord{a4c1eb1 u0 com.android.settings/.HWSettings t383}}}, mExitIconBitmap = null, mExitIconHeight = -1, mExitIconWidth = -1
06-22 15:51:51.379 E/WindowManager( 1429): icon is null!!
06-22 15:51:51.392 V/ActivityManager( 1429): Successfully start provider ContentProviderRecord{a4495b9 u0 com.huawei.parentcontrol/.provider.SettingsSearchSupportProvider} launchingApp=ProcessRecord{a3a1f71 29150:com.huawei.parentcontrol/u0a76} caller pid= 19513
06-22 15:51:51.393 W/HwParentControl(29150): SettingsSearchSupportProvider - checkResIsSupportToSearch title = 屏幕时间管理
06-22 15:51:51.397 V/ActivityManager( 1429): Successfully start provider ContentProviderRecord{a3428b4 u0 com.android.calendar/.provider.SettingProvider} launchingApp=ProcessRecord{a336499 29174:com.android.calendar/u0a55} caller pid= 19513
06-22 15:51:51.400 D/AwareBitmapCacher(29216): handleInit disable com.android.gallery3d
06-22 15:51:51.403 V/ActivityManager( 1429): Successfully start provider ContentProviderRecord{9fa9875 u0 com.android.gallery3d/.provider.GallerySettingsSearchProvider} launchingApp=ProcessRecord{a3d6a09 29216:com.android.gallery3d/u0a46} caller pid= 19513
06-22 15:51:51.405 E/WindowManagerEx(19513): getDisplaySideRegion: windowInsets is null please check!
06-22 15:51:51.460 W/NetworkKit_c(29434): 29434-29490|null|com.huawei.hms.framework.network.grs.b.c|a|83|the wait timed out
06-22 15:51:51.460 I/NetworkKit_g(29434): 29434-29603|null|com.huawei.hms.framework.network.grs.b.g|g|6|Post call execute
06-22 15:51:51.533 E/HwOUC   (26837): [OneTimeCheckNewVersionThread-13276]HwX509TrustManagerEx checkServerTrusted.CertificateException real error and throw it.(HwX509TrustManagerEx.java:84)
06-22 15:51:51.535 E/HwOUC   (26837): [OneTimeCheckNewVersionThread-13276]requestServerUsePost Exception: java.security.cert.CertPathValidatorException: Trust anchor for certification path not found.(HttpCommunicator.java:422)
06-22 15:51:51.536 I/HwOUC   (26837): [OneTimeCheckNewVersionThread-13276]unapplyForResourceUse totalApplyTimes is 0(PowerKitManager.java:200)
06-22 15:51:51.536 I/HwOUC   (26837): [OneTimeCheckNewVersionThread-13276]addPowerKitCallback call unapplyForResourceUse(PowerKitManager.java:247)
06-22 15:51:51.537 I/PowerKit_Impl( 2895): unapply pkg: com.huawei.android.hwouc resource:512 timeout:-1 reason:null
06-22 15:51:51.537 I/AppResManager( 2895): cancel Request interaction : {com.huawei.android.hwouc 512 649952789}
06-22 15:51:51.538 I/PGServer( 2895): report state:12 event type:2 pid:-1 uid:0 pkg:com.huawei.android.hwouc#649952789 to pid: 1429
06-22 15:51:51.541 I/HwOUC   (26837): [OneTimeCheckNewVersionThread-13276]retrieve newversioninfo.xml: (HttpCommunicator.java:467)
06-22 15:51:51.542 I/HwOUC   (26837): [OneTimeCheckNewVersionThread-13276]getNewVersionFromServer status is -1check request send failed(HttpCommunicator.java:473)
06-22 15:51:51.543 I/HwOUC   (26837): [OneTimeCheckNewVersionThread-13276]OneTimeCheckNewVersion synchronized run network error, cannot pull new version information(UpdateProcessor.java:295)
06-22 15:51:51.544 I/HwOUC   (26837): [main-1]FirmwareOneStopCheckerHandler--auto check Server did not respond(AutoCheckNewVersionHotaImpl.java:405)
06-22 15:51:51.545 I/HwOUC   (26837): [main-1]AutoCheckNewVersionHandler CHECK_NO_NEW_VERSION mNewVersionId=(AutoCheckService.java:423)
