07-07 13:31:51.053 D/uuu     (18021): updateTextByRichTypeChanged() i : 1wRichEditor.hasFocus() ？ false
07-07 13:31:51.053 D/uuu     (18021): updateTextByRichTypeChanged() i : 2wRichEditor.hasFocus() ？ true
07-07 13:31:51.053 D/kkk     (18021): setSpan 000
07-07 13:31:51.053 D/kkk     (18021): setSpan 1
07-07 13:31:51.053 D/kkk     (18021): setSpan 3 spanEnd : 4
07-07 13:31:51.053 D/kkk     (18021): setSpan 5 for i : 4
07-07 13:31:51.053 I/BlockMonitor(18021): dispatchingThrewException In MainThread
07-07 13:31:51.053 D/AndroidRuntime(18021): Shutting down VM
07-07 13:31:51.053 I/QarthLog(18021): [PatchStore] createDisableExceptionQarthFile
07-07 13:31:51.053 I/QarthLog(18021): [PatchStore] create disable file for cn.carbs.wricheditor uid is 11189
--------- beginning of crash
07-07 13:31:51.054 E/AndroidRuntime(18021): FATAL EXCEPTION: main
07-07 13:31:51.054 E/AndroidRuntime(18021): Process: cn.carbs.wricheditor, PID: 18021
07-07 13:31:51.054 E/AndroidRuntime(18021): java.lang.StringIndexOutOfBoundsException: length=4; index=4
07-07 13:31:51.054 E/AndroidRuntime(18021): 	at java.lang.String.charAt(Native Method)
07-07 13:31:51.054 E/AndroidRuntime(18021): 	at cn.carbs.wricheditor.library.utils.SpanUtil.setSpan(SpanUtil.java:44)
07-07 13:31:51.054 E/AndroidRuntime(18021): 	at cn.carbs.wricheditor.library.WRichEditor.updateSpanUI(WRichEditor.java:205)
07-07 13:31:51.054 E/AndroidRuntime(18021): 	at cn.carbs.wricheditor.library.WRichEditor.updateTextByRichTypeChanged(WRichEditor.java:183)
07-07 13:31:51.054 E/AndroidRuntime(18021): 	at cn.carbs.wricheditor.library.WRichEditorView.updateTextByRichTypeChanged(WRichEditorView.java:139)
07-07 13:31:51.054 E/AndroidRuntime(18021): 	at cn.carbs.wricheditor.TestLibActivity.onHeadLineClicked(TestLibActivity.java:112)
07-07 13:31:51.054 E/AndroidRuntime(18021): 	at cn.carbs.wricheditor.TestLibActivity.onClick(TestLibActivity.java:175)
07-07 13:31:51.054 E/AndroidRuntime(18021): 	at android.view.View.performClick(View.java:7189)
07-07 13:31:51.054 E/AndroidRuntime(18021): 	at android.view.View.performClickInternal(View.java:7163)
07-07 13:31:51.054 E/AndroidRuntime(18021): 	at android.view.View.access$3500(View.java:821)
07-07 13:31:51.054 E/AndroidRuntime(18021): 	at android.view.View$PerformClick.run(View.java:27579)
07-07 13:31:51.054 E/AndroidRuntime(18021): 	at android.os.Handler.handleCallback(Handler.java:888)
07-07 13:31:51.054 E/AndroidRuntime(18021): 	at android.os.Handler.dispatchMessage(Handler.java:100)
07-07 13:31:51.054 E/AndroidRuntime(18021): 	at android.os.Looper.loop(Looper.java:213)
07-07 13:31:51.054 E/AndroidRuntime(18021): 	at android.app.ActivityThread.main(ActivityThread.java:8147)
07-07 13:31:51.054 E/AndroidRuntime(18021): 	at java.lang.reflect.Method.invoke(Native Method)
07-07 13:31:51.054 E/AndroidRuntime(18021): 	at com.android.internal.os.RuntimeInit$MethodAndArgsCaller.run(RuntimeInit.java:513)
07-07 13:31:51.054 E/AndroidRuntime(18021): 	at com.android.internal.os.ZygoteInit.main(ZygoteInit.java:1101)
07-07 13:31:50.232 I/chatty  ( 1429): uid=1000(system) Binder:1429_9 identical 3 lines
07-07 13:31:50.469 I/WindowManager( 1429): navColorWin was set to default navbar color so should add SYSTEM_UI_FLAG_LIGHT_NAVIGATION_BAR 8018
07-07 13:31:51.057 W/ActivityTaskManager( 1429):   finishTopCrashedActivityLocked Force finishing activity cn.carbs.wricheditor/.TestLibActivity
07-07 13:31:51.058 I/WindowManager( 1429): navColorWin was set to default navbar color so should add SYSTEM_UI_FLAG_LIGHT_NAVIGATION_BAR 8018
07-07 13:31:51.060 I/DropBoxManagerService( 1429): add tag=data_app_crash isTagEnabled=true flags=0x2
07-07 13:31:51.061 I/QarthDisFileCreator( 1429): pattern not match
07-07 13:31:51.062 I/Process (18021): Sending signal. PID: 18021 SIG: 9
07-07 13:31:51.069 E/iMonitor(  921): FaultDetect: DumptoolPrintf return.
07-07 13:31:51.069 E/iMonitor(  921): FaultDetect: FaultEngineTracePrintf return.
07-07 13:31:51.067 W/migration/6(   47): type=1400 audit(0.0:11321024): avc: granted { setsched } for pid=47 scontext=u:r:kernel:s0 tcontext=u:r:kernel:s0 tclass=process
07-07 13:31:51.067 W/migration/7(   53): type=1400 audit(0.0:11321025): avc: granted { setsched } for pid=53 scontext=u:r:kernel:s0 tcontext=u:r:kernel:s0 tclass=process
07-07 13:31:51.073 E/iMonitor(  921): FaultDetect: DumptoolPrintf return.
07-07 13:31:51.073 I/chatty  (  921): uid=0(root) RFD_TASK1 identical 1 line
07-07 13:31:51.074 E/iMonitor(  921): FaultDetect: DumptoolPrintf return.
07-07 13:31:51.074 E/iMonitor(  921): FaultDetect: FaultEngineTracePrintf return.
07-07 13:31:51.074 I/chatty  (  921): uid=0(root) RFD_TASK1 identical 1 line
07-07 13:31:51.074 E/iMonitor(  921): FaultDetect: FaultEngineTracePrintf return.
07-07 13:31:51.074 E/iMonitor(  921): FaultDetect: DumptoolPrintf return.
07-07 13:31:51.075 I/chatty  (  921): uid=0(root) RFD_TASK2 identical 4 lines
07-07 13:31:51.076 E/iMonitor(  921): FaultDetect: DumptoolPrintf return.
07-07 13:31:51.071 W/RFD_TASK2(  921): type=1400 audit(0.0:11321026): avc: denied { dac_read_search } for pid=921 capability=2 scontext=u:r:logserver:s0 tcontext=u:r:logserver:s0 tclass=capability permissive=0
07-07 13:31:51.071 W/RFD_TASK2(  921): type=1400 audit(0.0:11321027): avc: denied { dac_override } for pid=921 capability=1 scontext=u:r:logserver:s0 tcontext=u:r:logserver:s0 tclass=capability permissive=0
07-07 13:31:51.077 E/iMonitor(  921): FaultDetect: DumptoolPrintf return.
07-07 13:31:51.077 E/iMonitor(  921): FaultDetect: DumptoolPrintf return.
07-07 13:31:51.078 D/PGGoogleServicePolicy( 1429): prevent gms/gsf hold partial wakelock
07-07 13:31:51.078 E/iMonitor(  921): FaultDetect: DumptoolPrintf return.
07-07 13:31:51.085 V/BroadcastQueue( 1429): Finished with ordered broadcast BroadcastRecord{a392aa5 u0 android.intent.action.DROPBOX_ENTRY_ADDED}
07-07 13:31:51.078 I/chatty  (  921): uid=0(root) RFD_TASK2 identical 1 line
07-07 13:31:51.079 E/iMonitor(  921): FaultDetect: DumptoolPrintf return.
07-07 13:31:51.089 D/PGGoogleServicePolicy( 1429): prevent gms/gsf hold partial wakelock
07-07 13:31:51.095 E/iMonitor(  921): FaultDetect: DumptoolPrintf return.
07-07 13:31:51.096 E/iMonitor(  921): FaultDetect: DumptoolPrintf return.
07-07 13:31:51.096 E/        ( 1429): FileRead open file failed, errno = 2
07-07 13:31:51.096 E/        ( 1429): SetAwareCpuPolicy FileRead failed!
07-07 13:31:51.097 E/iMonitor(  921): FaultDetect: DumptoolPrintf return.
07-07 13:31:51.101 I/chatty  (  921): uid=0(root) RFD_TASK2 identical 11 lines
07-07 13:31:51.102 E/iMonitor(  921): FaultDetect: DumptoolPrintf return.
07-07 13:31:51.103 E/iMonitor(  921): FaultDetect: FaultEngineTracePrintf return.
07-07 13:31:51.103 E/iMonitor(  921): FaultDetect: DumptoolPrintf return.
07-07 13:31:51.103 E/iMonitor(  921): FaultDetect: DumptoolPrintf return.
07-07 13:31:51.103 I/        (  921): PrivacyPolicy::queryPName()
07-07 13:31:51.103 D/        (  921): External::GetAppType Begin
07-07 13:31:51.104 D/        (  921): External::GetAppType End
07-07 13:31:51.104 I/        (  921): PrivacyPolicy: name cn.carbs.wricheditor :: mask 0
07-07 13:31:51.104 I/        (  921): PrivacyPolicy:cn.carbs.wricheditor is not PreloadedApp
07-07 13:31:51.104 E/iMonitor(  921): FaultDetect: DumptoolPrintf return.
07-07 13:31:51.104 E/iMonitor(  921): FaultDetect: FaultEngineTracePrintf return.
07-07 13:31:51.104 E/iMonitor(  921): FaultDetect: DumptoolPrintf return.
07-07 13:31:51.104 E/iMonitor(  921): FaultDetect: DumptoolPrintf return.
07-07 13:31:51.104 I/iMonitor(  921): create: 901001004
07-07 13:31:51.104 E/iMonitor(  921): FaultDetect: DumptoolPrintf return.
07-07 13:31:51.110 I/iMonitor(  921): send: 901001004
07-07 13:31:51.110 E/iMonitor(  921): FaultDetect: DumptoolPrintf return.
07-07 13:31:51.110 E/iMonitor(  921): FaultDetect: DumptoolPrintf return.
07-07 13:31:51.112 E/iMonitor(  921): FaultDetect: FaultEngineTracePrintf return.
07-07 13:31:51.112 E/iMonitor(  921): FaultDetect: FaultEngineTracePrintf return.
07-07 13:31:51.114 I/System.out.cpp(  921): getFinalPath finalPath=event_id
07-07 13:31:51.117 D/subscribe(  921): start run callback for subscriber Jank
07-07 13:31:51.117 D/subscribe(  921): end run callback for subscriber Jank
07-07 13:31:51.123 W/InputDispatcher( 1429): channel 'a551971 cn.carbs.wricheditor/cn.carbs.wricheditor.TestLibActivity (server)' ~ Consumer closed input channel or an error occurred.  events=0x9
07-07 13:31:51.123 E/InputDispatcher( 1429): channel 'a551971 cn.carbs.wricheditor/cn.carbs.wricheditor.TestLibActivity (server)' ~ Channel is unrecoverably broken and will be disposed!
07-07 13:31:51.123 W/InputDispatcher( 1429): channel 'a5518e1 cn.carbs.wricheditor/cn.carbs.wricheditor.MainActivity (server)' ~ Consumer closed input channel or an error occurred.  events=0x9
07-07 13:31:51.123 E/InputDispatcher( 1429): channel 'a5518e1 cn.carbs.wricheditor/cn.carbs.wricheditor.MainActivity (server)' ~ Channel is unrecoverably broken and will be disposed!
07-07 13:31:51.123 I/WindowManager( 1429): WINDOW DIED Window{a551971 u0 cn.carbs.wricheditor/cn.carbs.wricheditor.TestLibActivity}
07-07 13:31:51.123 V/WindowManager( 1429): removeIfPossible: Window{a551971 u0 cn.carbs.wricheditor/cn.carbs.wricheditor.TestLibActivity} callers=com.android.server.wm.WindowState.removeIfPossible:5505060 com.android.server.wm.InputManagerCallback.notifyInputChannelBroken:16360660 com.android.server.input.InputManagerService.notifyInputChannelBroken:18536052 <bottom of call stack> <bottom of call stack> 
07-07 13:31:51.123 W/InputDispatcher( 1429): Attempted to unregister already unregistered input channel 'a551971 cn.carbs.wricheditor/cn.carbs.wricheditor.TestLibActivity (server)'
07-07 13:31:51.123 V/WindowManager( 1429): Not removing Window{a551971 u0 cn.carbs.wricheditor/cn.carbs.wricheditor.TestLibActivity EXITING} due to exit animation 
07-07 13:31:51.124 I/WindowManager( 1429): navColorWin was set to default navbar color so should add SYSTEM_UI_FLAG_LIGHT_NAVIGATION_BAR 8018
07-07 13:31:51.124 D/ZrHung.AppEyeFocusWindow( 1429): FocusWindowErrorScene CheckFreezeScreen
07-07 13:31:51.125 I/WindowManager( 1429): navColorWin was set to default navbar color so should add SYSTEM_UI_FLAG_LIGHT_NAVIGATION_BAR 8018
07-07 13:31:51.126 I/WindowManager( 1429): navColorWin was set to default navbar color so should add SYSTEM_UI_FLAG_LIGHT_NAVIGATION_BAR 8018
07-07 13:31:51.128 I/WindowManager( 1429): WINDOW DIED Window{a5518e1 u0 cn.carbs.wricheditor/cn.carbs.wricheditor.MainActivity}
07-07 13:31:51.128 V/WindowManager( 1429): removeIfPossible: Window{a5518e1 u0 cn.carbs.wricheditor/cn.carbs.wricheditor.MainActivity} callers=com.android.server.wm.WindowState.removeIfPossible:5505060 com.android.server.wm.InputManagerCallback.notifyInputChannelBroken:16360660 com.android.server.input.InputManagerService.notifyInputChannelBroken:18536052 <bottom of call stack> <bottom of call stack> 
07-07 13:31:51.128 W/InputDispatcher( 1429): Attempted to unregister already unregistered input channel 'a5518e1 cn.carbs.wricheditor/cn.carbs.wricheditor.MainActivity (server)'
07-07 13:31:51.128 V/WindowManager( 1429): postWindowRemoveCleanupLocked: Window{a5518e1 u0 cn.carbs.wricheditor/cn.carbs.wricheditor.MainActivity}
07-07 13:31:51.128 V/WindowManager( 1429): Removing Window{a5518e1 u0 cn.carbs.wricheditor/cn.carbs.wricheditor.MainActivity} from AppWindowToken{a30486d token=Token{a5015f3 ActivityRecord{a223209 u0 cn.carbs.wricheditor/.MainActivity t889}}}
07-07 13:31:51.129 I/WindowManager( 1429): navColorWin was set to default navbar color so should add SYSTEM_UI_FLAG_LIGHT_NAVIGATION_BAR 8018
07-07 13:31:51.130 I/Zygote  (  636): Process 18021 exited due to signal 9 (Killed)
07-07 13:31:51.131 I/ActivityManager( 1429): Process cn.carbs.wricheditor (pid 18021) has died: fore TOP 
07-07 13:31:51.131 D/ActivityManager( 1429): cleanUpApplicationRecord app: ProcessRecord{9e1b8e1 18021:cn.carbs.wricheditor/u0a1189}, app.bad: false, restarting: false, allowRestart: true
07-07 13:31:51.131 I/libprocessgroup( 1429): Successfully killed process cgroup uid 11189 pid 18021 in 0ms
07-07 13:31:51.131 I/HwPowerManagerService( 1429): appdie release wakelock, pid = 18021, uid = 11189
07-07 13:31:51.132 I/WindowManager( 1429): WIN DEATH: Window{a551971 u0 cn.carbs.wricheditor/cn.carbs.wricheditor.TestLibActivity EXITING}
07-07 13:31:51.132 V/WindowManager( 1429): removeIfPossible: Window{a551971 u0 cn.carbs.wricheditor/cn.carbs.wricheditor.TestLibActivity EXITING} callers=com.android.server.wm.WindowState$DeathRecipient.binderDied:7857444 android.os.BinderProxy.sendDeathNotice:7373044 <bottom of call stack> <bottom of call stack> <bottom of call stack> 
07-07 13:31:51.132 V/WindowManager( 1429): Not removing Window{a551971 u0 cn.carbs.wricheditor/cn.carbs.wricheditor.TestLibActivity EXITING} due to exit animation 
07-07 13:31:51.133 I/BoosterSwitchP( 2840): notifyUidState do nothing
07-07 13:31:51.133 I/DeepNoDisturbP( 2840): notifyUidState
07-07 13:31:51.133 I/BrowserChrP( 2840): notifyUidState
07-07 13:31:51.133 W/AwareLog( 1429): SchedLevelBoost: onProcessDied config not set!
07-07 13:31:51.133 D/HicomMonitor( 2840): notifyAppDied: uid = 11189
07-07 13:31:51.133 I/AppStatisticProc( 2840): handleAppDied: pkgName = cn.carbs.wricheditor is not apk supported in Smartcare
07-07 13:31:51.133 D/Hicom_SysEnvMonitor( 2840): onAppDied, uid:11189
07-07 13:31:51.133 D/Hicom_PolicyCenterService( 2840): policencenterservice receive handleMessage: 68
07-07 13:31:51.133 D/Hicom_AppLifeCycleManager( 2840): sAppAllSocketClosed rm uid: 11189
07-07 13:31:51.133 D/Hicom_SingleTaskDecisionSystem( 2840): AllAppPolicyEmpty(), disable MobileData...
07-07 13:31:51.133 D/Hicom_MobileDataControl( 2840): setMobileData Mobile switch closing,mEnableSourceMask:0
07-07 13:31:51.133 D/Hicom_MobileDataControl( 2840): stopMobileDataNetwork
07-07 13:31:51.133 D/Hicom_MobileDataControl( 2840): has already stopMobileDataNetwork
07-07 13:31:51.134 I/Hicom_MpFlowDecisionSystem( 2840): stopMpFlow: pkgName:  is not a stared mp-flow app. 
07-07 13:31:51.134 E/Hicom_PolicyCenterService( 2840): handleAppDied. multipathPolicy
07-07 13:31:51.134 D/iTouchService(  845): itouch currentPackageName = cn.carbs.wricheditor
07-07 13:31:51.134 D/iTouchService(  845): itouch appType=-1 appState=0 gameMode=2
07-07 13:31:51.134 D/iTouchService(  845): g_itouch_reader_monitor empty
07-07 13:31:51.134 D/iTouchService(  845): g_itouch_reader_monitor Monitor::isReaderMonitorEnable()=0
07-07 13:31:51.134 D/iTouchService(  845): itouch getCurrentParmID tempPkg=cn.carbs.xxx
07-07 13:31:51.134 D/iTouchService(  845): itouch:app cn.carbs.wricheditor is  not game app
07-07 13:31:51.134 D/iTouchService(  845): itouch:app cn.carbs.wricheditor is  not in StylusPenList
07-07 13:31:51.134 D/iTouchService(  845): itouch:styluspen_switch is disable
07-07 13:31:51.134 D/iTouchService(  845): itouch:currentAppTypeName =|UNKNOWN|
07-07 13:31:51.134 E/HsmCoreServiceImpl( 2840): onTransact in code is: 102
07-07 13:31:51.134 I/MediaProcessHandler( 2840): processOp opType: 1, uid: 11189, pid: 18021
07-07 13:31:51.134 W/MediaProcessHandler( 2840): remove target not exist, maybe the UI process: uid: 11189, pid: 18021
07-07 13:31:51.134 I/MediaProcessHandler( 2840): executedCallBack opType: 1 mMediaStatusObservers.size=0
07-07 13:31:51.134 I/WindowManager( 1429): navColorWin was set to default navbar color so should add SYSTEM_UI_FLAG_LIGHT_NAVIGATION_BAR 8018
07-07 13:31:51.136 V/WindowManager( 1429): Exit animation finished in Window{a551971 u0 cn.carbs.wricheditor/cn.carbs.wricheditor.TestLibActivity EXITING}: remove=true
07-07 13:31:51.136 E/WindowManager( 1429): win=Window{a551971 u0 cn.carbs.wricheditor/cn.carbs.wricheditor.TestLibActivity EXITING} destroySurfaces: appStopped=false win.mWindowRemovalAllowed=true win.mRemoveOnExit=true
07-07 13:31:51.137 V/WindowManager( 1429): postWindowRemoveCleanupLocked: Window{a551971 u0 cn.carbs.wricheditor/cn.carbs.wricheditor.TestLibActivity}
07-07 13:31:51.137 V/WindowManager( 1429): Removing Window{a551971 u0 cn.carbs.wricheditor/cn.carbs.wricheditor.TestLibActivity} from AppWindowToken{a3e8d03 token=Token{a51030d ActivityRecord{a4a0321 u0 cn.carbs.wricheditor/.TestLibActivity t889}}}
07-07 13:31:51.139 V/WindowManager( 1429): removeAppToken: AppWindowToken{a3e8d03 token=Token{a51030d ActivityRecord{a4a0321 u0 cn.carbs.wricheditor/.TestLibActivity t889}}} delayed=true Callers=com.android.server.wm.DisplayContent.removeAppToken:8163868 com.android.server.wm.ActivityRecord.removeWindowContainer:8165540 com.android.server.wm.ActivityStack.removeActivityFromHistoryLocked:8162968 com.android.server.wm.ActivityStack.removeHistoryRecordsForAppLocked:6808492 
07-07 13:31:51.140 I/HwAudioServiceEx( 1429): ComponentInfo : className = cn.carbs.wricheditor.MainActivity, flag=showStartingWindow, isHomeActivity=, isTop=false
07-07 13:31:51.140 W/SecurityProfileService( 1429): Activity life state callback extras get package null!
07-07 13:31:51.140 W/ContentSensor_FrameworkRegistry( 4286): ActivityNotifier unknown state
07-07 13:31:51.141 E/DollieActivityManagerAdapter( 2840): HwActivityNotifierEx null uid
07-07 13:31:51.147 D/ScreemCommon(  921): <LOGMGR> <complete_pm> [Entry]
07-07 13:31:51.147 E/ScreemCommon(  921): <LOGMGR> <logCaptureFilter> [the special scene]
07-07 13:31:51.147 D/ScreemCommon(  921): <LOGMGR> <logCaptureFilter> [filterReason:32]
07-07 13:31:51.147 D/ScreemCommon(  921): <LOGMGR> <complete_pm> [type:1 Level:3 filter:32]
07-07 13:31:51.147 D/ScreemCommon(  921): <LOGMGR> <reportImmediately> [entry]
07-07 13:31:51.147 W/ActivityManager( 1429): setHasOverlayUi called on unknown pid: 18021
07-07 13:31:51.147 D/DollieActivityManagerAdapter( 2840): [UidGone]  uid:11189
07-07 13:31:51.147 E/DollieAdapterService( 2840): notifyActivityState pkg:cn.carbs.wricheditor/cn.carbs.wricheditor.TestLibActivity state:20 fg:false mUid:11189
07-07 13:31:51.147 I/HidataAppQoeP( 2840): foregroundUidRemove uid: 11189 name: cn.carbs.wricheditor
07-07 13:31:51.147 I/HwPacketFilterBypass( 2840): handleActivityUidStateChanged uid:11189 -1 foreground:0
07-07 13:31:51.147 I/HwPacketFilterBypass( 2840): isAllowSendSmartCureToChr false, no exceptions occur, dropCnt:0
07-07 13:31:51.148 W/JankShield( 1429): Could not find packageinfo
07-07 13:31:51.148 I/iMonitor(  921): create: 902610000
07-07 13:31:51.148 V/WindowManager( 1429): addWindow: Window{9dc65b9 u0 Splash Screen cn.carbs.wricheditor}
07-07 13:31:51.149 D/SmartDualCardConfig( 2840): getAppType,pkgName=cn.carbs.wricheditor,appType=-1
07-07 13:31:51.150 V/ActivityManager( 1429): startProcess: name=cn.carbs.wricheditor app=null knownToBeDead=false thread=null pid=-1
07-07 13:31:51.150 D/SmartDualCardConfig( 2840): getAppType,pkgName=cn.carbs.wricheditor,appType=-1
07-07 13:31:51.150 E/SmartDualCardConfig( 2840): isAppInBlackList false,items==null
07-07 13:31:51.150 D/SmartDualCardSM( 2840): onUidStateUpdate,uid=11189,appName=cn.carbs.wricheditor,state=BACKGROUND
07-07 13:31:51.150 D/SmartDualCardConfig( 2840): removeAppFromList,after remove,size()=0,uid=11189
07-07 13:31:51.151 V/ActivityManager( 1429): startProcess: name=cn.carbs.wricheditor app=ProcessRecord{9e18d29 0:cn.carbs.wricheditor/u0a1189} knownToBeDead=false thread=null pid=0
07-07 13:31:51.151 D/SmartDualCardConfig( 2840): getAppType,pkgName=cn.carbs.wricheditor,appType=-1
07-07 13:31:51.151 D/SmartDualCardSM( 2840): updateAppState mAppState=1
07-07 13:31:51.151 D/AwareLog(  877): iawared: WorkingsetProcessCommand subCmd = 352, userId=11189, pid=18021, cn.carbs.wricheditor/.TestLibActivity
07-07 13:31:51.151 D/SmartDualCardSM( 2840): IdleState:got msg.what=EVENT_APP_MOVE_BACKGROUND
07-07 13:31:51.151 D/SmartDualCardSM( 2840): startAppBackgroundTimer
07-07 13:31:51.151 I/DollieChr( 2840): handleForegroundAppUpdateMsg,mAppState=2,scenes=1,mForegroundAppName=cn.carbs.wricheditor
07-07 13:31:51.151 D/AwareLog(  877): iawared: WorkingsetStop cn.carbs.wricheditor/.TestLibActivity
07-07 13:31:51.152 D/AwareLog(  877): iawared: WorkingsetProcessCommand subCmd = 354, userId=11189, pid=0, cn.carbs.wricheditor
07-07 13:31:51.153 D/AwareLog(  877): iawared: WorkingsetSendPrereadMsg cn.carbs.wricheditor
07-07 13:31:51.153 D/AwareLog(  877): iawared: WorkingsetStart cn.carbs.wricheditor in monitor0
07-07 13:31:51.159 D/Zygote  (  636): Forked child process 18101
07-07 13:31:51.161 I/ActivityManager( 1429): Start proc 18101:cn.carbs.wricheditor/u0a1189 for activity {cn.carbs.wricheditor/cn.carbs.wricheditor.MainActivity}
07-07 13:31:51.161 D/HiTouch_PressGestureDetector( 1429): onAttached, package=cn.carbs.wricheditor, windowType=3, mHiTouchRestricted=false
07-07 13:31:51.161 D/AwareLog(  877): iawared: WorkingsetProcessCommand subCmd = 350, userId=11189, pid=18101, cn.carbs.wricheditor
07-07 13:31:51.162 D/AwareLog(  877): iawared: WorkingsetStart cn.carbs.wricheditor in monitor0
07-07 13:31:51.163 E/ProcessInfoCollector( 1429): getProcessInfo: failed to find this proc 
07-07 13:31:51.165 I/rbs.wrichedito(18101): Late-enabling -Xcheck:jni
07-07 13:31:51.169 I/GRALLOC (  657): getCallingPid=696, shrFd=11,fmt=0x1,intFmt=0x1,btStrd=4352,size=10186752,pid=657 
07-07 13:31:51.169 I/GRALLOC (  657): 	 yuv=2,w=1080,h=2340,Stride u=0 v=0,offset u=0 v=0 
07-07 13:31:51.169 I/GRALLOC (  657): 	 iova_size=10186752,conUsg=0x906,proUsg=0x966,	 strd=1088,[afbc]HdrStrd=0 PyldStrd=0 Scrmbl=0,ionhnd = 0 
07-07 13:31:51.176 I/HwViewRootImpl( 1429): removeInvalidNode all the node in jank list is out of time
07-07 13:31:51.176 E/ScreemCommon(  921): Failed to get thermalPath[2].
07-07 13:31:51.179 I/HwWindowManagerServiceEx( 1429): closing apps count = 0
07-07 13:31:51.179 D/HwWindowManagerServiceEx( 1429): is app exit to launcher info: transit = 26, app = AppWindowToken{a30486d token=Token{a5015f3 ActivityRecord{a223209 u0 cn.carbs.wricheditor/.MainActivity t889}}}, window = Window{9dc65b9 u0 Splash Screen cn.carbs.wricheditor}, mClosingApps = {}, topOpeningApp = AppWindowToken{a30486d token=Token{a5015f3 ActivityRecord{a223209 u0 cn.carbs.wricheditor/.MainActivity t889}}}, mExitIconBitmap = null, mExitIconHeight = -1, mExitIconWidth = -1
07-07 13:31:51.179 E/WindowManager( 1429): icon is null!!
07-07 13:31:51.182 I/iMonitor(  921): send: 902610000
07-07 13:31:51.182 I/WindowManager( 1429): navColorWin was set to default navbar color so should add SYSTEM_UI_FLAG_LIGHT_NAVIGATION_BAR 8018
07-07 13:31:51.182 I/StatusBarDisable( 1429): setFlags what=0 which=1 pkg=Window{9dc65b9 u0 Splash Screen cn.carbs.wricheditor}
07-07 13:31:51.191 E/rbs.wrichedito(18101): Unknown bits set in runtime_flags: 0x8000
07-07 13:31:51.192 I/rbs.wrichedito(18101): Reinit property: dalvik.vm.checkjni= false
07-07 13:31:51.193 I/WindowManager( 1429): navColorWin was set to default navbar color so should add SYSTEM_UI_FLAG_LIGHT_NAVIGATION_BAR 8018
07-07 13:31:51.206 D/ActivityThread(18101): Attach thread to application
07-07 13:31:51.209 I/WindowManager( 1429): navColorWin was set to default navbar color so should add SYSTEM_UI_FLAG_LIGHT_NAVIGATION_BAR 8018
07-07 13:31:51.212 I/WindowManager( 1429): navColorWin was set to default navbar color so should add SYSTEM_UI_FLAG_LIGHT_NAVIGATION_BAR 8018
07-07 13:31:51.215 W/        ( 1429): Failed to UpdateQosForCgroupInner, tid=0, policy=10
07-07 13:31:51.217 D/HicomMonitor( 2840): notifyAppStarted: uid = 11189
07-07 13:31:51.217 I/BoosterSwitchP( 2840): notifyUidState do nothing
07-07 13:31:51.217 I/DeepNoDisturbP( 2840): notifyUidState
07-07 13:31:51.217 I/BrowserChrP( 2840): notifyUidState
07-07 13:31:51.217 W/AwareLog( 1429): SchedLevelBoost: onFgActivitiesChanged config not set!
07-07 13:31:51.217 I/AppStatisticProc( 2840): handleAppStarted: pkgName = cn.carbs.wricheditor is not apk supported in Smartcare
07-07 13:31:51.217 D/Hicom_SysEnvMonitor( 2840): onAppStarted, uid: 11189
07-07 13:31:51.217 D/Hicom_PolicyCenterService( 2840): policencenterservice receive handleMessage: 72
07-07 13:31:51.218 I/HwNetworkPolicy( 1429): onTransact, code = 203
07-07 13:31:51.218 I/HwNetworkPolicyManager(30730): getHwUidPolicy uid = 11189 policy = 0
07-07 13:31:51.219 D/Hicom_SmartNetStateUtils( 2840): isSmartNetEnabled total_switch:-1
07-07 13:31:51.219 D/Hicom_UXDecisionSystem( 2840): isAPPCanEnableMP can use mobile 
07-07 13:31:51.219 E/Hicom_PolicyCenterService( 2840): enableAppLevelMP. multipathPolicy is null
07-07 13:31:51.220 D/iTouchService(  845): itouch currentPackageName = cn.carbs.wricheditor
07-07 13:31:51.220 D/iTouchService(  845): itouch appType=-1 appState=1 gameMode=2
07-07 13:31:51.220 D/iTouchService(  845): g_itouch_reader_monitor empty
07-07 13:31:51.220 D/iTouchService(  845): g_itouch_reader_monitor Monitor::isReaderMonitorEnable()=0
07-07 13:31:51.220 D/iTouchService(  845): itouch getCurrentParmID tempPkg=cn.carbs.xxx
07-07 13:31:51.220 D/iTouchService(  845): itouch:app cn.carbs.wricheditor is  not game app
07-07 13:31:51.220 D/iTouchService(  845): itouch:app cn.carbs.wricheditor is  not in StylusPenList
07-07 13:31:51.220 D/iTouchService(  845): itouch:styluspen_switch is disable
07-07 13:31:51.220 D/iTouchService(  845): itouch:currentAppTypeName =|UNKNOWN|
07-07 13:31:51.220 D/iTouchService(  845): jackey into set agp_prefetch_view_enable 0
07-07 13:31:51.225 I/HwAudioService( 1429): now type = -1,reportForegroundAppType = -1,pkg = null,systemload = -1mVoipOptimizeInGameModefalse
07-07 13:31:51.245 I/PackageManager( 1429): getInstalledPackages cost 1 ms, flags: 786432, userId: 0, callingUid: 2000, callingPid: 18128
07-07 13:31:51.259 E/AwareLog(  877): iawared: GetFileContent open /proc/18131/task/18132/cpuset fail errno(2)!
07-07 13:31:51.259 W/        (  877): Failed to SetQos, ret=-1, tid=18132, qos=1
07-07 13:31:51.260 E/AwareLog(  877): iawared: GetFileContent open /proc/18131/task/18134/cpuset fail errno(2)!
07-07 13:31:51.260 W/        (  877): Failed to SetQos, ret=-1, tid=18134, qos=1
07-07 13:31:51.262 I/rbs.wrichedito(18101): QarthPatchMonintor::Init
07-07 13:31:51.262 I/rbs.wrichedito(18101): 
07-07 13:31:51.262 I/rbs.wrichedito(18101): QarthPatchMonintor::StartWatch
07-07 13:31:51.262 I/rbs.wrichedito(18101): 
07-07 13:31:51.262 I/rbs.wrichedito(18101): QarthPatchMonintor::WatchPackage: /data/hotpatch/fwkhotpatch/
07-07 13:31:51.262 I/rbs.wrichedito(18101): 
07-07 13:31:51.262 I/rbs.wrichedito(18101): QarthPatchMonintor::CheckAndWatchPatch: /data/hotpatch/fwkhotpatch/cn.carbs.wricheditor
07-07 13:31:51.262 I/rbs.wrichedito(18101): 
07-07 13:31:51.262 I/rbs.wrichedito(18101): QarthPatchMonintor::CheckAndWatchPatch: /data/hotpatch/fwkhotpatch/all
07-07 13:31:51.262 I/rbs.wrichedito(18101): 
07-07 13:31:51.262 I/rbs.wrichedito(18101): QarthPatchMonintor::Run
07-07 13:31:51.262 I/rbs.wrichedito(18101): 
07-07 13:31:51.263 I/rbs.wrichedito(18101): QarthPatchMonintor::Reading
07-07 13:31:51.263 I/rbs.wrichedito(18101): 
07-07 13:31:51.263 I/rbs.wrichedito(18101): QarthPatchMonintor::CheckNotifyEvent
07-07 13:31:51.263 I/rbs.wrichedito(18101): 
07-07 13:31:51.263 I/rbs.wrichedito(18101): QarthPatchMonintor::CheckNotifyEvent before read
07-07 13:31:51.263 I/rbs.wrichedito(18101): 
07-07 13:31:51.263 I/HwApiCacheMangerEx(18101): apicache path=/storage/emulated/0 state=mounted key=cn.carbs.wricheditor#11189#256
07-07 13:31:51.264 I/HwApiCacheMangerEx(18101): apicache path=/storage/emulated/0 state=mounted key=cn.carbs.wricheditor#11189#0
07-07 13:31:51.265 I/AwareBitmapCacher(18101): init processName:cn.carbs.wricheditor pid=18101 uid=11189
07-07 13:31:51.270 D/OpenGLRenderer(18101): disableOutlineDraw is true
07-07 13:31:51.274 E/AwareLog(18101): AtomicFileUtils: readFileLines file not exist: android.util.AtomicFile@38fbe2f
07-07 13:31:51.294 V/ActivityManager( 1429): Successfully start provider ContentProviderRecord{9ddc5b0 u0 com.android.providers.settings/.hwext.HwSettingsProvider} launchingApp=null caller pid= 18101
07-07 13:31:51.298 V/ActivityThread(18101): callActivityOnCreate
07-07 13:31:51.309 V/HwWidgetFactory(18101): : successes to get AllImpl object and return....
07-07 13:31:51.320 I/OverScrollerOptimization(18101): start init SmartSlideOverScroller and get the overscroller config
07-07 13:31:51.320 I/OverScrollerOptimization(18101): get the overscroller config
07-07 13:31:51.339 W/rbs.wrichedito(18101): Accessing hidden method Landroid/view/View;->computeFitSystemWindows(Landroid/graphics/Rect;Landroid/graphics/Rect;)Z (greylist, reflection, allowed)
07-07 13:31:51.340 W/rbs.wrichedito(18101): Accessing hidden method Landroid/view/ViewGroup;->makeOptionalFitsSystemWindows()V (greylist, reflection, allowed)
07-07 13:31:51.353 D/ActivityThread(18101): add activity client record, r= ActivityRecord{144b794 token=android.os.BinderProxy@5743ca4 {cn.carbs.wricheditor/cn.carbs.wricheditor.MainActivity}} token= android.os.BinderProxy@5743ca4
07-07 13:31:51.366 V/WindowManager( 1429): addWindow: Window{9e18f29 u0 cn.carbs.wricheditor/cn.carbs.wricheditor.MainActivity}
07-07 13:31:51.367 D/OpenGLRenderer(18101): disableOutlineDraw is true
07-07 13:31:51.367 I/HwAudioServiceEx( 1429): ComponentInfo : className = cn.carbs.wricheditor.MainActivity, flag=onResume, isHomeActivity=, isTop=true
07-07 13:31:51.367 W/SecurityProfileService( 1429): Activity life state callback extras get package null!
07-07 13:31:51.367 I/OPCollectLog( 2784): AppChangeImpl:call onAppChange.
07-07 13:31:51.368 D/DollieActivityManagerAdapter( 2840): [Resumed] bg:true pid:18101 uid:11189 ComponentInfo{cn.carbs.wricheditor/cn.carbs.wricheditor.MainActivity}
07-07 13:31:51.368 E/DollieAdapterService( 2840): notifyActivityState pkg:cn.carbs.wricheditor/cn.carbs.wricheditor.MainActivity state:2 fg:true mUid:11189
07-07 13:31:51.368 I/OPCollectLog( 2784): HwForegroundAppAction:handleMessage 
07-07 13:31:51.368 I/HidataAppQoeP( 2840): foregroundUidAdd uid: 11189 name: cn.carbs.wricheditor activity state: true
07-07 13:31:51.368 D/OPCollectLog( 2784): HwForegroundAppAction:FG executeWithArgs
07-07 13:31:51.368 I/OPCollectLog( 2784): OPCollectUtils:ODMF Api Version:2.14.1
07-07 13:31:51.368 I/OPCollectLog( 2784): Action:HwForegroundAppAction executed successfully
07-07 13:31:51.368 D/OPCollectLog( 2784): OdmfCollectScheduler:handleMessage msg: 4
07-07 13:31:51.368 I/OPCollectLog( 2784): OdmfHelper:opcollectCache 1
07-07 13:31:51.368 I/OPCollectLog( 2784): OdmfHelper:opcollectCache curTime: 1937493509, interval: 5988
07-07 13:31:51.369 I/OPCollectLog( 2784): OdmfHelper:isCharging: true
07-07 13:31:51.369 E/BoosterUtil( 2840): convertSubIdToSlotId failed, subId:0, slotId:-1
07-07 13:31:51.369 E/BoosterUtil( 2840): getDefaultDataSlotId failed, invalid slotId:-1, subId:0
07-07 13:31:51.369 D/ConnCureStateMonitor( 2840): handleMessage: msg[2]
07-07 13:31:51.370 I/HwPacketFilterBypass( 2840): handleActivityUidStateChanged uid:11189 -1 foreground:1
07-07 13:31:51.370 D/SmartDualCardConfig( 2840): getAppType,pkgName=cn.carbs.wricheditor,appType=-1
07-07 13:31:51.371 D/SmartDualCardConfig( 2840): getAppType,pkgName=cn.carbs.wricheditor,appType=-1
07-07 13:31:51.371 E/SmartDualCardConfig( 2840): isAppInBlackList false,items==null
07-07 13:31:51.371 D/SmartDualCardSM( 2840): onUidStateUpdate,uid=11189,appName=cn.carbs.wricheditor,state=FOREGROUND
07-07 13:31:51.371 D/SmartDualCardConfig( 2840): getAppType,pkgName=cn.carbs.wricheditor,appType=-1
07-07 13:31:51.371 D/SmartDualCardSM( 2840): updateAppState mAppState=2
07-07 13:31:51.371 D/SmartDualCardConfig( 2840): addForegroundAppToList,size()=1,uid=11189
07-07 13:31:51.372 I/OPCollectLog( 2784): OdmfHelper:insert database success 
07-07 13:31:51.372 I/OPCollectLog( 2784): OdmfHelper:opcollectCache size: 1
07-07 13:31:51.372 I/OPCollectLog( 2784): OdmfHelper:opcollectCache lastTime: 1937493512
07-07 13:31:51.372 I/BoosterUtil( 2840): getSlaveCardSubId slotId: 1, subId: -1
07-07 13:31:51.373 I/BoosterUtil( 2840): getSlaveCardSubId slotId: 1, subId: -1
07-07 13:31:51.373 E/BoosterUtil( 2840): convertSubIdToSlotId failed, subId:0, slotId:-1
07-07 13:31:51.373 E/BoosterUtil( 2840): getDefaultDataSlotId failed, invalid slotId:-1, subId:0
07-07 13:31:51.373 E/SmartDualCardSM( 2840): boosterDump failed, invalid param, default4GSlotId0
07-07 13:31:51.374 D/SmartDualCardSM( 2840): isNeedMonitorAppQoe return false
07-07 13:31:51.374 E/BoosterUtil( 2840): convertSubIdToSlotId failed, subId:0, slotId:-1
07-07 13:31:51.374 E/BoosterUtil( 2840): getDefaultDataSlotId failed, invalid slotId:-1, subId:0
07-07 13:31:51.374 D/SmartDualCardSM( 2840): resetAppQoeState
07-07 13:31:51.374 D/SmartDualCardSM( 2840): IdleState:got msg.what=EVENT_APP_MOVE_FOREGROUND
07-07 13:31:51.374 I/DollieChr( 2840): handleForegroundAppUpdateMsg,mAppState=1,scenes=2,mForegroundAppName=
07-07 13:31:51.374 D/HwConnectivityServiceEx( 1429): set cache by key is 1000 interfaceName iswlan0 value is false
07-07 13:31:51.375 E/BoosterUtil( 2840): convertSubIdToSlotId failed, subId:0, slotId:-1
07-07 13:31:51.375 E/BoosterUtil( 2840): getDefaultDataSlotId failed, invalid slotId:-1, subId:0
07-07 13:31:51.375 E/SmartDualCardSM( 2840): isNeedEnterHardSwitchingMode failed, invalid sub
07-07 13:31:51.379 D/HiTouch_PressGestureDetector(18101): onAttached, package=cn.carbs.wricheditor, windowType=1, mHiTouchRestricted=false
07-07 13:31:51.385 I/WindowManager( 1429): navColorWin was set to default navbar color so should add SYSTEM_UI_FLAG_LIGHT_NAVIGATION_BAR 8018
07-07 13:31:51.387 D/ZrHung.AppEyeFocusWindow( 1429): FocusWindowErrorScene cancelCheckFreezeScreen
07-07 13:31:51.387 D/ZrHung.AppEyeTransparentWindow( 1429): TransparentWindow mHungConfigStatus = 0,mHungConfigEnable = 1
07-07 13:31:51.389 I/iGraphics(18101): [0020080c] pn: cn.carbs.wricheditor, p: 18101
07-07 13:31:51.389 I/iGraphics(18101): [0030080c] no spt app: cn.carbs.wricheditor
07-07 13:31:51.398 D/mali_winsys(18101): EGLint new_window_surface(egl_winsys_display *, void *, EGLSurface, EGLConfig, egl_winsys_surface **, EGLBoolean) returns 0x3000
07-07 13:31:51.404 I/GRALLOC (  657): getCallingPid=696, shrFd=11,fmt=0x1,intFmt=0x200000001,btStrd=4352,size=10399744,pid=657 
07-07 13:31:51.404 I/GRALLOC (  657): 	 yuv=2,w=1080,h=2340,Stride u=0 v=0,offset u=0 v=0 
07-07 13:31:51.404 I/GRALLOC (  657): 	 iova_size=10399744,conUsg=0xb00,proUsg=0xb00,	 strd=1088,[afbc]HdrStrd=1088 PyldStrd=69632 Scrmbl=2,ionhnd = 0 
07-07 13:31:51.405 I/hwservicemanager(  472): getTransport: Cannot find entry android.hardware.graphics.mapper@3.0::IMapper/default in either framework or device manifest.
07-07 13:31:51.405 W/Gralloc3(18101): mapper 3.x is not supported
07-07 13:31:51.410 I/GRALLOC (  657): getCallingPid=696, shrFd=11,fmt=0x1,intFmt=0x200000001,btStrd=4352,size=10399744,pid=657 
07-07 13:31:51.410 I/GRALLOC (  657): 	 yuv=2,w=1080,h=2340,Stride u=0 v=0,offset u=0 v=0 
07-07 13:31:51.410 I/GRALLOC (  657): 	 iova_size=10399744,conUsg=0xb00,proUsg=0xb00,	 strd=1088,[afbc]HdrStrd=1088 PyldStrd=69632 Scrmbl=2,ionhnd = 0 
07-07 13:31:51.414 E/Thermal-daemon(  870): [accurate_usb] temp_new :29  temp_old :28
07-07 13:31:51.415 E/Thermal-daemon(  870): Report temperature: [accurate_usb] temp :29  report_threshold:1
07-07 13:31:51.417 I/GRALLOC (  657): getCallingPid=696, shrFd=11,fmt=0x1,intFmt=0x200000001,btStrd=4352,size=10399744,pid=657 
07-07 13:31:51.417 I/GRALLOC (  657): 	 yuv=2,w=1080,h=2340,Stride u=0 v=0,offset u=0 v=0 
07-07 13:31:51.417 I/GRALLOC (  657): 	 iova_size=10399744,conUsg=0xb00,proUsg=0xb00,	 strd=1088,[afbc]HdrStrd=1088 PyldStrd=69632 Scrmbl=2,ionhnd = 0 
07-07 13:31:51.423 E/        (18101): APS:IFLoad:importExternalFunctions, search function createNewHwApsUtils failed, dlsym err:undefined symbol: createNewHwApsUtils
07-07 13:31:51.423 D/        (18101): APS:importExternalFunctions OK
07-07 13:31:51.425 I/HwViewRootImpl(18101): removeInvalidNode jank list is null
07-07 13:31:51.387 I/WindowManager( 1429): navColorWin was set to default navbar color so should add SYSTEM_UI_FLAG_LIGHT_NAVIGATION_BAR 8018
07-07 13:31:51.427 I/WindowManager( 1429): navColorWin was set to default navbar color so should add SYSTEM_UI_FLAG_LIGHT_NAVIGATION_BAR 8018
07-07 13:31:51.429 I/WindowManager( 1429): navColorWin was set to default navbar color so should add SYSTEM_UI_FLAG_LIGHT_NAVIGATION_BAR 8018
07-07 13:31:51.444 V/WindowManager( 1429): removeIfPossible: Window{9dc65b9 u0 Splash Screen cn.carbs.wricheditor} callers=com.android.server.wm.WindowState.removeIfPossible:5505060 com.android.server.wm.WindowManagerService.removeWindow:5503048 android.view.ViewRootImpl.dispatchDetachedFromWindow:5943096 android.view.ViewRootImpl.doDie:5943772 android.view.ViewRootImpl$ViewRootHandler.handleMessage:7187460 
07-07 13:31:51.444 I/PGServer( 2895): report state:10006 event type:1 pid:0 uid:0 pkg:null to pid: 2895
07-07 13:31:51.444 I/PGServer( 2895): report state:10006 event type:1 pid:0 uid:0 pkg:null to pid: 1429
07-07 13:31:51.445 V/WindowManager( 1429): Not removing Window{9dc65b9 u0 Splash Screen cn.carbs.wricheditor EXITING} due to exit animation 
07-07 13:31:51.445 I/WindowManager( 1429): navColorWin was set to default navbar color so should add SYSTEM_UI_FLAG_LIGHT_NAVIGATION_BAR 8018
07-07 13:31:51.450 D/HwConnectivityServiceEx( 1429): set cache by key is 10194 interfaceName iswlan0 value is false
07-07 13:31:51.451 W/ActivityManager( 1429): Sending non-protected broadcast huawei.action.floattasks.IME_WINDOW_STATE_CHANGED from system 2486:com.android.systemui/u0a42 pkg com.android.systemui
07-07 13:31:51.453 I/netd    (  635): firewallSetUidRule(2, 10194, 2) <0.03ms>
07-07 13:31:51.453 I/NetworkPolicy( 1429): upPwResUL:10194,idle:1,resPw:0,dIdle:0,fg=0,white=0,old=32,new=64,newUid=64,oldUid=32,resBg=0
07-07 13:31:51.455 I/StatusBar/NavBarView( 2486): updateNavButtonIcons (b/113914868): home disabled=false mDisabledFlags=0
07-07 13:31:51.464 E/BufferQueueProducer(  696): [InputMethod#0]:1338: disconnect: not connected (req=1)
07-07 13:31:51.464 W/libEGL  ( 7479): EGLNativeWindowType 0xc4f15d48 disconnect failed
07-07 13:31:51.467 I/StatusBarDisable( 1429): setFlags what=0 which=1 pkg=Window{9e18f29 u0 cn.carbs.wricheditor/cn.carbs.wricheditor.MainActivity}
07-07 13:31:51.557 W/ActivityTaskManager( 1429): Activity top resumed state loss timeout for ActivityRecord{a4a0321 u0 cn.carbs.wricheditor/.TestLibActivity t-1 f}
07-07 13:31:51.559 V/WindowManager( 1429): Exit animation finished in Window{9dc65b9 u0 Splash Screen cn.carbs.wricheditor EXITING}: remove=true
07-07 13:31:51.559 E/WindowManager( 1429): win=Window{9dc65b9 u0 Splash Screen cn.carbs.wricheditor EXITING} destroySurfaces: appStopped=false win.mWindowRemovalAllowed=true win.mRemoveOnExit=true
07-07 13:31:51.560 V/WindowManager( 1429): postWindowRemoveCleanupLocked: Window{9dc65b9 u0 Splash Screen cn.carbs.wricheditor}
07-07 13:31:51.560 V/WindowManager( 1429): Removing Window{9dc65b9 u0 Splash Screen cn.carbs.wricheditor} from AppWindowToken{a30486d token=Token{a5015f3 ActivityRecord{a223209 u0 cn.carbs.wricheditor/.MainActivity t889}}}
07-07 13:31:51.576 V/WindowManager( 1429): Exit animation finished in Window{9e128e1 u0 InputMethod EXITING}: remove=false
07-07 13:31:51.631 D/AwareLog(  877): iawared: WorkingsetProcessCommand subCmd = 351, userId=11189, pid=18101, cn.carbs.wricheditor
07-07 13:31:51.631 D/AwareLog(  877): iawared: WorkingsetPause cn.carbs.wricheditor
07-07 13:31:51.632 I/audio_hw_primary(  668): usb_ext_get_parameters: check show hires (false)
07-07 13:31:51.847 W/migration/7(   53): type=1400 audit(0.0:11321028): avc: granted { setsched } for pid=53 scontext=u:r:kernel:s0 tcontext=u:r:kernel:s0 tclass=process
07-07 13:31:52.051 W/System.err( 7479): java.lang.InterruptedException
07-07 13:31:52.051 W/System.err( 7479): 	at java.lang.Thread.sleep(Native Method)
07-07 13:31:52.051 W/System.err( 7479): 	at java.lang.Thread.sleep(Thread.java:443)
07-07 13:31:52.051 W/System.err( 7479): 	at java.lang.Thread.sleep(Thread.java:359)
07-07 13:31:52.051 W/System.err( 7479): 	at clr.run(SogouSource:119)
07-07 13:31:52.063 E/WifiHAL (  690): enter wifi_get_link_stats
07-07 13:31:52.074 E/WificondControl( 1429): Noise: 0, Snr: -83, Chload: 61
07-07 13:31:52.077 V/HwWifiServiceFactory( 1429): get AllImpl object = com.android.server.wifi.HwWifiServiceFactoryImpl@a22847d
07-07 13:31:52.083 D/TelephonyManager( 1429): getAllCellInfo calling app is android
07-07 13:31:52.084 W/PhoneInterfaceManager( 2908): shouldBlockLocation running ...
07-07 13:31:52.084 I/PhoneInterfaceManager( 2908): shouldBlockLocation  ret:false
07-07 13:31:52.372 I/HwPacketFilterBypass( 2840): isBypassAllowed not allowed reason: DATA_OFF
07-07 13:31:52.372 I/HwPacketFilterBypass( 2840): kernelAddTrackUid uid:11189 allowed:false
07-07 13:31:52.431 I/netd    (  635): trafficSwapActiveStatsMap() <15.40ms>
07-07 13:31:53.371 D/ConnCureStateMonitor( 2840): handleMessage: msg[4]
07-07 13:31:53.373 D/ConnCureStateMonitor( 2840): canPerformConnCure: network is not in service.
07-07 13:31:53.773 E/WificondControl( 1429): Noise: 0, Snr: -83, Chload: 61
07-07 13:31:53.777 D/WiFi_PRO( 1429): MSG_RETURN_AP_CURRY_RSSI rssi = -64
07-07 13:31:53.777 I/QosMonitor( 1429): queryRtt: rttType = 3
07-07 13:31:53.777 I/HwWifiProServiceProxy( 1429): ctrlHwWifiNetwork pkgName: WIFIPRO_SERVICE interfaceId: 8
07-07 13:31:53.777 D/HuaweiWifiWatchdogStateMachine( 1429): high data flow: protection_counter = 0,  not_detect_counter = 84
07-07 13:31:53.778 D/HuaweiWifiWatchdogStateMachine( 1429): high data flow scenario: 0 --> 0 rx bytes =3KB
07-07 13:31:53.778 I/HwUidTcpMonitor( 1429): TcpStatisticsRun run
07-07 13:31:53.779 I/QosMonitor( 1429): postEventFromNative: msg=100,arg1=4,arg2=10
07-07 13:31:53.780 I/HwWifiProServiceProxy( 1429): ctrlHwWifiNetwork pkgName: WIFIPRO_SERVICE interfaceId: 79
07-07 13:31:53.781 I/HwWifiProServiceProxy( 1429): TcpStatisticsRun run
07-07 13:31:53.918 E/HwModemCapability( 2908): isCapabilitySupport java.lang.StringIndexOutOfBoundsException: length=7; index=7
07-07 13:31:53.923 E/HwModemCapability( 1429): isCapabilitySupport java.lang.StringIndexOutOfBoundsException: unknown reason
