07-07 15:13:55.013 I/DollieChr( 2840): handleForegroundAppUpdateMsg,mAppState=2,scenes=1,mForegroundAppName=cn.carbs.wricheditor
07-07 15:13:55.018 D/Zygote  (  636): Forked child process 26331
07-07 15:13:55.020 I/ActivityManager( 1429): Start proc 26331:cn.carbs.wricheditor/u0a1189 for activity {cn.carbs.wricheditor/cn.carbs.wricheditor.MainActivity}
07-07 15:13:55.020 I/TrafficMonitor( 1429): update:rxPkts:0,txPkts:0,rxBytes:0,txBytes:0
07-07 15:13:55.020 I/TrafficMonitor( 1429): start expired. level:-1
07-07 15:13:55.020 I/TrafficMonitor( 1429): gettimer:interval=2000
07-07 15:13:55.020 E/ProcessInfoCollector( 1429): getProcessInfo: failed to find this proc 
07-07 15:13:55.021 D/AwareLog(  877): iawared: WorkingsetProcessCommand subCmd = 350, userId=11189, pid=26331, cn.carbs.wricheditor
07-07 15:13:55.021 D/AwareLog(  877): iawared: WorkingsetStart cn.carbs.wricheditor in monitor0
07-07 15:13:55.023 D/HiTouch_PressGestureDetector( 1429): onAttached, package=cn.carbs.wricheditor, windowType=3, mHiTouchRestricted=false
07-07 15:13:55.026 I/rbs.wrichedito(26331): Late-enabling -Xcheck:jni
07-07 15:13:55.032 I/GRALLOC (  657): getCallingPid=696, shrFd=11,fmt=0x1,intFmt=0x1,btStrd=4352,size=10186752,pid=657 
07-07 15:13:55.032 I/GRALLOC (  657): 	 yuv=2,w=1080,h=2340,Stride u=0 v=0,offset u=0 v=0 
07-07 15:13:55.032 I/GRALLOC (  657): 	 iova_size=10186752,conUsg=0x906,proUsg=0x966,	 strd=1088,[afbc]HdrStrd=0 PyldStrd=0 Scrmbl=0,ionhnd = 0 
07-07 15:13:55.035 E/ScreemCommon(  921): Failed to get thermalPath[2].
07-07 15:13:55.040 I/HwViewRootImpl( 1429): removeInvalidNode all the node in jank list is out of time
07-07 15:13:55.043 I/HwWindowManagerServiceEx( 1429): closing apps count = 0
07-07 15:13:55.043 I/iMonitor(  921): send: 902610000
07-07 15:13:55.043 D/HwWindowManagerServiceEx( 1429): is app exit to launcher info: transit = 26, app = AppWindowToken{a38aed1 token=Token{a51d27c ActivityRecord{a4b69c9 u0 cn.carbs.wricheditor/.MainActivity t914}}}, window = Window{a29a971 u0 Splash Screen cn.carbs.wricheditor}, mClosingApps = {}, topOpeningApp = AppWindowToken{a38aed1 token=Token{a51d27c ActivityRecord{a4b69c9 u0 cn.carbs.wricheditor/.MainActivity t914}}}, mExitIconBitmap = null, mExitIconHeight = -1, mExitIconWidth = -1
07-07 15:13:55.043 E/WindowManager( 1429): icon is null!!
07-07 15:13:55.046 I/WindowManager( 1429): navColorWin was set to default navbar color so should add SYSTEM_UI_FLAG_LIGHT_NAVIGATION_BAR 8018
07-07 15:13:55.046 I/StatusBarDisable( 1429): setFlags what=0 which=1 pkg=Window{a29a971 u0 Splash Screen cn.carbs.wricheditor}
07-07 15:13:55.051 E/WifiHAL (  690): enter wifi_get_link_stats
07-07 15:13:55.054 I/WindowManager( 1429): navColorWin was set to default navbar color so should add SYSTEM_UI_FLAG_LIGHT_NAVIGATION_BAR 8018
07-07 15:13:55.057 E/rbs.wrichedito(26331): Unknown bits set in runtime_flags: 0x8000
07-07 15:13:55.058 I/rbs.wrichedito(26331): Reinit property: dalvik.vm.checkjni= false
07-07 15:13:55.060 E/WificondControl( 1429): Noise: 0, Snr: -86, Chload: 61
07-07 15:13:55.061 V/HwWifiServiceFactory( 1429): get AllImpl object = com.android.server.wifi.HwWifiServiceFactoryImpl@a22847d
07-07 15:13:55.064 D/TelephonyManager( 1429): getAllCellInfo calling app is android
07-07 15:13:55.064 W/PhoneInterfaceManager( 2908): shouldBlockLocation running ...
07-07 15:13:55.064 I/PhoneInterfaceManager( 2908): shouldBlockLocation  ret:false
07-07 15:13:55.071 D/ActivityThread(26331): Attach thread to application
07-07 15:13:55.073 I/WindowManager( 1429): navColorWin was set to default navbar color so should add SYSTEM_UI_FLAG_LIGHT_NAVIGATION_BAR 8018
07-07 15:13:55.077 W/        ( 1429): Failed to UpdateQosForCgroupInner, tid=0, policy=10
07-07 15:13:55.077 D/HicomMonitor( 2840): notifyAppStarted: uid = 11189
07-07 15:13:55.078 I/BoosterSwitchP( 2840): notifyUidState do nothing
07-07 15:13:55.078 I/DeepNoDisturbP( 2840): notifyUidState
07-07 15:13:55.078 I/BrowserChrP( 2840): notifyUidState
07-07 15:13:55.078 I/AppStatisticProc( 2840): handleAppStarted: pkgName = cn.carbs.wricheditor is not apk supported in Smartcare
07-07 15:13:55.078 D/Hicom_SysEnvMonitor( 2840): onAppStarted, uid: 11189
07-07 15:13:55.078 D/Hicom_PolicyCenterService( 2840): policencenterservice receive handleMessage: 72
07-07 15:13:55.079 D/Hicom_SmartNetStateUtils( 2840): isSmartNetEnabled total_switch:-1
07-07 15:13:55.079 D/Hicom_UXDecisionSystem( 2840): isAPPCanEnableMP can use mobile 
07-07 15:13:55.079 E/Hicom_PolicyCenterService( 2840): enableAppLevelMP. multipathPolicy is null
07-07 15:13:55.080 I/HwNetworkPolicy( 1429): onTransact, code = 203
07-07 15:13:55.080 I/HwNetworkPolicyManager(30730): getHwUidPolicy uid = 11189 policy = 0
07-07 15:13:55.081 D/iTouchService(  845): itouch currentPackageName = cn.carbs.wricheditor
07-07 15:13:55.081 D/iTouchService(  845): itouch appType=-1 appState=1 gameMode=2
07-07 15:13:55.081 D/iTouchService(  845): g_itouch_reader_monitor empty
07-07 15:13:55.081 D/iTouchService(  845): g_itouch_reader_monitor Monitor::isReaderMonitorEnable()=0
07-07 15:13:55.081 D/iTouchService(  845): itouch getCurrentParmID tempPkg=cn.carbs.xxx
07-07 15:13:55.081 D/iTouchService(  845): itouch:app cn.carbs.wricheditor is  not game app
07-07 15:13:55.081 D/iTouchService(  845): itouch:app cn.carbs.wricheditor is  not in StylusPenList
07-07 15:13:55.081 D/iTouchService(  845): itouch:styluspen_switch is disable
07-07 15:13:55.081 D/iTouchService(  845): itouch:currentAppTypeName =|UNKNOWN|
07-07 15:13:55.081 D/iTouchService(  845): jackey into set agp_prefetch_view_enable 0
07-07 15:13:55.082 W/AwareLog( 1429): SchedLevelBoost: onFgActivitiesChanged config not set!
07-07 15:13:55.085 I/HwAudioService( 1429): now type = -1,reportForegroundAppType = -1,pkg = null,systemload = -1mVoipOptimizeInGameModefalse
07-07 15:13:55.087 I/WindowManager( 1429): navColorWin was set to default navbar color so should add SYSTEM_UI_FLAG_LIGHT_NAVIGATION_BAR 8018
07-07 15:13:55.108 I/PackageManager( 1429): getInstalledPackages cost 1 ms, flags: 786432, userId: 0, callingUid: 2000, callingPid: 26357
07-07 15:13:55.121 E/AwareLog(  877): iawared: GetFileContent open /proc/26360/task/26362/cpuset fail errno(2)!
07-07 15:13:55.121 W/        (  877): Failed to SetQos, ret=-1, tid=26362, qos=1
07-07 15:13:55.126 I/rbs.wrichedito(26331): QarthPatchMonintor::Init
07-07 15:13:55.126 I/rbs.wrichedito(26331): 
07-07 15:13:55.126 I/rbs.wrichedito(26331): QarthPatchMonintor::StartWatch
07-07 15:13:55.126 I/rbs.wrichedito(26331): 
07-07 15:13:55.126 I/rbs.wrichedito(26331): QarthPatchMonintor::WatchPackage: /data/hotpatch/fwkhotpatch/
07-07 15:13:55.126 I/rbs.wrichedito(26331): 
07-07 15:13:55.126 I/rbs.wrichedito(26331): QarthPatchMonintor::CheckAndWatchPatch: /data/hotpatch/fwkhotpatch/cn.carbs.wricheditor
07-07 15:13:55.126 I/rbs.wrichedito(26331): 
07-07 15:13:55.126 I/rbs.wrichedito(26331): QarthPatchMonintor::CheckAndWatchPatch: /data/hotpatch/fwkhotpatch/all
07-07 15:13:55.126 I/rbs.wrichedito(26331): 
07-07 15:13:55.126 I/rbs.wrichedito(26331): QarthPatchMonintor::Run
07-07 15:13:55.126 I/rbs.wrichedito(26331): 
07-07 15:13:55.126 I/rbs.wrichedito(26331): QarthPatchMonintor::Reading
07-07 15:13:55.126 I/rbs.wrichedito(26331): 
07-07 15:13:55.126 I/rbs.wrichedito(26331): QarthPatchMonintor::CheckNotifyEvent
07-07 15:13:55.126 I/rbs.wrichedito(26331): 
07-07 15:13:55.126 I/rbs.wrichedito(26331): QarthPatchMonintor::CheckNotifyEvent before read
07-07 15:13:55.126 I/rbs.wrichedito(26331): 
07-07 15:13:55.127 I/HwApiCacheMangerEx(26331): apicache path=/storage/emulated/0 state=mounted key=cn.carbs.wricheditor#11189#256
07-07 15:13:55.127 I/HwApiCacheMangerEx(26331): apicache path=/storage/emulated/0 state=mounted key=cn.carbs.wricheditor#11189#0
07-07 15:13:55.129 I/AwareBitmapCacher(26331): init processName:cn.carbs.wricheditor pid=26331 uid=11189
07-07 15:13:55.131 E/AwareLog(26331): AtomicFileUtils: readFileLines file not exist: android.util.AtomicFile@7cffa0d
07-07 15:13:55.131 E/AwareLog(26331): AtomicFileUtils: readFileLines file not exist: android.util.AtomicFile@4cb9dc2
07-07 15:13:55.133 D/OpenGLRenderer(26331): disableOutlineDraw is true
07-07 15:13:55.154 V/ActivityManager( 1429): Successfully start provider ContentProviderRecord{9ddc5b0 u0 com.android.providers.settings/.hwext.HwSettingsProvider} launchingApp=null caller pid= 26331
07-07 15:13:55.157 V/ActivityThread(26331): callActivityOnCreate
07-07 15:13:55.167 V/HwWidgetFactory(26331): : successes to get AllImpl object and return....
07-07 15:13:55.177 I/OverScrollerOptimization(26331): start init SmartSlideOverScroller and get the overscroller config
07-07 15:13:55.177 I/OverScrollerOptimization(26331): get the overscroller config
07-07 15:13:55.194 W/rbs.wrichedito(26331): Accessing hidden method Landroid/view/View;->computeFitSystemWindows(Landroid/graphics/Rect;Landroid/graphics/Rect;)Z (greylist, reflection, allowed)
07-07 15:13:55.195 W/rbs.wrichedito(26331): Accessing hidden method Landroid/view/ViewGroup;->makeOptionalFitsSystemWindows()V (greylist, reflection, allowed)
07-07 15:13:55.207 D/ActivityThread(26331): add activity client record, r= ActivityRecord{e767e0b token=android.os.BinderProxy@5743ca4 {cn.carbs.wricheditor/cn.carbs.wricheditor.MainActivity}} token= android.os.BinderProxy@5743ca4
07-07 15:13:55.220 V/WindowManager( 1429): addWindow: Window{a4680e1 u0 cn.carbs.wricheditor/cn.carbs.wricheditor.MainActivity}
07-07 15:13:55.221 I/HwAudioServiceEx( 1429): ComponentInfo : className = cn.carbs.wricheditor.MainActivity, flag=onResume, isHomeActivity=, isTop=true
07-07 15:13:55.221 W/SecurityProfileService( 1429): Activity life state callback extras get package null!
07-07 15:13:55.221 I/OPCollectLog( 2784): AppChangeImpl:call onAppChange.
07-07 15:13:55.221 I/OPCollectLog( 2784): HwForegroundAppAction:handleMessage 
07-07 15:13:55.221 D/OPCollectLog( 2784): HwForegroundAppAction:FG executeWithArgs
07-07 15:13:55.221 I/OPCollectLog( 2784): OPCollectUtils:ODMF Api Version:2.14.1
07-07 15:13:55.222 D/OpenGLRenderer(26331): disableOutlineDraw is true
07-07 15:13:55.222 I/OPCollectLog( 2784): Action:HwForegroundAppAction executed successfully
07-07 15:13:55.222 D/OPCollectLog( 2784): OdmfCollectScheduler:handleMessage msg: 4
07-07 15:13:55.222 I/OPCollectLog( 2784): OdmfHelper:opcollectCache 1
07-07 15:13:55.222 I/OPCollectLog( 2784): OdmfHelper:opcollectCache curTime: 1943617362, interval: 11141
07-07 15:13:55.222 D/DollieActivityManagerAdapter( 2840): [Resumed] bg:true pid:26331 uid:11189 ComponentInfo{cn.carbs.wricheditor/cn.carbs.wricheditor.MainActivity}
07-07 15:13:55.222 E/DollieAdapterService( 2840): notifyActivityState pkg:cn.carbs.wricheditor/cn.carbs.wricheditor.MainActivity state:2 fg:true mUid:11189
07-07 15:13:55.224 I/HidataAppQoeP( 2840): foregroundUidAdd uid: 11189 name: cn.carbs.wricheditor activity state: true
07-07 15:13:55.224 I/OPCollectLog( 2784): OdmfHelper:isCharging: true
07-07 15:13:55.225 D/HiTouch_PressGestureDetector(26331): onAttached, package=cn.carbs.wricheditor, windowType=1, mHiTouchRestricted=false
07-07 15:13:55.227 I/OPCollectLog( 2784): OdmfHelper:insert database success 
07-07 15:13:55.227 I/OPCollectLog( 2784): OdmfHelper:opcollectCache size: 1
07-07 15:13:55.227 I/OPCollectLog( 2784): OdmfHelper:opcollectCache lastTime: 1943617368
07-07 15:13:55.227 E/BoosterUtil( 2840): convertSubIdToSlotId failed, subId:0, slotId:-1
07-07 15:13:55.227 E/BoosterUtil( 2840): getDefaultDataSlotId failed, invalid slotId:-1, subId:0
07-07 15:13:55.227 D/ConnCureStateMonitor( 2840): handleMessage: msg[2]
07-07 15:13:55.227 I/HwPacketFilterBypass( 2840): handleActivityUidStateChanged uid:11189 -1 foreground:1
07-07 15:13:55.228 D/SmartDualCardConfig( 2840): getAppType,pkgName=cn.carbs.wricheditor,appType=-1
07-07 15:13:55.228 D/SmartDualCardConfig( 2840): getAppType,pkgName=cn.carbs.wricheditor,appType=-1
07-07 15:13:55.228 E/SmartDualCardConfig( 2840): isAppInBlackList false,items==null
07-07 15:13:55.228 D/SmartDualCardSM( 2840): onUidStateUpdate,uid=11189,appName=cn.carbs.wricheditor,state=FOREGROUND
07-07 15:13:55.228 D/SmartDualCardConfig( 2840): getAppType,pkgName=cn.carbs.wricheditor,appType=-1
07-07 15:13:55.228 D/SmartDualCardSM( 2840): updateAppState mAppState=2
07-07 15:13:55.228 D/SmartDualCardConfig( 2840): addForegroundAppToList,size()=1,uid=11189
07-07 15:13:55.229 I/BoosterUtil( 2840): getSlaveCardSubId slotId: 1, subId: -1
07-07 15:13:55.229 I/BoosterUtil( 2840): getSlaveCardSubId slotId: 1, subId: -1
07-07 15:13:55.230 E/BoosterUtil( 2840): convertSubIdToSlotId failed, subId:0, slotId:-1
07-07 15:13:55.230 E/BoosterUtil( 2840): getDefaultDataSlotId failed, invalid slotId:-1, subId:0
07-07 15:13:55.230 E/SmartDualCardSM( 2840): boosterDump failed, invalid param, default4GSlotId0
07-07 15:13:55.230 D/SmartDualCardSM( 2840): isNeedMonitorAppQoe return false
07-07 15:13:55.231 E/BoosterUtil( 2840): convertSubIdToSlotId failed, subId:0, slotId:-1
07-07 15:13:55.231 E/BoosterUtil( 2840): getDefaultDataSlotId failed, invalid slotId:-1, subId:0
07-07 15:13:55.231 D/SmartDualCardSM( 2840): resetAppQoeState
07-07 15:13:55.231 D/SmartDualCardSM( 2840): IdleState:got msg.what=EVENT_APP_MOVE_FOREGROUND
07-07 15:13:55.231 I/DollieChr( 2840): handleForegroundAppUpdateMsg,mAppState=1,scenes=2,mForegroundAppName=
07-07 15:13:55.231 D/ConnectivityService( 1429): get Network state from cache, cacheBlock is 0
07-07 15:13:55.231 I/WindowManager( 1429): navColorWin was set to default navbar color so should add SYSTEM_UI_FLAG_LIGHT_NAVIGATION_BAR 8018
07-07 15:13:55.233 D/ZrHung.AppEyeFocusWindow( 1429): FocusWindowErrorScene cancelCheckFreezeScreen
07-07 15:13:55.233 D/ZrHung.AppEyeTransparentWindow( 1429): TransparentWindow mHungConfigStatus = 0,mHungConfigEnable = 1
07-07 15:13:55.233 I/WindowManager( 1429): navColorWin was set to default navbar color so should add SYSTEM_UI_FLAG_LIGHT_NAVIGATION_BAR 8018
07-07 15:13:55.234 E/BoosterUtil( 2840): convertSubIdToSlotId failed, subId:0, slotId:-1
07-07 15:13:55.234 E/BoosterUtil( 2840): getDefaultDataSlotId failed, invalid slotId:-1, subId:0
07-07 15:13:55.234 E/SmartDualCardSM( 2840): isNeedEnterHardSwitchingMode failed, invalid sub
07-07 15:13:55.235 I/iGraphics(26331): [0020080c] pn: cn.carbs.wricheditor, p: 26331
07-07 15:13:55.235 I/iGraphics(26331): [0030080c] no spt app: cn.carbs.wricheditor
07-07 15:13:55.245 D/mali_winsys(26331): EGLint new_window_surface(egl_winsys_display *, void *, EGLSurface, EGLConfig, egl_winsys_surface **, EGLBoolean) returns 0x3000
07-07 15:13:55.250 I/GRALLOC (  657): getCallingPid=696, shrFd=11,fmt=0x1,intFmt=0x200000001,btStrd=4352,size=10399744,pid=657 
07-07 15:13:55.250 I/GRALLOC (  657): 	 yuv=2,w=1080,h=2340,Stride u=0 v=0,offset u=0 v=0 
07-07 15:13:55.250 I/GRALLOC (  657): 	 iova_size=10399744,conUsg=0xb00,proUsg=0xb00,	 strd=1088,[afbc]HdrStrd=1088 PyldStrd=69632 Scrmbl=2,ionhnd = 0 
07-07 15:13:55.251 I/hwservicemanager(  472): getTransport: Cannot find entry android.hardware.graphics.mapper@3.0::IMapper/default in either framework or device manifest.
07-07 15:13:55.251 W/Gralloc3(26331): mapper 3.x is not supported
07-07 15:13:55.256 I/GRALLOC (  657): getCallingPid=696, shrFd=11,fmt=0x1,intFmt=0x200000001,btStrd=4352,size=10399744,pid=657 
07-07 15:13:55.256 I/GRALLOC (  657): 	 yuv=2,w=1080,h=2340,Stride u=0 v=0,offset u=0 v=0 
07-07 15:13:55.256 I/GRALLOC (  657): 	 iova_size=10399744,conUsg=0xb00,proUsg=0xb00,	 strd=1088,[afbc]HdrStrd=1088 PyldStrd=69632 Scrmbl=2,ionhnd = 0 
07-07 15:13:55.262 I/GRALLOC (  657): getCallingPid=696, shrFd=11,fmt=0x1,intFmt=0x200000001,btStrd=4352,size=10399744,pid=657 
07-07 15:13:55.262 I/GRALLOC (  657): 	 yuv=2,w=1080,h=2340,Stride u=0 v=0,offset u=0 v=0 
07-07 15:13:55.262 I/GRALLOC (  657): 	 iova_size=10399744,conUsg=0xb00,proUsg=0xb00,	 strd=1088,[afbc]HdrStrd=1088 PyldStrd=69632 Scrmbl=2,ionhnd = 0 
07-07 15:13:55.268 E/        (26331): APS:IFLoad:importExternalFunctions, search function createNewHwApsUtils failed, dlsym err:undefined symbol: createNewHwApsUtils
07-07 15:13:55.268 D/        (26331): APS:importExternalFunctions OK
07-07 15:13:55.270 I/HwViewRootImpl(26331): removeInvalidNode jank list is null
07-07 15:13:55.271 I/WindowManager( 1429): navColorWin was set to default navbar color so should add SYSTEM_UI_FLAG_LIGHT_NAVIGATION_BAR 8018
07-07 15:13:55.273 I/WindowManager( 1429): navColorWin was set to default navbar color so should add SYSTEM_UI_FLAG_LIGHT_NAVIGATION_BAR 8018
07-07 15:13:55.289 D/HwConnectivityServiceEx( 1429): set cache by key is 10194 interfaceName iswlan0 value is false
07-07 15:13:55.292 V/WindowManager( 1429): removeIfPossible: Window{a29a971 u0 Splash Screen cn.carbs.wricheditor} callers=com.android.server.wm.WindowState.removeIfPossible:5505060 com.android.server.wm.WindowManagerService.removeWindow:5503048 android.view.ViewRootImpl.dispatchDetachedFromWindow:5943096 android.view.ViewRootImpl.doDie:5943772 android.view.ViewRootImpl$ViewRootHandler.handleMessage:7187460 
07-07 15:13:55.292 I/PGServer( 2895): report state:10006 event type:1 pid:0 uid:0 pkg:null to pid: 2895
07-07 15:13:55.293 I/PGServer( 2895): report state:10006 event type:1 pid:0 uid:0 pkg:null to pid: 1429
07-07 15:13:55.294 I/netd    (  635): firewallSetUidRule(2, 10194, 2) <0.03ms>
07-07 15:13:55.294 I/NetworkPolicy( 1429): upPwResUL:10194,idle:1,resPw:0,dIdle:0,fg=0,white=0,old=32,new=64,newUid=64,oldUid=32,resBg=0
07-07 15:13:55.296 W/ActivityManager( 1429): Sending non-protected broadcast huawei.action.floattasks.IME_WINDOW_STATE_CHANGED from system 2486:com.android.systemui/u0a42 pkg com.android.systemui
07-07 15:13:55.296 I/StatusBar/NavBarView( 2486): updateNavButtonIcons (b/113914868): home disabled=false mDisabledFlags=0
07-07 15:13:55.297 V/WindowManager( 1429): Not removing Window{a29a971 u0 Splash Screen cn.carbs.wricheditor EXITING} due to exit animation 
07-07 15:13:55.298 I/WindowManager( 1429): navColorWin was set to default navbar color so should add SYSTEM_UI_FLAG_LIGHT_NAVIGATION_BAR 8018
07-07 15:13:55.338 E/BufferQueueProducer(  696): [InputMethod#0]:1338: disconnect: not connected (req=1)
07-07 15:13:55.338 W/libEGL  ( 7479): EGLNativeWindowType 0xc4f15d48 disconnect failed
07-07 15:13:55.342 I/StatusBarDisable( 1429): setFlags what=0 which=1 pkg=Window{a4680e1 u0 cn.carbs.wricheditor/cn.carbs.wricheditor.MainActivity}
07-07 15:13:55.403 V/WindowManager( 1429): Exit animation finished in Window{a29a971 u0 Splash Screen cn.carbs.wricheditor EXITING}: remove=true
07-07 15:13:55.403 E/WindowManager( 1429): win=Window{a29a971 u0 Splash Screen cn.carbs.wricheditor EXITING} destroySurfaces: appStopped=false win.mWindowRemovalAllowed=true win.mRemoveOnExit=true
07-07 15:13:55.403 V/WindowManager( 1429): postWindowRemoveCleanupLocked: Window{a29a971 u0 Splash Screen cn.carbs.wricheditor}
07-07 15:13:55.403 V/WindowManager( 1429): Removing Window{a29a971 u0 Splash Screen cn.carbs.wricheditor} from AppWindowToken{a38aed1 token=Token{a51d27c ActivityRecord{a4b69c9 u0 cn.carbs.wricheditor/.MainActivity t914}}}
07-07 15:13:55.423 W/ActivityTaskManager( 1429): Activity top resumed state loss timeout for ActivityRecord{a4b6879 u0 cn.carbs.wricheditor/.TestLibActivity t-1 f}
07-07 15:13:55.453 V/WindowManager( 1429): Exit animation finished in Window{9e128e1 u0 InputMethod EXITING}: remove=false
07-07 15:13:55.474 D/AwareLog(  877): iawared: WorkingsetProcessCommand subCmd = 351, userId=11189, pid=26331, cn.carbs.wricheditor
07-07 15:13:55.475 D/AwareLog(  877): iawared: WorkingsetPause cn.carbs.wricheditor
07-07 15:13:55.496 I/audio_hw_primary(  668): usb_ext_get_parameters: check show hires (false)
07-07 15:13:55.540 E/Thermal-daemon(  870): [ap] temp_new :33  temp_old :34
07-07 15:13:55.541 E/Thermal-daemon(  870): Report temperature: [ap] temp :33  report_threshold:1
07-07 15:13:55.890 W/System.err( 7479): java.lang.InterruptedException
07-07 15:13:55.891 W/System.err( 7479): 	at java.lang.Thread.sleep(Native Method)
07-07 15:13:55.891 W/System.err( 7479): 	at java.lang.Thread.sleep(Thread.java:443)
07-07 15:13:55.891 W/System.err( 7479): 	at java.lang.Thread.sleep(Thread.java:359)
07-07 15:13:55.891 W/System.err( 7479): 	at clr.run(SogouSource:119)
07-07 15:13:56.229 I/HwPacketFilterBypass( 2840): isBypassAllowed not allowed reason: DATA_OFF
07-07 15:13:56.229 I/HwPacketFilterBypass( 2840): kernelAddTrackUid uid:11189 allowed:false
07-07 15:13:56.656 E/HwModemCapability( 2908): isCapabilitySupport java.lang.StringIndexOutOfBoundsException: length=7; index=7
07-07 15:13:56.661 E/HwModemCapability( 1429): isCapabilitySupport java.lang.StringIndexOutOfBoundsException: unknown reason
07-07 15:13:56.709 D/LogUtil_LogConfig(12969): getLogFile(): logFilePath = /data/data/com.huawei.health/files/com.huawei.health/com.huawei.health_DaemonService/
07-07 15:13:56.710 D/LogUtil_LogConfig(12969): obtainSavePath(): path = 1
07-07 15:13:56.710 D/LogUtil_LogConfig(12969): acquireMaxLogFileLengthContainsOffset describe: com.huawei.health:DaemonService result:5242880
07-07 15:13:57.025 I/TrafficMonitor( 1429): update:rxPkts:0,txPkts:0,rxBytes:0,txBytes:0
07-07 15:13:57.025 I/TrafficMonitor( 1429): start expired. level:-1
07-07 15:13:57.025 I/TrafficMonitor( 1429): gettimer:interval=2000
