07-09 18:32:49.649 I/HMSSDK_[HUAWEIIDSDK]HuaweiIdAuthService(22995): silentSignIn
07-09 18:32:49.653 I/HwApiCacheMangerEx(23097): apicache path=/storage/emulated/0 state=mounted key=com.huawei.systemmanager#1000#0
07-09 18:32:49.653 I/HiAnalyticsKit(22822): HiAnalyticsSysEvtReceiver=> HiAnalyticsSysEvtReceiver onReceive is running..
07-09 18:32:49.653 I/HwApiCacheMangerEx(23097): need clear apicache,because volumes changed,oldCnt=1 newCnt=1
07-09 18:32:49.654 I/HiAnalyticsKit(22822): HiAnalyticsSysEvtReceiver=> intent.getPackage() pkg_name check failed
07-09 18:32:49.654 I/HiAnalyticsKit(22822): HiAnalyticsSysEvtReceiver=> intent.getData().getSchemeSpecificPart(): cn.carbs.wricheditor
07-09 18:32:49.654 I/HiAnalyticsKit(22822): HiAnalyticsSysEvtReceiver=> app is remove
07-09 18:32:49.654 D/AppLogManager(22822): PrintWoker poll timeout , shutdown
07-09 18:32:49.658 I/HMSSDK_HuaweiApiManager(22995): sendRequest
07-09 18:32:49.658 I/HMSSDK_BaseHmsClient(22995): ====== HMSSDK version: 40002300 ======
07-09 18:32:49.659 I/HMSSDK_BaseHmsClient(22995): Enter connect, Connection Status: 1
07-09 18:32:49.659 I/HSM     (23097): ProcPolicy:this proc is:com.huawei.systemmanager
07-09 18:32:49.659 I/HMSSDK_BaseHmsClient(22995): connect minVersion:30000300
07-09 18:32:49.669 I/HiAnalyticsKit(22822): EventReportTask=> readConfigFormCache is run
07-09 18:32:49.673 W/HiAnalyticsKit(22822): HiAnalyticsSysEvtReceiver=> cache config param is error.begin save sys evt in sp
07-09 18:32:49.675 I/HwApiCacheMangerEx(23097): apicache path=/storage/emulated/0 state=mounted key=com.huawei.systemmanager#1000#256
07-09 18:32:49.675 I/HwApiCacheMangerEx(23097): need clear apicache,because volumes changed,oldCnt=1 newCnt=1
07-09 18:32:49.678 I/fwkit_kac_kitloader(22822): [I/fwkit/fwkit_kac_kitloader 22822:3257 KitLoaderManager.java:175] Kit already exits, no need to reload 
07-09 18:32:49.684 W/ContextImpl( 2810): Calling a method in the system process without a qualified user: android.app.ContextImpl.startService:1674 android.content.ContextWrapper.startService:669 com.huawei.systemmanager.spacecleanner.receiver.SpaceCleanReceiver.T:65 com.huawei.systemmanager.spacecleanner.receiver.SpaceCleanReceiver.doInBackground:89 java.lang.reflect.Method.invoke:-2 
07-09 18:32:49.685 V/PowerProfile(23097): /hw_product/etc/xml/power_profile.xml be read ! 
07-09 18:32:49.685 E/HSM_Install_BG( 2810): AppCleanUpService:msg is 0
07-09 18:32:49.686 W/PowerProfile(23097): /data/cust/xml/power_profile.xml be read ! 
07-09 18:32:49.688 I/AwareBitmapCacher(23097): init processName:com.huawei.systemmanager pid=23097 uid=1000
07-09 18:32:49.692 W/ContextImpl(23097): Calling a method in the system process without a qualified user: android.app.ContextImpl.startService:1674 android.content.ContextWrapper.startService:669 com.huawei.securitycenter.antivirus.AntivirusModule.startAntivirusService:35 com.huawei.securitycenter.antivirus.AntivirusModule.loadModule:23 com.huawei.securitycentersdk.SecurityCenterContext.loadModules:63 
07-09 18:32:49.694 W/ContextImpl(23097): Calling a method in the system process without a qualified user: android.app.ContextImpl.startService:1674 android.content.ContextWrapper.startService:669 com.huawei.securitycentersdk.SecurityCenterContext.startHwSecService:11 com.huawei.securitycentersdk.SecurityCenterContext.startServices:0 com.huawei.securitycentersdk.SecurityCenterContext.inject:9 
07-09 18:32:49.695 D/keymaster_worker(  883): Keystore begin
07-09 18:32:49.695 D/keymaster_worker(  883): Keystore begin hidl
07-09 18:32:49.695 I/HisiKeyMaster(  577): HisiKmBegin start
07-09 18:32:49.695 I/HisiKeyMaster(  577): Disable the enhanced crypto!
07-09 18:32:49.698 I/HMSSDK_AvailableAdapter(22995): current versionCode:50000304,minimum version requirements: 30000300
07-09 18:32:49.698 I/HisiKeyMaster(  577): out_params_buffer_len = 32
07-09 18:32:49.698 I/HisiKeyMaster(  577): HisiKmBegin success
07-09 18:32:49.698 D/keymaster_worker(  883): Keystore begin hidl end
07-09 18:32:49.698 I/HMSSDK_BaseHmsClient(22995): check available result: 0
07-09 18:32:49.699 D/keymaster_worker(  883): Keystore begin end
07-09 18:32:49.699 I/HMSSDK_BaseHmsClient(22995): enter bindCoreService
07-09 18:32:49.699 I/AndroidSecurityKeyStore( 1709): keystore operation promise future onFinished.
07-09 18:32:49.700 D/keymaster_worker(  883): Keystore update
07-09 18:32:49.700 D/keymaster_worker(  883): Keystore update hidl
07-09 18:32:49.700 I/HisiKeyMaster(  577): HisiKmUpdate start
07-09 18:32:49.700 I/HisiKeyMaster(  577): Disable the enhanced crypto!
07-09 18:32:49.701 I/HMSSDK_BinderAdapter(22995): Enter onServiceConnected.
07-09 18:32:49.701 I/HMSSDK_BaseHmsClient(22995): Enter onServiceConnected.
07-09 18:32:49.702 I/HMSSDK_HmsClient(22995): post msg api_name:hwid.silentSignIn, app_id:100170393|, pkg_name:com.huawei.gameassistant, sdk_version:40002300, session_id:*, transaction_id:100170393SignIn20200709183249656214808, kitSdkVersion:40000200, apiLevel:1
07-09 18:32:49.702 I/HMSSDK_BaseAdapter(22995): in baseRequest + uri is :hwid.silentSignIn, transactionId is : 100170393SignIn20200709183249656214808
07-09 18:32:49.703 I/HisiKeyMaster(  577): HisiKmUpdate success
07-09 18:32:49.703 D/keymaster_worker(  883): Keystore update hidl end
07-09 18:32:49.703 D/keymaster_worker(  883): Keystore update end
07-09 18:32:49.703 I/AndroidSecurityKeyStore( 1709): keystore operation promise future onFinished.
07-09 18:32:49.703 I/HMSSDK_PendingResultImpl(22995): init uri:hwid.silentSignIn
07-09 18:32:49.703 D/keymaster_worker(  883): Keystore update
07-09 18:32:49.703 D/keymaster_worker(  883): Keystore update hidl
07-09 18:32:49.703 I/HisiKeyMaster(  577): HisiKmUpdate start
07-09 18:32:49.703 I/HisiKeyMaster(  577): Disable the enhanced crypto!
07-09 18:32:49.703 I/HMSSDK_PendingResultImpl(22995): setResultCallback
07-09 18:32:49.704 I/AIDLInvoke( 3766): [I/HMSCore/AIDLInvoke 3766:128 :94] Request, URI: hwid.silentSignIn
07-09 18:32:49.704 I/PackageUtils( 3766): [I/HMSCore/PackageUtils 3766:128 :191] uid:10120, packageName:com.huawei.gameassistant
07-09 18:32:49.704 I/AIDLInvoke( 3766): [I/HMSCore/AIDLInvoke 3766:128 :136] modifyAidlRouteInfo param,appId:100170393,SdkVersion:40002300
07-09 18:32:49.705 D/LogWrite( 3766): wtf Exception
07-09 18:32:49.705 D/AppLogManager( 3766): PrintWoker poll timeout , shutdown
07-09 18:32:49.705 D/LogWrite( 3766): wtf Exception
07-09 18:32:49.705 D/LogWrite( 3766): wtf Exception
07-09 18:32:49.705 D/AppLogManager( 3766): PrintWoker poll timeout , shutdown
07-09 18:32:49.705 I/KpmsUtils( 3766): [I/HMSCore/KpmsUtils 3766:128 :42] getRealApiLevel:5
07-09 18:32:49.705 I/AIDLInvoke( 3766): [I/HMSCore/AIDLInvoke 3766:128 :476] hwid apiLevel: 5, request apiLevel: 1
07-09 18:32:49.705 I/AIDLInvoke( 3766): [I/HMSCore/AIDLInvoke 3766:128 :234] Request, URI: hwid.silentSignIn, clientId: {appId: 100170393, hostAppID: 100170393, packageName: com.huawei.gameassistant, sdkVersion: 40002300, uid: 10120, transactionId: 100170393SignIn20200709183249656214808, apiLevel: 1, uri: hwid.silentSignIn, kitSdkVersion: 40000200}
07-09 18:32:49.706 I/ScopeManager( 3766): [I/HMSCore/ScopeManager 3766:1752 :105] checkCertFingerprint, appID:100170393, packageName:com.huawei.gameassistant
07-09 18:32:49.706 I/HisiKeyMaster(  577): HisiKmUpdate success
07-09 18:32:49.706 D/keymaster_worker(  883): Keystore update hidl end
07-09 18:32:49.706 D/keymaster_worker(  883): Keystore update end
07-09 18:32:49.706 I/AndroidSecurityKeyStore( 1709): keystore operation promise future onFinished.
07-09 18:32:49.706 D/LogWrite( 3766): wtf Exception
07-09 18:32:49.706 I/chatty  ( 3766): uid=10109(com.huawei.hwid) Core-LogWrite identical 2 lines
07-09 18:32:49.706 D/LogWrite( 3766): wtf Exception
07-09 18:32:49.706 D/AppLogManager( 3766): PrintWoker poll timeout , shutdown
07-09 18:32:49.707 D/keymaster_worker(  883): Keystore update
07-09 18:32:49.707 D/keymaster_worker(  883): Keystore update hidl
07-09 18:32:49.707 I/HisiKeyMaster(  577): HisiKmUpdate start
07-09 18:32:49.707 I/HisiKeyMaster(  577): Disable the enhanced crypto!
07-09 18:32:49.707 I/SilentSignInRequest( 3766): [I/HwJOS/SilentSignInRequest 3766:1752 :104] on json Request
07-09 18:32:49.707 I/HwAccInfoCache( 3766): [I/HwJOS/HwAccInfoCache 3766:1752 :149] start reqHwServiceToken
07-09 18:32:49.707 I/HwAccInfoCache( 3766): [I/HwJOS/HwAccInfoCache 3766:1752 :226] start getServiceTokenInfo
07-09 18:32:49.707 I/HwIDInnerService( 3766): [I/HwID_APK_log[5.0.0.304]/HwIDInnerService 3766:1752 :116] Start new GetServiceToken for ThirdApp, transID:2a39c1c6-7d51-477f-b6d5-0332da0edfc6
07-09 18:32:49.707 I/HwIDInnerService( 3766): [I/HwID_APK_log[5.0.0.304]/HwIDInnerService 3766:1752 :87] GetServiceToken transID:2a39c1c6-7d51-477f-b6d5-0332da0edfc6
07-09 18:32:49.707 I/InAppTransport( 3766): [I/HMSCore/InAppTransport 3766:1752 :95] In-App Request, uri: hwid.inner.getServiceToken, clientIdentity: {appId: 10132067, hostAppID: 10132067, packageName: com.huawei.hwid, sdkVersion: 0, uid: 0, transactionId: , apiLevel: 0, uri: null, kitSdkVersion: 0}
07-09 18:32:49.707 E/PropertyUtils( 3766): [E/HwID_APK_log[5.0.0.304]/PropertyUtils 3766:1752 :522] isPhoneStillInLockMode false
07-09 18:32:49.707 E/PropertyUtils( 3766): [E/HwID_APK_log[5.0.0.304]/PropertyUtils 3766:1752 :525] Build.VERSION.SDK_INT : 29 isPhoneStillInLockMode false
07-09 18:32:49.707 I/GetServiceTokenRequest( 3766): [I/HwID_APK_log[5.0.0.304]/GetServiceTokenRequest 3766:1752 :62] GetServiceToken onRequest, transID:2a39c1c6-7d51-477f-b6d5-0332da0edfc6
07-09 18:32:49.708 I/GetServiceTokenRequest( 3766): [I/HwID_APK_log[5.0.0.304]/GetServiceTokenRequest 3766:1752 :74] GetServiceToken getAccts Finish, transID:2a39c1c6-7d51-477f-b6d5-0332da0edfc6
07-09 18:32:49.708 I/APKAccountManager( 3766): [I/HwID_APK_log[5.0.0.304]/APKAccountManager 3766:1752 :351] getHwAccount hasAccount Finish
07-09 18:32:49.709 D/LogWrite( 3766): wtf Exception
07-09 18:32:49.709 I/chatty  ( 3766): uid=10109(com.huawei.hwid) Core-LogWrite identical 9 lines
07-09 18:32:49.709 D/LogWrite( 3766): wtf Exception
07-09 18:32:49.709 D/AppLogManager( 3766): PrintWoker poll timeout , shutdown
07-09 18:32:49.709 I/HisiKeyMaster(  577): HisiKmUpdate success
07-09 18:32:49.709 D/keymaster_worker(  883): Keystore update hidl end
07-09 18:32:49.709 D/keymaster_worker(  883): Keystore update end
07-09 18:32:49.709 I/AndroidSecurityKeyStore( 1709): keystore operation promise future onFinished.
07-09 18:32:49.710 D/keymaster_worker(  883): Keystore update
07-09 18:32:49.710 D/keymaster_worker(  883): Keystore update hidl
07-09 18:32:49.710 I/HisiKeyMaster(  577): HisiKmUpdate start
07-09 18:32:49.710 I/HisiKeyMaster(  577): Disable the enhanced crypto!
07-09 18:32:49.710 I/UPUtils ( 3766): [I/HwID_APK_log[5.0.0.304]/UPUtils 3766:1752 :34] getCloudServiceToken init.
07-09 18:32:49.710 D/LogWrite( 3766): wtf Exception
07-09 18:32:49.710 D/AppLogManager( 3766): PrintWoker poll timeout , shutdown
07-09 18:32:49.712 I/HisiKeyMaster(  577): HisiKmUpdate success
07-09 18:32:49.712 D/keymaster_worker(  883): Keystore update hidl end
07-09 18:32:49.712 D/keymaster_worker(  883): Keystore update end
07-09 18:32:49.712 I/AndroidSecurityKeyStore( 1709): keystore operation promise future onFinished.
07-09 18:32:49.712 W/ContextImpl(23097): Calling a method in the system process without a qualified user: android.app.ContextImpl.startService:1674 android.content.ContextWrapper.startService:669 com.huawei.systemmanager.SystemManagerApplication.ajm:21 com.huawei.systemmanager.SystemManagerApplication.ajl:41 com.huawei.systemmanager.SystemManagerApplication.onCreate:202 
07-09 18:32:49.713 I/APKAccountManager( 3766): [I/HwID_APK_log[5.0.0.304]/APKAccountManager 3766:1752 :399] int getHwAccount VerifyFlag:0 is invalid
07-09 18:32:49.713 I/APKAccountManager( 3766): [I/HwID_APK_log[5.0.0.304]/APKAccountManager 3766:1752 :401] getHwAccount getUserData 0 Finish
07-09 18:32:49.713 D/keymaster_worker(  883): Keystore update
07-09 18:32:49.714 D/keymaster_worker(  883): Keystore update hidl
07-09 18:32:49.714 D/LogWrite( 3766): wtf Exception
07-09 18:32:49.714 D/LogWrite( 3766): wtf Exception
07-09 18:32:49.714 D/AppLogManager( 3766): PrintWoker poll timeout , shutdown
07-09 18:32:49.714 I/HisiKeyMaster(  577): HisiKmUpdate start
07-09 18:32:49.714 I/HisiKeyMaster(  577): Disable the enhanced crypto!
07-09 18:32:49.714 I/AlarmManager( 1709): remove alarm:Alarm{985d2ab type 1 when 1594295513367 PendingIntent{9223fb1: PendingIntentRecord{9534b7d com.huawei.systemmanager broadcastIntent}}com.huawei.systemmanager procName com.huawei.systemmanager:service} according to operation:9223fb1
07-09 18:32:49.714 W/ContextImpl(23097): Calling a method in the system process without a qualified user: android.app.ContextImpl.startService:1674 android.content.ContextWrapper.startService:669 com.huawei.systemmanager.SystemManagerApplication.ajq:7 com.huawei.systemmanager.SystemManagerApplication.ajl:44 com.huawei.systemmanager.SystemManagerApplication.onCreate:202 
07-09 18:32:49.716 I/HwSystemManager(23097): check push opration, match idx:-1
07-09 18:32:49.716 W/ContextImpl(23097): Calling a method in the system process without a qualified user: android.app.ContextImpl.startService:1674 android.content.ContextWrapper.startService:669 com.huawei.systemmanager.SystemManagerApplication.ajt:7 com.huawei.systemmanager.SystemManagerApplication.ajl:53 com.huawei.systemmanager.SystemManagerApplication.onCreate:202 
07-09 18:32:49.716 I/HisiKeyMaster(  577): HisiKmUpdate success
07-09 18:32:49.717 D/keymaster_worker(  883): Keystore update hidl end
07-09 18:32:49.717 D/keymaster_worker(  883): Keystore update end
07-09 18:32:49.717 D/PGGoogleServicePolicy( 1709): prevent gms/gsf hold partial wakelock
07-09 18:32:49.717 I/AndroidSecurityKeyStore( 1709): keystore operation promise future onFinished.
07-09 18:32:49.717 W/ContextImpl(23097): Calling a method in the system process without a qualified user: android.app.ContextImpl.startService:1674 android.content.ContextWrapper.startService:669 com.huawei.systemmanager.SystemManagerApplication.aju:7 com.huawei.systemmanager.SystemManagerApplication.ajl:56 com.huawei.systemmanager.SystemManagerApplication.onCreate:202 
07-09 18:32:49.718 I/HiAnalyticsKit(22822): HiAnalyticsSysEvtReceiver=> unInstall event,clear config
07-09 18:32:49.718 D/keymaster_worker(  883): Keystore update
07-09 18:32:49.718 D/keymaster_worker(  883): Keystore update hidl
07-09 18:32:49.718 E/fwkit_kpms_impl( 3766): [E/fwkit/fwkit_kpms_impl 3766:128 KitPackageManagerImpl.java:646] callerPackage is not allowed empty!
07-09 18:32:49.718 I/fwkit_kpms_dbwrapper( 3766): [I/fwkit/fwkit_kpms_dbwrapper 3766:128 DBAndCacheWrapper.java:1229] getValidPluginKey: valid plugin has found: com.huawei.hms.analytics
07-09 18:32:49.718 D/LogWrite( 3766): wtf Exception
07-09 18:32:49.718 D/LogWrite( 3766): wtf Exception
07-09 18:32:49.718 D/AppLogManager( 3766): PrintWoker poll timeout , shutdown
07-09 18:32:49.718 I/HisiKeyMaster(  577): HisiKmUpdate start
07-09 18:32:49.718 I/HisiKeyMaster(  577): Disable the enhanced crypto!
07-09 18:32:49.718 W/ContextImpl(23097): Calling a method in the system process without a qualified user: android.app.ContextImpl.startService:1674 android.content.ContextWrapper.startService:669 com.huawei.systemmanager.SystemManagerApplication.ajv:7 com.huawei.systemmanager.SystemManagerApplication.ajl:59 com.huawei.systemmanager.SystemManagerApplication.onCreate:202 
07-09 18:32:49.719 I/HiAnalyticsKit(22822): HiAnalyticsSysEvtReceiver=> HiAnalyticsSysEvtReceiver onReceive is running..
07-09 18:32:49.719 I/HiAnalyticsKit(22822): HiAnalyticsSysEvtReceiver=> intent.getPackage() pkg_name check failed
07-09 18:32:49.719 I/HiAnalyticsKit(22822): HiAnalyticsSysEvtReceiver=> intent.getData().getSchemeSpecificPart(): cn.carbs.wricheditor
07-09 18:32:49.719 I/HiAnalyticsKit(22822): HiAnalyticsSysEvtReceiver=> app is install
07-09 18:32:49.719 I/HiAnalyticsKit(22822): EventReportTask=> readConfigFormCache is run
07-09 18:32:49.719 W/HiAnalyticsKit(22822): HiAnalyticsSysEvtReceiver=> cache config param is error.begin save sys evt in sp
07-09 18:32:49.719 W/ContextImpl(23097): Calling a method in the system process without a qualified user: android.app.ContextImpl.startService:1674 android.content.ContextWrapper.startService:669 com.huawei.systemmanager.SystemManagerApplication.ajw:7 com.huawei.systemmanager.SystemManagerApplication.ajl:62 com.huawei.systemmanager.SystemManagerApplication.onCreate:202 
07-09 18:32:49.721 E/fwkit_kpms_impl( 3766): [E/fwkit/fwkit_kpms_impl 3766:128 KitPackageManagerImpl.java:646] callerPackage is not allowed empty!
07-09 18:32:49.721 I/fwkit_kpms_dbwrapper( 3766): [I/fwkit/fwkit_kpms_dbwrapper 3766:128 DBAndCacheWrapper.java:1229] getValidPluginKey: valid plugin has found: com.huawei.hms.analytics
07-09 18:32:49.721 D/LogWrite( 3766): wtf Exception
07-09 18:32:49.721 D/LogWrite( 3766): wtf Exception
07-09 18:32:49.721 D/AppLogManager( 3766): PrintWoker poll timeout , shutdown
07-09 18:32:49.721 I/HisiKeyMaster(  577): HisiKmUpdate success
07-09 18:32:49.721 D/LogWrite( 3766): wtf Exception
07-09 18:32:49.721 D/AppLogManager( 3766): PrintWoker poll timeout , shutdown
07-09 18:32:49.721 E/APKAccountManager( 3766): [E/HwID_APK_log[5.0.0.304]/APKAccountManager 3766:1752 :1049] rsp homeZone Exception
07-09 18:32:49.721 D/keymaster_worker(  883): Keystore update hidl end
07-09 18:32:49.721 D/keymaster_worker(  883): Keystore update end
07-09 18:32:49.721 D/LogWrite( 3766): wtf Exception
07-09 18:32:49.721 D/AppLogManager( 3766): PrintWoker poll timeout , shutdown
07-09 18:32:49.721 I/APKAccountManager( 3766): [I/HwID_APK_log[5.0.0.304]/APKAccountManager 3766:1752 :410] getHwAccount getUserData 1 Finish
07-09 18:32:49.721 I/AndroidSecurityKeyStore( 1709): keystore operation promise future onFinished.
07-09 18:32:49.722 I/APKAccountManager( 3766): [I/HwID_APK_log[5.0.0.304]/APKAccountManager 3766:1752 :425] getHwAccount  Finish
07-09 18:32:49.722 I/GetServiceTokenRequest( 3766): [I/HwID_APK_log[5.0.0.304]/GetServiceTokenRequest 3766:1752 :79] GetServiceToken getAcct Finish, transID:2a39c1c6-7d51-477f-b6d5-0332da0edfc6
07-09 18:32:49.722 D/LogWrite( 3766): wtf Exception
07-09 18:32:49.722 D/LogWrite( 3766): wtf Exception
07-09 18:32:49.722 D/AppLogManager( 3766): PrintWoker poll timeout , shutdown
07-09 18:32:49.722 D/keymaster_worker(  883): Keystore update
07-09 18:32:49.722 D/keymaster_worker(  883): Keystore update hidl
07-09 18:32:49.722 I/HisiKeyMaster(  577): HisiKmUpdate start
07-09 18:32:49.722 I/HisiKeyMaster(  577): Disable the enhanced crypto!
07-09 18:32:49.722 D/LogWrite( 3766): wtf Exception
07-09 18:32:49.722 D/AppLogManager( 3766): PrintWoker poll timeout , shutdown
07-09 18:32:49.722 I/GetServiceTokenRequest( 3766): [I/HwID_APK_log[5.0.0.304]/GetServiceTokenRequest 3766:1752 :114] GetServiceToken  finish. transID:2a39c1c6-7d51-477f-b6d5-0332da0edfc6
07-09 18:32:49.722 D/LogWrite( 3766): wtf Exception
07-09 18:32:49.722 D/AppLogManager( 3766): PrintWoker poll timeout , shutdown
07-09 18:32:49.722 I/InAppResponse( 3766): [I/HMSCore/InAppResponse 3766:1752 :98] In-App Response, uri: hwid.inner.getServiceToken, statusCode: 0
07-09 18:32:49.723 D/LogWrite( 3766): wtf Exception
07-09 18:32:49.723 D/AppLogManager( 3766): PrintWoker poll timeout , shutdown
07-09 18:32:49.723 W/HATracker( 3766): [W/HwJOS/HATracker 3766:1752 :631] user experience not open, not allow report
07-09 18:32:49.723 D/LogWrite( 3766): wtf Exception
07-09 18:32:49.723 D/AppLogManager( 3766): PrintWoker poll timeout , shutdown
07-09 18:32:49.723 W/HATracker( 3766): [W/HwJOS/HATracker 3766:1752 :381] not allow report MAINTENANCE
07-09 18:32:49.723 D/LogWrite( 3766): wtf Exception
07-09 18:32:49.723 D/AppLogManager( 3766): PrintWoker poll timeout , shutdown
07-09 18:32:49.723 I/HwIDInnerService( 3766): [I/HwID_APK_log[5.0.0.304]/HwIDInnerService 3766:1752 :116] Start new GetServiceToken for ThirdApp, transID:16505e22-59d0-4406-8a23-c6f28d61f45e
07-09 18:32:49.723 D/LogWrite( 3766): wtf Exception
07-09 18:32:49.723 D/AppLogManager( 3766): PrintWoker poll timeout , shutdown
07-09 18:32:49.723 I/HwIDInnerService( 3766): [I/HwID_APK_log[5.0.0.304]/HwIDInnerService 3766:1752 :87] GetServiceToken transID:16505e22-59d0-4406-8a23-c6f28d61f45e
07-09 18:32:49.723 D/LogWrite( 3766): wtf Exception
07-09 18:32:49.723 D/AppLogManager( 3766): PrintWoker poll timeout , shutdown
07-09 18:32:49.723 I/InAppTransport( 3766): [I/HMSCore/InAppTransport 3766:1752 :95] In-App Request, uri: hwid.inner.getServiceToken, clientIdentity: {appId: 10132067, hostAppID: 10132067, packageName: com.huawei.hwid, sdkVersion: 0, uid: 0, transactionId: , apiLevel: 0, uri: null, kitSdkVersion: 0}
07-09 18:32:49.724 I/HiAnalyticsKit(22822): SystemEvtRecordTask=> SystemEvtRecordTask is running
07-09 18:32:49.725 I/HiAnalyticsKit(22822): ParamsCheckUtil=> check file size : 0 limitedSize : 5242880
07-09 18:32:49.725 I/HisiKeyMaster(  577): HisiKmUpdate success
07-09 18:32:49.725 I/HiAnalyticsKit(22822): SystemEvtRecordTask=> system event cache sp
07-09 18:32:49.725 D/keymaster_worker(  883): Keystore update hidl end
07-09 18:32:49.725 D/keymaster_worker(  883): Keystore update end
07-09 18:32:49.725 I/HiAnalyticsKit(22822): SharedPreUtils=> putString: spName : sys_evt
07-09 18:32:49.725 I/HiAnalyticsKit(22822): SharedPreUtils=> putString: spName : sys_evt key: cn.carbs.wricheditor
07-09 18:32:49.725 I/AndroidSecurityKeyStore( 1709): keystore operation promise future onFinished.
07-09 18:32:49.726 D/keymaster_worker(  883): Keystore update
07-09 18:32:49.726 D/keymaster_worker(  883): Keystore update hidl
07-09 18:32:49.726 I/HisiKeyMaster(  577): HisiKmUpdate start
07-09 18:32:49.726 I/HisiKeyMaster(  577): Disable the enhanced crypto!
07-09 18:32:49.726 I/Icing   ( 3075): IndexChimeraService.getServiceInterface callingPackage=com.google.android.gms componentName=AppsCorpus serviceId=36
07-09 18:32:49.727 W/ContextImpl(23097): Calling a method in the system process without a qualified user: android.app.ContextImpl.startService:1674 android.content.ContextWrapper.startService:669 com.huawei.systemmanager.SystemManagerApplication.ajp:7 com.huawei.systemmanager.SystemManagerApplication.ajl:68 com.huawei.systemmanager.SystemManagerApplication.onCreate:202 
07-09 18:32:49.728 E/PropertyUtils( 3766): [E/HwID_APK_log[5.0.0.304]/PropertyUtils 3766:1752 :522] isPhoneStillInLockMode false
07-09 18:32:49.728 D/LogWrite( 3766): wtf Exception
07-09 18:32:49.728 D/AppLogManager( 3766): PrintWoker poll timeout , shutdown
07-09 18:32:49.728 D/LogWrite( 3766): wtf Exception
07-09 18:32:49.728 D/AppLogManager( 3766): PrintWoker poll timeout , shutdown
07-09 18:32:49.728 E/PropertyUtils( 3766): [E/HwID_APK_log[5.0.0.304]/PropertyUtils 3766:1752 :525] Build.VERSION.SDK_INT : 29 isPhoneStillInLockMode false
07-09 18:32:49.728 D/LogWrite( 3766): wtf Exception
07-09 18:32:49.728 D/AppLogManager( 3766): PrintWoker poll timeout , shutdown
07-09 18:32:49.728 I/GetServiceTokenRequest( 3766): [I/HwID_APK_log[5.0.0.304]/GetServiceTokenRequest 3766:1752 :62] GetServiceToken onRequest, transID:16505e22-59d0-4406-8a23-c6f28d61f45e
07-09 18:32:49.729 W/ContextImpl(23097): Calling a method in the system process without a qualified user: android.app.ContextImpl.startService:1674 android.content.ContextWrapper.startService:669 com.huawei.systemmanager.SystemManagerApplication.ajn:28 com.huawei.systemmanager.SystemManagerApplication.ajl:71 com.huawei.systemmanager.SystemManagerApplication.onCreate:202 
07-09 18:32:49.729 I/GetServiceTokenRequest( 3766): [I/HwID_APK_log[5.0.0.304]/GetServiceTokenRequest 3766:1752 :74] GetServiceToken getAccts Finish, transID:16505e22-59d0-4406-8a23-c6f28d61f45e
07-09 18:32:49.729 D/LogWrite( 3766): wtf Exception
07-09 18:32:49.729 D/AppLogManager( 3766): PrintWoker poll timeout , shutdown
07-09 18:32:49.729 D/LogWrite( 3766): wtf Exception
07-09 18:32:49.729 D/AppLogManager( 3766): PrintWoker poll timeout , shutdown
07-09 18:32:49.729 I/APKAccountManager( 3766): [I/HwID_APK_log[5.0.0.304]/APKAccountManager 3766:1752 :351] getHwAccount hasAccount Finish
07-09 18:32:49.730 I/HisiKeyMaster(  577): HisiKmUpdate success
07-09 18:32:49.730 D/keymaster_worker(  883): Keystore update hidl end
07-09 18:32:49.730 D/keymaster_worker(  883): Keystore update end
07-09 18:32:49.730 I/AndroidSecurityKeyStore( 1709): keystore operation promise future onFinished.
07-09 18:32:49.730 I/UPUtils ( 3766): [I/HwID_APK_log[5.0.0.304]/UPUtils 3766:1752 :34] getCloudServiceToken init.
07-09 18:32:49.731 D/LogWrite( 3766): wtf Exception
07-09 18:32:49.731 D/AppLogManager( 3766): PrintWoker poll timeout , shutdown
07-09 18:32:49.731 D/keymaster_worker(  883): Keystore update
07-09 18:32:49.731 D/keymaster_worker(  883): Keystore update hidl
07-09 18:32:49.731 I/HisiKeyMaster(  577): HisiKmUpdate start
07-09 18:32:49.731 I/HisiKeyMaster(  577): Disable the enhanced crypto!
07-09 18:32:49.732 W/HSM_Install_BG( 2810): XmlParseConst:getUpdateFlagForSpfKey: No predefined update key for appsRightsVersion, default to appsRightsVersionUpdateFlag
07-09 18:32:49.732 E/HSM_Install_BG( 2810): SimpleXmlParseHelper:No need updateDB from xml!
07-09 18:32:49.732 I/chatty  ( 2810): uid=1000(system) IntentService[R identical 2 lines
07-09 18:32:49.732 E/HSM_Install_BG( 2810): SimpleXmlParseHelper:No need updateDB from xml!
07-09 18:32:49.733 I/HisiKeyMaster(  577): HisiKmUpdate success
07-09 18:32:49.733 D/keymaster_worker(  883): Keystore update hidl end
07-09 18:32:49.733 D/keymaster_worker(  883): Keystore update end
07-09 18:32:49.733 I/AndroidSecurityKeyStore( 1709): keystore operation promise future onFinished.
07-09 18:32:49.734 D/keymaster_worker(  883): Keystore update
07-09 18:32:49.734 D/keymaster_worker(  883): Keystore update hidl
07-09 18:32:49.734 I/HisiKeyMaster(  577): HisiKmUpdate start
07-09 18:32:49.734 I/HisiKeyMaster(  577): Disable the enhanced crypto!
07-09 18:32:49.734 D/AwareLog(  918): iawared: WorkingsetProcessCommand subCmd = 351, userId=11189, pid=22971, cn.carbs.wricheditor
07-09 18:32:49.735 D/AwareLog(  918): iawared: WorkingsetPause cn.carbs.wricheditor
07-09 18:32:49.735 I/HwResolverManager( 1709): isMultiScreenCollaborationEnabled: Operate settings exception! 
07-09 18:32:49.736 I/APKAccountManager( 3766): [I/HwID_APK_log[5.0.0.304]/APKAccountManager 3766:1752 :399] int getHwAccount VerifyFlag:0 is invalid
07-09 18:32:49.736 D/LogWrite( 3766): wtf Exception
07-09 18:32:49.736 I/APKAccountManager( 3766): [I/HwID_APK_log[5.0.0.304]/APKAccountManager 3766:1752 :401] getHwAccount getUserData 0 Finish
07-09 18:32:49.736 D/AppLogManager( 3766): PrintWoker poll timeout , shutdown
07-09 18:32:49.736 D/LogWrite( 3766): wtf Exception
07-09 18:32:49.736 D/AppLogManager( 3766): PrintWoker poll timeout , shutdown
07-09 18:32:49.737 I/HisiKeyMaster(  577): HisiKmUpdate success
07-09 18:32:49.737 D/keymaster_worker(  883): Keystore update hidl end
07-09 18:32:49.737 D/keymaster_worker(  883): Keystore update end
07-09 18:32:49.737 I/AndroidSecurityKeyStore( 1709): keystore operation promise future onFinished.
07-09 18:32:49.737 D/keymaster_worker(  883): Keystore update
07-09 18:32:49.737 D/keymaster_worker(  883): Keystore update hidl
07-09 18:32:49.737 I/HisiKeyMaster(  577): HisiKmUpdate start
07-09 18:32:49.737 I/HisiKeyMaster(  577): Disable the enhanced crypto!
07-09 18:32:49.739 E/APKAccountManager( 3766): [E/HwID_APK_log[5.0.0.304]/APKAccountManager 3766:1752 :1049] rsp homeZone Exception
07-09 18:32:49.739 D/LogWrite( 3766): wtf Exception
07-09 18:32:49.739 I/APKAccountManager( 3766): [I/HwID_APK_log[5.0.0.304]/APKAccountManager 3766:1752 :410] getHwAccount getUserData 1 Finish
07-09 18:32:49.739 D/AppLogManager( 3766): PrintWoker poll timeout , shutdown
07-09 18:32:49.739 D/LogWrite( 3766): wtf Exception
07-09 18:32:49.739 D/AppLogManager( 3766): PrintWoker poll timeout , shutdown
07-09 18:32:49.739 I/APKAccountManager( 3766): [I/HwID_APK_log[5.0.0.304]/APKAccountManager 3766:1752 :425] getHwAccount  Finish
07-09 18:32:49.739 D/LogWrite( 3766): wtf Exception
07-09 18:32:49.739 D/AppLogManager( 3766): PrintWoker poll timeout , shutdown
07-09 18:32:49.739 I/GetServiceTokenRequest( 3766): [I/HwID_APK_log[5.0.0.304]/GetServiceTokenRequest 3766:1752 :79] GetServiceToken getAcct Finish, transID:16505e22-59d0-4406-8a23-c6f28d61f45e
07-09 18:32:49.739 D/LogWrite( 3766): wtf Exception
07-09 18:32:49.739 D/AppLogManager( 3766): PrintWoker poll timeout , shutdown
07-09 18:32:49.740 I/GetServiceTokenRequest( 3766): [I/HwID_APK_log[5.0.0.304]/GetServiceTokenRequest 3766:1752 :114] GetServiceToken  finish. transID:16505e22-59d0-4406-8a23-c6f28d61f45e
07-09 18:32:49.740 I/InAppResponse( 3766): [I/HMSCore/InAppResponse 3766:1752 :98] In-App Response, uri: hwid.inner.getServiceToken, statusCode: 0
07-09 18:32:49.740 I/JosUserStorageManager( 3766): [I/HwJOS/JosUserStorageManager 3766:1752 :945] get signIn(true) status.
07-09 18:32:49.740 D/LogWrite( 3766): wtf Exception
07-09 18:32:49.740 I/HisiKeyMaster(  577): HisiKmUpdate success
07-09 18:32:49.740 D/LogWrite( 3766): wtf Exception
07-09 18:32:49.740 D/LogWrite( 3766): wtf Exception
07-09 18:32:49.740 D/AppLogManager( 3766): PrintWoker poll timeout , shutdown
07-09 18:32:49.740 D/keymaster_worker(  883): Keystore update hidl end
07-09 18:32:49.740 D/keymaster_worker(  883): Keystore update end
07-09 18:32:49.740 I/DeviceIdentifiers( 1709): udid has been read success, return!
07-09 18:32:49.740 I/AndroidSecurityKeyStore( 1709): keystore operation promise future onFinished.
07-09 18:32:49.741 W/HATracker( 3766): [W/HwJOS/HATracker 3766:1752 :631] user experience not open, not allow report
07-09 18:32:49.741 D/LogWrite( 3766): wtf Exception
07-09 18:32:49.741 D/AppLogManager( 3766): PrintWoker poll timeout , shutdown
07-09 18:32:49.741 I/JosUserStorageManager( 3766): [I/HwJOS/JosUserStorageManager 3766:1752 :945] get signIn(true) status.
07-09 18:32:49.741 D/LogWrite( 3766): wtf Exception
07-09 18:32:49.741 D/AppLogManager( 3766): PrintWoker poll timeout , shutdown
07-09 18:32:49.741 I/DeviceIdentifiers( 1709): udid has been read success, return!
07-09 18:32:49.741 D/keymaster_worker(  883): Keystore update
07-09 18:32:49.741 D/keymaster_worker(  883): Keystore update hidl
07-09 18:32:49.741 I/HisiKeyMaster(  577): HisiKmUpdate start
07-09 18:32:49.741 W/HATracker( 3766): [W/HwJOS/HATracker 3766:1752 :631] user experience not open, not allow report
07-09 18:32:49.741 I/HisiKeyMaster(  577): Disable the enhanced crypto!
07-09 18:32:49.741 D/LogWrite( 3766): wtf Exception
07-09 18:32:49.741 D/AppLogManager( 3766): PrintWoker poll timeout , shutdown
07-09 18:32:49.741 I/HuaweiIdApiImpl( 3766): [I/HwID_APK_log[5.0.0.304]/HuaweiIdApiImpl 3766:1752 :293] silentSignIn
07-09 18:32:49.741 D/LogWrite( 3766): wtf Exception
07-09 18:32:49.741 D/AppLogManager( 3766): PrintWoker poll timeout , shutdown
07-09 18:32:49.742 E/PropertyUtils( 3766): [E/HwID_APK_log[5.0.0.304]/PropertyUtils 3766:1752 :522] isPhoneStillInLockMode false
07-09 18:32:49.742 D/LogWrite( 3766): wtf Exception
07-09 18:32:49.742 D/AppLogManager( 3766): PrintWoker poll timeout , shutdown
07-09 18:32:49.742 E/PropertyUtils( 3766): [E/HwID_APK_log[5.0.0.304]/PropertyUtils 3766:1752 :525] Build.VERSION.SDK_INT : 29 isPhoneStillInLockMode false
07-09 18:32:49.742 D/LogWrite( 3766): wtf Exception
07-09 18:32:49.742 D/AppLogManager( 3766): PrintWoker poll timeout , shutdown
07-09 18:32:49.743 I/AbstractAIDLServiceInvoker( 3766): [I/HwID_APK_log[5.0.0.304]/AbstractAIDLServiceInvoker 3766:1752 :87] TransID:35235ad6-efc8-443e-b41f-54a92afe59c9|innerConnect,status:1|mAPIName:silentSignIn
07-09 18:32:49.743 D/LogWrite( 3766): wtf Exception
07-09 18:32:49.743 D/AppLogManager( 3766): PrintWoker poll timeout , shutdown
07-09 18:32:49.743 I/AbstractAIDLServiceInvoker( 3766): [I/HwID_APK_log[5.0.0.304]/AbstractAIDLServiceInvoker 3766:1752 :149] TransID:35235ad6-efc8-443e-b41f-54a92afe59c9|sendEmptyMessageDelayed 3 seconds for onBindService. the result is : true|mAPIName:silentSignIn
07-09 18:32:49.743 D/LogWrite( 3766): wtf Exception
07-09 18:32:49.743 D/AppLogManager( 3766): PrintWoker poll timeout , shutdown
07-09 18:32:49.743 I/HiAnalyticsUtil( 3766): [I/HwID_APK_log[5.0.0.304]/HiAnalyticsUtil 3766:1752 :500] Context == null
07-09 18:32:49.743 D/LogWrite( 3766): wtf Exception
07-09 18:32:49.743 D/AppLogManager( 3766): PrintWoker poll timeout , shutdown
07-09 18:32:49.744 I/HisiKeyMaster(  577): HisiKmUpdate success
07-09 18:32:49.744 D/keymaster_worker(  883): Keystore update hidl end
07-09 18:32:49.744 D/keymaster_worker(  883): Keystore update end
07-09 18:32:49.744 I/AndroidSecurityKeyStore( 1709): keystore operation promise future onFinished.
07-09 18:32:49.746 I/CloudAccountInnerService( 3766): [I/HwID_APK_log[5.0.0.304]/CloudAccountInnerService 3766:1 :28] onCreate
07-09 18:32:49.747 D/LogWrite( 3766): wtf Exception
07-09 18:32:49.747 D/AppLogManager( 3766): PrintWoker poll timeout , shutdown
07-09 18:32:49.747 I/AbstractAIDLServiceInvoker( 3766): [I/HwID_APK_log[5.0.0.304]/AbstractAIDLServiceInvoker 3766:1 :176] TransID:35235ad6-efc8-443e-b41f-54a92afe59c9|onServiceConnected.|mAPIName:silentSignIn
07-09 18:32:49.747 I/CloudAccountInnerServiceInvoker( 3766): [I/HwID_APK_log[5.0.0.304]/CloudAccountInnerServiceInvoker 3766:1 :41] checkServiceConnected,checkResult:true
07-09 18:32:49.747 I/AbstractAIDLServiceInvoker( 3766): [I/HwID_APK_log[5.0.0.304]/AbstractAIDLServiceInvoker 3766:1 :183] TransID:35235ad6-efc8-443e-b41f-54a92afe59c9|Inner Service binded, bind status: 3|mAPIName:silentSignIn
07-09 18:32:49.747 I/ThreadPool( 3766): [I/HwID_APK_log[5.0.0.304]/ThreadPool 3766:162 :109] thread dump:poolName:Hwid-Core-Pool activeCount:1 completedTaskCount:434 taskCount:435 corePoolSize:8 largestPoolSize:8 maximumPoolSize:16 queueSize:0 
07-09 18:32:49.747 I/HiAnalyticsUtil( 3766): [I/HwID_APK_log[5.0.0.304]/HiAnalyticsUtil 3766:162 :500] Context == null
07-09 18:32:49.747 I/CloudAccountInnerAPI( 3766): [I/HwID_APK_log[5.0.0.304]/CloudAccountInnerAPI 3766:162 :1658] signin onConnected isBackend:false,retCode:0
07-09 18:32:49.747 I/CloudAccountInnerStub( 3766): [I/HwID_APK_log[5.0.0.304]/CloudAccountInnerStub 3766:162 :254] getSignInReq.
07-09 18:32:49.748 I/SignHuaweiIDImpl( 3766): [I/HwID_APK_log[5.0.0.304]/SignHuaweiIDImpl 3766:162 :129] versionCode:1
07-09 18:32:49.748 I/SignHuaweiIDImpl( 3766): [I/HwID_APK_log[5.0.0.304]/SignHuaweiIDImpl 3766:162 :130] sdkVersion:40000200
07-09 18:32:49.748 I/SignHuaweiIDImpl( 3766): [I/HwID_APK_log[5.0.0.304]/SignHuaweiIDImpl 3766:162 :137] mTransID from framwork :100170393SignIn20200709183249656214808
07-09 18:32:49.748 I/SignHuaweiIDImpl( 3766): [I/HwID_APK_log[5.0.0.304]/SignHuaweiIDImpl 3766:162 :667] scope:{***nid, ************************uth/account/base.profile, ****ile, **********************/auth/account/country} permission:{******************************count/base.profile/accesstoken, *******************hms.account.getUID}
07-09 18:32:49.748 I/SignHuaweiIDImpl( 3766): [I/HwID_APK_log[5.0.0.304]/SignHuaweiIDImpl 3766:162 :260] packageName :************ameassistant
07-09 18:32:49.748 I/SignHuaweiIDImpl( 3766): [I/HwID_APK_log[5.0.0.304]/SignHuaweiIDImpl 3766:162 :667] scope:{***nid, ************************uth/account/base.profile, ****ile, **********************/auth/account/country} permission:{******************************count/base.profile/accesstoken, *******************hms.account.getUID}
07-09 18:32:49.748 I/HiAnalyticsUtil( 3766): [I/HwID_APK_log[5.0.0.304]/HiAnalyticsUtil 3766:162 :500] Context == null
07-09 18:32:49.748 D/LogWrite( 3766): wtf Exception
07-09 18:32:49.748 I/chatty  ( 3766): uid=10109(com.huawei.hwid) Core-LogWrite identical 12 lines
07-09 18:32:49.748 D/LogWrite( 3766): wtf Exception
07-09 18:32:49.748 D/AppLogManager( 3766): PrintWoker poll timeout , shutdown
07-09 18:32:49.749 I/SignHuaweiIDImpl( 3766): [I/HwID_APK_log[5.0.0.304]/SignHuaweiIDImpl 3766:162 :345] checkSavedAccessToken
07-09 18:32:49.749 I/ATTokenDS( 3766): [I/HwID_APK_log[5.0.0.304]/ATTokenDS 3766:162 :59] getSavedAuthorizationInfoByAppId start.
07-09 18:32:49.749 I/ProcessUtil( 3766): [I/HMSCore/ProcessUtil 3766:162 :36] Process = com.huawei.hwid.core
07-09 18:32:49.749 I/AuthService( 3766): [I/HMSCore/AuthService 3766:162 :226] Enter queryAuthInfo
07-09 18:32:49.749 I/AuthService( 3766): [I/HMSCore/AuthService 3766:162 :250] Enter queryAuthInfo
07-09 18:32:49.749 I/InnerServiceClientImpl( 3766): [I/HMSCore/InnerServiceClientImpl 3766:162 :90] Enter inner connect, bind status: 1
07-09 18:32:49.749 D/LogWrite( 3766): wtf Exception
07-09 18:32:49.749 I/chatty  ( 3766): uid=10109(com.huawei.hwid) Core-LogWrite identical 4 lines
07-09 18:32:49.749 D/LogWrite( 3766): wtf Exception
07-09 18:32:49.749 D/AppLogManager( 3766): PrintWoker poll timeout , shutdown
07-09 18:32:49.750 I/FLTAG.AFL(23097): loadFeature entryClazz:com.huawei.featurelayer.feature.dynamic.FeatureEntry clazz:com.huawei.systemmanager.appfeature.spacecleaner.ISpaceCleaner
07-09 18:32:49.751 I/InnerServiceClientImpl( 3766): [I/HMSCore/InnerServiceClientImpl 3766:1 :161] Enter onServiceConnected.
07-09 18:32:49.751 I/InnerServiceClientImpl( 3766): [I/HMSCore/InnerServiceClientImpl 3766:1 :173] Inner Service binded, bind status: 3
07-09 18:32:49.751 D/LogWrite( 3766): wtf Exception
07-09 18:32:49.751 D/LogWrite( 3766): wtf Exception
07-09 18:32:49.751 D/AppLogManager( 3766): PrintWoker poll timeout , shutdown
07-09 18:32:49.752 W/HSM_Install_BG( 2810): UnifiedPowerAppControl:cn.carbs.wricheditor already exist!
07-09 18:32:49.752 D/keymaster_worker(  883): Keystore update
07-09 18:32:49.752 D/keymaster_worker(  883): Keystore update hidl
07-09 18:32:49.752 I/HisiKeyMaster(  577): HisiKmUpdate start
07-09 18:32:49.752 I/HisiKeyMaster(  577): Disable the enhanced crypto!
07-09 18:32:49.753 W/ContextImpl(23097): Calling a method in the system process without a qualified user: android.app.ContextImpl.bindService:1753 android.content.ContextWrapper.bindService:705 com.huawei.library.l.b.e.a:71 com.huawei.library.l.b.f.b:23 com.huawei.library.l.b.a$a.aS:77 
07-09 18:32:49.754 I/AuthService( 3766): [I/HMSCore/AuthService 3766:1754 :273] queryAuthInfo: {"header":"{\"uri_name\":\"auth.getAuthInfo\"}","body":"{\"app_id\":\"100170393\",\"filter_applied_permission\":false}"}
07-09 18:32:49.754 D/LogWrite( 3766): wtf Exception
07-09 18:32:49.754 D/AppLogManager( 3766): PrintWoker poll timeout , shutdown
07-09 18:32:49.754 I/ScopeManager( 3766): [I/HMSCore/ScopeManager 3766:1754 :240] getAppAuthInfo, appID:100170393
07-09 18:32:49.754 D/LogWrite( 3766): wtf Exception
07-09 18:32:49.754 D/AppLogManager( 3766): PrintWoker poll timeout , shutdown
07-09 18:32:49.754 I/AppScope( 3766): [I/HMSCore/AppScope 3766:1754 :495] getAuthInfo, appId: 100170393, applied: false, accountIndex:null
07-09 18:32:49.754 D/LogWrite( 3766): wtf Exception
07-09 18:32:49.754 D/AppLogManager( 3766): PrintWoker poll timeout , shutdown
07-09 18:32:49.754 I/ATTokenDS( 3766): [I/HwID_APK_log[5.0.0.304]/ATTokenDS 3766:1754 :64] getAuthInfo:
07-09 18:32:49.754 I/ATTokenDS( 3766): [I/HwID_APK_log[5.0.0.304]/ATTokenDS 3766:1754 :359] getBundleFromInfo: 
07-09 18:32:49.754 I/SignHuaweiIDImpl( 3766): [I/HwID_APK_log[5.0.0.304]/SignHuaweiIDImpl 3766:1754 :350] mIsGetServerAuthCode: false
07-09 18:32:49.754 D/LogWrite( 3766): wtf Exception
07-09 18:32:49.754 I/chatty  ( 3766): uid=10109(com.huawei.hwid) Core-LogWrite identical 1 line
07-09 18:32:49.754 D/LogWrite( 3766): wtf Exception
07-09 18:32:49.755 D/AppLogManager( 3766): PrintWoker poll timeout , shutdown
07-09 18:32:49.755 I/HiAnalyticsUtil( 3766): [I/HwID_APK_log[5.0.0.304]/HiAnalyticsUtil 3766:1754 :500] Context == null
07-09 18:32:49.755 D/LogWrite( 3766): wtf Exception
07-09 18:32:49.755 D/AppLogManager( 3766): PrintWoker poll timeout , shutdown
07-09 18:32:49.755 D/LogWrite( 3766): wtf Exception
07-09 18:32:49.755 I/ATTokenDS( 3766): [I/HwID_APK_log[5.0.0.304]/ATTokenDS 3766:1754 :403] isScopeMatched start.
07-09 18:32:49.755 D/AppLogManager( 3766): PrintWoker poll timeout , shutdown
07-09 18:32:49.755 I/ATTokenDS( 3766): [I/HwID_APK_log[5.0.0.304]/ATTokenDS 3766:1754 :411] scopeSavedArr.length: 4
07-09 18:32:49.755 D/LogWrite( 3766): wtf Exception
07-09 18:32:49.755 D/AppLogManager( 3766): PrintWoker poll timeout , shutdown
07-09 18:32:49.755 I/ATTokenDS( 3766): [I/HwID_APK_log[5.0.0.304]/ATTokenDS 3766:1754 :418] containsAll true
07-09 18:32:49.755 D/LogWrite( 3766): wtf Exception
07-09 18:32:49.755 D/AppLogManager( 3766): PrintWoker poll timeout , shutdown
07-09 18:32:49.755 I/ATTokenDS( 3766): [I/HwID_APK_log[5.0.0.304]/ATTokenDS 3766:1754 :172] id_token_expired_time=1594368758796,now=1594290769755
07-09 18:32:49.755 D/LogWrite( 3766): wtf Exception
07-09 18:32:49.755 D/AppLogManager( 3766): PrintWoker poll timeout , shutdown
07-09 18:32:49.755 I/ATTokenDS( 3766): [I/HwID_APK_log[5.0.0.304]/ATTokenDS 3766:1754 :124] expireTime=1594285958796,now=1594290769755
07-09 18:32:49.755 D/LogWrite( 3766): wtf Exception
07-09 18:32:49.755 D/AppLogManager( 3766): PrintWoker poll timeout , shutdown
07-09 18:32:49.755 I/SignHuaweiIDImpl( 3766): [I/HwID_APK_log[5.0.0.304]/SignHuaweiIDImpl 3766:1754 :360] needAddOpenIdScope: false
07-09 18:32:49.755 D/LogWrite( 3766): wtf Exception
07-09 18:32:49.755 D/AppLogManager( 3766): PrintWoker poll timeout , shutdown
07-09 18:32:49.755 D/LogWrite( 3766): wtf Exception
07-09 18:32:49.755 I/ATTokenDS( 3766): [I/HwID_APK_log[5.0.0.304]/ATTokenDS 3766:1754 :124] expireTime=1594285958796,now=1594290769755
07-09 18:32:49.755 D/AppLogManager( 3766): PrintWoker poll timeout , shutdown
07-09 18:32:49.755 I/ATTokenDS( 3766): [I/HwID_APK_log[5.0.0.304]/ATTokenDS 3766:1754 :141] id_token_expired_time=1594285958796,now=1594290769755
07-09 18:32:49.755 D/LogWrite( 3766): wtf Exception
07-09 18:32:49.755 D/AppLogManager( 3766): PrintWoker poll timeout , shutdown
07-09 18:32:49.755 I/ATTokenDS( 3766): [I/HwID_APK_log[5.0.0.304]/ATTokenDS 3766:1754 :172] id_token_expired_time=1594368758796,now=1594290769755
07-09 18:32:49.755 D/LogWrite( 3766): wtf Exception
07-09 18:32:49.755 D/AppLogManager( 3766): PrintWoker poll timeout , shutdown
07-09 18:32:49.755 D/LogWrite( 3766): wtf Exception
07-09 18:32:49.755 I/SignHuaweiIDImpl( 3766): [I/HwID_APK_log[5.0.0.304]/SignHuaweiIDImpl 3766:1754 :381] at expire:true,idtoken expire:true,idtoken expire one day:false,
07-09 18:32:49.755 D/AppLogManager( 3766): PrintWoker poll timeout , shutdown
07-09 18:32:49.755 I/SignHuaweiIDImpl( 3766): [I/HwID_APK_log[5.0.0.304]/SignHuaweiIDImpl 3766:1754 :409] AT or idtoken is expired for oneday.
07-09 18:32:49.756 I/SignHuaweiIDImpl( 3766): [I/HwID_APK_log[5.0.0.304]/SignHuaweiIDImpl 3766:1754 :568] signInSilent
07-09 18:32:49.756 I/SignInSilentManager( 3766): [I/HwID_APK_log[5.0.0.304]/SignInSilentManager 3766:1754 :104] transID:100170393SignIn20200709183249656214808
07-09 18:32:49.756 D/LogWrite( 3766): wtf Exception
07-09 18:32:49.756 I/chatty  ( 3766): uid=10109(com.huawei.hwid) Core-LogWrite identical 1 line
07-09 18:32:49.756 D/LogWrite( 3766): wtf Exception
07-09 18:32:49.756 D/AppLogManager( 3766): PrintWoker poll timeout , shutdown
07-09 18:32:49.756 I/SignInSilentManager( 3766): [I/HwID_APK_log[5.0.0.304]/SignInSilentManager 3766:1754 :209] enter signIn
07-09 18:32:49.756 D/LogWrite( 3766): wtf Exception
07-09 18:32:49.756 D/AppLogManager( 3766): PrintWoker poll timeout , shutdown
07-09 18:32:49.756 I/UPUtils ( 3766): [I/HwID_APK_log[5.0.0.304]/UPUtils 3766:1754 :34] getCloudServiceToken init.
07-09 18:32:49.756 D/LogWrite( 3766): wtf Exception
07-09 18:32:49.756 D/AppLogManager( 3766): PrintWoker poll timeout , shutdown
07-09 18:32:49.756 I/SignInSilentHelper( 3766): [I/HwID_APK_log[5.0.0.304]/SignInSilentHelper 3766:1754 :223] sendSilentRequest mIsFromForeground:false
07-09 18:32:49.756 D/LogWrite( 3766): wtf Exception
07-09 18:32:49.756 D/AppLogManager( 3766): PrintWoker poll timeout , shutdown
07-09 18:32:49.756 I/SignInSilentHelper( 3766): [I/HwID_APK_log[5.0.0.304]/SignInSilentHelper 3766:1754 :252] getSilentAuthToken
07-09 18:32:49.756 I/HwResolverManager( 1709): isMultiScreenCollaborationEnabled: Operate settings exception! 
07-09 18:32:49.757 D/LogWrite( 3766): wtf Exception
07-09 18:32:49.757 D/AppLogManager( 3766): PrintWoker poll timeout , shutdown
07-09 18:32:49.757 D/LogWrite( 3766): wtf Exception
07-09 18:32:49.757 D/AppLogManager( 3766): PrintWoker poll timeout , shutdown
07-09 18:32:49.757 I/BaseUtil( 3766): [I/HwID_APK_log[5.0.0.304]/BaseUtil 3766:1754 :153] enter networkIsAvaiable
07-09 18:32:49.757 I/chatty  ( 1709): uid=1000(system) Binder:1709_10 identical 2 lines
07-09 18:32:49.757 I/HwResolverManager( 1709): isMultiScreenCollaborationEnabled: Operate settings exception! 
07-09 18:32:49.757 D/HwConnectivityServiceEx( 1709): set 10109 NULL value false
07-09 18:32:49.759 I/HisiKeyMaster(  577): HisiKmUpdate success
07-09 18:32:49.759 D/LogWrite( 3766): wtf Exception
07-09 18:32:49.759 D/AppLogManager( 3766): PrintWoker poll timeout , shutdown
07-09 18:32:49.759 I/SignInSilentHelper( 3766): [I/HwID_APK_log[5.0.0.304]/SignInSilentHelper 3766:1754 :405] OpenIdScope : false
07-09 18:32:49.759 D/keymaster_worker(  883): Keystore update hidl end
07-09 18:32:49.759 D/keymaster_worker(  883): Keystore update end
07-09 18:32:49.759 I/AndroidSecurityKeyStore( 1709): keystore operation promise future onFinished.
07-09 18:32:49.759 I/BaseUtil( 3766): [I/HwID_APK_log[5.0.0.304]/BaseUtil 3766:1754 :775] versionName 10.5.0.300
07-09 18:32:49.759 I/SignInSilentManager( 3766): [I/HwID_APK_log[5.0.0.304]/SignInSilentManager 3766:1754 :212] out signIn
07-09 18:32:49.759 I/InnerServiceClientImpl( 3766): [I/HMSCore/InnerServiceClientImpl 3766:1754 :134] Enter unBind inner service
07-09 18:32:49.760 I/ThreadPool( 3766): [I/HwID_APK_log[5.0.0.304]/ThreadPool 3766:315 :109] thread dump:poolName:Hwid-Network-Pool activeCount:1 completedTaskCount:235 taskCount:236 corePoolSize:2 largestPoolSize:2 maximumPoolSize:4 queueSize:0 
07-09 18:32:49.760 I/HwIDResetClientManager( 3766): [I/HwID_APK_log[5.0.0.304]/HwIDResetClientManager 3766:315 :121] no need to initialize domain in 7 days
07-09 18:32:49.760 I/SiteCountryDataManager( 3766): [I/HwID_APK_log[5.0.0.304]/SiteCountryDataManager 3766:315 :2330] getASUrlFromDatabase init.
07-09 18:32:49.760 I/SiteCountryDataManager( 3766): [I/HwID_APK_log[5.0.0.304]/SiteCountryDataManager 3766:315 :2348] getOauthDomainFromDataBase start.
07-09 18:32:49.760 D/LogWrite( 3766): wtf Exception
07-09 18:32:49.760 I/chatty  ( 3766): uid=10109(com.huawei.hwid) Core-LogWrite identical 1 line
07-09 18:32:49.760 D/LogWrite( 3766): wtf Exception
07-09 18:32:49.760 D/AppLogManager( 3766): PrintWoker poll timeout , shutdown
07-09 18:32:49.760 D/LogWrite( 3766): wtf Exception
07-09 18:32:49.760 I/chatty  ( 3766): uid=10109(com.huawei.hwid) Core-LogWrite identical 2 lines
07-09 18:32:49.760 D/LogWrite( 3766): wtf Exception
07-09 18:32:49.760 D/AppLogManager( 3766): PrintWoker poll timeout , shutdown
07-09 18:32:49.760 V/ActivityManager( 1709): Successfully start provider ContentProviderRecord{943b43f u0 com.android.providers.settings/.hwext.HwSettingsProvider} launchingApp=null caller pid= 23097
07-09 18:32:49.761 D/keymaster_worker(  883): Keystore update
07-09 18:32:49.761 D/keymaster_worker(  883): Keystore update hidl
07-09 18:32:49.761 I/HisiKeyMaster(  577): HisiKmUpdate start
07-09 18:32:49.761 I/HisiKeyMaster(  577): Disable the enhanced crypto!
07-09 18:32:49.764 I/HisiKeyMaster(  577): HisiKmUpdate success
07-09 18:32:49.764 D/keymaster_worker(  883): Keystore update hidl end
07-09 18:32:49.764 D/keymaster_worker(  883): Keystore update end
07-09 18:32:49.765 I/AndroidSecurityKeyStore( 1709): keystore operation promise future onFinished.
07-09 18:32:49.765 D/LogWrite( 3766): wtf Exception
07-09 18:32:49.765 D/AppLogManager( 3766): PrintWoker poll timeout , shutdown
07-09 18:32:49.765 I/SiteCountryDataManager( 3766): [I/HwID_APK_log[5.0.0.304]/SiteCountryDataManager 3766:315 :2366] getHwAccountFromDataBase init.
07-09 18:32:49.765 D/LogWrite( 3766): wtf Exception
07-09 18:32:49.765 D/AppLogManager( 3766): PrintWoker poll timeout , shutdown
07-09 18:32:49.765 I/SiteCountryDataManager( 3766): [I/HwID_APK_log[5.0.0.304]/SiteCountryDataManager 3766:315 :2372] oauthDomain is: oauth-login.platform.hicloud.com
07-09 18:32:49.765 D/keymaster_worker(  883): Keystore update
07-09 18:32:49.765 D/keymaster_worker(  883): Keystore update hidl
07-09 18:32:49.765 I/HisiKeyMaster(  577): HisiKmUpdate start
07-09 18:32:49.765 I/HisiKeyMaster(  577): Disable the enhanced crypto!
07-09 18:32:49.765 D/LogWrite( 3766): wtf Exception
07-09 18:32:49.765 D/AppLogManager( 3766): PrintWoker poll timeout , shutdown
07-09 18:32:49.765 I/BaseUtil( 3766): [I/HwID_APK_log[5.0.0.304]/BaseUtil 3766:315 :775] versionName 5.0.0.304
07-09 18:32:49.767 I/PackageManager( 1709): getInstalledPackages cost 1 ms, flags: 786496, userId: 0, callingUid: 1000, callingPid: 23097
07-09 18:32:49.767 I/HisiKeyMaster(  577): HisiKmUpdate success
07-09 18:32:49.767 D/keymaster_worker(  883): Keystore update hidl end
07-09 18:32:49.767 D/keymaster_worker(  883): Keystore update end
07-09 18:32:49.768 I/AndroidSecurityKeyStore( 1709): keystore operation promise future onFinished.
07-09 18:32:49.768 D/LogWrite( 3766): wtf Exception
07-09 18:32:49.768 D/AppLogManager( 3766): PrintWoker poll timeout , shutdown
07-09 18:32:49.768 I/HwIDRestClientCall( 3766): [I/HwID_APK_log[5.0.0.304]/HwIDRestClientCall 3766:315 :111] restclient server url host:oauth-login.platform.hicloud.com
07-09 18:32:49.768 D/keymaster_worker(  883): Keystore update
07-09 18:32:49.768 D/keymaster_worker(  883): Keystore update hidl
07-09 18:32:49.768 I/HisiKeyMaster(  577): HisiKmUpdate start
