06-22 15:51:51.545 I/HwOUC   (26837): [BizRadarExcuteMsgThread-13277]BizRadarExcuteMsgThread actionType is 1;statusCode is -1(BizRadarFirmImpl.java:437)
06-22 15:51:51.551 I/HwOUC   (26837): [BizRadarExcuteMsgThread-13277]where: download_type='1' AND (BaseDBOperator.java:83)
06-22 15:51:51.555 D/ConnectivityService( 1429): get Network state from cache, cacheBlock is 0
06-22 15:51:51.555 E/HwOUC   (26837): [Thread-21-13278]versionId is null when setNewVersionIds(Hianalytics.java:1832)
06-22 15:51:51.558 I/HwOUC   (26837): [main-1]refreshUndoneStatusValue isFirmwareUndoneLastTime is false; isMicroPatchUndoneLastTime is false; isCotaUndone is false; isFusionUndoneLastTime is false(AutoCheckService.java:675)
06-22 15:51:51.558 I/HwOUC   (26837): [main-1]getSelfUpdateComponent COMPONENTS is null(FirmwareBizImpl.java:550)
06-22 15:51:51.559 I/HwOUC   (26837): [BizRadarExcuteMsgThread-13277]autoUpload(BizRadarFirmImpl.java:648)
06-22 15:51:51.560 I/        (  485): CheckPropValue: ro.hardware : kirin980
06-22 15:51:51.560 I/        (  485): CheckPropValue: ro.runmode : normal
06-22 15:51:51.561 I/OEMINFO_NVM_SERVER(  485): GetValidOeminfoRegion: index is (28).
06-22 15:51:51.562 D/hw_oeminfo_nv_interface( 2840): RmtCommonOeminfoRead: index(104) ret = 0
06-22 15:51:51.562 D/HwBootAnimationOeminfo( 2840): getBAP  idx = 104, dst = 1, ret = 0
06-22 15:51:51.563 I/BigDataLog( 2784): BD.BDService:send app action data success
06-22 15:51:51.568 I/HwOUC   (26837): [main-1]getNextAutoCheckType currentCheckType is HOTA_CHECK and not foreground, no FirmwareNewVersion delete database(AutoCheckService.java:544)
06-22 15:51:51.571 I/HwOUC   (26837): [main-1]where: download_type='1' AND (BaseDBOperator.java:83)
06-22 15:51:51.573 I/OUC_COTA(26837): [main-1]isSimReady:false, iscotaopen:false(/CotaConfig.java:153)
06-22 15:51:51.574 I/HwOUC   (26837): [main-1]CHECK_OVER checkCotaFromStartupGuide:false(AutoCheckService.java:927)
06-22 15:51:51.574 I/HwOUC   (26837): [main-1]getDemoValue query uri : content://com.huawei.retaildemo.upgrade/retaildemoupgrade(DemonstrationUtils.java:47)
06-22 15:51:51.575 I/HwOUC   (26837): [main-1]getDemoValue demoSwith is : 0(DemonstrationUtils.java:66)
06-22 15:51:51.575 I/HwOUC   (26837): [main-1]isCurrentDemostration value is : 0(DemonstrationUtils.java:78)
06-22 15:51:51.576 I/HwOUC   (26837): [main-1]updateInstallRemindTimes updateNoticeTimes not configured(HwOucUtility.java:10065)
06-22 15:51:51.576 I/HwOUC   (26837): [main-1]processCheckResult nextCheckType is CHECK_OVER current checkType is 4, extraInfoSendSuccessFlag = false(AutoCheckService.java:953)
06-22 15:51:51.576 W/Settings(26837): Setting device_provisioned has moved from android.provider.Settings.Secure to android.provider.Settings.Global.
06-22 15:51:51.579 I/HwOUC   (26837): [main-1]handleAutoCoupling: incrementCheck = false hasFirmwareNewVersion = false(AutoCheckService.java:838)
06-22 15:51:51.580 I/HwOUC   (26837): [main-1]handleAutoCoupling return false(AutoCheckService.java:873)
06-22 15:51:51.585 I/OUC_COTA(26837): [main-1]getCotaDownloadInfo(/CotaProxy.java:701)
06-22 15:51:51.588 E/HwOUC   (26837): [main-1]error:/cache/recovery/command: open failed: ENOENT (No such file or directory)(CommandUtls.java:349)
06-22 15:51:51.588 I/HwOUC   (26837): [main-1]cancelAllDialog(HwOucUtilityEx.java:1142)
06-22 15:51:51.589 I/HwOUC   (26837): [main-1]InstallUtils--getInstance(InstallUtils.java:91)
06-22 15:51:51.589 I/HwOUC   (26837): [main-1]dismissDialog(InstallUtils.java:531)
06-22 15:51:51.589 I/HwOUC   (26837): [main-1]InstallUtils--removeInstallWaitMessage(InstallUtils.java:121)
06-22 15:51:51.589 I/HwOUC   (26837): [main-1]ThirdAppCheckedUtils dismissProgressDialog(ThirdAppCheckedUtils.java:290)
06-22 15:51:51.590 I/HwOUC   (26837): [main-1]HwOucApplicationCheckDailogdismissThirdDialog(HwOucApplicationCheckDailog.java:486)
06-22 15:51:51.590 I/HwOUC   (26837): [main-1]HwOucApplicationCheckDailogclearDialogData(HwOucApplicationCheckDailog.java:471)
06-22 15:51:51.590 I/HwOUC   (26837): [main-1]ThirdAppCheckedUtils closeNoNetworkWarnDialog(ThirdAppCheckedUtils.java:917)
06-22 15:51:51.591 I/HwOUC   (26837): [main-1]putIntoSecureTable value is 0; systemTableValue is 0(HwOucUtility.java:2751)
06-22 15:51:51.592 I/HwOUC   (26837): [main-1]onDestroy(AutoCheckService.java:189)
06-22 15:51:51.706 E/HwActivityTaskManagerServiceEx( 1429): invalid ActivityRecord, error.
06-22 15:51:51.706 E/HwActivityTaskManagerServiceEx( 1429): parse activity info error.
07-06 11:05:12.981 E/Thermal-daemon(  870): device current too high (234), during charging or current std is invalid
07-06 11:05:12.981 E/Thermal-daemon(  870): latest temp 23317 at 2020/7/6, 3h:5m:12s
07-06 11:05:13.545 I/TrafficMonitor( 1429): expired arrive. level:-1
07-06 11:05:13.545 I/TrafficMonitor( 1429): during_ms:2002,period_ms:2000
07-06 11:05:13.545 I/TrafficMonitor( 1429): count:81,rx_sum:12,tx_sum:12,rxBytes:6358,during_ms:2002,rx_speed:3175.824175824176,tx_speed:929.0709290709292,rto:1.0
07-06 11:05:13.653 E/WifiHAL (  690): enter wifi_get_link_stats
07-06 11:05:13.664 E/WificondControl( 1429): Noise: 0, Snr: -94, Chload: 55
07-06 11:05:13.667 V/HwWifiServiceFactory( 1429): get AllImpl object = com.android.server.wifi.HwWifiServiceFactoryImpl@a22847d
07-06 11:05:13.672 D/TelephonyManager( 1429): getAllCellInfo calling app is android
07-06 11:05:13.673 W/PhoneInterfaceManager( 2908): shouldBlockLocation running ...
07-06 11:05:13.673 I/PhoneInterfaceManager( 2908): shouldBlockLocation  ret:false
07-06 11:05:14.553 I/TrafficMonitor( 1429): update:rxPkts:0,txPkts:0,rxBytes:0,txBytes:0
07-06 11:05:14.553 I/TrafficMonitor( 1429): start expired. level:-1
07-06 11:05:14.553 I/TrafficMonitor( 1429): gettimer:interval=2000
07-06 11:05:15.040 I/netd    (  635): trafficSwapActiveStatsMap() <7.04ms>
07-06 11:05:15.367 W/StorageMonitorS(30730): type=1400 audit(0.0:10822690): avc: granted { getattr } for pid=30730 name="/" dev="sdcardfs" ino=111 scontext=u:r:system_app:s0 tcontext=u:object_r:sdcardfs:s0 tclass=filesystem
07-06 11:05:15.690 E/WificondControl( 1429): Noise: 0, Snr: -94, Chload: 58
07-06 11:05:15.693 D/HuaweiWifiWatchdogStateMachine( 1429): nothing to do
07-06 11:05:15.693 D/WiFi_PRO( 1429): MSG_RETURN_AP_CURRY_RSSI rssi = -68
07-06 11:05:15.693 I/QosMonitor( 1429): queryRtt: rttType = 3
07-06 11:05:15.693 I/HwWifiProServiceProxy( 1429): ctrlHwWifiNetwork pkgName: WIFIPRO_SERVICE interfaceId: 8
07-06 11:05:15.693 D/HuaweiWifiWatchdogStateMachine( 1429): high data flow: protection_counter = 0,  not_detect_counter = 289
07-06 11:05:15.694 D/HuaweiWifiWatchdogStateMachine( 1429): high data flow scenario: 0 --> 0 rx bytes =63KB
07-06 11:05:15.694 I/HwUidTcpMonitor( 1429): TcpStatisticsRun run
07-06 11:05:15.694 I/HuaweiWifiWatchdogStateMachine( 1429): POta txb txg rxg:0, 12, 0. Lr =0% Totpkt=12
07-06 11:05:15.695 I/QosMonitor( 1429): postEventFromNative: msg=100,arg1=4,arg2=10
07-06 11:05:15.695 I/HwWifiProServiceProxy( 1429): ctrlHwWifiNetwork pkgName: WIFIPRO_SERVICE interfaceId: 8
07-06 11:05:15.695 I/QosMonitor( 1429): postEventFromNative: msg=100,arg1=0,arg2=10
07-06 11:05:15.695 D/HuaweiWifiWatchdogStateMachine( 1429): nothing to do
07-06 11:05:15.695 I/HwWifiProServiceProxy( 1429): ctrlHwWifiNetwork pkgName: WIFIPRO_SERVICE interfaceId: 79
07-06 11:05:15.696 I/MQoS    ( 1429): rtt=96,tcpTxPkts=1001790,tcpRxPkts=1945559
07-06 11:05:15.696 I/QosMonitor( 1429): resetRtt: rttType = 3
07-06 11:05:15.696 I/HwWifiProServiceProxy( 1429): ctrlHwWifiNetwork pkgName: WIFIPRO_SERVICE interfaceId: 8
07-06 11:05:15.696 D/HwConnectivityServiceEx( 1429): set cache by key is 1000 interfaceName iswlan0 value is false
07-06 11:05:15.696 I/HuaweiWifiWatchdogStateMachine( 1429): PTcp RTT:96, rtt pkt=8, tcp_rx=11, tcp_tx=11, tcp_reTran=0, rtRate=0
07-06 11:05:15.696 D/HuaweiWifiWatchdogStateMachine( 1429): rssi bad, mrssi=-68 < TargetRssi=-51
07-06 11:05:15.696 I/MQoS    ( 1429): QOS_level:0(0),DataDisable;use level-0
07-06 11:05:15.696 I/HwWifiProServiceProxy( 1429): TcpStatisticsRun run
07-06 11:05:15.700 D/AwareLog(  877): iawared: WorkingsetProcessCommand subCmd = 352, userId=11189, pid=15888, cn.carbs.wricheditor
07-06 11:05:15.700 D/AwareLog(  877): iawared: WorkingsetStop cn.carbs.wricheditor
07-06 11:05:15.961 E/HwModemCapability( 2908): isCapabilitySupport java.lang.StringIndexOutOfBoundsException: length=7; index=7
07-06 11:05:15.966 E/HwModemCapability( 1429): isCapabilitySupport java.lang.StringIndexOutOfBoundsException: unknown reason
07-06 11:05:16.330 I/        ( 1429): [GC] Start native_alloc
07-06 11:05:16.330 D/        ( 1429): non-recursive thread list lock level=16 rec=0 owner=0 
07-06 11:05:16.423 W/migration/6(   47): type=1400 audit(0.0:10822691): avc: granted { setsched } for pid=47 scontext=u:r:kernel:s0 tcontext=u:r:kernel:s0 tclass=process
07-06 11:05:16.423 W/migration/7(   53): type=1400 audit(0.0:10822692): avc: granted { setsched } for pid=53 scontext=u:r:kernel:s0 tcontext=u:r:kernel:s0 tclass=process
07-06 11:05:16.456 D/        ( 1429): non-recursive thread list lock level=16 rec=0 owner=0 
07-06 11:05:16.473 I/netd    (  635): trafficSwapActiveStatsMap() <11.38ms>
07-06 11:05:16.474 I/        ( 1429): system_server GC for native_alloc: sync: collected objects: 10355(495KiB), 81.2742% utilization (55MiB/68MiB), max pause: 1ms, total pause: 2ms, total GC time: 144ms
07-06 11:05:16.557 I/TrafficMonitor( 1429): update:rxPkts:0,txPkts:0,rxBytes:0,txBytes:0
07-06 11:05:16.557 I/TrafficMonitor( 1429): start expired. level:-1
07-06 11:05:16.557 I/TrafficMonitor( 1429): gettimer:interval=2000
07-06 11:05:16.575 W/migration/7(   53): type=1400 audit(0.0:10822693): avc: granted { setsched } for pid=53 scontext=u:r:kernel:s0 tcontext=u:r:kernel:s0 tclass=process
07-06 11:05:16.575 W/migration/6(   47): type=1400 audit(0.0:10822694): avc: granted { setsched } for pid=47 scontext=u:r:kernel:s0 tcontext=u:r:kernel:s0 tclass=process
07-06 11:05:16.678 E/WifiHAL (  690): enter wifi_get_link_stats
07-06 11:05:16.689 E/WificondControl( 1429): Noise: 0, Snr: -94, Chload: 52
07-06 11:05:16.692 V/HwWifiServiceFactory( 1429): get AllImpl object = com.android.server.wifi.HwWifiServiceFactoryImpl@a22847d
07-06 11:05:16.698 D/TelephonyManager( 1429): getAllCellInfo calling app is android
07-06 11:05:16.699 W/PhoneInterfaceManager( 2908): shouldBlockLocation running ...
07-06 11:05:16.699 I/PhoneInterfaceManager( 2908): shouldBlockLocation  ret:false
07-06 11:05:16.851 W/tencent.mm:push( 9121): type=1400 audit(0.0:10822695): avc: granted { read } for pid=9121 name="xlog" dev="sdcardfs" ino=24113 scontext=u:r:untrusted_app_27:s0:c156,c256,c512,c768 tcontext=u:object_r:sdcardfs:s0 tclass=dir
07-06 11:05:16.851 W/tencent.mm:push( 9121): type=1400 audit(0.0:10822696): avc: granted { read open } for pid=9121 path="/storage/emulated/0/tencent/MicroMsg/xlog" dev="sdcardfs" ino=24113 scontext=u:r:untrusted_app_27:s0:c156,c256,c512,c768 tcontext=u:object_r:sdcardfs:s0 tclass=dir
07-06 11:05:16.855 W/tencent.mm:push( 9121): type=1400 audit(0.0:10822697): avc: granted { read } for pid=9121 name="upload_size_record.ini" dev="sdcardfs" ino=83963 scontext=u:r:untrusted_app_27:s0:c156,c256,c512,c768 tcontext=u:object_r:sdcardfs:s0 tclass=file
07-06 11:05:17.860 W/AlarmManager( 1429): WAKEUP alarm talarm.operation == null,package name is: android listenerTag is: *job.delay* creator uid is: 1000
07-06 11:05:17.862 W/HwAlarmManagerService( 1429): isContainsAppUidInWorksource-->happend NameNotFoundException
07-06 11:05:17.862 I/chatty  ( 1429): uid=1000 system_server identical 1 line
07-06 11:05:17.862 W/HwAlarmManagerService( 1429): isContainsAppUidInWorksource-->happend NameNotFoundException
07-06 11:05:17.881 I/HwAlarmManagerService( 1429): hwSetAlarm listenerTag: *job.delay*
07-06 11:05:17.882 W/DevicePolicyManager( 1429): Package com.tencent.mm (uid=10156, pid=9121) cannot access Device IDs
07-06 11:05:17.882 I/JobScheduler.Time( 1429): realNextDelayExpiredElapsedMillis: 1842308260
07-06 11:05:17.884 V/BroadcastQueue( 1429): Finished with ordered broadcast BroadcastRecord{a02e7a9 u0 null}
07-06 11:05:17.884 W/TelephonyPermissions( 2908): reportAccessDeniedToReadIdentifiers:com.tencent.mm:getSubscriberId:isPreinstalled=false:isPrivApp=false
07-06 11:05:17.885 I/NetworkStats( 1429): openSessionForUsageStats, pid = 9121, pkg = com.tencent.mm
07-06 11:05:17.885 I/NetworkStats( 1429): openSessionInternal,pid = 9121
07-06 11:05:17.886 I/NetworkStats( 1429): performPollLocked, pid = 1429
07-06 11:05:17.902 I/netd    (  635): trafficSwapActiveStatsMap() <14.52ms>
07-06 11:05:17.904 W/IptablesRestoreController(  635): command: *filter
07-06 11:05:17.904 W/IptablesRestoreController(  635): -nvx -L tetherctrl_counters
07-06 11:05:17.904 W/IptablesRestoreController(  635): COMMIT
07-06 11:05:17.904 W/IptablesRestoreController(  635): .
07-06 11:05:17.906 W/IptablesRestoreController(  635): command: *filter
07-06 11:05:17.906 W/IptablesRestoreController(  635): -nvx -L tetherctrl_counters
07-06 11:05:17.906 W/IptablesRestoreController(  635): COMMIT
07-06 11:05:17.906 W/IptablesRestoreController(  635): .
07-06 11:05:17.906 I/netd    (  635): tetherGetStats() <1.76ms>
07-06 11:05:17.915 I/Finsky  (15657): [1] JobSchedulerEngine$PhoneskyJobSchedulerJobService.onStartJob(5): SCH: onJobSchedulerWakeup with jobId 9004
07-06 11:05:17.918 I/Finsky  (15657): [1] kgm.a(19): Scheduling fallback job with id: 9034, and delay: 43200000 ms
07-06 11:05:17.923 I/AlarmManager( 1429): remove alarm:Alarm{a49c1dd type 2 when 1904490294 PendingIntent{a5a289d: PendingIntentRecord{a399cb1 com.android.vending broadcastIntent}}com.android.vending procName com.android.vending} according to operation:a506d85
07-06 11:05:17.924 D/HwNetworkStatsService( 1429): hwRecordUidAndProcSnapshotLocked currentTime = 1594004716124
07-06 11:05:17.927 I/Finsky  (15657): [1] kgm.a(5): Scheduling fallback in 64799993 (absolute: 1907100060)
07-06 11:05:17.929 D/HwConnectivityServiceEx( 1429): set cache by key is 10037 interfaceName iswlan0 value is false
07-06 11:05:17.929 D/ConnectivityService( 1429): get Network state from cache, cacheBlock is 0
07-06 11:05:17.936 I/HwNetworkManagementService( 1429): request swap success.
07-06 11:05:17.936 I/NetworkStatsFactoryEx( 1429): Request swap successful.
07-06 11:05:17.936 I/NetworkStatsFactoryEx( 1429): vars recycled successful.
07-06 11:05:17.938 I/CheckinUtil( 2734): Classify the device as Phone.
07-06 11:05:17.942 D/HwNetworkStatsService( 1429): hwMaybeUidAndProcPersistLocked currentTime = 1594004716124
07-06 11:05:17.945 W//system/bin/netd(  635): A binder object at 0x72eac17080 is being transacted on, however, this object is in the same process as its proxy. Transacting with this binder is expensive compared to just calling the corresponding functionality in the same process.
07-06 11:05:17.945 I/PreDnsController(  635): canPreDnsQuery,persist.sys.predns is false!
07-06 11:05:17.945 W/DnsProxyListener(  635): GetAddrInfoHandler::run: {175 786607 175 983215 10039 0}
07-06 11:05:17.945 W/getaddrinfo(  635): android_getaddrinfofornetcontext: explore_numeric: ai_family=10 ai_socktype=1 ai_protocol=6
07-06 11:05:17.945 W/getaddrinfo(  635): android_getaddrinfofornetcontext: explore_numeric: ai_family=2 ai_socktype=1 ai_protocol=6
07-06 11:05:17.946 W/res_mkquery(  635): res_nmkquery: (QUERY, IN, A)
07-06 11:05:17.946 W/res_send(  635): res_nsend
07-06 11:05:17.946 W/res_cache(  635): _resolv_cache_lookup: lookup
07-06 11:05:17.946 W/res_send(  635): res_nsend: Querying server (# 1) address = 172.22.1.253
07-06 11:05:17.946 W/res_send(  635): res_nsend: using send_dg
07-06 11:05:17.951 W/res_send(  635): res_nsend: got answer:
07-06 11:05:17.951 E/ResolverController(  635): No valid NAT64 prefix (175, <unspecified>/0)
07-06 11:05:17.953 W/HSM_Install_BG(30730): TrafficNotifyDelegate:Current data imsi is null, so return.
07-06 11:05:17.986 D/ConnectivityService( 1429): get Network state from cache, cacheBlock is 0
07-06 11:05:17.988 I/Finsky  (15657): [1] kgv.handleMessage(10): SCH: DeviceState: DeviceState{currentTime=1594004717984, isCharging=true, isIdle=false, netAny=true, netNotRoaming=true, netUnmetered=true, batteryPercent=100.0}
07-06 11:05:17.995 I/Finsky  (15657): [4521] kjj.a(7): SCH: Jobs in database: 1-1337 12-1 24-77777777 26-1414141414 29-29 35-44269 
07-06 11:05:17.998 I/Finsky  (15657): [1] kgw.a(20): SCH: Running job: 12-1
07-06 11:05:17.999 I/Finsky  (15657): [1] ContentSyncJob.a(14): ContentSyncJob started
07-06 11:05:18.000 I/Finsky  (15657): [1] kgv.handleMessage(63): SCH: RunningQueue size: 1, PendingQueue size: 0
07-06 11:05:18.000 I/Finsky  (15657): [1] kgv.handleMessage(66): SCH: Running queue: 12-1 
07-06 11:05:18.016 I/PackageManager( 1429): getInstalledPackages cost 14 ms, flags: 1074528448, userId: 0, callingUid: 10037, callingPid: 15657
07-06 11:05:18.023 W/migration/6(   47): type=1400 audit(0.0:10822699): avc: granted { setsched } for pid=47 scontext=u:r:kernel:s0 tcontext=u:r:kernel:s0 tclass=process
07-06 11:05:18.023 W/migration/7(   53): type=1400 audit(0.0:10822700): avc: granted { setsched } for pid=53 scontext=u:r:kernel:s0 tcontext=u:r:kernel:s0 tclass=process
07-06 11:05:17.987 D/ConnectivityService( 1429): get Network state from cache, cacheBlock is 0
07-06 11:05:18.086 I/NetworkStats( 1429): openSessionForUsageStats, pid = 9121, pkg = com.tencent.mm
07-06 11:05:18.090 V/BroadcastQueue( 1429): Finished with ordered broadcast BroadcastRecord{a02e70d u0 com.tencent.mm.TrafficStatsReceiver}
07-06 11:05:18.143 W/JavaBinder(15657): BinderProxy is being destroyed but the application did not call unlinkToDeath to unlink all of its death recipients beforehand.  Releasing leaked death recipient: vis
07-06 11:05:18.191 W/migration/7(   53): type=1400 audit(0.0:10822701): avc: granted { setsched } for pid=53 scontext=u:r:kernel:s0 tcontext=u:r:kernel:s0 tclass=process
07-06 11:05:18.191 W/migration/6(   47): type=1400 audit(0.0:10822702): avc: granted { setsched } for pid=47 scontext=u:r:kernel:s0 tcontext=u:r:kernel:s0 tclass=process
07-06 11:05:18.436 W/Finsky  (15657): [4574] iub.a(48): Package com.android.apex.cts.shim not installed
07-06 11:05:18.440 W/Finsky  (15657): [4574] iub.a(48): Package com.android.runtime not installed
07-06 11:05:18.561 I/TrafficMonitor( 1429): update:rxPkts:3,txPkts:3,rxBytes:668,txBytes:430
07-06 11:05:18.561 I/TrafficMonitor( 1429): start expired. level:-1
07-06 11:05:18.561 I/TrafficMonitor( 1429): gettimer:interval=2000
07-06 11:05:18.635 I/Finsky  (15657): [4575] cva.a(29): Completed 0 account content syncs with 0 successful.
07-06 11:05:18.636 I/Finsky  (15657): [1] ContentSyncJob.a(12): Installation state replication succeeded.
07-06 11:05:18.649 I/Finsky  (15657): [1] kig.a(16): SCH: jobFinished: 12-1. TimeElapsed: 648ms.
07-06 11:05:18.649 I/Finsky  (15657): [1] kgw.a(37): SCH: Job 12-1 finished. Not rescheduling.
07-06 11:05:18.650 I/Finsky  (15657): [1] kgv.handleMessage(63): SCH: RunningQueue size: 0, PendingQueue size: 0
07-06 11:05:18.651 I/Finsky  (15657): [1] kgv.handleMessage(29): Executor finished
07-06 11:05:18.655 D/ConnectivityService( 1429): get Network state from cache, cacheBlock is 0
07-06 11:05:18.665 I/Finsky  (15657): [1] kjj.a(7): SCH: Jobs in database: 1-1337 24-77777777 26-1414141414 29-29 35-44269 
07-06 11:05:18.666 I/Finsky  (15657): [1] kfm.a(58): SCH: ConstraintMapping: 24-77777777,  -> L: 0ms, D: 80049330ms, C: false, I: true, N: 0
07-06 11:05:18.666 I/Finsky  (15657): [1] kfm.a(58): SCH: ConstraintMapping: 1-1337,  -> L: 16723762ms, D: 59923762ms, C: false, I: false, N: 1
07-06 11:05:18.666 I/Finsky  (15657): [1] kfm.a(58): SCH: ConstraintMapping: 26-1414141414, 29-29, 35-44269,  -> L: 7445ms, D: 37445ms, C: false, I: false, N: 0
07-06 11:05:18.655 D/ConnectivityService( 1429): get Network state from cache, cacheBlock is 0
07-06 11:05:18.668 W/HwAlarmManagerService( 1429): isContainsAppUidInWorksource-->happend NameNotFoundException
07-06 11:05:18.668 I/chatty  ( 1429): uid=1000(system) Binder:1429_19 identical 1 line
07-06 11:05:18.668 W/HwAlarmManagerService( 1429): isContainsAppUidInWorksource-->happend NameNotFoundException
07-06 11:05:18.672 I/HwAlarmManagerService( 1429): hwSetAlarm listenerTag: *job.delay*
07-06 11:05:18.672 I/JobScheduler.Time( 1429): realNextDelayExpiredElapsedMillis: 1843164758
07-06 11:05:18.673 W/HwAlarmManagerService( 1429): isContainsAppUidInWorksource-->happend NameNotFoundException
07-06 11:05:18.673 I/chatty  ( 1429): uid=1000(system) Binder:1429_19 identical 1 line
07-06 11:05:18.673 W/HwAlarmManagerService( 1429): isContainsAppUidInWorksource-->happend NameNotFoundException
07-06 11:05:18.676 I/HwAlarmManagerService( 1429): hwSetAlarm listenerTag: *job.deadline*
07-06 11:05:18.676 I/JobScheduler.Time( 1429): realNextJobExpiredElapsedMillis: 1843164758
07-06 11:05:18.678 I/Finsky  (15657): [1] kht.a(37): Cancelling existing jobscheduler jobs: 9005 9003 
07-06 11:05:18.678 I/Finsky  (15657): [1] kht.a(14): Throttling wakeup for job 9000 (expected to run in 0 ms) due to recent wakeup
07-06 11:05:18.678 I/Finsky  (15657): [1] kht.a(30): Scheduling job Id: 9000, L: 30000, D: 80049330, C: false, I: true, N: 0
07-06 11:05:18.679 I/Finsky  (15657): [1] kht.a(30): Scheduling job Id: 9001, L: 16723762, D: 59923762, C: false, I: false, N: 1
07-06 11:05:18.680 D/ConnectivityService( 1429): get Network state from cache, cacheBlock is 0
07-06 11:05:18.680 I/Finsky  (15657): [1] kht.a(14): Throttling wakeup for job 9002 (expected to run in 7445 ms) due to recent wakeup
07-06 11:05:18.681 I/Finsky  (15657): [1] kht.a(30): Scheduling job Id: 9002, L: 30000, D: 37445, C: false, I: false, N: 0
07-06 11:05:18.680 D/ConnectivityService( 1429): get Network state from cache, cacheBlock is 0
07-06 11:05:18.681 W/HwAlarmManagerService( 1429): isContainsAppUidInWorksource-->happend NameNotFoundException
07-06 11:05:18.681 I/chatty  ( 1429): uid=1000(system) Binder:1429_19 identical 1 line
07-06 11:05:18.681 W/HwAlarmManagerService( 1429): isContainsAppUidInWorksource-->happend NameNotFoundException
07-06 11:05:18.685 I/HwAlarmManagerService( 1429): hwSetAlarm listenerTag: *job.deadline*
07-06 11:05:18.685 I/JobScheduler.Time( 1429): realNextJobExpiredElapsedMillis: 1842338266
07-06 11:05:18.686 W/HwAlarmManagerService( 1429): isContainsAppUidInWorksource-->happend NameNotFoundException
07-06 11:05:18.686 I/chatty  ( 1429): uid=1000(system) Binder:1429_19 identical 1 line
07-06 11:05:18.686 W/HwAlarmManagerService( 1429): isContainsAppUidInWorksource-->happend NameNotFoundException
07-06 11:05:18.691 I/HwAlarmManagerService( 1429): hwSetAlarm listenerTag: *job.delay*
07-06 11:05:18.691 I/JobScheduler.Time( 1429): realNextDelayExpiredElapsedMillis: 1842330821
07-06 11:05:18.825 I/HwBatteryService( 1429): quick charge status : 0
07-06 11:05:18.825 D/HwBatteryService( 1429): onUEvent fcpStatus = 0
07-06 11:05:18.825 D/HwBatteryService( 1429): onUEvent scpStatus = 0 ,ovpStatus = 0
07-06 11:05:18.825 I/HwBatteryService( 1429): handleWirelessTxStatus
07-06 11:05:18.825 I/HwBatteryService( 1429): switch not open, return, mWirelessTxFlag : 0
07-06 11:05:18.825 W/HwBatteryService( 1429): need return. Invalid value: -1
07-06 11:05:18.825 D/HwBatteryService( 1429): setHwChargeTimeRemaining, time = -1 String time: -1
07-06 11:05:18.826 I/HwUsbDeviceManager( 1429): water_intrused state= 0
07-06 11:05:18.936 I/Vision  (27175): Details: barcode_arm64_v8a.zip, 7148dd7928c8eea7908dd940766a4073b9f639aa
07-06 11:05:18.938 I/Vision  (27175): Engine already satisfied by existing download for barcode
07-06 11:05:18.938 I/Vision  (27175): Requesting optional module download of ocr.
07-06 11:05:18.939 I/Vision  (27175): Checking for download completion for 1842361079 -- barcode,ocr
07-06 11:05:18.965 W/FetchTask( 2734): exception on config fetch: java.net.ConnectException: Failed to connect to cloudconfig.googleapis.com/172.217.27.138:443
07-06 11:05:18.965 W/FetchTask( 2734): java.net.ConnectException: Failed to connect to cloudconfig.googleapis.com/172.217.27.138:443
07-06 11:05:18.965 W/FetchTask( 2734): 	at com.android.okhttp.internal.io.RealConnection.connectSocket(RealConnection.java:147)
07-06 11:05:18.965 W/FetchTask( 2734): 	at com.android.okhttp.internal.io.RealConnection.connect(RealConnection.java:116)
07-06 11:05:18.965 W/FetchTask( 2734): 	at com.android.okhttp.internal.http.StreamAllocation.findConnection(StreamAllocation.java:186)
07-06 11:05:18.965 W/FetchTask( 2734): 	at com.android.okhttp.internal.http.StreamAllocation.findHealthyConnection(StreamAllocation.java:128)
07-06 11:05:18.965 W/FetchTask( 2734): 	at com.android.okhttp.internal.http.StreamAllocation.newStream(StreamAllocation.java:97)
07-06 11:05:18.965 W/FetchTask( 2734): 	at com.android.okhttp.internal.http.HttpEngine.connect(HttpEngine.java:289)
07-06 11:05:18.965 W/FetchTask( 2734): 	at com.android.okhttp.internal.http.HttpEngine.sendRequest(HttpEngine.java:232)
07-06 11:05:18.965 W/FetchTask( 2734): 	at com.android.okhttp.internal.huc.HttpURLConnectionImpl.execute(HttpURLConnectionImpl.java:465)
07-06 11:05:18.965 W/FetchTask( 2734): 	at com.android.okhttp.internal.huc.HttpURLConnectionImpl.connect(HttpURLConnectionImpl.java:131)
07-06 11:05:18.965 W/FetchTask( 2734): 	at com.android.okhttp.internal.huc.HttpURLConnectionImpl.getOutputStream(HttpURLConnectionImpl.java:262)
07-06 11:05:18.965 W/FetchTask( 2734): 	at com.android.okhttp.internal.huc.DelegatingHttpsURLConnection.getOutputStream(DelegatingHttpsURLConnection.java:219)
07-06 11:05:18.965 W/FetchTask( 2734): 	at com.android.okhttp.internal.huc.HttpsURLConnectionImpl.getOutputStream(HttpsURLConnectionImpl.java:30)
07-06 11:05:18.965 W/FetchTask( 2734): 	at tfi.a(:com.google.android.gms@19629037@19.6.29 (120400-278422107):7)
07-06 11:05:18.965 W/FetchTask( 2734): 	at tfi.run(:com.google.android.gms@19629037@19.6.29 (120400-278422107):139)
07-06 11:05:18.965 W/FetchTask( 2734): 	at java.lang.Thread.run(Thread.java:929)
07-06 11:05:19.397 I/NetworkQoe( 2840): checkAppStatInfoDelay:app into foregound already
07-06 11:05:19.555 I/TrafficMonitor( 1429): expired arrive. level:-1
07-06 11:05:19.555 I/TrafficMonitor( 1429): during_ms:2004,period_ms:2000
07-06 11:05:19.555 I/TrafficMonitor( 1429): count:84,rx_sum:3,tx_sum:3,rxBytes:668,during_ms:2004,rx_speed:333.3333333333333,tx_speed:214.57085828343313,rto:1.0
07-06 11:05:19.705 E/WifiHAL (  690): enter wifi_get_link_stats
07-06 11:05:19.715 E/WificondControl( 1429): Noise: 0, Snr: -93, Chload: 53
07-06 11:05:19.719 V/HwWifiServiceFactory( 1429): get AllImpl object = com.android.server.wifi.HwWifiServiceFactoryImpl@a22847d
07-06 11:05:19.725 D/TelephonyManager( 1429): getAllCellInfo calling app is android
07-06 11:05:19.726 W/PhoneInterfaceManager( 2908): shouldBlockLocation running ...
07-06 11:05:19.726 I/PhoneInterfaceManager( 2908): shouldBlockLocation  ret:false
07-06 11:05:20.563 I/TrafficMonitor( 1429): update:rxPkts:0,txPkts:0,rxBytes:0,txBytes:0
07-06 11:05:20.563 I/TrafficMonitor( 1429): start expired. level:-1
07-06 11:05:20.563 I/TrafficMonitor( 1429): gettimer:interval=2000
07-06 11:05:21.053 D/HwConnectivityServiceEx( 1429): set cache by key is 10037 interfaceName iswlan0 value is false
07-06 11:05:21.053 D/ConnectivityService( 1429): get Network state from cache, cacheBlock is 0
07-06 11:05:21.504 I/netd    (  635): trafficSwapActiveStatsMap() <13.59ms>
07-06 11:05:21.510 E/AppInfoMgr( 2895): not find pkgs by uid: 1051
07-06 11:05:21.510 I/DownloadState( 2895): singleUid: 10037 [com.android.vending] speed: 318 real speed: 316 (rxB:874 txB:716 rxP:4 txP:4) scroff: false
07-06 11:05:21.518 I/DownloadState( 2895): shareUid: 0 /system/bin/netd transmitting data speed : 60 bytes/s (rxB:231 txB:72 rxP:1 txP:1 iface:1) scroff: false
07-06 11:05:22.454 I/aptouch_daemon( 2788): filter_touch_detect, down, in: 1, out: 1
07-06 11:05:22.455 D/libfingersense_wrapper( 1429): Calling fingersense_classify_touch()
07-06 11:05:22.460 D/libfingersense_wrapper( 1429): fingersense_classify_touch() finished
07-06 11:05:22.466 W/Settings(15888): Setting device_provisioned has moved from android.provider.Settings.Secure to android.provider.Settings.Global.
07-06 11:05:22.468 V/HiTouch_HiTouchSensor(15888): User setup is finished.
07-06 11:05:22.510 I/HwViewRootImpl(15888): removeInvalidNode all the node in jank list is out of time
07-06 11:05:22.527 I/aptouch_daemon( 2788): filter_touch_detect, all_touch_up
07-06 11:05:22.541 V/AudioManager(15888): querySoundEffectsEnabled...
07-06 11:05:22.546 D/HwFrameworkSecurityPartsFactory(15888): HwFrameworkSecurityPartsFactory in.
07-06 11:05:22.546 I/HwFrameworkSecurityPartsFactory(15888): add HwFrameworkSecurityPartsFactory to memory.
07-06 11:05:22.549 I/ActivityTaskManager( 1429): START u0 {hwFlg=0x10 cmp=cn.carbs.wricheditor/.TestLibActivity} from uid 11189
07-06 11:05:22.550 I/ActivityTaskManager( 1429): ActivityRecord info: ActivityInfo{a0cf84b cn.carbs.wricheditor.TestLibActivity}
07-06 11:05:22.551 D/ActivityTaskManager( 1429): TaskLaunchParamsModifier:task=null activity=ActivityRecord{a4e74e9 u0 cn.carbs.wricheditor/.TestLibActivity t-1} display-from-source=0 display-id=0 display-windowing-mode=1
07-06 11:05:22.551 D/ActivityTaskManager( 1429): TaskLaunchParamsModifier:task=null activity=ActivityRecord{a4e74e9 u0 cn.carbs.wricheditor/.TestLibActivity t-1} display-from-source=0 display-id=0 display-windowing-mode=1 activity-options-fullscreen=Rect(0, 0 - 0, 0) non-freeform-display maximized-bounds
07-06 11:05:22.551 V/ActivityTaskManager( 1429): positionChild stackId=785 to top.
07-06 11:05:22.552 V/ActivityTaskManager( 1429): addAppToken: AppWindowToken{a089b99 token=Token{a525bad ActivityRecord{a4e74e9 u0 cn.carbs.wricheditor/.TestLibActivity t782}}} task={taskId=782 appTokens=[AppWindowToken{a3e8d35 token=Token{a4e38d1 ActivityRecord{a0d1cb1 u0 cn.carbs.wricheditor/.MainActivity t782}}}] mdr=false} at 2147483647
07-06 11:05:22.556 D/ScreemCommon(  921): <LOGMGR> <SceneStart> [Entry]
07-06 11:05:22.557 D/ScreemCommon(  921): <LOGMGR> <SceneStart> [new scene start 444281769]
07-06 11:05:22.566 W/        (  877): iawared: write t_pid = 15528 failed, errno = 3
07-06 11:05:22.567 I/PGServer( 2895): android calls fast HApps
07-06 11:05:22.567 I/AppFastHibernation( 2895): fast H duration: 1500 reason: start activity
07-06 11:05:22.568 I/Pged-IPgedBinderService(  877): ****action is 1, pid num is 3***
07-06 11:05:22.568 I/Pged-Freezer(  877): freezePids
07-06 11:05:22.568 I/Pged-Freezer(  877): Freeze process: 28656
07-06 11:05:22.568 I/TrafficMonitor( 1429): update:rxPkts:2,txPkts:2,rxBytes:437,txBytes:358
07-06 11:05:22.568 I/TrafficMonitor( 1429): start expired. level:-1
07-06 11:05:22.568 I/TrafficMonitor( 1429): gettimer:interval=2000
07-06 11:05:22.568 I/Pged-Freezer(  877): Freeze process: 14566
07-06 11:05:22.563 W/migration/6(   47): type=1400 audit(0.0:10822703): avc: granted { setsched } for pid=47 scontext=u:r:kernel:s0 tcontext=u:r:kernel:s0 tclass=process
07-06 11:05:22.563 W/migration/7(   53): type=1400 audit(0.0:10822704): avc: granted { setsched } for pid=53 scontext=u:r:kernel:s0 tcontext=u:r:kernel:s0 tclass=process
07-06 11:05:22.568 D/PgedBinderAdapter( 2895): F_Z ok, pid: [28656, 14566]
07-06 11:05:22.577 V/ActivityTaskManager( 1429): Making visible and scheduling visibility: ActivityRecord{a4e74e9 u0 cn.carbs.wricheditor/.TestLibActivity t782}
07-06 11:05:22.579 D/ZrHung.AppEyeFocusWindow( 1429): FocusWindowErrorScene CheckFreezeScreen
07-06 11:05:22.581 W/ActivityThread(15888): handleWindowVisibility: no activity for token android.os.BinderProxy@3a03c2e
07-06 11:05:22.581 I/HwAudioServiceEx( 1429): ComponentInfo : className = cn.carbs.wricheditor.MainActivity, flag=onPause, isHomeActivity=, isTop=false
07-06 11:05:22.581 W/SecurityProfileService( 1429): Activity life state callback extras get package null!
07-06 11:05:22.582 D/DollieActivityManagerAdapter( 2840): [Paused] pid:15888 uid:11189 ComponentInfo{cn.carbs.wricheditor/cn.carbs.wricheditor.MainActivity} uidState:2
07-06 11:05:22.585 V/ActivityThread(15888): callActivityOnCreate
07-06 11:05:22.613 D/ActivityThread(15888): add activity client record, r= ActivityRecord{c39678f token=android.os.BinderProxy@3a03c2e {cn.carbs.wricheditor/cn.carbs.wricheditor.TestLibActivity}} token= android.os.BinderProxy@3a03c2e
07-06 11:05:22.626 V/WindowManager( 1429): addWindow: Window{a224529 u0 cn.carbs.wricheditor/cn.carbs.wricheditor.TestLibActivity}
07-06 11:05:22.627 I/HwAudioServiceEx( 1429): ComponentInfo : className = cn.carbs.wricheditor.TestLibActivity, flag=onResume, isHomeActivity=, isTop=true
07-06 11:05:22.628 W/SecurityProfileService( 1429): Activity life state callback extras get package null!
07-06 11:05:22.628 I/OPCollectLog( 2784): AppChangeImpl:call onAppChange.
07-06 11:05:22.628 I/OPCollectLog( 2784): HwForegroundAppAction:handleMessage 
07-06 11:05:22.628 D/OPCollectLog( 2784): HwForegroundAppAction:FG executeWithArgs
07-06 11:05:22.628 I/OPCollectLog( 2784): OPCollectUtils:ODMF Api Version:2.14.1
07-06 11:05:22.628 I/OPCollectLog( 2784): Action:HwForegroundAppAction executed successfully
07-06 11:05:22.628 D/OPCollectLog( 2784): OdmfCollectScheduler:handleMessage msg: 4
07-06 11:05:22.628 I/OPCollectLog( 2784): OdmfHelper:opcollectCache 1
07-06 11:05:22.628 I/OPCollectLog( 2784): OdmfHelper:opcollectCache curTime: 1842304769, interval: 15006
07-06 11:05:22.630 D/DollieActivityManagerAdapter( 2840): [Resumed] bg:false pid:15888 uid:11189 ComponentInfo{cn.carbs.wricheditor/cn.carbs.wricheditor.TestLibActivity}
07-06 11:05:22.630 E/DollieAdapterService( 2840): notifyActivityState pkg:cn.carbs.wricheditor/cn.carbs.wricheditor.TestLibActivity state:2 fg:true mUid:11189
07-06 11:05:22.631 D/HiTouch_PressGestureDetector(15888): onAttached, package=cn.carbs.wricheditor, windowType=1, mHiTouchRestricted=false
07-06 11:05:22.631 I/OPCollectLog( 2784): OdmfHelper:isCharging: true
07-06 11:05:22.634 I/OPCollectLog( 2784): OdmfHelper:insert database success 
07-06 11:05:22.634 I/OPCollectLog( 2784): OdmfHelper:opcollectCache size: 1
07-06 11:05:22.634 I/OPCollectLog( 2784): OdmfHelper:opcollectCache lastTime: 1842304775
07-06 11:05:22.643 D/ZrHung.AppEyeFocusWindow( 1429): FocusWindowErrorScene cancelCheckFreezeScreen
07-06 11:05:22.643 D/ZrHung.AppEyeTransparentWindow( 1429): TransparentWindow mHungConfigStatus = 0,mHungConfigEnable = 1
07-06 11:05:22.643 I/StatusBarDisable( 1429): setFlags what=0 which=1 pkg=Window{a224529 u0 cn.carbs.wricheditor/cn.carbs.wricheditor.TestLibActivity}
07-06 11:05:22.646 D/mali_winsys(15888): EGLint new_window_surface(egl_winsys_display *, void *, EGLSurface, EGLConfig, egl_winsys_surface **, EGLBoolean) returns 0x3000
07-06 11:05:22.649 I/GRALLOC (  657): getCallingPid=696, shrFd=11,fmt=0x1,intFmt=0x200000001,btStrd=4352,size=10399744,pid=657 
07-06 11:05:22.649 I/GRALLOC (  657): 	 yuv=2,w=1080,h=2340,Stride u=0 v=0,offset u=0 v=0 
07-06 11:05:22.649 I/GRALLOC (  657): 	 iova_size=10399744,conUsg=0xb00,proUsg=0xb00,	 strd=1088,[afbc]HdrStrd=1088 PyldStrd=69632 Scrmbl=2,ionhnd = 0 
07-06 11:05:22.657 I/GRALLOC (  657): getCallingPid=696, shrFd=11,fmt=0x1,intFmt=0x200000001,btStrd=4352,size=10399744,pid=657 
07-06 11:05:22.657 I/GRALLOC (  657): 	 yuv=2,w=1080,h=2340,Stride u=0 v=0,offset u=0 v=0 
07-06 11:05:22.657 I/GRALLOC (  657): 	 iova_size=10399744,conUsg=0xb00,proUsg=0xb00,	 strd=1088,[afbc]HdrStrd=1088 PyldStrd=69632 Scrmbl=2,ionhnd = 0 
07-06 11:05:22.663 I/GRALLOC (  657): getCallingPid=696, shrFd=11,fmt=0x1,intFmt=0x200000001,btStrd=4352,size=10399744,pid=657 
07-06 11:05:22.663 I/GRALLOC (  657): 	 yuv=2,w=1080,h=2340,Stride u=0 v=0,offset u=0 v=0 
07-06 11:05:22.663 I/GRALLOC (  657): 	 iova_size=10399744,conUsg=0xb00,proUsg=0xb00,	 strd=1088,[afbc]HdrStrd=1088 PyldStrd=69632 Scrmbl=2,ionhnd = 0 
07-06 11:05:22.665 D/OpenGLRenderer(15888): disableOutlineDraw is true
07-06 11:05:22.665 I/HwWindowManagerServiceEx( 1429): closing apps count = 1
07-06 11:05:22.667 D/HwWindowManagerServiceEx( 1429): is app exit to launcher info: transit = 6, app = AppWindowToken{a3e8d35 token=Token{a4e38d1 ActivityRecord{a0d1cb1 u0 cn.carbs.wricheditor/.MainActivity t782}}}, window = Window{9e1aa99 u0 cn.carbs.wricheditor/cn.carbs.wricheditor.MainActivity}, mClosingApps = {AppWindowToken{a3e8d35 token=Token{a4e38d1 ActivityRecord{a0d1cb1 u0 cn.carbs.wricheditor/.MainActivity t782}}}}, topOpeningApp = AppWindowToken{a089b99 token=Token{a525bad ActivityRecord{a4e74e9 u0 cn.carbs.wricheditor/.TestLibActivity t782}}}, mExitIconBitmap = null, mExitIconHeight = -1, mExitIconWidth = -1
07-06 11:05:22.667 E/WindowManager( 1429): icon is null!!
07-06 11:05:22.669 D/HwWindowManagerServiceEx( 1429): is app exit to launcher info: transit = 6, app = AppWindowToken{a089b99 token=Token{a525bad ActivityRecord{a4e74e9 u0 cn.carbs.wricheditor/.TestLibActivity t782}}}, window = Window{a224529 u0 cn.carbs.wricheditor/cn.carbs.wricheditor.TestLibActivity}, mClosingApps = {AppWindowToken{a3e8d35 token=Token{a4e38d1 ActivityRecord{a0d1cb1 u0 cn.carbs.wricheditor/.MainActivity t782}}}}, topOpeningApp = AppWindowToken{a089b99 token=Token{a525bad ActivityRecord{a4e74e9 u0 cn.carbs.wricheditor/.TestLibActivity t782}}}, mExitIconBitmap = null, mExitIconHeight = -1, mExitIconWidth = -1
07-06 11:05:22.669 E/WindowManager( 1429): icon is null!!
07-06 11:05:22.681 D/ScreemCommon(  921): <LOGMGR> <complete_pm> [Entry]
07-06 11:05:22.729 E/WifiHAL (  690): enter wifi_get_link_stats
07-06 11:05:22.738 E/WificondControl( 1429): Noise: 0, Snr: -91, Chload: 56
07-06 11:05:22.739 V/HwWifiServiceFactory( 1429): get AllImpl object = com.android.server.wifi.HwWifiServiceFactoryImpl@a22847d
07-06 11:05:22.740 D/ScreemCommon(  921): <LOGMGR> <complete_pm> [Entry]
07-06 11:05:22.743 D/TelephonyManager( 1429): getAllCellInfo calling app is android
07-06 11:05:22.743 W/PhoneInterfaceManager( 2908): shouldBlockLocation running ...
07-06 11:05:22.743 I/PhoneInterfaceManager( 2908): shouldBlockLocation  ret:false
07-06 11:05:23.025 E/BufferQueueProducer(  696): [cn.carbs.wricheditor/cn.carbs.wricheditor.MainActivity#0]:1338: disconnect: not connected (req=1)
07-06 11:05:23.025 W/libEGL  (15888): EGLNativeWindowType 0x7243421950 disconnect failed
07-06 11:05:23.038 V/WindowManager( 1429): notifyAppStopped: AppWindowToken{a3e8d35 token=Token{a4e38d1 ActivityRecord{a0d1cb1 u0 cn.carbs.wricheditor/.MainActivity t782}}}
07-06 11:05:23.038 E/WindowManager( 1429): win=Window{9e1aa99 u0 cn.carbs.wricheditor/cn.carbs.wricheditor.MainActivity} destroySurfaces: appStopped=true win.mWindowRemovalAllowed=false win.mRemoveOnExit=false
07-06 11:05:23.047 D/ScreemCommon(  921): <LOGMGR> <SceneEnd> [Entry]
07-06 11:05:23.047 D/ScreemCommon(  921): <LOGMGR> <SceneEnd> [scene status ok,status:1 lastId:444281769]
07-06 11:05:23.064 D/ScreemCommon(  921): <LOGMGR> <complete_pm> [Entry]
07-06 11:05:23.064 D/ScreemCommon(  921): <LOGMGR> <SceneClose> [Entry]
07-06 11:05:23.064 D/ScreemCommon(  921): <LOGMGR> <SceneClose> [scene status ok,status:2 lastId:444281769]
07-06 11:05:23.143 W/migration/7(   53): type=1400 audit(0.0:10822705): avc: granted { setsched } for pid=53 scontext=u:r:kernel:s0 tcontext=u:r:kernel:s0 tclass=process
07-06 11:05:23.515 I/aptouch_daemon( 2788): filter_touch_detect, down, in: 1, out: 1
07-06 11:05:23.517 D/libfingersense_wrapper( 1429): Calling fingersense_classify_touch()
07-06 11:05:23.521 D/libfingersense_wrapper( 1429): fingersense_classify_touch() finished
07-06 11:05:23.525 W/Settings(15888): Setting device_provisioned has moved from android.provider.Settings.Secure to android.provider.Settings.Global.
07-06 11:05:23.525 V/HiTouch_HiTouchSensor(15888): User setup is finished.
07-06 11:05:23.572 I/aptouch_daemon( 2788): filter_touch_detect, all_touch_up
07-06 11:05:23.605 V/AudioManager(15888): querySoundEffectsEnabled...
07-06 11:05:23.614 E/vendor.huawei.hardware.hwvibrator@1.1-service(  681): CheckHaptics: not support haptic effect
07-06 11:05:23.614 I/HwInnerVibratorService( 1429): isSupportHwVibrator type:haptic.control.text_edit, isSupport:-1
07-06 11:05:23.614 I/HwInnerVibratorService( 1429): isSupportHwVibrator type:haptic.control.text_choose_cursor_move, isSupport:-1
07-06 11:05:23.614 E/vendor.huawei.hardware.hwvibrator@1.1-service(  681): CheckHaptics: not support haptic effect
07-06 11:05:23.615 I/BlockMonitor(15888): dispatchingThrewException In MainThread
07-06 11:05:23.615 D/AndroidRuntime(15888): Shutting down VM
07-06 11:05:23.616 I/QarthLog(15888): [PatchStore] createDisableExceptionQarthFile
07-06 11:05:23.616 I/QarthLog(15888): [PatchStore] create disable file for cn.carbs.wricheditor uid is 11189
--------- beginning of crash
07-06 11:05:23.617 E/AndroidRuntime(15888): FATAL EXCEPTION: main
07-06 11:05:23.617 E/AndroidRuntime(15888): Process: cn.carbs.wricheditor, PID: 15888
07-06 11:05:23.617 E/AndroidRuntime(15888): java.lang.NullPointerException: Attempt to invoke virtual method 'java.util.Set cn.carbs.wricheditor.library.WRichEditorView.getRichTypes()' on a null object reference
07-06 11:05:23.617 E/AndroidRuntime(15888): 	at cn.carbs.wricheditor.library.WRichEditor.onSelectionChanged(WRichEditor.java:36)
07-06 11:05:23.617 E/AndroidRuntime(15888): 	at android.widget.TextView.spanChange(TextView.java:10767)
07-06 11:05:23.617 E/AndroidRuntime(15888): 	at android.widget.TextView$ChangeWatcher.onSpanAdded(TextView.java:13568)
07-06 11:05:23.617 E/AndroidRuntime(15888): 	at android.text.SpannableStringBuilder.sendSpanAdded(SpannableStringBuilder.java:1295)
07-06 11:05:23.617 E/AndroidRuntime(15888): 	at android.text.SpannableStringBuilder.setSpan(SpannableStringBuilder.java:785)
07-06 11:05:23.617 E/AndroidRuntime(15888): 	at android.text.SpannableStringBuilder.setSpan(SpannableStringBuilder.java:684)
07-06 11:05:23.617 E/AndroidRuntime(15888): 	at android.text.Selection.setSelection(Selection.java:96)
07-06 11:05:23.617 E/AndroidRuntime(15888): 	at android.text.Selection.setSelection(Selection.java:78)
07-06 11:05:23.617 E/AndroidRuntime(15888): 	at android.text.Selection.setSelection(Selection.java:153)
07-06 11:05:23.617 E/AndroidRuntime(15888): 	at android.text.method.ArrowKeyMovementMethod.initialize(ArrowKeyMovementMethod.java:312)
07-06 11:05:23.617 E/AndroidRuntime(15888): 	at android.widget.TextView.setText(TextView.java:6314)
07-06 11:05:23.617 E/AndroidRuntime(15888): 	at android.widget.TextView.setText(TextView.java:6154)
07-06 11:05:23.617 E/AndroidRuntime(15888): 	at android.widget.EditText.setText(EditText.java:122)
07-06 11:05:23.617 E/AndroidRuntime(15888): 	at android.widget.TextView.<init>(TextView.java:1673)
07-06 11:05:23.617 E/AndroidRuntime(15888): 	at android.widget.EditText.<init>(EditText.java:88)
07-06 11:05:23.617 E/AndroidRuntime(15888): 	at android.widget.EditText.<init>(EditText.java:84)
07-06 11:05:23.617 E/AndroidRuntime(15888): 	at android.widget.EditText.<init>(EditText.java:80)
07-06 11:05:23.617 E/AndroidRuntime(15888): 	at android.widget.EditText.<init>(EditText.java:76)
07-06 11:05:23.617 E/AndroidRuntime(15888): 	at cn.carbs.wricheditor.library.WRichEditor.<init>(WRichEditor.java:21)
07-06 11:05:23.617 E/AndroidRuntime(15888): 	at cn.carbs.wricheditor.TestLibActivity$2.onClick(TestLibActivity.java:46)
07-06 11:05:23.617 E/AndroidRuntime(15888): 	at android.view.View.performClick(View.java:7189)
07-06 11:05:23.617 E/AndroidRuntime(15888): 	at android.view.View.performClickInternal(View.java:7163)
07-06 11:05:23.617 E/AndroidRuntime(15888): 	at android.view.View.access$3500(View.java:821)
07-06 11:05:23.617 E/AndroidRuntime(15888): 	at android.view.View$PerformClick.run(View.java:27579)
07-06 11:05:23.617 E/AndroidRuntime(15888): 	at android.os.Handler.handleCallback(Handler.java:888)
07-06 11:05:23.617 E/AndroidRuntime(15888): 	at android.os.Handler.dispatchMessage(Handler.java:100)
07-06 11:05:23.617 E/AndroidRuntime(15888): 	at android.os.Looper.loop(Looper.java:213)
07-06 11:05:23.617 E/AndroidRuntime(15888): 	at android.app.ActivityThread.main(ActivityThread.java:8147)
07-06 11:05:23.617 E/AndroidRuntime(15888): 	at java.lang.reflect.Method.invoke(Native Method)
07-06 11:05:23.617 E/AndroidRuntime(15888): 	at com.android.internal.os.RuntimeInit$MethodAndArgsCaller.run(RuntimeInit.java:513)
07-06 11:05:23.617 E/AndroidRuntime(15888): 	at com.android.internal.os.ZygoteInit.main(ZygoteInit.java:1101)
07-06 11:05:23.619 W/ActivityTaskManager( 1429):   finishTopCrashedActivityLocked Force finishing activity cn.carbs.wricheditor/.TestLibActivity
07-06 11:05:23.621 I/DropBoxManagerService( 1429): add tag=data_app_crash isTagEnabled=true flags=0x2
07-06 11:05:23.625 I/QarthDisFileCreator( 1429): pattern not match
07-06 11:05:23.626 I/UsageStatsService( 1429): User[0] Results: 347
07-06 11:05:23.627 I/RMS.AppResource( 1429): HwSysSpeedRes is threshold Overload  id=11189 pkg=cn.carbs.wricheditor threshold=3 OverloadPeriod=0 maxPeriod=0
07-06 11:05:23.627 I/RMS.HwSysResManagerService( 1429): dispatchProcessDied pkg:cn.carbs.wricheditor
07-06 11:05:23.627 I/Process (15888): Sending signal. PID: 15888 SIG: 9
07-06 11:05:23.623 W/migration/6(   47): type=1400 audit(0.0:10822707): avc: granted { setsched } for pid=47 scontext=u:r:kernel:s0 tcontext=u:r:kernel:s0 tclass=process
07-06 11:05:23.632 E/iMonitor(  921): FaultDetect: DumptoolPrintf return.
07-06 11:05:23.632 E/iMonitor(  921): FaultDetect: FaultEngineTracePrintf return.
07-06 11:05:23.636 E/iMonitor(  921): FaultDetect: DumptoolPrintf return.
07-06 11:05:23.636 I/chatty  (  921): uid=0(root) RFD_TASK1 identical 1 line
07-06 11:05:23.637 E/iMonitor(  921): FaultDetect: DumptoolPrintf return.
07-06 11:05:23.637 E/iMonitor(  921): FaultDetect: FaultEngineTracePrintf return.
07-06 11:05:23.637 I/chatty  (  921): uid=0(root) RFD_TASK1 identical 1 line
07-06 11:05:23.637 E/iMonitor(  921): FaultDetect: FaultEngineTracePrintf return.
07-06 11:05:23.637 E/iMonitor(  921): FaultDetect: DumptoolPrintf return.
07-06 11:05:23.638 I/chatty  (  921): uid=0(root) RFD_TASK2 identical 5 lines
07-06 11:05:23.639 E/iMonitor(  921): FaultDetect: DumptoolPrintf return.
07-06 11:05:23.631 W/RFD_TASK2(  921): type=1400 audit(0.0:10822709): avc: denied { dac_read_search } for pid=921 capability=2 scontext=u:r:logserver:s0 tcontext=u:r:logserver:s0 tclass=capability permissive=0
07-06 11:05:23.631 W/RFD_TASK2(  921): type=1400 audit(0.0:10822710): avc: denied { dac_override } for pid=921 capability=1 scontext=u:r:logserver:s0 tcontext=u:r:logserver:s0 tclass=capability permissive=0
07-06 11:05:23.640 E/iMonitor(  921): FaultDetect: DumptoolPrintf return.
07-06 11:05:23.641 I/chatty  (  921): uid=0(root) RFD_TASK2 identical 2 lines
07-06 11:05:23.641 E/iMonitor(  921): FaultDetect: DumptoolPrintf return.
07-06 11:05:23.644 D/PGGoogleServicePolicy( 1429): prevent gms/gsf hold partial wakelock
07-06 11:05:23.645 D/PGGoogleServicePolicy( 1429): prevent gms/gsf hold partial wakelock
07-06 11:05:23.646 V/BroadcastQueue( 1429): Finished with ordered broadcast BroadcastRecord{a02e775 u0 android.intent.action.DROPBOX_ENTRY_ADDED}
07-06 11:05:23.654 E/iMonitor(  921): FaultDetect: DumptoolPrintf return.
07-06 11:05:23.662 I/chatty  (  921): uid=0(root) RFD_TASK2 identical 24 lines
07-06 11:05:23.663 E/iMonitor(  921): FaultDetect: DumptoolPrintf return.
07-06 11:05:23.663 W/InputDispatcher( 1429): channel 'a224529 cn.carbs.wricheditor/cn.carbs.wricheditor.TestLibActivity (server)' ~ Consumer closed input channel or an error occurred.  events=0x9
07-06 11:05:23.663 E/InputDispatcher( 1429): channel 'a224529 cn.carbs.wricheditor/cn.carbs.wricheditor.TestLibActivity (server)' ~ Channel is unrecoverably broken and will be disposed!
07-06 11:05:23.663 I/WindowManager( 1429): WINDOW DIED Window{a224529 u0 cn.carbs.wricheditor/cn.carbs.wricheditor.TestLibActivity}
07-06 11:05:23.663 E/iMonitor(  921): FaultDetect: DumptoolPrintf return.
07-06 11:05:23.664 V/WindowManager( 1429): removeIfPossible: Window{a224529 u0 cn.carbs.wricheditor/cn.carbs.wricheditor.TestLibActivity} callers=com.android.server.wm.WindowState.removeIfPossible:5505060 com.android.server.wm.InputManagerCallback.notifyInputChannelBroken:16360660 com.android.server.input.InputManagerService.notifyInputChannelBroken:18536052 <bottom of call stack> <bottom of call stack> 
07-06 11:05:23.664 W/InputDispatcher( 1429): Attempted to unregister already unregistered input channel 'a224529 cn.carbs.wricheditor/cn.carbs.wricheditor.TestLibActivity (server)'
07-06 11:05:23.664 V/WindowManager( 1429): Not removing Window{a224529 u0 cn.carbs.wricheditor/cn.carbs.wricheditor.TestLibActivity EXITING} due to exit animation 
07-06 11:05:23.664 E/iMonitor(  921): FaultDetect: FaultEngineTracePrintf return.
07-06 11:05:23.664 E/iMonitor(  921): FaultDetect: DumptoolPrintf return.
07-06 11:05:23.664 D/ZrHung.AppEyeFocusWindow( 1429): FocusWindowErrorScene CheckFreezeScreen
07-06 11:05:23.664 D/ZrHung.AppEyeTransparentWindow( 1429): TransparentWindow cancelCheckFreezeScreen
07-06 11:05:23.665 E/iMonitor(  921): FaultDetect: DumptoolPrintf return.
07-06 11:05:23.665 I/        (  921): PrivacyPolicy::queryPName()
07-06 11:05:23.665 D/        (  921): External::GetAppType Begin
07-06 11:05:23.665 W/InputDispatcher( 1429): channel '9e1aa99 cn.carbs.wricheditor/cn.carbs.wricheditor.MainActivity (server)' ~ Consumer closed input channel or an error occurred.  events=0x9
07-06 11:05:23.665 E/InputDispatcher( 1429): channel '9e1aa99 cn.carbs.wricheditor/cn.carbs.wricheditor.MainActivity (server)' ~ Channel is unrecoverably broken and will be disposed!
07-06 11:05:23.665 I/WindowManager( 1429): WINDOW DIED Window{9e1aa99 u0 cn.carbs.wricheditor/cn.carbs.wricheditor.MainActivity}
07-06 11:05:23.665 D/        (  921): External::GetAppType End
