--------- beginning of main
07-09 18:32:39.805 W/System  (22644): A resource failed to call close. 
07-09 18:32:39.805 I/chatty  (22644): uid=10109(com.huawei.hwid) FinalizerDaemon identical 1 line
07-09 18:32:39.805 W/System  (22644): A resource failed to call close. 
07-09 18:32:40.020 I/TrafficMonitor( 1709): update:rxPkts:0,txPkts:0,rxBytes:0,txBytes:0
07-09 18:32:40.020 I/TrafficMonitor( 1709): start expired. level:-1
07-09 18:32:40.020 I/TrafficMonitor( 1709): gettimer:interval=2000
07-09 18:32:40.399 W/migration/7(   53): type=1400 audit(0.0:14765): avc: granted { setsched } for pid=53 scontext=u:r:kernel:s0 tcontext=u:r:kernel:s0 tclass=process
07-09 18:32:40.399 W/migration/6(   47): type=1400 audit(0.0:14766): avc: granted { setsched } for pid=47 scontext=u:r:kernel:s0 tcontext=u:r:kernel:s0 tclass=process
07-09 18:32:40.432 I/HwWifiProServiceProxy( 1709): ctrlHwWifiNetwork pkgName: WIFIPRO_SERVICE interfaceId: 8
07-09 18:32:40.433 I/HwWifiProServiceProxy( 1709): ctrlHwWifiNetwork pkgName: WIFIPRO_SERVICE interfaceId: 80
07-09 18:32:40.442 I/HwQoeQualityMonitor( 1709): rttTime=144, rttPacketNum=9, tcpTxPacket=33, tcpRxPacket=35, tcpReSendPacket=0
07-09 18:32:40.443 I/HwQoeQualityMonitor( 1709): MSG_GET_TCP_INFO no data times = 1
07-09 18:32:41.168 I/HwNaturalBase( 3013): [CommonHandler]: 29616Kb ram is used.
07-09 18:32:41.363 D/AwareBitmapCacher(22584): handleInit disable com.android.packageinstaller
07-09 18:32:41.444 I/HwWifiProServiceProxy( 1709): ctrlHwWifiNetwork pkgName: WIFIPRO_SERVICE interfaceId: 8
07-09 18:32:41.445 I/HwWifiProServiceProxy( 1709): ctrlHwWifiNetwork pkgName: WIFIPRO_SERVICE interfaceId: 80
07-09 18:32:41.448 I/HwQoeQualityMonitor( 1709): rttTime=144, rttPacketNum=9, tcpTxPacket=33, tcpRxPacket=35, tcpReSendPacket=0
07-09 18:32:41.449 I/HwQoeQualityMonitor( 1709): MSG_GET_TCP_INFO no data times = 2
--------- beginning of system
07-09 18:32:41.969 I/AppEyeFwkBlock( 1709): do monitor
07-09 18:32:42.024 I/TrafficMonitor( 1709): update:rxPkts:0,txPkts:0,rxBytes:0,txBytes:0
07-09 18:32:42.024 I/TrafficMonitor( 1709): start expired. level:-1
07-09 18:32:42.024 I/TrafficMonitor( 1709): gettimer:interval=2000
07-09 18:32:42.149 E/WifiHAL (  717): enter wifi_get_link_stats
07-09 18:32:42.151 I/WificondControl( 1709): Noise: -89, Snr: 127, Chload: 225, rssi: -56, txBitrate: 144, rxBitrate: 0, frequency: 5745, UlDelay: -1, currentTxBytes: 21768937, currentTxPackets: 212259, currentTxFailed: 13, currentRxBytes: 604725969, currentRxPackets: 390233
07-09 18:32:42.154 V/HwWifiServiceFactory( 1709): get AllImpl object = com.android.server.wifi.HwWifiServiceFactoryImpl@9248345
07-09 18:32:42.160 I/TelephonyManager( 1709): getAllCellInfo calling app is android
07-09 18:32:42.161 W/PhoneInterfaceManager( 3329): shouldBlockLocation running ...
07-09 18:32:42.161 I/PhoneInterfaceManager( 3329): shouldBlockLocation  ret:false
07-09 18:32:42.450 I/HwWifiProServiceProxy( 1709): ctrlHwWifiNetwork pkgName: WIFIPRO_SERVICE interfaceId: 8
07-09 18:32:42.451 I/HwWifiProServiceProxy( 1709): ctrlHwWifiNetwork pkgName: WIFIPRO_SERVICE interfaceId: 80
07-09 18:32:42.461 I/HwQoeQualityMonitor( 1709): rttTime=144, rttPacketNum=9, tcpTxPacket=33, tcpRxPacket=35, tcpReSendPacket=0
07-09 18:32:42.462 I/HwQoeQualityMonitor( 1709): MSG_GET_TCP_INFO no data times = 3
07-09 18:32:42.652 D/ZrHung.AppEyeTransparentWindow( 1709): handleMessage CHECK_TRANS_WINDOW_ERROR_MSG
07-09 18:32:42.775 D/AwareBitmapCacher(22644): handleInit disable com.huawei.hwid
07-09 18:32:42.914 I/HwBatteryService( 1709): quick charge status : 0
07-09 18:32:42.914 D/HwBatteryService( 1709): onUEvent fcpStatus = 0
07-09 18:32:42.914 D/HwBatteryService( 1709): onUEvent scpStatus = 0 ,ovpStatus = 0
07-09 18:32:42.914 I/HwBatteryService( 1709): handleWirelessTxStatus
07-09 18:32:42.914 I/HwBatteryService( 1709): switch not open, return, mWirelessTxFlag : 0
07-09 18:32:42.914 W/HwBatteryService( 1709): need return. Invalid value: -1
07-09 18:32:42.914 D/HwBatteryService( 1709): setHwChargeTimeRemaining, time = -1 String time: -1
07-09 18:32:42.940 W/KeyguardUpdateMonitor( 2645): ACTION_BATTERY_CHANGED AMP: 1400000; Volt: 5100000
07-09 18:32:42.941 D/SmartChargeService( 2810): update soc and temperature: soc: 100, temp: 290
07-09 18:32:42.942 D/AutoUpdateManager( 2931): onReceiveBatteryBroadcast isBatteryCharging:true
07-09 18:32:42.943 W/Settings( 2931): Setting device_provisioned has moved from android.provider.Settings.Secure to android.provider.Settings.Global.
07-09 18:32:42.943 D/HwConnectivityServiceEx( 1709): set 10042 wlan0 value false
07-09 18:32:42.943 I/MsgReceiver( 2975): intent action: android.intent.action.BATTERY_CHANGED
07-09 18:32:42.944 D/AutoUpdateManager( 2931): isDeviceIdle() isBatteryCharging:true,isWifiConnected:true,isScreenOff:false, isStartupGuideFinished:true, isUserUnlocked:true
07-09 18:32:42.944 W/MagazineUtils( 2645): check active connect, state = 1,isMeteredWifi:false
07-09 18:32:42.946 W/KeyguardUpdateMonitor( 2645): ChargingSpeed  Wattage: 7140000 ST: 5000000 --> 7500000
07-09 18:32:42.946 I/KgBattery( 2645): BatteryInfo updated:  5lPC1
07-09 18:32:42.946 I/WifiClientModeImpl( 1709): mBcastReceiver: PluggedType = 2 mIsScanCtrlPluggedin = true
07-09 18:32:42.947 W/HwLockScreenPanel( 2645): refreshBatteryInfo: null
07-09 18:32:42.947 W/HwLockScreenPanel( 2645): Handle message: 100
07-09 18:32:42.949 I/CloudAlbumSDK[10.6.0.302].NetBatteryManager(11994): onReceive action: android.intent.action.BATTERY_CHANGED
07-09 18:32:42.952 D/HwGameAssistantController( 1709): isGameForeground? false
07-09 18:32:43.019 I/TrafficMonitor( 1709): expired arrive. level:-1
07-09 18:32:43.019 I/TrafficMonitor( 1709): during_ms:2005,period_ms:2000
07-09 18:32:43.019 I/TrafficMonitor( 1709): count:20,rx_sum:0,tx_sum:0,rxBytes:0,during_ms:2005,rx_speed:0.0,tx_speed:0.0,rto:0.0
07-09 18:32:43.019 I/HuaweiWifiWatchdogStateMachine( 1709): Get speed information rx_speed = 0 ,tx_speed = 0 ,isSpeedOk = false ,mBestSpeedInPeriod = 0
07-09 18:32:43.463 I/HwWifiProServiceProxy( 1709): ctrlHwWifiNetwork pkgName: WIFIPRO_SERVICE interfaceId: 8
07-09 18:32:43.464 I/HwWifiProServiceProxy( 1709): ctrlHwWifiNetwork pkgName: WIFIPRO_SERVICE interfaceId: 80
07-09 18:32:43.475 I/HwQoeQualityMonitor( 1709): rttTime=144, rttPacketNum=9, tcpTxPacket=33, tcpRxPacket=35, tcpReSendPacket=0
07-09 18:32:43.476 I/HwQoeQualityMonitor( 1709): MSG_GET_TCP_INFO no data times = 4
07-09 18:32:43.700 I/WificondControl( 1709): Noise: -89, Snr: 127, Chload: 225, rssi: -56, txBitrate: 144, rxBitrate: 0, frequency: 5745, UlDelay: -1, currentTxBytes: 21768937, currentTxPackets: 212259, currentTxFailed: 13, currentRxBytes: 604725969, currentRxPackets: 390233
07-09 18:32:43.703 I/HwQoeQualityMonitor( 1709): checkAndStartQoeMonitor mIsCurrentAppMonitoring = true, mIsMpLinkState = false, isScreenOn = true, mIsMonitorStarted = true
07-09 18:32:43.703 I/WiFi_PRO( 1709): MSG_RETURN_AP_CURRY_RSSI rssi = -56
07-09 18:32:43.703 I/QosMonitor( 1709): queryRtt: rttType = 3
07-09 18:32:43.703 I/HwWifiProServiceProxy( 1709): ctrlHwWifiNetwork pkgName: WIFIPRO_SERVICE interfaceId: 8
07-09 18:32:43.704 I/QosMonitor( 1709): postEventFromNative: msg=100,arg1=4,arg2=10
07-09 18:32:43.704 I/HwUidTcpMonitor( 1709): TcpStatisticsRun run
07-09 18:32:43.704 I/HwWifiProServiceProxy( 1709): ctrlHwWifiNetwork pkgName: WIFIPRO_SERVICE interfaceId: 79
07-09 18:32:43.704 I/QosMonitor( 1709): resetRtt: rttType = 3
07-09 18:32:43.704 I/HwWifiProServiceProxy( 1709): ctrlHwWifiNetwork pkgName: WIFIPRO_SERVICE interfaceId: 8
07-09 18:32:43.705 I/HwWifiProServiceProxy( 1709): TcpStatisticsRun run
07-09 18:32:43.783 W/d.process.medi( 7135): Reducing the number of considered missed Gc histogram windows from 888 to 100
07-09 18:32:44.026 I/TrafficMonitor( 1709): update:rxPkts:0,txPkts:0,rxBytes:0,txBytes:0
07-09 18:32:44.026 I/TrafficMonitor( 1709): start expired. level:-1
07-09 18:32:44.026 I/TrafficMonitor( 1709): gettimer:interval=2000
07-09 18:32:44.441 D/AwareLog(  918): iawared: WorkingsetProcessCommand subCmd = 352, userId=10040, pid=22584, com.android.packageinstaller
07-09 18:32:44.441 D/AwareLog(  918): iawared: WorkingsetStop com.android.packageinstaller
07-09 18:32:44.476 I/HwWifiProServiceProxy( 1709): ctrlHwWifiNetwork pkgName: WIFIPRO_SERVICE interfaceId: 8
07-09 18:32:44.477 I/HwWifiProServiceProxy( 1709): ctrlHwWifiNetwork pkgName: WIFIPRO_SERVICE interfaceId: 80
07-09 18:32:44.486 I/HwQoeQualityMonitor( 1709): rttTime=144, rttPacketNum=9, tcpTxPacket=33, tcpRxPacket=35, tcpReSendPacket=0
07-09 18:32:44.487 I/HwQoeQualityMonitor( 1709): MSG_GET_TCP_INFO no data times = 5
07-09 18:32:44.585 I/netd    (  662): trafficSwapActiveStatsMap() <7.57ms>
07-09 18:32:45.165 E/WifiHAL (  717): enter wifi_get_link_stats
07-09 18:32:45.167 I/WificondControl( 1709): Noise: -89, Snr: 127, Chload: 225, rssi: -57, txBitrate: 144, rxBitrate: 0, frequency: 5745, UlDelay: -1, currentTxBytes: 21768937, currentTxPackets: 212259, currentTxFailed: 13, currentRxBytes: 604725969, currentRxPackets: 390233
07-09 18:32:45.170 V/HwWifiServiceFactory( 1709): get AllImpl object = com.android.server.wifi.HwWifiServiceFactoryImpl@9248345
07-09 18:32:45.176 I/TelephonyManager( 1709): getAllCellInfo calling app is android
07-09 18:32:45.176 W/PhoneInterfaceManager( 3329): shouldBlockLocation running ...
07-09 18:32:45.177 I/PhoneInterfaceManager( 3329): shouldBlockLocation  ret:false
07-09 18:32:45.315 E/Thermal-daemon:ambient(  911): calc_ambient_temp: median filter output 23239
07-09 18:32:45.315 E/Thermal-daemon:ambient(  911): ambient_sample: write temp 23239 to ambient node
07-09 18:32:45.488 I/HwWifiProServiceProxy( 1709): ctrlHwWifiNetwork pkgName: WIFIPRO_SERVICE interfaceId: 8
07-09 18:32:45.489 I/HwWifiProServiceProxy( 1709): ctrlHwWifiNetwork pkgName: WIFIPRO_SERVICE interfaceId: 80
07-09 18:32:45.498 I/HwQoeQualityMonitor( 1709): rttTime=144, rttPacketNum=9, tcpTxPacket=33, tcpRxPacket=35, tcpReSendPacket=0
07-09 18:32:45.499 I/HwQoeQualityMonitor( 1709): MSG_GET_TCP_INFO no data times = 6
07-09 18:32:46.030 I/TrafficMonitor( 1709): update:rxPkts:0,txPkts:0,rxBytes:0,txBytes:0
07-09 18:32:46.030 I/TrafficMonitor( 1709): start expired. level:-1
07-09 18:32:46.030 I/TrafficMonitor( 1709): gettimer:interval=2000
07-09 18:32:46.049 D/HwConnectivityServiceEx( 1709): set 11194 wlan0 value false
07-09 18:32:46.200 E/WifiService( 1709): enforceCanAccessScanResults: hiding ssid and bssidLocation mode is disabled for the device
07-09 18:32:46.500 I/HwWifiProServiceProxy( 1709): ctrlHwWifiNetwork pkgName: WIFIPRO_SERVICE interfaceId: 8
07-09 18:32:46.501 I/HwWifiProServiceProxy( 1709): ctrlHwWifiNetwork pkgName: WIFIPRO_SERVICE interfaceId: 80
07-09 18:32:46.511 I/HwQoeQualityMonitor( 1709): rttTime=144, rttPacketNum=9, tcpTxPacket=33, tcpRxPacket=35, tcpReSendPacket=0
07-09 18:32:46.512 I/HwQoeQualityMonitor( 1709): MSG_GET_TCP_INFO no data times = 7
07-09 18:32:47.513 I/HwWifiProServiceProxy( 1709): ctrlHwWifiNetwork pkgName: WIFIPRO_SERVICE interfaceId: 8
07-09 18:32:47.515 I/HwWifiProServiceProxy( 1709): ctrlHwWifiNetwork pkgName: WIFIPRO_SERVICE interfaceId: 80
07-09 18:32:47.524 I/HwQoeQualityMonitor( 1709): rttTime=144, rttPacketNum=9, tcpTxPacket=33, tcpRxPacket=35, tcpReSendPacket=0
07-09 18:32:47.525 I/HwQoeQualityMonitor( 1709): MSG_GET_TCP_INFO no data times = 8
07-09 18:32:47.701 I/WificondControl( 1709): Noise: -89, Snr: 64, Chload: 225, rssi: -56, txBitrate: 144, rxBitrate: 0, frequency: 5745, UlDelay: -1, currentTxBytes: 21769068, currentTxPackets: 212261, currentTxFailed: 13, currentRxBytes: 604726080, currentRxPackets: 390235
07-09 18:32:47.704 I/HwQoeQualityMonitor( 1709): checkAndStartQoeMonitor mIsCurrentAppMonitoring = true, mIsMpLinkState = false, isScreenOn = true, mIsMonitorStarted = true
07-09 18:32:47.704 D/HuaweiWifiWatchdogStateMachine( 1709): nothing to do
07-09 18:32:47.704 I/WiFi_PRO( 1709): MSG_RETURN_AP_CURRY_RSSI rssi = -56
07-09 18:32:47.704 I/HwUidTcpMonitor( 1709): TcpStatisticsRun run
07-09 18:32:47.704 I/HwWifiProServiceProxy( 1709): ctrlHwWifiNetwork pkgName: WIFIPRO_SERVICE interfaceId: 79
07-09 18:32:47.705 I/HuaweiWifiWatchdogStateMachine( 1709): POta txb txg rxg:0, 2, 0. Lr =0% Totpkt=2
07-09 18:32:47.705 I/QosMonitor( 1709): queryRtt: rttType = 3
07-09 18:32:47.705 I/HwWifiProServiceProxy( 1709): ctrlHwWifiNetwork pkgName: WIFIPRO_SERVICE interfaceId: 8
07-09 18:32:47.705 I/QosMonitor( 1709): postEventFromNative: msg=100,arg1=4,arg2=10
07-09 18:32:47.705 I/HwWifiProServiceProxy( 1709): ctrlHwWifiNetwork pkgName: WIFIPRO_SERVICE interfaceId: 8
07-09 18:32:47.705 I/HwWifiProServiceProxy( 1709): TcpStatisticsRun run
07-09 18:32:47.705 I/QosMonitor( 1709): postEventFromNative: msg=100,arg1=0,arg2=10
07-09 18:32:47.706 D/HuaweiWifiWatchdogStateMachine( 1709): nothing to do
07-09 18:32:47.706 I/MQoS    ( 1709): rtt=128,tcpTxPkts=206328,tcpRxPkts=373476
07-09 18:32:47.706 I/QosMonitor( 1709): resetRtt: rttType = 3
07-09 18:32:47.706 I/HwWifiProServiceProxy( 1709): ctrlHwWifiNetwork pkgName: WIFIPRO_SERVICE interfaceId: 8
07-09 18:32:46.198 D/HwConnectivityServiceEx( 1709): set 11194 wlan0 value false
07-09 18:32:47.706 D/HwConnectivityServiceEx( 1709): set 1000 wlan0 value false
07-09 18:32:47.706 I/HwUidTcpMonitor( 1709): parseWlanUidTcpStatistics lastUidTcpStatInfo = [ mUid = 11194 mPacketName = com.baidu.iknow mSendSegs = 14594 mResendSegs = 45 mRcvSegs = 21213 ]
07-09 18:32:47.706 I/MQoS    ( 1709): QOS_level:0(0),DataDisable;use level-0
07-09 18:32:47.707 I/HuaweiWifiWatchdogStateMachine( 1709): PTcp RTT:0, rtt pkt=0, tcp_rx=2, tcp_tx=2, tcp_reTran=0, rtRate=0
07-09 18:32:47.707 I/HuaweiWifiWatchdogStateMachine( 1709): start computeQosLevel tcpRtt = 0 ,rssi = -56 ,mBestSpeedInPeriod = 0
07-09 18:32:47.794 I/aptouch_daemon(  820): filter_touch_detect, down, in: 1, out: 1
07-09 18:32:47.795 D/fingersense_manager( 1709): Calling fingersense_classify_touch()
07-09 18:32:47.801 D/fingersense_manager( 1709): fingersense_classify_touch() finished
07-09 18:32:47.802 W/Settings(22584): Setting device_provisioned has moved from android.provider.Settings.Secure to android.provider.Settings.Global.
07-09 18:32:47.802 V/HiTouch_HiTouchSensor(22584): User setup is finished.
07-09 18:32:47.842 I/aptouch_daemon(  820): filter_touch_detect, all_touch_up
07-09 18:32:47.970 I/AppEyeFwkBlock( 1709): do monitor
07-09 18:32:48.031 I/TrafficMonitor( 1709): update:rxPkts:2,txPkts:2,rxBytes:111,txBytes:115
07-09 18:32:48.032 I/TrafficMonitor( 1709): start expired. level:-1
07-09 18:32:48.032 I/TrafficMonitor( 1709): gettimer:interval=2000
07-09 18:32:48.180 E/WifiHAL (  717): enter wifi_get_link_stats
07-09 18:32:48.182 I/WificondControl( 1709): Noise: -89, Snr: 64, Chload: 225, rssi: -56, txBitrate: 144, rxBitrate: 0, frequency: 5745, UlDelay: -1, currentTxBytes: 21769068, currentTxPackets: 212261, currentTxFailed: 13, currentRxBytes: 604726080, currentRxPackets: 390235
07-09 18:32:48.186 V/HwWifiServiceFactory( 1709): get AllImpl object = com.android.server.wifi.HwWifiServiceFactoryImpl@9248345
07-09 18:32:48.191 I/TelephonyManager( 1709): getAllCellInfo calling app is android
07-09 18:32:48.192 W/PhoneInterfaceManager( 3329): shouldBlockLocation running ...
07-09 18:32:48.192 I/PhoneInterfaceManager( 3329): shouldBlockLocation  ret:false
07-09 18:32:48.216 I/aptouch_daemon(  820): filter_touch_detect, down, in: 1, out: 1
07-09 18:32:48.217 D/fingersense_manager( 1709): Calling fingersense_classify_touch()
07-09 18:32:48.222 D/fingersense_manager( 1709): fingersense_classify_touch() finished
07-09 18:32:48.289 I/aptouch_daemon(  820): filter_touch_detect, all_touch_up
07-09 18:32:48.291 V/AudioManager(22584): querySoundEffectsEnabled...
07-09 18:32:48.292 I/ActivityManager( 1709): Need to start process com.huawei.parentcontrol:service for provider ContentProviderInfo{name=com.huawei.parentcontrol className=com.huawei.parentcontrol.provider.ContentProviders}, callerApp: ProcessRecord{9346051 22584:com.android.packageinstaller/u0a40}
07-09 18:32:48.292 V/ActivityManager( 1709): startProcess: name=com.huawei.parentcontrol:service app=null knownToBeDead=false thread=null pid=-1 preloadStatus=-1
07-09 18:32:48.293 V/ActivityManager_MU( 1709): Waiting to start provider ContentProviderRecord{97d4cb4 u0 com.huawei.parentcontrol/.provider.ContentProviders} launchingApp=ProcessRecord{938dee1 0:com.huawei.parentcontrol:service/u0a76} caller pid= 22584 for 20000 ms
07-09 18:32:48.303 D/Zygote  (  663): Forked child process 22739
07-09 18:32:48.304 I/ActivityManager( 1709): Start proc 22739:com.huawei.parentcontrol:service/u0a76 for content provider {com.huawei.parentcontrol/com.huawei.parentcontrol.provider.ContentProviders}
07-09 18:32:48.305 E/ProcessInfoCollector( 1709): getProcessInfo: failed to find this proc 
07-09 18:32:48.309 I/control:servic(22739): Reinit property: dalvik.vm.checkjni= false
07-09 18:32:48.309 I/control:servic(22739): ReInitProperties: persist.vm.debug.dumpapi= false
07-09 18:32:48.310 E/control:servic(22739): Not starting debugger since process cannot load the jdwp agent.
07-09 18:32:48.319 D/ActivityThread(22739): Attach thread to application
07-09 18:32:48.324 D/HwFrameworkSecurityPartsFactory(22739): HwFrameworkSecurityPartsFactory in.
07-09 18:32:48.324 I/HwFrameworkSecurityPartsFactory(22739): add HwFrameworkSecurityPartsFactory to memory.
07-09 18:32:48.324 D/BehaviorCollectManager(22739): hook process for AI virus second
07-09 18:32:48.326 I/BehaviorCollectManager(22739): bindAnalyzerService: huawei.android.security.IAppBehaviorDataAnalyzer$Stub$Proxy@7183084 pid:22739
07-09 18:32:48.327 I/control:servic(22739): The ClassLoaderContext is a special shared library.
07-09 18:32:48.346 I/HwApiCacheMangerEx(22739): apicache path=/storage/emulated/0 state=mounted key=com.huawei.parentcontrol#10076#256
07-09 18:32:48.346 I/HwApiCacheMangerEx(22739): need clear apicache,because volumes changed,oldCnt=0 newCnt=1
07-09 18:32:48.346 I/control:servic(22739): QarthPatchMonintor::Init
07-09 18:32:48.346 I/control:servic(22739): 
07-09 18:32:48.346 I/control:servic(22739): QarthPatchMonintor::StartWatch
07-09 18:32:48.347 I/control:servic(22739): 
07-09 18:32:48.347 I/control:servic(22739): QarthPatchMonintor::WatchPackage: /data/hotpatch/fwkhotpatch/
07-09 18:32:48.347 I/control:servic(22739): 
07-09 18:32:48.347 I/control:servic(22739): QarthPatchMonintor::CheckAndWatchPatch: /data/hotpatch/fwkhotpatch/com.huawei.parentcontrol
07-09 18:32:48.347 I/control:servic(22739): 
07-09 18:32:48.347 I/control:servic(22739): QarthPatchMonintor::CheckAndWatchPatch: /data/hotpatch/fwkhotpatch/all
07-09 18:32:48.347 I/control:servic(22739): 
07-09 18:32:48.347 I/control:servic(22739): QarthPatchMonintor::Run
07-09 18:32:48.347 I/control:servic(22739): 
07-09 18:32:48.347 I/HwApiCacheMangerEx(22739): apicache path=/storage/emulated/0 state=mounted key=com.huawei.parentcontrol#10076#0
07-09 18:32:48.347 I/HwApiCacheMangerEx(22739): need clear apicache,because volumes changed,oldCnt=1 newCnt=1
07-09 18:32:48.347 I/SpeedTestNotifier( 2931): is low speed scene
07-09 18:32:48.348 I/control:servic(22739): QarthPatchMonintor::Reading
07-09 18:32:48.348 I/control:servic(22739): 
07-09 18:32:48.348 I/control:servic(22739): QarthPatchMonintor::CheckNotifyEvent
07-09 18:32:48.348 I/control:servic(22739): 
07-09 18:32:48.348 I/control:servic(22739): QarthPatchMonintor::CheckNotifyEvent before read
07-09 18:32:48.348 I/control:servic(22739): 
07-09 18:32:48.352 I/FLTAG.FL(22739): hook version:1.0.5
07-09 18:32:48.354 I/FLTAG.FL(22739): Use the ApplicationInfoEx to reflect isDirectBootAware
07-09 18:32:48.354 I/FLTAG.FL(22739): getCachePath:/data/user/0/com.huawei.parentcontrol/cache/feature
07-09 18:32:48.355 I/AwareBitmapCacher(22739): init processName:com.huawei.parentcontrol:service pid=22739 uid=10076
07-09 18:32:48.356 I/FLTAG.FL(22739): copyAllFeaturesToCache cost millis:2
07-09 18:32:48.356 I/FLTAG_FPI(22739): FeatureFramework version:FeatureVersion: [package: com.huawei.featurelayer.featureframework] path: [] version: [1.0.309]
07-09 18:32:48.357 I/FLTAG_AFM(22739): Use the ApplicationInfoEx to reflect isDirectBootAware
07-09 18:32:48.357 I/FLTAG_AFM(22739): getCachePath:/data/data/com.huawei.parentcontrol/cache/feature
07-09 18:32:48.358 I/FLTAG_VC(22739): init cost in millis: 0
07-09 18:32:48.358 I/FLTAG_VC(22739): registerVersionReceiver for com.huawei.parentcontrol
07-09 18:32:48.359 V/ActivityManager( 1709): Successfully start provider ContentProviderRecord{943b43f u0 com.android.providers.settings/.hwext.HwSettingsProvider} launchingApp=null caller pid= 22739
07-09 18:32:48.360 I/FLTAG_VC(22739): deleteOldVersions in 2000
07-09 18:32:48.361 I/FLTAG_UF(22739): Use the ResourcesEx to reflect Resources
07-09 18:32:48.362 I/FLTAG.FL(22739): init for com.huawei.parentcontrol success ? true
07-09 18:32:48.367 V/ActivityManager( 1709): Successfully start provider ContentProviderRecord{97d4cb4 u0 com.huawei.parentcontrol/.provider.ContentProviders} launchingApp=ProcessRecord{938dee1 22739:com.huawei.parentcontrol:service/u0a76} caller pid= 22584
07-09 18:32:48.371 W/HwParentControl(22739): BlackListHelper - init success
07-09 18:32:48.373 I/BD.Reporter(22584): com.huawei.bd.IBDService$Stub$Proxy@feabb9f
07-09 18:32:48.374 V/ActivityTaskManager( 1709): positionChild stackId=0 to top.
07-09 18:32:48.374 I/HwMultiWindowSplitUI( 1709): removeSplit
07-09 18:32:48.374 W/HwActivityTaskManagerServiceEx( 1709): setResumedActivityUncheckLocked start call, from: ActivityRecord{95a0305 u0 com.android.packageinstaller/.PackageInstallerActivity t1162 f}, to: ActivityRecord{945afc2 u0 com.huawei.android.launcher/.unihome.UniHomeLauncher t1016}
07-09 18:32:48.375 W/HwActivityTaskManagerServiceEx( 1709): appSwitch from: com.android.packageinstaller to: com.huawei.android.launcher
07-09 18:32:48.375 I/WindowManager( 1709): Changing focus from Window{944a129 u0 com.android.packageinstaller/com.android.packageinstaller.PackageInstallerActivity} to null displayId=0 Callers=com.android.server.wm.RootWindowContainer.updateFocusedWindowLocked:4545952 com.android.server.wm.WindowManagerService.updateFocusedWindowLocked:4548172 com.android.server.wm.ActivityDisplay.setFocusedApp:1243056 com.android.server.wm.ActivityTaskManagerService.setResumedActivityUncheckLocked:1353412 
07-09 18:32:48.375 I/HwMultiWindowSplitUI( 1709): mCoverLp is null
07-09 18:32:48.376 D/ZrHung.AppEyeFocusWindow( 1709): FocusWindowErrorScene CheckFreezeScreen
07-09 18:32:48.377 I/ScenarioService( 2975): app focus change from: com.android.packageinstaller to:com.huawei.android.launcher
07-09 18:32:48.378 I/AssistantService-1030200( 2931): registerHwActivityNotifier call fromPackage:com.android.packageinstaller, toPackage:com.huawei.android.launcher
07-09 18:32:48.378 I/HiAdKit.AppSwitchMonitor( 3967):  call
07-09 18:32:48.379 D/HwGameAssistantController( 1709): UPDATE: mCurFgPkg=com.huawei.android.launcher, mCurFgPid=5848, mIsCurGame=false
07-09 18:32:48.379 D/AssistantService-1030200( 2931): handleMessage app switch fromPackage:com.android.packageinstaller, toPackage:com.huawei.android.launcher
07-09 18:32:48.380 I/HwWindowManagerServiceEx( 1709): set app win exit info, bundle = Bundle[{isLandscape=false, launcherPkgName=com.huawei.android.launcher, iconWidth=-1, pivotX=-1.0, pivotY=-1.0, iconHeight=-1, flag=-1}], iconBitmap = null
07-09 18:32:48.380 I/HiAdKit.AppSwitchMonitor( 3967):  fromPackage:com.android.packageinstaller,toPackage:com.huawei.android.launcher
07-09 18:32:48.379 W/migration/6(   47): type=1400 audit(0.0:14767): avc: granted { setsched } for pid=47 scontext=u:r:kernel:s0 tcontext=u:r:kernel:s0 tclass=process
07-09 18:32:48.381 E/AwareLog( 2975): SPKVolumeSchedFeature: Uid has been sent, ignore.
07-09 18:32:48.379 W/migration/7(   53): type=1400 audit(0.0:14768): avc: granted { setsched } for pid=53 scontext=u:r:kernel:s0 tcontext=u:r:kernel:s0 tclass=process
07-09 18:32:48.382 W/DE J DES( 1709): [effect] Unexpected scenc:28
07-09 18:32:48.383 D/HwAddViewManager( 1709): not in blacklist, return default result-success
07-09 18:32:48.383 I/ActivityTaskManager( 1709): START u0 {flg=0x2000000 hwFlg=0x10 cmp=com.android.packageinstaller/.InstallInstalling (has extras)} from uid 10040
07-09 18:32:48.384 D/AwareLog(  918): iawared: pause rcc and gpu compress
07-09 18:32:48.384 I/ActivityTaskManager( 1709): ActivityRecord info: ActivityInfo{951edd7 com.android.packageinstaller.InstallInstalling}
07-09 18:32:48.384 D/ActivityTaskManager( 1709): TaskLaunchParamsModifier:task=null activity=ActivityRecord{982db83 u0 com.android.packageinstaller/.InstallInstalling t-1} display-from-source=0 display-id=0 display-windowing-mode=1
07-09 18:32:48.384 W/ActivityTaskManager( 1709): startActivity called from finishing ActivityRecord{95a0305 u0 com.android.packageinstaller/.PackageInstallerActivity t1162 f}; forcing Intent.FLAG_ACTIVITY_NEW_TASK for: Intent { dat=file:///data/app/vmdl145813867.tmp/base.apk flg=0x2000000 cmp=com.android.packageinstaller/.InstallInstalling (has extras) }
07-09 18:32:48.384 D/ActivityTaskManager( 1709): TaskLaunchParamsModifier:task=null activity=ActivityRecord{982db83 u0 com.android.packageinstaller/.InstallInstalling t-1} display-from-source=0 display-id=0 display-windowing-mode=1 activity-options-fullscreen=Rect(0, 0 - 0, 0) non-freeform-display maximized-bounds
07-09 18:32:48.386 V/ActivityTaskManager( 1709): addChild: attaching stackId=148 to displayId=0 position=4
07-09 18:32:48.386 V/ActivityTaskManager( 1709): positionChild stackId=148 to top.
07-09 18:32:48.386 D/ActivityTaskManager( 1709): TaskLaunchParamsModifier:task=TaskRecord{98342e7 #1163 A=com.android.packageinstaller U=0 StackId=148 sz=0} activity=ActivityRecord{982db83 u0 com.android.packageinstaller/.InstallInstalling t-1} display-from-task=0 display-id=0 display-windowing-mode=1 inherit-fullscreen non-freeform-display
07-09 18:32:48.387 V/ActivityTaskManager( 1709): positionChild stackId=148 to top.
07-09 18:32:48.387 I/HwMultiWindowSplitUI( 1709): removeSplit
07-09 18:32:48.387 I/HwMultiWindowSplitUI( 1709): removeSplit, mIsAddedSplitBar:false windowMode:100,-1 mIsActionDown:false
07-09 18:32:48.388 V/ActivityTaskManager( 1709): addAppToken: AppWindowToken{938723b token=Token{966c027 ActivityRecord{982db83 u0 com.android.packageinstaller/.InstallInstalling t1163}}} task={taskId=1163 appTokens=[] mdr=false} at 2147483647
07-09 18:32:48.389 W/SecurityProfileService( 1709): Activity life state callback extras get package null!
07-09 18:32:48.390 W/FrameworkRegistry( 7191): CAWARENESS: ActivityNotifier unknown state
07-09 18:32:48.390 I/HwAudioServiceEx( 1709): ComponentInfo : className = com.android.packageinstaller.InstallInstalling, flag=showStartingWindow, isHomeActivity=, isTop=false
07-09 18:32:48.390 E/DollieActivityManagerAdapter( 2931): HwActivityNotifierEx null uid
07-09 18:32:48.391 W/ActivityTaskManager( 1709): Finishing task with all activities already finished
07-09 18:32:48.391 W/ActivityTaskManager( 1709): Duplicate finish request for ActivityRecord{95a0305 u0 com.android.packageinstaller/.PackageInstallerActivity t1162 f}
07-09 18:32:48.392 W/ContentSensor_FrameworkRegistry( 5737): ActivityNotifier unknown state
07-09 18:32:48.393 I/HwViewRootImpl(22584): removeInvalidNode all the node in jank list is out of time
07-09 18:32:48.394 I/ActivityTaskManager( 1709): Making visible and scheduling visibility: ActivityRecord{982db83 u0 com.android.packageinstaller/.InstallInstalling t1163}
07-09 18:32:48.394 E/ScreemCommon(  929): unknow fps mode
07-09 18:32:48.394 E/ScreemCommon(  929): failed to recording jank bigdata of different frame rates
07-09 18:32:48.396 W/HwActivityTaskManagerServiceEx( 1709): appSwitch from: com.huawei.android.launcher to: com.android.packageinstaller
07-09 18:32:48.397 I/HiAdKit.AppSwitchMonitor( 3967):  call
07-09 18:32:48.397 D/HwGameAssistantController( 1709): UPDATE: mCurFgPkg=com.android.packageinstaller, mCurFgPid=22584, mIsCurGame=false
07-09 18:32:48.397 I/AssistantService-1030200( 2931): registerHwActivityNotifier call fromPackage:com.huawei.android.launcher, toPackage:com.android.packageinstaller
07-09 18:32:48.397 I/HiAdKit.AppSwitchMonitor( 3967):  fromPackage:com.huawei.android.launcher,toPackage:com.android.packageinstaller
07-09 18:32:48.397 D/AssistantService-1030200( 2931): handleMessage app switch fromPackage:com.huawei.android.launcher, toPackage:com.android.packageinstaller
07-09 18:32:48.397 I/HiAdKit.ExSplashManager( 3967):  do not request exsplash config
07-09 18:32:48.398 I/ScenarioService( 2975): app focus change from: com.huawei.android.launcher to:com.android.packageinstaller
07-09 18:32:48.398 I/WindowManager( 1709): Checking 1 opening apps (frozen=false timeout=false)...
07-09 18:32:48.398 I/WindowManager( 1709): Check opening app=AppWindowToken{938723b token=Token{966c027 ActivityRecord{982db83 u0 com.android.packageinstaller/.InstallInstalling t1163}}}: allDrawn=false startingDisplayed=false startingMoved=false isRelaunching()=false startingWindow=null
07-09 18:32:48.398 V/ActivityTaskManager( 1709): Activity idle: null
07-09 18:32:48.398 V/ActivityTaskManager( 1709): Stopping ActivityRecord{95a0305 u0 com.android.packageinstaller/.PackageInstallerActivity t1162 f}: nowVisible=false animating=true finishing=true
07-09 18:32:48.398 D/DecorView(22584): showOrHideHighlightView: hasFocus=false; winMode=1; isMrgNull=true
07-09 18:32:48.398 I/HiAdKit.KitStatisticsReport( 3967):  do not report kit daily active
07-09 18:32:48.398 E/system_server( 1709): Invalid ID 0x00000000.
07-09 18:32:48.399 W/SecurityProfileService( 1709): Activity life state callback extras get package null!
07-09 18:32:48.399 I/HwAudioServiceEx( 1709): ComponentInfo : className = com.android.packageinstaller.PackageInstallerActivity, flag=onPause, isHomeActivity=, isTop=false
07-09 18:32:48.399 I/AppLifeChangeSensor( 7191): CAWARENESS: activityPaused componentName = ComponentInfo{com.android.packageinstaller/com.android.packageinstaller.PackageInstallerActivity}
07-09 18:32:48.399 E/AppLifeChangeSensor( 7191): CAWARENESS: activityPaused mAppLifeChangeCallback is null 
07-09 18:32:48.400 D/DollieActivityManagerAdapter( 2931): [Paused] pid:22584 uid:10040 ComponentInfo{com.android.packageinstaller/com.android.packageinstaller.PackageInstallerActivity} uidState:2
07-09 18:32:48.400 I/HwAudioServiceEx( 1709): sendAppKilledIntentForKit, isKitPackageOnPause = false, isKitPackageKill = false, isKitPackageOnResume = false
07-09 18:32:48.401 E/AwareLog( 2975): SPKVolumeSchedFeature: Uid has been sent, ignore.
07-09 18:32:48.401 I/PGServer( 2975): getTopFrontApp. calling pkg: android
07-09 18:32:48.402 I/DecorView[packageinstaller]( 1709):  old windowMode:0 new windoMode:1
07-09 18:32:48.404 I/DecorView[packageinstaller]( 1709):  old windowMode:1 new windoMode:1
07-09 18:32:48.405 I/InputDispatcher( 1709): registerInputChannel->dispatchMiscEventForConnectionLocked
07-09 18:32:48.405 W/ScreemCommon(  929): processEntry, not beta version or commercial log off
07-09 18:32:48.406 I/WindowManager( 1709): addWindow: Window{967bc09 u0 Splash Screen com.android.packageinstaller}
07-09 18:32:48.406 W/ActivityThread(22584): handleWindowVisibility: no activity for token android.os.BinderProxy@89eb0b5
07-09 18:32:48.409 D/HiTouch_PressGestureDetector( 1709): onAttached, package=com.android.packageinstaller, windowType=3, mHiTouchRestricted=false
07-09 18:32:48.409 I/WindowManager( 1709): Checking 1 opening apps (frozen=false timeout=false)...
07-09 18:32:48.409 I/WindowManager( 1709): Check opening app=AppWindowToken{938723b token=Token{966c027 ActivityRecord{982db83 u0 com.android.packageinstaller/.InstallInstalling t1163}}}: allDrawn=false startingDisplayed=false startingMoved=false isRelaunching()=false startingWindow=Window{967bc09 u0 Splash Screen com.android.packageinstaller}
07-09 18:32:48.411 V/ActivityThread(22584): callActivityOnCreate
07-09 18:32:48.412 I/GRALLOC (  683): getCallingPid=723, shrFd=11,fmt=0x1,intFmt=0x1,btStrd=4352,size=10186752,pid=683 
07-09 18:32:48.412 I/GRALLOC (  683): 	 yuv=2,w=1080,h=2340,Stride u=0 v=0,offset u=0 v=0 
07-09 18:32:48.412 I/GRALLOC (  683): 	 iova_size=10186752,conUsg=0x906,proUsg=0x966,	 strd=1088,[afbc]HdrStrd=0 PyldStrd=0 Scrmbl=0, ionhnd = 0 
07-09 18:32:48.413 I/DecorView[](22584):  old windowMode:0 new windoMode:1
07-09 18:32:48.420 I/WindowManager( 1709): performshow Window{967bc09 u0 Splash Screen com.android.packageinstaller} tok.waitingToShow=true isTransitionSet=true parentHidden=false vis=0 tok.hidden=true hasSurface=true policyVis=true destroying=false animating=true
07-09 18:32:48.421 I/WindowManager( 1709): Checking 1 opening apps (frozen=false timeout=false)...
07-09 18:32:48.421 I/WindowManager( 1709): Check opening app=AppWindowToken{938723b token=Token{966c027 ActivityRecord{982db83 u0 com.android.packageinstaller/.InstallInstalling t1163}}}: allDrawn=false startingDisplayed=true startingMoved=false isRelaunching()=false startingWindow=Window{967bc09 u0 Splash Screen com.android.packageinstaller}
07-09 18:32:48.421 I/WindowManager( 1709): Checking 0 opening apps (frozen=false timeout=false)...
07-09 18:32:48.421 I/HwWindowManagerServiceEx( 1709): closing apps count = 1
07-09 18:32:48.421 D/HwWindowManagerServiceEx( 1709): is app exit to launcher info: transit = 8, app = AppWindowToken{97ce535 token=Token{9845e4a ActivityRecord{95a0305 u0 com.android.packageinstaller/.PackageInstallerActivity t1162}}}, window = Window{944a129 u0 com.android.packageinstaller/com.android.packageinstaller.PackageInstallerActivity}, mClosingApps = {AppWindowToken{97ce535 token=Token{9845e4a ActivityRecord{95a0305 u0 com.android.packageinstaller/.PackageInstallerActivity t1162}}}}, topOpeningApp = AppWindowToken{938723b token=Token{966c027 ActivityRecord{982db83 u0 com.android.packageinstaller/.InstallInstalling t1163}}}, mExitIconBitmap = null, mExitIconHeight = -1, mExitIconWidth = -1
07-09 18:32:48.421 E/WindowManager( 1709): icon is null!!
07-09 18:32:48.421 V/ActivityTaskManager( 1709): Stopping ActivityRecord{95a0305 u0 com.android.packageinstaller/.PackageInstallerActivity t1162 f}: nowVisible=false animating=true finishing=true
07-09 18:32:48.421 D/HwWindowManagerServiceEx( 1709): is app exit to launcher info: transit = 8, app = AppWindowToken{938723b token=Token{966c027 ActivityRecord{982db83 u0 com.android.packageinstaller/.InstallInstalling t1163}}}, window = null, mClosingApps = {AppWindowToken{97ce535 token=Token{9845e4a ActivityRecord{95a0305 u0 com.android.packageinstaller/.PackageInstallerActivity t1162}}}}, topOpeningApp = AppWindowToken{938723b token=Token{966c027 ActivityRecord{982db83 u0 com.android.packageinstaller/.InstallInstalling t1163}}}, mExitIconBitmap = null, mExitIconHeight = -1, mExitIconWidth = -1
07-09 18:32:48.422 V/ActivityTaskManager( 1709): Stopping ActivityRecord{95a0305 u0 com.android.packageinstaller/.PackageInstallerActivity t1162 f}: nowVisible=false animating=true finishing=true
07-09 18:32:48.423 I/GRALLOC (  683): getCallingPid=723, shrFd=11,fmt=0x1,intFmt=0x1,btStrd=3072,size=5038080,pid=683 
07-09 18:32:48.423 I/GRALLOC (  683): 	 yuv=2,w=756,h=1638,Stride u=0 v=0,offset u=0 v=0 
07-09 18:32:48.423 I/GRALLOC (  683): 	 iova_size=5038080,conUsg=0x306,proUsg=0x366,	 strd=768,[afbc]HdrStrd=0 PyldStrd=0 Scrmbl=0, ionhnd = 0 
07-09 18:32:48.427 I/WindowManager( 1709): dispatchResized : win = Window{967bc09 u0 Splash Screen com.android.packageinstaller} drawState = HAS_DRAWN
07-09 18:32:48.429 I/StatusBarDisable( 1709): setFlags what=0 which=1 pkg=Window{967bc09 u0 Splash Screen com.android.packageinstaller}
07-09 18:32:48.431 D/ActivityThread(22584): add activity client record, r= ActivityRecord{a1a5a23 token=android.os.BinderProxy@89eb0b5 {com.android.packageinstaller/com.android.packageinstaller.InstallInstalling}} token= android.os.BinderProxy@89eb0b5
07-09 18:32:48.433 I/DecorView[](22584):  old windowMode:1 new windoMode:1
07-09 18:32:48.434 I/InputDispatcher( 1709): registerInputChannel->dispatchMiscEventForConnectionLocked
07-09 18:32:48.435 I/WindowManager( 1709): addWindow: Window{926e651 u0 com.android.packageinstaller/com.android.packageinstaller.InstallInstalling}
07-09 18:32:48.436 D/OpenGLRenderer(22584): disableOutlineDraw is true
07-09 18:32:48.436 I/AppLifeChangeSensor( 7191): CAWARENESS: activityResumed componentName = ComponentInfo{com.android.packageinstaller/com.android.packageinstaller.InstallInstalling}
07-09 18:32:48.436 E/AppLifeChangeSensor( 7191): CAWARENESS: activityResumed mAppLifeChangeCallback is null 
07-09 18:32:48.436 W/SecurityProfileService( 1709): Activity life state callback extras get package null!
07-09 18:32:48.436 I/HwAudioServiceEx( 1709): ComponentInfo : className = com.android.packageinstaller.InstallInstalling, flag=onResume, isHomeActivity=, isTop=true
07-09 18:32:48.437 I/OPCollectLog( 3284): AppChangeImpl:call onAppChange.
07-09 18:32:48.437 I/OPCollectLog( 3284): HwForegroundAppAction:handleMessage 
07-09 18:32:48.437 D/OPCollectLog( 3284): HwForegroundAppAction:FG executeWithArgs
07-09 18:32:48.437 D/DollieActivityManagerAdapter( 2931): [Resumed] bg:false pid:22584 uid:10040 ComponentInfo{com.android.packageinstaller/com.android.packageinstaller.InstallInstalling}
07-09 18:32:48.437 E/DollieAdapterService( 2931): notifyActivityState pkg:com.android.packageinstaller/com.android.packageinstaller.InstallInstalling state:2 fg:true mUid:10040
07-09 18:32:48.437 I/OPCollectLog( 3284): OPCollectUtils:ODMF Api Version:2.15.3
07-09 18:32:48.437 I/OllieMsgCenter( 2931): handleMessage msg.what:2130771985moduleName:Ollie Aware::eventName:EVENT_OLLIE_ACTIVITY_CHANGED arg1:0 arg2:0 obj:com.huawei.systemserver.booster.ollie.common.schedule.AwareProxy$ActivityUidInfo@d9419f4
07-09 18:32:48.437 D/ForegroundDataOpt( 2931): is APK changed:false uid:10040 mBgLimitLevel:0
07-09 18:32:48.438 I/OPCollectLog( 3284): Action:HwForegroundAppAction executed successfully
07-09 18:32:48.438 D/OPCollectLog( 3284): OdmfCollectScheduler:handleMessage msg: 4
07-09 18:32:48.438 I/OPCollectLog( 3284): OdmfHelper:opcollectCache 1
07-09 18:32:48.438 I/OPCollectLog( 3284): OdmfHelper:opcollectCache curTime: 97933546, interval: 11921
07-09 18:32:48.438 I/OPCollectLog( 3284): OdmfHelper:isCharging: true
07-09 18:32:48.443 I/WindowManager( 1709): Changing focus from null to Window{926e651 u0 com.android.packageinstaller/com.android.packageinstaller.InstallInstalling} displayId=0 Callers=com.android.server.wm.RootWindowContainer.updateFocusedWindowLocked:4545952 com.android.server.wm.WindowManagerService.updateFocusedWindowLocked:4548172 com.android.server.wm.WindowManagerService.relayoutWindow:4703972 com.android.server.wm.Session.relayout:4697780 
07-09 18:32:48.444 D/ZrHung.AppEyeFocusWindow( 1709): FocusWindowErrorScene cancelCheckFreezeScreen
07-09 18:32:48.444 D/ZrHung.AppEyeTransparentWindow( 1709): TransparentWindow mHungConfigStatus = 0,mHungConfigEnable = 1
07-09 18:32:48.444 I/ContentSensor_ContentSensorService( 5737): The ComponentName can not be autoGrabbed or allowed all text capture
07-09 18:32:48.444 I/StatusBarDisable( 1709): setFlags what=0 which=1 pkg=Window{926e651 u0 com.android.packageinstaller/com.android.packageinstaller.InstallInstalling}
07-09 18:32:48.444 D/HiTouch_PressGestureDetector(22584): onAttached, package=com.android.packageinstaller, windowType=1, mHiTouchRestricted=false
07-09 18:32:48.445 D/mali_winsys(22584): EGLint new_window_surface(egl_winsys_display *, void *, EGLSurface, EGLConfig, egl_winsys_surface **, EGLBoolean) returns 0x3000
07-09 18:32:48.446 I/GRALLOC (  683): getCallingPid=723, shrFd=11,fmt=0x1,intFmt=0x200000001,btStrd=4352,size=10399744,pid=683 
07-09 18:32:48.446 I/GRALLOC (  683): 	 yuv=2,w=1080,h=2340,Stride u=0 v=0,offset u=0 v=0 
07-09 18:32:48.446 I/GRALLOC (  683): 	 iova_size=10399744,conUsg=0xb00,proUsg=0xb00,	 strd=1088,[afbc]HdrStrd=1088 PyldStrd=69632 Scrmbl=2, ionhnd = 0 
07-09 18:32:48.447 I/HwAudioServiceEx( 1709): sendAppKilledIntentForKit, isKitPackageOnPause = false, isKitPackageKill = false, isKitPackageOnResume = false
07-09 18:32:48.447 I/PackageManager( 1709): getInstalledApplications cost 9 ms, flags: 8192, userId: 0, callingUid: 1000, callingPid: 1709
07-09 18:32:48.452 I/OPCollectLog( 3284): OdmfHelper:insert database success 
07-09 18:32:48.452 I/OPCollectLog( 3284): OdmfHelper:opcollectCache size: 1
07-09 18:32:48.452 I/OPCollectLog( 3284): OdmfHelper:opcollectCache lastTime: 97933560
07-09 18:32:48.452 I/GRALLOC (  683): getCallingPid=723, shrFd=11,fmt=0x1,intFmt=0x200000001,btStrd=4352,size=10399744,pid=683 
07-09 18:32:48.452 I/GRALLOC (  683): 	 yuv=2,w=1080,h=2340,Stride u=0 v=0,offset u=0 v=0 
07-09 18:32:48.452 I/GRALLOC (  683): 	 iova_size=10399744,conUsg=0xb00,proUsg=0xb00,	 strd=1088,[afbc]HdrStrd=1088 PyldStrd=69632 Scrmbl=2, ionhnd = 0 
07-09 18:32:48.453 W/BufferQueueProducer(  723): [com.android.packageinstaller/com.android.packageinstaller.PackageInstallerActivity#1]:1368: disconnect: not connected (req=1)
07-09 18:32:48.453 W/libEGL  (22584): EGLNativeWindowType 0x7582429ad0 disconnect failed
07-09 18:32:48.456 I/WindowManager( 1709): dispatchResized : win = Window{926e651 u0 com.android.packageinstaller/com.android.packageinstaller.InstallInstalling} drawState = DRAW_PENDING
07-09 18:32:48.458 D/DecorView(22584): showOrHideHighlightView: hasFocus=true; winMode=1; isMrgNull=true
07-09 18:32:48.458 W/InputMethodManager(22584): startInputReason = 1
07-09 18:32:48.458 I/GRALLOC (  683): getCallingPid=723, shrFd=11,fmt=0x1,intFmt=0x200000001,btStrd=4352,size=10399744,pid=683 
07-09 18:32:48.458 I/GRALLOC (  683): 	 yuv=2,w=1080,h=2340,Stride u=0 v=0,offset u=0 v=0 
07-09 18:32:48.458 I/GRALLOC (  683): 	 iova_size=10399744,conUsg=0xb00,proUsg=0xb00,	 strd=1088,[afbc]HdrStrd=1088 PyldStrd=69632 Scrmbl=2, ionhnd = 0 
07-09 18:32:48.461 I/WindowManager( 1709): removeIfPossible: Window{967bc09 u0 Splash Screen com.android.packageinstaller} callers=com.android.server.wm.WindowState.removeIfPossible:1371784 com.android.server.wm.WindowManagerService.removeWindow:1384364 android.view.ViewRootImpl.dispatchDetachedFromWindow:4972624 android.view.ViewRootImpl.doDie:4973316 android.view.ViewRootImpl$ViewRootHandler.handleMessage:5301492 
07-09 18:32:48.464 I/WindowManager( 1709): Not removing Window{967bc09 u0 Splash Screen com.android.packageinstaller EXITING} due to exit animation 
07-09 18:32:48.477 V/ActivityTaskManager( 1709): Activity idle: Token{966c027 ActivityRecord{982db83 u0 com.android.packageinstaller/.InstallInstalling t1163}}
07-09 18:32:48.479 D/ActivityThread(22584): Remove activity client record, r= ActivityRecord{cca77ba token=android.os.BinderProxy@2b08750 {com.android.packageinstaller/com.android.packageinstaller.PackageInstallerActivity}} token= android.os.BinderProxy@2b08750
07-09 18:32:48.480 W/DecisionHelper(22584): service already unbindService
07-09 18:32:48.480 I/WindowManager( 1709): removeIfPossible: Window{944a129 u0 com.android.packageinstaller/com.android.packageinstaller.PackageInstallerActivity} callers=com.android.server.wm.WindowState.removeIfPossible:1371784 com.android.server.wm.WindowManagerService.removeWindow:1384364 android.view.IWindowSession$Stub.onTransact:3560452 com.android.server.wm.Session.onTransact:4761056 android.os.Binder.execTransactInternal:5520784 
07-09 18:32:48.481 I/WindowManager( 1709): postWindowRemoveCleanupLocked: Window{944a129 u0 com.android.packageinstaller/com.android.packageinstaller.PackageInstallerActivity}
07-09 18:32:48.481 I/WindowManager( 1709): Removing Window{944a129 u0 com.android.packageinstaller/com.android.packageinstaller.PackageInstallerActivity} from AppWindowToken{97ce535 token=Token{9845e4a ActivityRecord{95a0305 u0 com.android.packageinstaller/.PackageInstallerActivity t1162}}}
07-09 18:32:48.483 V/WindowManager( 1709): removeAppToken: AppWindowToken{97ce535 token=Token{9845e4a ActivityRecord{95a0305 u0 com.android.packageinstaller/.PackageInstallerActivity t1162}}} delayed=false Callers=com.android.server.wm.DisplayContent.removeAppToken:7295944 com.android.server.wm.ActivityRecord.removeWindowContainer:7298740 com.android.server.wm.ActivityStack.removeActivityFromHistoryLocked:7297860 com.android.server.wm.ActivityStack.activityDestroyedLocked:7278236 
07-09 18:32:48.485 V/ActivityTaskManager( 1709): removeChild: detaching stackId=147 from displayId=0
07-09 18:32:48.497 I/ScenarioService( 2975): refresh visibleApp:[com.android.packageinstaller]
07-09 18:32:48.497 I/PGServer( 2975): report state:10022 event type:1 pid:-1 uid:-1 pkg:com.android.packageinstaller to pid: 2975
07-09 18:32:48.502 D/HwRenamedPackagePolicy( 1709): checkFlags mPolicyFlags=5, flags=4
07-09 18:32:48.502 D/HwRenamedPackagePolicy( 1709): checkFlags mPolicyFlags=4, flags=4
07-09 18:32:48.502 D/HwRenamedPackagePolicy( 1709): checkFlags mPolicyFlags=4, flags=4
07-09 18:32:48.502 D/HwRenamedPackagePolicy( 1709): checkFlags mPolicyFlags=7, flags=4
07-09 18:32:48.502 D/HwRenamedPackagePolicy( 1709): checkFlags mPolicyFlags=4, flags=4
07-09 18:32:48.502 D/HwRenamedPackagePolicy( 1709): checkFlags mPolicyFlags=4, flags=4
07-09 18:32:48.503 W/SecurityProfileService( 1709): verifyPackage must return for huawei policy not found: getPolicy err for SignatureNotFoundException, apkPath: /data/app/vmdl145813867.tmp/base.apk
07-09 18:32:48.503 D/PackageManager( 1709): VerifierPackage requiredUid:10037
07-09 18:32:48.507 I/PackageManager( 1709): top pkgName: com.android.packageinstaller, update pkgName: cn.carbs.wricheditor
07-09 18:32:48.507 D/PackageManager( 1709): mFrozenPackages add package:cn.carbs.wricheditor
07-09 18:32:48.507 I/ActivityManager( 1709): Force stopping cn.carbs.wricheditor appid=11189 user=-1: installPackageLI
07-09 18:32:48.509 V/ActivityTaskManager( 1709): Activity idle: null
07-09 18:32:48.509 I/PackageManager( 1709): Update package cn.carbs.wricheditor code path from /data/app/cn.carbs.wricheditor-7Q4crzHmmY_BC43_B92pLA== to /data/app/cn.carbs.wricheditor-G_VxJn55RdVfhZaLTkJ0Yw==; Retain data and using new
07-09 18:32:48.509 I/PackageManager( 1709): Update package cn.carbs.wricheditor resource path from /data/app/cn.carbs.wricheditor-7Q4crzHmmY_BC43_B92pLA== to /data/app/cn.carbs.wricheditor-G_VxJn55RdVfhZaLTkJ0Yw==; Retain data and using new
07-09 18:32:48.510 I/PackageManager( 1709): Removing non-system or removable preinstalled package: cn.carbs.wricheditor, isRemovablePreinstalledApp = false
07-09 18:32:48.510 I/PackageManager( 1709): removePackageDataLI: cn.carbs.wricheditor
07-09 18:32:48.527 I/HwWifiProServiceProxy( 1709): ctrlHwWifiNetwork pkgName: WIFIPRO_SERVICE interfaceId: 8
07-09 18:32:48.527 I/HwWifiProServiceProxy( 1709): ctrlHwWifiNetwork pkgName: WIFIPRO_SERVICE interfaceId: 80
07-09 18:32:48.536 I/HwQoeQualityMonitor( 1709): rttTime=144, rttPacketNum=9, tcpTxPacket=33, tcpRxPacket=35, tcpReSendPacket=0
07-09 18:32:48.536 I/HwQoeQualityMonitor( 1709): MSG_GET_TCP_INFO no data times = 9
07-09 18:32:48.573 I/WindowManager( 1709): Exit animation finished in Window{967bc09 u0 Splash Screen com.android.packageinstaller EXITING}: remove=true
07-09 18:32:48.573 E/WindowManager( 1709): win=Window{967bc09 u0 Splash Screen com.android.packageinstaller EXITING} destroySurfaces: appStopped=false win.mWindowRemovalAllowed=true win.mRemoveOnExit=true
07-09 18:32:48.574 I/WindowManager( 1709): postWindowRemoveCleanupLocked: Window{967bc09 u0 Splash Screen com.android.packageinstaller}
07-09 18:32:48.574 I/WindowManager( 1709): Removing Window{967bc09 u0 Splash Screen com.android.packageinstaller} from AppWindowToken{938723b token=Token{966c027 ActivityRecord{982db83 u0 com.android.packageinstaller/.InstallInstalling t1163}}}
07-09 18:32:48.575 I/StatusBarDisable( 1709): setFlags what=0 which=1 pkg=Window{926e651 u0 com.android.packageinstaller/com.android.packageinstaller.InstallInstalling}
07-09 18:32:48.672 I/PackageManager( 1709): Un-granting permission android.permission.DEVICE_POWER from package com.huawei.camera (protectionLevel=2 flags=0x20d83e45)
07-09 18:32:48.673 I/PackageManager( 1709): Un-granting permission android.permission.INTERACT_ACROSS_USERS_FULL from package com.huawei.camera (protectionLevel=258 flags=0x20d83e45)
07-09 18:32:48.673 I/PackageManager( 1709): Un-granting permission android.permission.READ_FRAME_BUFFER from package com.huawei.camera (protectionLevel=2 flags=0x20d83e45)
07-09 18:32:48.673 I/PackageManager( 1709): Un-granting permission com.huawei.permission.SET_AUDIO_PARAMETERS from package com.huawei.camera (protectionLevel=2 flags=0x20d83e45)
07-09 18:32:48.676 I/PackageManager( 1709): Un-granting permission android.permission.WRITE_SETTINGS from package com.baidu.swan (protectionLevel=1218 flags=0x30483e44)
07-09 18:32:48.679 I/PackageManager( 1709): Un-granting permission android.permission.READ_LOGS from package com.cisco.anyconnect.vpn.android.avf (protectionLevel=50 flags=0x38083e44)
07-09 18:32:48.680 I/PackageManager( 1709): Un-granting permission android.permission.SYSTEM_ALERT_WINDOW from package com.sohu.inputmethod.sogou (protectionLevel=1250 flags=0x38c83e44)
07-09 18:32:48.680 I/PackageManager( 1709): Un-granting permission android.permission.WRITE_SETTINGS from package com.sohu.inputmethod.sogou (protectionLevel=1218 flags=0x38c83e44)
07-09 18:32:48.680 I/PackageManager( 1709): Un-granting permission android.permission.READ_LOGS from package com.sohu.inputmethod.sogou (protectionLevel=50 flags=0x38c83e44)
07-09 18:32:48.680 I/PackageManager( 1709): Un-granting permission android.permission.CLEAR_APP_CACHE from package com.sohu.inputmethod.sogou (protectionLevel=18 flags=0x38c83e44)
07-09 18:32:48.680 I/PackageManager( 1709): Un-granting permission android.permission.REQUEST_INSTALL_PACKAGES from package com.sohu.inputmethod.sogou (protectionLevel=66 flags=0x38c83e44)
