06-22 15:51:50.170 I/HwOUC   (26837): [main-1]getDemoValue demoSwith is : 0(DemonstrationUtils.java:66)
06-22 15:51:50.170 I/HwOUC   (26837): [main-1]isCurrentDemostration value is : 0(DemonstrationUtils.java:78)
06-22 15:51:50.170 I/HwOUC   (26837): [main-1]registAlam CIRCLE is :1, NewautoPollingCycle = 1(HwOucUtility.java:694)
06-22 15:51:50.171 I/AlarmManager( 1429): remove alarm:Alarm{a10cf17 type 1 when 1593229555761 PendingIntent{a34fff1: PendingIntentRecord{a320ef9 com.huawei.android.hwouc startService}}com.huawei.android.hwouc procName com.huawei.android.hwouc} according to operation:a250439
06-22 15:51:50.173 I/HwOUC   (26837): [pool-5-thread-2-13261]getNeedRestartStr return false(RegisterManager.java:188)
06-22 15:51:50.173 I/HwOUC   (26837): [pool-5-thread-2-13261]isVersionVerifyOk version is empty(RegisterManager.java:275)
06-22 15:51:50.173 I/HwOUC   (26837): [pool-5-thread-2-13261]it's not supportUpgrade,  is empty(RegisterInfo.java:189)
06-22 15:51:50.173 I/HwOUC   (26837): [pool-5-thread-2-13261]RegisterInfo cfgDir:/xml/HwExtDisplay,cfgInfoUri:null(RegisterManager.java:250)
06-22 15:51:50.174 D/NetConnInfoCenter(25670): receive broadcast Intent { act=android.intent.action.TIME_SET flg=0x35200010 cmp=com.tencent.mobileqq/.msf.core.NetConnInfoCenter }
06-22 15:51:50.174 I/HwOUC   (26837): [pool-5-thread-2-13261]getNeedRestartStr return false(RegisterManager.java:188)
06-22 15:51:50.174 D/MSF.C.NetConnTag(25670): pa ok: 51094
06-22 15:51:50.174 I/HwOUC   (26837): [pool-5-thread-2-13261]isVersionVerifyOk version is empty(RegisterManager.java:275)
06-22 15:51:50.175 D/DualConnContext(25670): tryDualConn
06-22 15:51:50.175 I/HwOUC   (26837): [pool-5-thread-2-13261]it's not supportUpgrade,  is empty(RegisterInfo.java:189)
06-22 15:51:50.175 I/HwOUC   (26837): [pool-5-thread-2-13261]RegisterInfo cfgDir:/xml/PreloadAppCompatibility,cfgInfoUri:null(RegisterManager.java:250)
06-22 15:51:50.175 D/MSF.C.NetConnTag(25670): netSend ssoSeq:51094 uin:0 cmd:CS85MTQsaxklMSIxOSwRMycm 51242 267abb5
06-22 15:51:50.176 I/HwOUC   (26837): [pool-5-thread-2-13261]getNeedRestartStr return false(RegisterManager.java:188)
06-22 15:51:50.176 I/HwOUC   (26837): [pool-5-thread-2-13261]isVersionVerifyOk version is empty(RegisterManager.java:275)
06-22 15:51:50.176 I/HwOUC   (26837): [pool-5-thread-2-13261]it's not supportUpgrade,  is empty(RegisterInfo.java:189)
06-22 15:51:50.176 I/HwOUC   (26837): [pool-5-thread-2-13261]RegisterInfo cfgDir:carrier/network,cfgInfoUri:null(RegisterManager.java:250)
06-22 15:51:50.178 I/        (  485): CheckPropValue: ro.hardware : kirin980
06-22 15:51:50.179 I/        (  485): CheckPropValue: ro.runmode : normal
06-22 15:51:50.180 I/HwOUC   (26837): [pool-5-thread-2-13261]getNeedRestartStr return true(RegisterManager.java:188)
06-22 15:51:50.180 I/OEMINFO_NVM_SERVER(  485): GetValidOeminfoRegion: index is (28).
06-22 15:51:50.180 I/HwOUC   (26837): [pool-5-thread-2-13261]setCompatibleVersion, type is CARRIER_NETWORK(RegisterInfo.java:155)
06-22 15:51:50.180 I/HwOUC   (26837): [pool-5-thread-2-13261]isNeedRestartVerifyOK start， needRestartStr is true(RegisterInfo.java:243)
06-22 15:51:50.181 I/HwOUC   (26837): [pool-5-thread-2-13261]RegisterInfo cfgDir:null,cfgInfoUri:content://iaware.app.cloudpush/cloudpushtable(RegisterManager.java:250)
06-22 15:51:50.181 D/hw_oeminfo_nv_interface( 2840): RmtCommonOeminfoRead: index(104) ret = 0
06-22 15:51:50.181 D/HwBootAnimationOeminfo( 2840): getBAP  idx = 104, dst = 1, ret = 0
06-22 15:51:50.181 V/BroadcastQueue( 1429): Finished with ordered broadcast BroadcastRecord{a505e8b u-1 android.intent.action.TIME_SET}
06-22 15:51:50.181 I/HwOUC   (26837): [main-1]getDemoValue query uri : content://com.huawei.retaildemo.upgrade/retaildemoupgrade(DemonstrationUtils.java:47)
06-22 15:51:50.182 I/ActivityManager( 1429): App 10055/com.android.calendar targets O+, restricted
06-22 15:51:50.182 I/HwOUC   (26837): [main-1]getDemoValue demoSwith is : 0(DemonstrationUtils.java:66)
06-22 15:51:50.183 I/HwOUC   (26837): [main-1]isCurrentDemostration value is : 0(DemonstrationUtils.java:78)
06-22 15:51:50.183 I/Calendar(29174): AlertReceiver info:onReceive update notification
06-22 15:51:50.185 I/Calendar(29174): AlertService info:process message Action = android.intent.action.TIME_SET
06-22 15:51:50.189 V/ActivityManager( 1429): Successfully start provider ContentProviderRecord{a0091d4 u0 com.huawei.iaware/.CloudPushContentProvider} launchingApp=null caller pid= 26837
06-22 15:51:50.192 D/MSF.C.NetConnTag(25670): netRecv ssoSeq:51094 uin:0 cmd:CS85MTQsaxklMSIxOSwRMycm 51167 cross:0
06-22 15:51:50.196 I/HwOUC   (26837): [main-1]registerAutoCheckAlarm NEXT CHECK NEW VERSION time :Tue Jun 23 15:32:01 GMT+08:00 2020(HwOucUtility.java:757)
06-22 15:51:50.196 D/ConnectivityService( 1429): get Network state from cache, cacheBlock is 0
06-22 15:51:50.197 I/Calendar(29174): AlertService info:missed alarms found: 0
06-22 15:51:50.197 I/chatty  ( 1429): uid=1000(system) Binder:1429_3 identical 24 lines
06-22 15:51:50.197 D/ConnectivityService( 1429): get Network state from cache, cacheBlock is 0
06-22 15:51:50.198 I/HwOUC   (26837): [pool-5-thread-2-13261]getNeedRestartStr return false(RegisterManager.java:188)
06-22 15:51:50.199 I/HwGeneralService( 1429): readProtectArea: callingPid is 26837,callingUid is 10082
06-22 15:51:50.199 I/HwGeneralService( 1429): readProtectArea: callingPid is 26837,callingUid is 10082
06-22 15:51:50.199 I/HwOUC   (26837): [main-1]checkCotaFromStartupGuide is false(AutoCheckService.java:291)
06-22 15:51:50.201 I/HwOUC   (26837): [pool-5-thread-2-13261]last install compatibleVersion is 1, new compatibleVersion is 1, itemid is ThirdPartyAppProperty_generic(RegisterInfo.java:344)
06-22 15:51:50.201 I/HwOUC   (26837): [pool-5-thread-2-13261]getModuleVersion is 1.13.19.103; currentVersion is 1.13.19.103; lastVersion is 1.13.19.103(RegisterManager.java:233)
06-22 15:51:50.201 I/HwOUC   (26837): [pool-5-thread-2-13261]isNeedRestartVerifyOK start， needRestartStr is false(RegisterInfo.java:243)
06-22 15:51:50.201 I/HwOUC   (26837): [pool-5-thread-2-13261]getNeedRestartStr return false(RegisterManager.java:188)
06-22 15:51:50.202 I/Calendar(29174): AlertService info:No fired or scheduled alerts
06-22 15:51:50.203 I/HwOUC   (26837): [pool-5-thread-2-13261]last install compatibleVersion is 1, new compatibleVersion is 1, itemid is iGraphicsPara_generic(RegisterInfo.java:344)
06-22 15:51:50.203 I/HwOUC   (26837): [pool-5-thread-2-13261]getModuleVersion is 1.10.19.100; currentVersion is 1.10.19.100; lastVersion is 1.10.19.100(RegisterManager.java:233)
06-22 15:51:50.203 I/HwOUC   (26837): [pool-5-thread-2-13261]isNeedRestartVerifyOK start， needRestartStr is false(RegisterInfo.java:243)
06-22 15:51:50.204 I/HwOUC   (26837): [pool-5-thread-2-13261]getNeedRestartStr return false(RegisterManager.java:188)
06-22 15:51:50.204 I/MSF.S.AppProcessManager(25670): SendToApp PUSH process:com.tencent.mobileqq:qzone fromServiceMsg: FromServiceMsg msName:pushSetConfig ssoSeq:-1 serviceCmd:cmd_pushSetConfig appSeq:-1 failCode:1000 cost = 0 needBoot=false from.len = 0
06-22 15:51:50.205 I/        (  485): CheckPropValue: ro.hardware : kirin980
06-22 15:51:50.205 I/        (  485): CheckPropValue: ro.runmode : normal
06-22 15:51:50.206 I/ActivityManager( 1429): App 10055/com.android.calendar targets O+, restricted
06-22 15:51:50.206 D/MSF.D.Proxy(25009): onRecvServicePushResp, fromServiceMsg cmd = cmd_pushSetConfig, ssoSeq = -1, length = 0
06-22 15:51:50.207 I/OEMINFO_NVM_SERVER(  485): GetValidOeminfoRegion: index is (57).
06-22 15:51:50.207 W/ProcBatteryStats( 1429): timer is not running , not stop, name: android, uid: 1000, tag: DispatcherLockTag
06-22 15:51:50.209 D/hw_oeminfo_nv_interface( 1429): RmtCommonOeminfoRead: index(150) ret = 0
06-22 15:51:50.209 I/HwProtectAreaService_jni( 1429): _nativeReadProtectArea:optItemStr : UPDATE_UDID,len: 128 
06-22 15:51:50.209 I/MSF.S.AppProcessManager(25670): SendToApp PUSH process:com.tencent.mobileqq fromServiceMsg: FromServiceMsg msName:pushSetConfig ssoSeq:-1 serviceCmd:cmd_pushSetConfig appSeq:-1 failCode:1000 cost = 0 needBoot=false from.len = 0
06-22 15:51:50.210 I/HwOUC   (26837): [pool-5-thread-2-13261]last install compatibleVersion is 1, new compatibleVersion is 1, itemid is iAwarePara_generic(RegisterInfo.java:344)
06-22 15:51:50.210 I/HwOUC   (26837): [pool-5-thread-2-13261]getModuleVersion is 1.10.19.100; currentVersion is 1.10.19.100; lastVersion is 1.10.19.100(RegisterManager.java:233)
06-22 15:51:50.210 I/HwOUC   (26837): [pool-5-thread-2-13261]isNeedRestartVerifyOK start， needRestartStr is false(RegisterInfo.java:243)
06-22 15:51:50.210 I/HwOUC   (26837): [pool-5-thread-2-13261]RegisterInfo cfgDir:pg_config,cfgInfoUri:content://com.huawei.powergenie/cotaconfig(RegisterManager.java:250)
06-22 15:51:50.211 D/MSF.D.Proxy(11208): onRecvServicePushResp, fromServiceMsg cmd = cmd_pushSetConfig, ssoSeq = -1, length = 0
06-22 15:51:50.212 I/DeviceIdentifiers( 1429): udid has been read success, return!
06-22 15:51:50.212 I/HwOUC   (26837): [Thread-13-13264]getUDID success(UDIDUtil.java:97)
06-22 15:51:50.212 I/HwOUC   (26837): [Thread-13-13264]generateUdidInfo(UDIDUtil.java:74)
06-22 15:51:50.214 D/MSF.C.TokenChecker(25670): checkToken for *0439 now: 1592812310210 lastCheckWebviewKeyTime: 1593142185000 needChangeToken: false isInstant:false
06-22 15:51:50.216 V/ActivityManager( 1429): Successfully start provider ContentProviderRecord{a009171 u0 com.huawei.powergenie/.core.policy.PolicyProvider} launchingApp=null caller pid= 26837
06-22 15:51:50.216 I/        (  485): CheckPropValue: ro.hardware : kirin980
06-22 15:51:50.216 I/        (  485): CheckPropValue: ro.runmode : normal
06-22 15:51:50.217 I/PolicyProvider( 2895): get cotaconfig cursor, type: PGCONFIG, version: 10.11.19.100, subType: generic, compatibleVersion: 10
06-22 15:51:50.217 I/Calendar(29174): CalendarWidgetService info:JOB SCHEDULED action android.intent.action.TIME_SET
06-22 15:51:50.217 I/Calendar(29174): CalendarWidget info:Querying for widget events...
06-22 15:51:50.218 I/Calendar(29174): CalendarWidgetService info:CalendarWidgetService-onCreate()
06-22 15:51:50.218 I/OEMINFO_NVM_SERVER(  485): GetValidOeminfoRegion: index is (86).
06-22 15:51:50.218 I/HwOUC   (26837): [pool-5-thread-2-13261]getNeedRestartStr return true(RegisterManager.java:188)
06-22 15:51:50.218 I/HwOUC   (26837): [pool-5-thread-2-13261]isNeedRestartVerifyOK start， needRestartStr is true(RegisterInfo.java:243)
06-22 15:51:50.219 I/HwOUC   (26837): [pool-5-thread-2-13261]RegisterInfo cfgDir:hsm_independent_update,cfgInfoUri:null(RegisterManager.java:250)
06-22 15:51:50.220 D/hw_oeminfo_nv_interface( 1429): RmtCommonOeminfoRead: index(186) ret = 0
06-22 15:51:50.220 I/HwProtectAreaService_jni( 1429): _nativeReadProtectArea:optItemStr : BASE_VERSION,len: 128 
06-22 15:51:50.220 I/Calendar(29174): CalendarWidgetService info: onStartJob - 109
06-22 15:51:50.220 I/HwOUC   (26837): [pool-5-thread-2-13261]getNeedRestartStr return true(RegisterManager.java:188)
06-22 15:51:50.220 I/HwGeneralService( 1429): readProtectArea: callingPid is 26837,callingUid is 10082
06-22 15:51:50.220 I/HwOUC   (26837): [pool-5-thread-2-13261]isVersionVerifyOk version is empty(RegisterManager.java:275)
06-22 15:51:50.220 I/ActivityManager( 1429): App 10055/com.android.calendar targets O+, restricted
06-22 15:51:50.221 I/HwOUC   (26837): [pool-5-thread-2-13261]it's not supportUpgrade,  is empty(RegisterInfo.java:189)
06-22 15:51:50.221 I/HwOUC   (26837): [pool-5-thread-2-13261]RegisterInfo cfgDir:/power/BSOHJSONCONFIG,cfgInfoUri:content://com.huawei.android.smartchargeprovider/night_charge(RegisterManager.java:250)
06-22 15:51:50.221 I/HwOUC   (26837): [main-1]onStart() enter service isApplicationInForeground is false; isDownloadActivityTop is false(AutoCheckService.java:369)
06-22 15:51:50.222 I/Calendar(29174): CalendarWidgetService info:jobFinish 109
06-22 15:51:50.222 I/Calendar(29174): CalendarSimpleUiPRovider info:onReceive action = android.intent.action.TIME_SET
06-22 15:51:50.223 D/ContentProviderRecord( 1429): Install provider in app ui process, name:ComponentInfo{com.huawei.systemmanager/com.huawei.smartcharge.provider.SmartChargeProvider}
06-22 15:51:50.223 I/ActivityManager( 1429): Need to start process com.huawei.systemmanager:nightcharge for provider ContentProviderInfo{name=com.huawei.android.smartchargeprovider className=com.huawei.smartcharge.provider.SmartChargeProvider}, callerApp: ProcessRecord{a3874e1 26837:com.huawei.android.hwouc/u0a82}
06-22 15:51:50.223 V/ActivityManager( 1429): startProcess: name=com.huawei.systemmanager:nightcharge app=null knownToBeDead=false thread=null pid=-1
06-22 15:51:50.224 V/ActivityManager_MU( 1429): Waiting to start provider ContentProviderRecord{a3e30ea u0 com.huawei.systemmanager/com.huawei.smartcharge.provider.SmartChargeProvider} launchingApp=ProcessRecord{a02f451 0:com.huawei.systemmanager:nightcharge/1000} caller pid= 26837 for 20000 ms
06-22 15:51:50.224 I/ActivityManager( 1429): App 10084/com.android.deskclock targets O+, restricted
06-22 15:51:50.225 I/        (  485): CheckPropValue: ro.hardware : kirin980
06-22 15:51:50.225 I/        (  485): CheckPropValue: ro.runmode : normal
06-22 15:51:50.228 I/Calendar(29174): CalendarWidgetService info:CalendarWidgetService-onDestroy()109
06-22 15:51:50.229 I/OEMINFO_NVM_SERVER(  485): GetValidOeminfoRegion: index is (80).
06-22 15:51:50.230 I/HwOUC   (26837): [main-1]isHotPatchOnly patchType: 4; hotpatchTypeOnlyfalse(LogControl.java:184)
06-22 15:51:50.230 I/HwOUC   (26837): [main-1]looper in myLooper(HotPatchManager.java:97)
06-22 15:51:50.230 D/hw_oeminfo_nv_interface( 1429): RmtCommonOeminfoRead: index(180) ret = 0
06-22 15:51:50.230 I/HwProtectAreaService_jni( 1429): _nativeReadProtectArea:optItemStr : CUSTOM_VERSION,len: 128 
06-22 15:51:50.231 I/HwGeneralService( 1429): readProtectArea: callingPid is 26837,callingUid is 10082
06-22 15:51:50.231 I/AlarmManager( 1429): remove alarm:Alarm{a338e99 type 1 when 1592841600046 PendingIntent{a327de5: PendingIntentRecord{a37c439 com.android.calendar broadcastIntent}}com.android.calendar procName com.android.calendar} according to operation:a481969
06-22 15:51:50.234 D/Zygote  (  636): Forked child process 29413
06-22 15:51:50.236 I/        (  485): CheckPropValue: ro.hardware : kirin980
06-22 15:51:50.236 I/        (  485): CheckPropValue: ro.runmode : normal
06-22 15:51:50.239 I/OEMINFO_NVM_SERVER(  485): GetValidOeminfoRegion: index is (82).
06-22 15:51:50.239 I/ActivityManager( 1429): Start proc 29413:com.huawei.systemmanager:nightcharge/1000 for content provider {com.huawei.systemmanager/com.huawei.smartcharge.provider.SmartChargeProvider}
06-22 15:51:50.240 E/ProcessInfoCollector( 1429): getProcessInfo: failed to find this proc 
06-22 15:51:50.240 I/PG_ash  ( 2895): allow ash sys process:com.huawei.systemmanager:nightcharge pkgList:[com.huawei.systemmanager]
06-22 15:51:50.241 D/hw_oeminfo_nv_interface( 1429): RmtCommonOeminfoRead: index(182) ret = 0
06-22 15:51:50.241 I/HwProtectAreaService_jni( 1429): _nativeReadProtectArea:optItemStr : PRELOAD_VERSION,len: 128 
06-22 15:51:50.241 I/ger:nightcharg(29413): Reinit property: dalvik.vm.checkjni= false
06-22 15:51:50.241 E/HwOUC   (26837): [Thread-12-13263]parseBasePartCouplingXML IOException product/etc/groupcfg/GBC.xml: open failed: ENOENT (No such file or directory)(CouplingStrategyUtils.java:352)
06-22 15:51:50.242 D/PGGoogleServicePolicy( 1429): prevent gms/gsf hold partial wakelock
06-22 15:51:50.242 E/HwOUC   (26837): [Thread-12-13263]parseBasePartCouplingXML IOException product/etc/groupcfg/GBP.xml: open failed: ENOENT (No such file or directory)(CouplingStrategyUtils.java:352)
06-22 15:51:50.242 E/ger:nightcharg(29413): Not starting debugger since process cannot load the jdwp agent.
06-22 15:51:50.243 I/HwGeneralService( 1429): readProtectArea: callingPid is 26837,callingUid is 10082
06-22 15:51:50.243 D/PGGoogleServicePolicy( 1429): prevent gms/gsf hold partial wakelock
06-22 15:51:50.243 I/HwOUC   (26837): [main-1]refreshUndoneStatusValue isFirmwareUndoneLastTime is false; isMicroPatchUndoneLastTime is false; isCotaUndone is false; isFusionUndoneLastTime is false(AutoCheckService.java:675)
06-22 15:51:50.244 I/Calendar(29174): CalendarWidget info:agenda widget onLoadComplete
06-22 15:51:50.245 I/ActivityManager( 1429): App 10055/com.android.calendar targets O+, restricted
06-22 15:51:50.246 I/SystemUpdate(24009): [Installation,ReceiverIntentOperation] Received intent: Intent { act=android.intent.action.TIME_SET flg=0x35200010 cmp=com.google.android.gms/.chimera.GmsIntentOperationService$PersistentTrustedReceiver }.
06-22 15:51:50.251 I/OUC_COTA(26837): [main-1]getCotaDownloadInfo(/CotaProxy.java:701)
06-22 15:51:50.253 I/        (  485): CheckPropValue: ro.hardware : kirin980
06-22 15:51:50.253 I/        (  485): CheckPropValue: ro.runmode : normal
06-22 15:51:50.254 I/HwOUC   (26837): [main-1]InstallUtils--getInstance(InstallUtils.java:91)
06-22 15:51:50.254 V/BroadcastQueue( 1429): Finished with ordered broadcast BroadcastRecord{a1aad5b u0 com.android.calendar.widget.UPDATE_WIDGET_STATUS}
06-22 15:51:50.254 I/HwOUC   (26837): [main-1]ThirdAppCheckedUtils isProgressDialogShow not show(ThirdAppCheckedUtils.java:309)
06-22 15:51:50.254 D/ActivityThread(29413): Attach thread to application
06-22 15:51:50.255 I/HwOUC   (26837): [main-1]no dialog is isShowing(HwOucUtilityEx.java:1204)
06-22 15:51:50.255 I/HwOUC   (26837): [main-1]delayRecordTime: -1, currentTime: 1592812310255(AutoCheckService.java:1898)
06-22 15:51:50.255 I/OEMINFO_NVM_SERVER(  485): GetValidOeminfoRegion: index is (84).
06-22 15:51:50.255 I/HwOUC   (26837): [main-1]don't need delay to pop up(AutoCheckService.java:1903)
06-22 15:51:50.255 I/HwOUC   (26837): [main-1]ACTION_AUTO_CHECK_FOR_NEW_VERSION writeIsNotRemindForTopFullscreen(false)(AutoCheckService.java:303)
06-22 15:51:50.255 I/HwOUC   (26837): [main-1]startAutoCheckNewVersion(AutoCheckService.java:464)
06-22 15:51:50.256 I/HwOUC   (26837): [main-1]where: auto_check_flag='1' AND (BaseDBOperator.java:83)
06-22 15:51:50.256 D/hw_oeminfo_nv_interface( 1429): RmtCommonOeminfoRead: index(184) ret = 0
06-22 15:51:50.256 I/HwProtectAreaService_jni( 1429): _nativeReadProtectArea:optItemStr : GROUP_VERSION,len: 128 
06-22 15:51:50.257 D/PGGoogleServicePolicy( 1429): prevent gms/gsf hold partial wakelock
06-22 15:51:50.257 I/HwGeneralService( 1429): readProtectArea: callingPid is 26837,callingUid is 10082
06-22 15:51:50.259 I/SystemUpdate(24009): [Execution,InstallationEventIntentOperation] Handling event of type 6.
06-22 15:51:50.263 I/SystemUpdate(24009): [Execution,InstallationIntentOperation] Received intent: Intent { act=com.google.android.gms.update.INSTALL_UPDATE cat=[targeted_intent_op_prefix:.update.execution.InstallationIntentOperation] cmp=com.google.android.gms/.chimera.GmsIntentOperationService }.
06-22 15:51:50.263 I/        (  485): CheckPropValue: ro.hardware : kirin980
06-22 15:51:50.263 I/        (  485): CheckPropValue: ro.runmode : normal
06-22 15:51:50.263 D/ApplicationLoaders(29413): Returning zygote-cached class loader: /system/framework/android.hidl.base-V1.0-java.jar
06-22 15:51:50.263 D/ApplicationLoaders(29413): Returning zygote-cached class loader: /system/framework/android.hidl.manager-V1.0-java.jar
06-22 15:51:50.263 D/ApplicationLoaders(29413): Returning zygote-cached class loader: /system/framework/android.hidl.base-V1.0-java.jar
06-22 15:51:50.265 I/ger:nightcharg(29413): The ClassLoaderContext is a special shared library.
06-22 15:51:50.266 I/OEMINFO_NVM_SERVER(  485): GetValidOeminfoRegion: index is (91).
06-22 15:51:50.267 W/ger:nightcharge(29413): type=1400 audit(0.0:8707182): avc: denied { write } for pid=29413 name="com.huawei.systemmanager-Jmu79JTH3a0R_nWHCtvviA==" dev="sdd69" ino=102794 scontext=u:r:system_app:s0 tcontext=u:object_r:apk_data_file:s0 tclass=dir permissive=0
06-22 15:51:50.268 D/hw_oeminfo_nv_interface( 1429): RmtCommonOeminfoRead: index(189) ret = 0
06-22 15:51:50.268 I/HwProtectAreaService_jni( 1429): _nativeReadProtectArea:optItemStr : CUSTOM_C_VERSION,len: 128 
06-22 15:51:50.268 I/ger:nightcharg(29413): The ClassLoaderContext is a special shared library.
06-22 15:51:50.268 I/SystemUpdate(24009): [Execution,ExecutionManager] Action finished-execution executed for 0.00 seconds.
06-22 15:51:50.270 I/HwGeneralService( 1429): readProtectArea: callingPid is 26837,callingUid is 10082
06-22 15:51:50.272 I/HwOUC   (26837): [main-1]refreshUndoneStatusValue isFirmwareUndoneLastTime is false; isMicroPatchUndoneLastTime is false; isCotaUndone is false; isFusionUndoneLastTime is false(AutoCheckService.java:675)
06-22 15:51:50.273 I/HwOUC   (26837): [main-1]clearSelfUpdateNewVersionInfo isAutoCheck is true(FirmwareBizImpl.java:557)
06-22 15:51:50.273 I/        (  485): CheckPropValue: ro.hardware : kirin980
06-22 15:51:50.273 I/        (  485): CheckPropValue: ro.runmode : normal
06-22 15:51:50.276 I/HwOUC   (26837): [main-1]executeCheck checkType is 2(AutoCheckNewVersionMicroPatchImpl.java:63)
06-22 15:51:50.276 I/HwOUC   (26837): [main-1]where: auto_check_flag='0' AND (BaseDBOperator.java:83)
06-22 15:51:50.277 I/OEMINFO_NVM_SERVER(  485): GetValidOeminfoRegion: index is (51).
06-22 15:51:50.278 I/ger:nightcharg(29413): QarthPatchMonintor::Init
06-22 15:51:50.278 I/ger:nightcharg(29413): 
06-22 15:51:50.278 I/ger:nightcharg(29413): QarthPatchMonintor::StartWatch
06-22 15:51:50.278 I/ger:nightcharg(29413): 
06-22 15:51:50.278 I/ger:nightcharg(29413): QarthPatchMonintor::WatchPackage: /data/hotpatch/fwkhotpatch/
06-22 15:51:50.278 I/ger:nightcharg(29413): 
06-22 15:51:50.278 I/ger:nightcharg(29413): QarthPatchMonintor::CheckAndWatchPatch: /data/hotpatch/fwkhotpatch/com.huawei.systemmanager
06-22 15:51:50.278 I/ger:nightcharg(29413): 
06-22 15:51:50.278 I/ger:nightcharg(29413): QarthPatchMonintor::CheckAndWatchPatch: /data/hotpatch/fwkhotpatch/all
06-22 15:51:50.278 I/ger:nightcharg(29413): 
06-22 15:51:50.278 I/ger:nightcharg(29413): QarthPatchMonintor::Run
06-22 15:51:50.278 I/ger:nightcharg(29413): 
06-22 15:51:50.278 D/hw_oeminfo_nv_interface( 1429): RmtCommonOeminfoRead: index(140) ret = 0
06-22 15:51:50.278 I/HwProtectAreaService_jni( 1429): _nativeReadProtectArea:optItemStr : FIX_HOTA_INFO,len: 2048 
06-22 15:51:50.278 I/HwOUC   (26837): [PatchCheckNewVersion-13265]PatchCheckNewVersion mIsAutoCheck is true; mIsRealVersion is true; mIsIncrementCheck is false(UpdateProcessor.java:500)
06-22 15:51:50.279 E/ActivityThread(26837): Failed to find provider info for service_oversea_rom
06-22 15:51:50.279 I/ActivityManager( 1429): Need to start process com.huawei.phoneservice for provider ContentProviderInfo{name=service_rom className=com.huawei.phoneservice.question.db.RomProvider}, callerApp: ProcessRecord{a3874e1 26837:com.huawei.android.hwouc/u0a82}
06-22 15:51:50.279 V/ActivityManager( 1429): startProcess: name=com.huawei.phoneservice app=null knownToBeDead=false thread=null pid=-1
06-22 15:51:50.279 I/HwGeneralService( 1429): writeProtectArea: callingPid is 26837,callingUid is 10082
06-22 15:51:50.279 I/HwProtectAreaService_jni( 1429): _nativeWriteProtectArea:optItemStr: : "C_version":"C00","D_version":"D000","PLMN":"46003","BoardID":"8999",
06-22 15:51:50.279 I/ger:nightcharg(29413): QarthPatchMonintor::Reading
06-22 15:51:50.279 I/ger:nightcharg(29413): 
06-22 15:51:50.279 I/ger:nightcharg(29413): QarthPatchMonintor::CheckNotifyEvent
06-22 15:51:50.279 I/ger:nightcharg(29413): 
06-22 15:51:50.279 I/ger:nightcharg(29413): QarthPatchMonintor::CheckNotifyEvent before read
06-22 15:51:50.279 I/ger:nightcharg(29413): 
06-22 15:51:50.280 V/ActivityManager_MU( 1429): Waiting to start provider ContentProviderRecord{a44947e u0 com.huawei.phoneservice/.question.db.RomProvider} launchingApp=ProcessRecord{a248499 0:com.huawei.phoneservice/u0a43} caller pid= 26837 for 20000 ms
06-22 15:51:50.281 I/AwareBitmapCacher(29413): init processName:com.huawei.systemmanager:nightcharge pid=29413 uid=1000
06-22 15:51:50.283 I/        (  485): CheckPropValue: ro.hardware : kirin980
06-22 15:51:50.283 I/        (  485): CheckPropValue: ro.runmode : normal
06-22 15:51:50.284 I/OEMINFO_NVM_SERVER(  485): GetValidOeminfoRegion: index is (28).
06-22 15:51:50.285 D/hw_oeminfo_nv_interface( 2840): RmtCommonOeminfoRead: index(104) ret = 0
06-22 15:51:50.285 D/HwBootAnimationOeminfo( 2840): getBAP  idx = 104, dst = 1, ret = 0
06-22 15:51:50.287 I/        (  485): CheckPropValue: ro.hardware : kirin980
06-22 15:51:50.287 I/        (  485): CheckPropValue: ro.runmode : normal
06-22 15:51:50.288 I/OEMINFO_NVM_SERVER(  485): GetValidOeminfoRegion: index is (51).
06-22 15:51:50.290 D/hw_oeminfo_nv_interface( 1429): RmtCommonOeminfoWrite: index(140) ret = 0
06-22 15:51:50.291 I/HwOUC   (26837): [Thread-12-13263]writeOemInfo interfaceCode is 0, optItem = FIX_HOTA_INFO(OemInfoUtil.java:152)
06-22 15:51:50.292 D/Zygote  (  636): Forked child process 29434
06-22 15:51:50.292 I/HwGeneralService( 1429): writeProtectArea: callingPid is 26837,callingUid is 10082
06-22 15:51:50.292 I/HwProtectAreaService_jni( 1429): _nativeWriteProtectArea:optItemStr: : C64D8202EDBE9C477CB6E80C061D7F2A668B0104DF3FE006D023E8BFA71164D5
06-22 15:51:50.292 I/        (  485): CheckPropValue: ro.hardware : kirin980
06-22 15:51:50.292 I/        (  485): CheckPropValue: ro.runmode : normal
06-22 15:51:50.293 I/SmartChargeNightAiImpl(29413): registerForNotifications
06-22 15:51:50.293 I/SmartChargeNightAiImpl(29413): enter into MmiTestManagerInit
06-22 15:51:50.294 I/ActivityManager( 1429): Start proc 29434:com.huawei.phoneservice/u0a43 for content provider {com.huawei.phoneservice/com.huawei.phoneservice.question.db.RomProvider}
06-22 15:51:50.294 E/ProcessInfoCollector( 1429): getProcessInfo: failed to find this proc 
06-22 15:51:50.294 I/OEMINFO_NVM_SERVER(  485): GetValidOeminfoRegion: index is (28).
06-22 15:51:50.296 D/hw_oeminfo_nv_interface( 2840): RmtCommonOeminfoRead: index(104) ret = 0
06-22 15:51:50.296 D/HwBootAnimationOeminfo( 2840): getBAP  idx = 104, dst = 1, ret = 0
06-22 15:51:50.298 I/OUC_COTA(26837): [main-1]  handleActionForCota action:android.intent.action.TIME_SET(/CotaProxy.java:1655)
06-22 15:51:50.298 I/HwOUC   (26837): [main-1]refreshPullUpProcessAlarm(NetworkChangeUtil.java:351)
06-22 15:51:50.298 I/PG_ash  ( 2895): allow ctrl sys app:[com.huawei.phoneservice]
06-22 15:51:50.298 I/PG_ash  ( 2895): com.huawei.phoneservice pop from SHDA
06-22 15:51:50.298 I/PG_ash  ( 2895): running package: com.huawei.phoneservice, visible: false
06-22 15:51:50.298 I/HwOUC   (26837): [main-1]refreshPullUpProcessAlarm reset alarm Mon Jun 22 19:58:47 GMT+08:00 2020(NetworkChangeUtil.java:363)
06-22 15:51:50.298 I/ash_trans( 2895): com.huawei.phoneservice { running duration=0 Uptime=0 } transition to: doze reason:
06-22 15:51:50.299 I/APwPowerPolicy( 2895):  one day not front to ignore gps: com.huawei.phoneservice
06-22 15:51:50.299 I/PG_ash  ( 2895): perform_nap P_GPS : com.huawei.phoneservice
06-22 15:51:50.299 I/AlarmManager( 1429): remove alarm:Alarm{a47ca75 type 1 when 1592827127984 PendingIntent{a348e8d: PendingIntentRecord{a0cc875 com.huawei.android.hwouc broadcastIntent}}com.huawei.android.hwouc procName com.huawei.android.hwouc} according to operation:a42c0a9
06-22 15:51:50.299 D/ConnectivityService( 1429): get Network state from cache, cacheBlock is 0
06-22 15:51:50.299 I/        (  485): CheckPropValue: ro.hardware : kirin980
06-22 15:51:50.299 I/        (  485): CheckPropValue: ro.runmode : normal
06-22 15:51:50.300 I/ei.phoneservic(29434): Reinit property: dalvik.vm.checkjni= false
06-22 15:51:50.300 E/SmartChargeNightAiImpl(29413): g_mIhwPower linkToDeath
06-22 15:51:50.300 E/WifiService( 1429): enforceCanAccessScanResults: hiding ssid and bssidLocation mode is disabled for the device
06-22 15:51:50.300 I/SmartChargeNightAiImpl(29413): NativeIsModuleEnable ... begin
06-22 15:51:50.300 I/SmartChargeNightAiImpl(29413): IsModuleEnabled ... TNY-AL00
06-22 15:51:50.300 I/SmartChargeNightAiImpl(29413): NativeIsModuleEnable end. 
06-22 15:51:50.301 I/OEMINFO_NVM_SERVER(  485): GetValidOeminfoRegion: index is (50).
06-22 15:51:50.301 D/NcDft_ServiceImpl( 2784): notifyNcDftEvent domain is : 0 ;eventID is: 104 ;List is [{"freeze_pkg":"com.huawei.phoneservice","freeze_uid":10043,"proxy":1,"is_front":0,"freeze_time":1592812310301}]
06-22 15:51:50.301 I/HwOUC   (26837): [Thread-14-13266]getWifiType->isMeteredWifi is false(ConnectivityUtil.java:60)
06-22 15:51:50.301 I/PG_ash  ( 2895): P_GPS:com.huawei.phoneservice uid:10043 result:true
06-22 15:51:50.301 I/PG_ash  ( 2895): nap package: com.huawei.phoneservice, visible: false, bgTime: 3, scrOff: false
06-22 15:51:50.302 V/ActivityManager( 1429): Successfully start provider ContentProviderRecord{a3e30ea u0 com.huawei.systemmanager/com.huawei.smartcharge.provider.SmartChargeProvider} launchingApp=ProcessRecord{a02f451 29413:com.huawei.systemmanager:nightcharge/1000} caller pid= 26837
06-22 15:51:50.302 D/hw_oeminfo_nv_interface( 1429): RmtCommonOeminfoWrite: index(139) ret = 0
06-22 15:51:50.303 I/HwOUC   (26837): [Thread-12-13263]writeOemInfo interfaceCode is 0, optItem = FIX_HOTA_INFO_INTI(OemInfoUtil.java:152)
06-22 15:51:50.303 D/HwFrameworkSecurityPartsFactory(29413): HwFrameworkSecurityPartsFactory in.
06-22 15:51:50.303 I/HwFrameworkSecurityPartsFactory(29413): add HwFrameworkSecurityPartsFactory to memory.
06-22 15:51:50.303 I/HwGeneralService( 1429): writeProtectArea: callingPid is 26837,callingUid is 10082
06-22 15:51:50.303 I/HwProtectAreaService_jni( 1429): _nativeWriteProtectArea:optItemStr: : IMEI;IMSI;udid;deviceId;PLMN;SHA256
06-22 15:51:50.304 E/ei.phoneservic(29434): Not starting debugger since process cannot load the jdwp agent.
06-22 15:51:50.305 I/PG_ash  ( 2895): pkg null calling: com.huawei.systemmanager, pid: 0 ,type: acquire_provider
06-22 15:51:50.306 E/HwOUC   (26837): [Thread-14-13266]versionId is null when setNewVersionIds(Hianalytics.java:1832)
06-22 15:51:50.307 I/        (  485): CheckPropValue: ro.hardware : kirin980
06-22 15:51:50.307 I/        (  485): CheckPropValue: ro.runmode : normal
06-22 15:51:50.309 I/OEMINFO_NVM_SERVER(  485): GetValidOeminfoRegion: index is (28).
06-22 15:51:50.310 D/hw_oeminfo_nv_interface( 2840): RmtCommonOeminfoRead: index(104) ret = 0
06-22 15:51:50.310 D/HwBootAnimationOeminfo( 2840): getBAP  idx = 104, dst = 1, ret = 0
06-22 15:51:50.310 I/HwOUC   (26837): [main-1]getDemoValue query uri : content://com.huawei.retaildemo.upgrade/retaildemoupgrade(DemonstrationUtils.java:47)
06-22 15:51:50.312 I/HwOUC   (26837): [main-1]getDemoValue demoSwith is : 0(DemonstrationUtils.java:66)
06-22 15:51:50.312 I/HwOUC   (26837): [main-1]isCurrentDemostration value is : 0(DemonstrationUtils.java:78)
06-22 15:51:50.314 I/        (  485): CheckPropValue: ro.hardware : kirin980
06-22 15:51:50.314 I/        (  485): CheckPropValue: ro.runmode : normal
06-22 15:51:50.316 I/HwSystemManager(29413): check push opration, match idx:-1
06-22 15:51:50.317 I/SmartChargeNightAiImpl(29413): NativeGetPowerState begin... 
06-22 15:51:50.317 I/SmartChargeNightAiImpl(29413): GetPowerState ... scene: hwouc_config
06-22 15:51:50.317 W/ContextImpl(29413): Calling a method in the system process without a qualified user: android.app.ContextImpl.startService:1674 android.content.ContextWrapper.startService:669 com.huawei.securitycenter.antivirus.AntivirusModule.startAntivirusService:35 com.huawei.securitycenter.antivirus.AntivirusModule.loadModule:23 com.huawei.securitycentersdk.SecurityCenterContext.loadModules:63 
06-22 15:51:50.318 D/ActivityThread(29434): Attach thread to application
06-22 15:51:50.318 I/OEMINFO_NVM_SERVER(  485): GetValidOeminfoRegion: index is (53).
06-22 15:51:50.319 W/ContextImpl(29413): Calling a method in the system process without a qualified user: android.app.ContextImpl.startService:1674 android.content.ContextWrapper.startService:669 com.huawei.securitycentersdk.SecurityCenterContext.startHwSecService:11 com.huawei.securitycentersdk.SecurityCenterContext.startServices:0 com.huawei.securitycentersdk.SecurityCenterContext.inject:9 
06-22 15:51:50.320 D/hw_oeminfo_nv_interface( 1429): RmtCommonOeminfoWrite: index(142) ret = 0
06-22 15:51:50.320 I/HwOUC   (26837): [Thread-12-13263]writeOemInfo interfaceCode is 0, optItem = FIX_HOTA_STRING(OemInfoUtil.java:152)
06-22 15:51:50.321 I/HwGeneralService( 1429): writeProtectArea: callingPid is 26837,callingUid is 10082
06-22 15:51:50.322 I/HwProtectAreaService_jni( 1429): _nativeWriteProtectArea:optItemStr: : 08F7C8ABEB0C40FC90C0752E2EDB4680048A9886FD6FB77E92696EC5B13460D4
06-22 15:51:50.324 I/        (  485): CheckPropValue: ro.hardware : kirin980
06-22 15:51:50.324 I/        (  485): CheckPropValue: ro.runmode : normal
06-22 15:51:50.326 I/OEMINFO_NVM_SERVER(  485): GetValidOeminfoRegion: index is (28).
06-22 15:51:50.328 D/hw_oeminfo_nv_interface( 2840): RmtCommonOeminfoRead: index(104) ret = 0
06-22 15:51:50.329 D/HwBootAnimationOeminfo( 2840): getBAP  idx = 104, dst = 1, ret = 0
06-22 15:51:50.330 I/BD.Reporter(26837): com.huawei.bd.IBDService$Stub$Proxy@6b4a1f4
06-22 15:51:50.330 I/BigDataLog( 2784): BD.BDService:send app action data success
06-22 15:51:50.332 I/        (  485): CheckPropValue: ro.hardware : kirin980
06-22 15:51:50.332 I/        (  485): CheckPropValue: ro.runmode : normal
06-22 15:51:50.334 W/ContextImpl(29413): Calling a method in the system process without a qualified user: android.app.ContextImpl.bindService:1753 android.content.ContextWrapper.bindService:705 com.huawei.library.l.b.e.a:71 com.huawei.library.l.b.f.b:23 com.huawei.library.l.b.a$a.aS:77 
06-22 15:51:50.334 I/ei.phoneservic(29434): The ClassLoaderContext is a special shared library.
06-22 15:51:50.335 I/OEMINFO_NVM_SERVER(  485): GetValidOeminfoRegion: index is (52).
06-22 15:51:50.337 D/hw_oeminfo_nv_interface( 1429): RmtCommonOeminfoWrite: index(141) ret = 0
06-22 15:51:50.337 I/HwOUC   (26837): [Thread-12-13263]writeOemInfo interfaceCode is 0, optItem = FIX_HOTA_STRING_INTI(OemInfoUtil.java:152)
06-22 15:51:50.339 I/        (  485): CheckPropValue: ro.hardware : kirin980
06-22 15:51:50.339 I/        (  485): CheckPropValue: ro.runmode : normal
06-22 15:51:50.340 E/        (  688): [hw_comm_get_power_state] test_scene: hwouc_config
06-22 15:51:50.340 E/        (  688): hw_comm_get_power_state: test_scene error
06-22 15:51:50.340 I/SmartChargeNightAiImpl(29413): GetPowerState, resultCode:3
06-22 15:51:50.341 E/SmartChargeNightAiImpl(29413): GetPowerState fail NOT Support SECNE!
06-22 15:51:50.341 I/SmartChargeNightAiImpl(29413): NativeGetPowerState result:ERR_NOT_SUPPORT
06-22 15:51:50.341 I/OEMINFO_NVM_SERVER(  485): GetValidOeminfoRegion: index is (28).
06-22 15:51:50.341 I/HwOUC   (26837): [pool-5-thread-2-13261]RegisterInfo cfgDir:null,cfgInfoUri:content://com.huawei.carrierconfig.hwcarrierconfigprovider/hwcarrierconfig(RegisterManager.java:250)
06-22 15:51:50.342 V/ActivityManager( 1429): Successfully start provider ContentProviderRecord{a074699 u0 com.huawei.systemserver/.carrierconfig.HwCarrierConfigProvider} launchingApp=null caller pid= 26837
06-22 15:51:50.343 D/hw_oeminfo_nv_interface( 2840): RmtCommonOeminfoRead: index(104) ret = 0
06-22 15:51:50.343 D/HwBootAnimationOeminfo( 2840): getBAP  idx = 104, dst = 1, ret = 0
06-22 15:51:50.345 E/HWCC_hss( 2840): HwCarrierConfigProvider: versionInfo is empty
06-22 15:51:50.345 E/HWCC_hss( 2840): HwCarrierConfigProvider: versionInfo is empty
06-22 15:51:50.346 I/HwOUC   (26837): [pool-5-thread-2-13261]RegisterInfo cfgDir:null,cfgInfoUri:content://com.huawei.carrierconfig.hwcarrierconfigprovider/hwncfg(RegisterManager.java:250)
06-22 15:51:50.347 E/HWCC_hss( 2840): HwCarrierConfigProvider: versionInfo is empty
06-22 15:51:50.347 E/HWCC_hss( 2840): HwCarrierConfigProvider: versionInfo is empty
06-22 15:51:50.347 I/HwOUC   (26837): [pool-5-thread-2-13261]RegisterInfo cfgDir:/ncfg,cfgInfoUri:null(RegisterManager.java:250)
06-22 15:51:50.348 I/ei.phoneservic(29434): QarthPatchMonintor::Init
06-22 15:51:50.348 I/ei.phoneservic(29434): 
06-22 15:51:50.348 I/ei.phoneservic(29434): QarthPatchMonintor::StartWatch
06-22 15:51:50.348 I/ei.phoneservic(29434): 
06-22 15:51:50.348 I/ei.phoneservic(29434): QarthPatchMonintor::WatchPackage: /data/hotpatch/fwkhotpatch/
06-22 15:51:50.348 I/ei.phoneservic(29434): 
06-22 15:51:50.348 I/ei.phoneservic(29434): QarthPatchMonintor::CheckAndWatchPatch: /data/hotpatch/fwkhotpatch/com.huawei.phoneservice
06-22 15:51:50.348 I/ei.phoneservic(29434): 
06-22 15:51:50.348 I/ei.phoneservic(29434): QarthPatchMonintor::CheckAndWatchPatch: /data/hotpatch/fwkhotpatch/all
06-22 15:51:50.348 I/ei.phoneservic(29434): 
06-22 15:51:50.348 I/ei.phoneservic(29434): QarthPatchMonintor::Run
06-22 15:51:50.348 I/ei.phoneservic(29434): 
06-22 15:51:50.348 I/        (  485): CheckPropValue: ro.hardware : kirin980
06-22 15:51:50.348 I/        (  485): CheckPropValue: ro.runmode : normal
06-22 15:51:50.348 I/ei.phoneservic(29434): QarthPatchMonintor::Reading
06-22 15:51:50.348 I/ei.phoneservic(29434): 
06-22 15:51:50.348 I/ei.phoneservic(29434): QarthPatchMonintor::CheckNotifyEvent
06-22 15:51:50.348 I/ei.phoneservic(29434): 
06-22 15:51:50.348 I/ei.phoneservic(29434): QarthPatchMonintor::CheckNotifyEvent before read
06-22 15:51:50.348 I/ei.phoneservic(29434): 
06-22 15:51:50.349 I/HwApiCacheMangerEx(29434): apicache path=/storage/emulated/0 state=mounted key=com.huawei.phoneservice#10043#256
06-22 15:51:50.349 I/HwApiCacheMangerEx(29434): apicache path=/storage/emulated/0 state=mounted key=com.huawei.phoneservice#10043#0
06-22 15:51:50.350 I/OEMINFO_NVM_SERVER(  485): GetValidOeminfoRegion: index is (28).
06-22 15:51:50.350 I/HwOUC   (26837): [pool-5-thread-2-13261]getNeedRestartStr return false(RegisterManager.java:188)
06-22 15:51:50.350 I/HwOUC   (26837): [pool-5-thread-2-13261]isNeedRestartVerifyOK start， needRestartStr is false(RegisterInfo.java:243)
06-22 15:51:50.350 I/HwOUC   (26837): [pool-5-thread-2-13261]RegisterInfo cfgDir:/cellular_cloud,cfgInfoUri:null(RegisterManager.java:250)
06-22 15:51:50.351 D/hw_oeminfo_nv_interface( 2840): RmtCommonOeminfoRead: index(104) ret = 0
06-22 15:51:50.351 D/HwBootAnimationOeminfo( 2840): getBAP  idx = 104, dst = 1, ret = 0
06-22 15:51:50.351 I/HwOUC   (26837): [main-1]updateNightAlarmWhenTimeChangedOrBoot Night Upgrade Alarm next alarm is Thu Jan 01 07:59:59 GMT+08:00 1970; isSystemTimeChanged is true; current time is Mon Jun 22 15:51:50 GMT+08:00 2020, currentTime = 1592812310351; Alarm regist time is Thu Jan 01 08:00:00 GMT+08:00 1970, alarmRegistTime = 0(HwOucUtility.java:9074)
06-22 15:51:50.352 I/MultiDex(29434): VM with version 2.1.0 has multidex support
06-22 15:51:50.352 I/MultiDex(29434): Installing application
06-22 15:51:50.352 I/MultiDex(29434): VM has multidex support, MultiDex support library is disabled.
06-22 15:51:50.353 I/HwOUC   (26837): [pool-5-thread-2-13261]getNeedRestartStr return false(RegisterManager.java:188)
06-22 15:51:50.353 I/HwOUC   (26837): [pool-5-thread-2-13261]isNeedRestartVerifyOK start， needRestartStr is false(RegisterInfo.java:243)
06-22 15:51:50.353 I/HwOUC   (26837): [pool-5-thread-2-13261]RegisterInfo cfgDir:/emcom/noncell,cfgInfoUri:null(RegisterManager.java:250)
06-22 15:51:50.356 I/HwOUC   (26837): [pool-5-thread-2-13261]getNeedRestartStr return false(RegisterManager.java:188)
06-22 15:51:50.356 I/HwOUC   (26837): [pool-5-thread-2-13261]isNeedRestartVerifyOK start， needRestartStr is false(RegisterInfo.java:243)
06-22 15:51:50.356 I/HwOUC   (26837): [pool-5-thread-2-13261]RegisterInfo cfgDir:/emcom/emcomctr,cfgInfoUri:null(RegisterManager.java:250)
06-22 15:51:50.358 I/HwOUC   (26837): [pool-5-thread-2-13261]getNeedRestartStr return false(RegisterManager.java:188)
06-22 15:51:50.358 I/HwOUC   (26837): [pool-5-thread-2-13261]isNeedRestartVerifyOK start， needRestartStr is false(RegisterInfo.java:243)
06-22 15:51:50.359 I/HwOUC   (26837): [pool-5-thread-2-13261]RegisterInfo cfgDir:/emcom/carrierconfig,cfgInfoUri:null(RegisterManager.java:250)
06-22 15:51:50.359 I/AwareBitmapCacher(29434): init processName:com.huawei.phoneservice pid=29434 uid=10043
06-22 15:51:50.361 I/HwOUC   (26837): [pool-5-thread-2-13261]getNeedRestartStr return false(RegisterManager.java:188)
06-22 15:51:50.361 I/HwOUC   (26837): [pool-5-thread-2-13261]isNeedRestartVerifyOK start， needRestartStr is false(RegisterInfo.java:243)
06-22 15:51:50.361 I/OUC_COTA(26837): [main-1]isSimReady:false, iscotaopen:false(/CotaConfig.java:153)
06-22 15:51:50.361 I/HwOUC   (26837): [pool-5-thread-2-13261]refreshInfos : 10, {ThirdPartyAppProperty_generic={receiver: ActivityInfo{69b1430 com.huawei.iaware.CloudConfigUpdateReceiver}, cfgDir: /iaware/ThirdPartyAppProperty, needRestart: false, type: ThirdPartyAppProperty, version: 1.13.19.103, subtype: generic, compatibleVersion: 1, noticeType: Normal, installLocation: System}, iGraphicsPara_generic={receiver: ActivityInfo{69b1430 com.huawei.iaware.CloudConfigUpdateReceiver}, cfgDir: /iaware/iGraphicsPara, needRestart: false, type: iGraphicsPara, version: 1.10.19.100, subtype: generic, compatibleVersion: 1, noticeType: Normal, installLocation: System}, EMCOMCTR_EMUI10={receiver: ActivityInfo{faa2751 com.huawei.systemserver.emcom.EmcomctrCotaCfgReciever}, cfgDir: /emcom/emcomctr, needRestart: false, type: EMCOMCTR, version: 1.11.19.128, subtype: EMUI10, compatibleVersion: 1, noticeType: Normal, installLocation: System}, CARRIERCONFIG_EMUI10={receiver: ActivityInfo{1be7024 com.huawei.systemserver.emcom.CarrierconfigCotaCfgReciever}, cfgDir: /emcom/carrierconfig, needRestart: false, type: CARRIERCONFIG, version: 1.11.19.002, subtype: EMUI10, compatibleVersion: 1, noticeType: Normal, installLocation: System}, CELLULAR_CLOUD_EMUI9={receiver: ActivityInfo{43aa8bf com.huawei.systemserver.emcom.CellularCloudCotaCfgReciever}, cfgDir: /cellular_cloud, needRestart: false, type: CELLULAR_CLOUD, version: 1.10.18.103, subtype: EMUI9, compatibleVersion: 1, noticeType: Normal, installLocation: System}, NCFG_TNY-AL00={receiver: ActivityInfo{873e960 com.huawei.systemserver.emcom.NcfgCotaCfgReciever}, cfgDir: /ncfg, needRestart: false, type: NCFG, version: 1.10.17.100, subtype: TNY-AL00, compatibleVersion: 1, noticeType: Normal, installLocation: System}, iAwarePara_generic={receiver: ActivityInfo{69b1430 com.huawei.iaware.CloudConfigUpdateReceiver}, cfgDir: /iaware/iAwarePara, needRestart: false, type: iAwarePara, version: 1.10.19.100, subtype: generic, compatibleVersion: 1, noticeType: Normal, installLocation: System}, PGCONFIG_generic={receiver: ActivityInfo{c120f3a com.huawei.powergenie.integration.eventhub.PgConfigCotaUpdateReceiver}, cfgDir: pg_config, needRestart: true, type: PGCONFIG, version: 10.11.19.100, subtype: generic, compatibleVersion: 10, noticeType: Normal, installLocation: System}, CARRIER_NETWORK_LITE={receiver: ActivityInfo{f299c71 com.huawei.cota.CotaCfgUpdatedReceiver}, cfgDir: carrier/network, needRestart: true, type: CARRIER_NETWORK, version: 10.0.0.3, subtype: LITE, compatibleVersion: nx, noticeType: Normal, installLocation: System}, NONCELL_EMUI10={receiver: ActivityInfo{dacbaea com.huawei.systemserver.emcom.NoncellCotaCfgReciever}, cfgDir: /emcom/noncell, needRestart: false, type: NONCELL, version: 1.10.19.013, subtype: EMUI10, compatibleVersion: 1, noticeType: Normal, installLocation: System}}(RegisterManager.java:125)
06-22 15:51:50.364 I/HwOUC   (26837): [pool-5-thread-2-13261]getInfos is requested, not again, direct return(RegisterManager.java:84)
06-22 15:51:50.365 I/HwOUC   (26837): [main-1]isEnterpriseUpdate no record matched(EnterpriseUtils.java:581)
06-22 15:51:50.365 V/ActivityManager( 1429): Successfully start provider ContentProviderRecord{9ddc5b0 u0 com.android.providers.settings/.hwext.HwSettingsProvider} launchingApp=null caller pid= 29434
06-22 15:51:50.369 I/HwOUC   (26837): [pool-5-thread-2-13261]applyForResourceUse reset expire time to Fri Jun 26 15:33:34 GMT+08:00 2020; param time is 344504333(PowerKitManager.java:179)
06-22 15:51:50.369 I/HwOUC   (26837): [pool-5-thread-2-13261]applyForResourceUse totalApplyTimes is 1(PowerKitManager.java:186)
06-22 15:51:50.369 I/HwOUC   (26837): [pool-5-thread-2-13261]handleCallResource call applyForResourceUse(PowerKitManager.java:243)
06-22 15:51:50.370 I/PowerKit_Impl( 2895): apply pkg: com.huawei.android.hwouc resource:512 timeout:344504333 reason:check version
06-22 15:51:50.370 I/PGServer( 2895): report state:12 event type:1 pid:-1 uid:0 pkg:com.huawei.android.hwouc#651691917 to pid: 1429
06-22 15:51:50.370 I/HwOUC   (26837): [main-1]Intent.ACTION_TIME_CHANGED nextInstallRemindTime:Thu Jan 01 07:59:59 GMT+08:00 1970(DownloadReceiver.java:663)
06-22 15:51:50.370 I/HwOUC   (26837): [main-1]Intent.ACTION_TIME_CHANGED alarmRegistTime:Thu Jan 01 07:59:59 GMT+08:00 1970(DownloadReceiver.java:664)
06-22 15:51:50.372 I/AppResManager( 2895): Request interaction :{com.huawei.android.hwouc 512 651691917}
06-22 15:51:50.374 V/ActivityManager( 1429): Successfully start provider ContentProviderRecord{a44947e u0 com.huawei.phoneservice/.question.db.RomProvider} launchingApp=ProcessRecord{a248499 29434:com.huawei.phoneservice/u0a43} caller pid= 26837
06-22 15:51:50.375 D/HwFrameworkSecurityPartsFactory(29434): HwFrameworkSecurityPartsFactory in.
06-22 15:51:50.375 I/HwFrameworkSecurityPartsFactory(29434): add HwFrameworkSecurityPartsFactory to memory.
06-22 15:51:50.376 I/AbnormalCtrlPolicy( 2895): Request interaction app: com.huawei.android.hwouc
06-22 15:51:50.376 I/PG_ash  ( 2895): pkg null calling: com.huawei.phoneservice, pid: 0 ,type: acquire_provider
06-22 15:51:50.377 I/AppUtil (29434): SubProcessName:com.huawei.phoneservice:webProcess, currentProcessName:com.huawei.phoneservice
06-22 15:51:50.378 I/HwOUC   (26837): [main-1]Intent.ACTION_TIME_CHANGED nextPatchDownloadRemindTime:Thu Jan 01 07:59:59 GMT+08:00 1970(DownloadReceiver.java:628)
06-22 15:51:50.378 I/HwOUC   (26837): [pool-5-thread-2-13261]doPostRequest KeyStore is MyselfCAKeystore.(HttpsKeyStoreUtils.java:69)
06-22 15:51:50.378 I/HwOUC   (26837): [main-1]Intent.ACTION_TIME_CHANGED nextPatchDownloadRemindRegistTime:Thu Jan 01 07:59:59 GMT+08:00 1970(DownloadReceiver.java:629)
06-22 15:51:50.379 I/AppUtil (29434): MainProcessName:com.huawei.phoneservice, currentProcessName:com.huawei.phoneservice
06-22 15:51:50.379 D/BaseApplication(29434): registerApplicationLogic:com.huawei.module.base.d
06-22 15:51:50.379 D/BaseApplication(29434): registerApplicationLogic:com.huawei.module.grs.b
06-22 15:51:50.380 D/BaseApplication(29434): registerApplicationLogic:com.huawei.module.site.a
06-22 15:51:50.380 D/BaseApplication(29434): registerApplicationLogic:com.huawei.phoneservice.application.a
06-22 15:51:50.380 D/BaseApplication(29434): registerApplicationLogic:com.huawei.module.hms.a
06-22 15:51:50.380 D/BaseApplication(29434): registerApplicationLogic:com.huawei.module.location.a
06-22 15:51:50.380 D/BaseApplication(29434): registerApplicationLogic:com.huawei.phoneservice.application.ReceiverLogic
06-22 15:51:50.380 D/BaseApplication(29434): registerApplicationLogic:com.huawei.phoneservice.application.g
06-22 15:51:50.380 D/BaseApplication(29434): registerApplicationLogic:com.huawei.phoneservice.application.e
06-22 15:51:50.380 D/BaseApplication(29434): registerApplicationLogic:com.huawei.phoneservice.application.d
06-22 15:51:50.380 D/BaseApplication(29434): registerApplicationLogic:com.huawei.phoneservice.application.h
06-22 15:51:50.380 D/BaseApplication(29434): registerApplicationLogic:com.huawei.phoneservice.application.j
06-22 15:51:50.382 I/HwOUC   (26837): [main-1]Intent.ACTION_TIME_CHANGED readNextEnterpriseDownloadRemindTime:Thu Jan 01 07:59:59 GMT+08:00 1970(DownloadReceiver.java:594)
06-22 15:51:50.383 I/HwOUC   (26837): [main-1]Intent.ACTION_TIME_CHANGED readNextEnterpriseDownloadRemindRegistTime:Thu Jan 01 07:59:59 GMT+08:00 1970(DownloadReceiver.java:596)
06-22 15:51:50.383 I/HwOUC   (26837): [main-1]cancelNextDownloadAlarm(EnterpriseAlarmManager.java:26)
06-22 15:51:50.383 I/HwOUC   (26837): [PatchCheckNewVersion-13265]chooseQueryServerFirmwareUrl siteId is -1 or -2, return default uri : https://query.hicloud.com/sp_ard_common/v2/onestopCheck.action?verType=true&autoInstall=y&latest=true(HwOucUtility.java:7988)
06-22 15:51:50.384 I/HwOUC   (26837): [main-1]Intent.ACTION_TIME_CHANGED nextCheckNewVersionTime:Tue Jun 23 15:32:01 GMT+08:00 2020(DownloadReceiver.java:718)
06-22 15:51:50.384 I/HwOUC   (26837): [main-1]Intent.ACTION_TIME_CHANGED startTime:Mon Jun 22 15:51:50 GMT+08:00 2020(DownloadReceiver.java:719)
06-22 15:51:50.384 I/HwOUC   (26837): [main-1]Intent.ACTION_TIME_CHANGED currentTime:Mon Jun 22 15:51:50 GMT+08:00 2020(DownloadReceiver.java:720)
06-22 15:51:50.384 I/HwOUC   (26837): [main-1]mHwOucConfig.isTimeChangeFlag() = false,(-1L != nextCheckNewVersionTime) = true, (currentTime > nextCheckNewVersionTime) = false(DownloadReceiver.java:725)
06-22 15:51:50.384 I/HwOUC   (26837): [main-1]EnhancedReminder--updateAlarmTimeChangedOrBoot--currentTime--Mon Jun 22 15:51:50 GMT+08:00 2020--nextEnhancedTime--Thu Jan 01 07:59:59 GMT+08:00 1970--registerEnhancedTime--Thu Jan 01 07:59:59 GMT+08:00 1970(EnhancedRemindManager.java:270)
06-22 15:51:50.384 I/HwOUC   (26837): [main-1]EnhancedReminder--cancelEnhancedReminderAlarm(EnhancedRemindManager.java:183)
06-22 15:51:50.384 I/HwOUC   (26837): [main-1]EnhancedReminder--getEnhancedReminderPIntent(EnhancedRemindManager.java:66)
06-22 15:51:50.385 I/HwOUC   (26837): [PatchCheckNewVersion-13265]getBuildExValue buildExKey: FINGERPRINT buildExValue: HONOR/TNY-AL00/HWTNY:10/HUAWEITNY-AL00/10.0.0.196C00:user/release-keys(HwOucUtility.java:11335)
06-22 15:51:50.385 I/HwOUC   (26837): [PatchCheckNewVersion-13265]isSupportUDID true(XmlManager.java:604)
