07-07 15:13:50.281 D/qqq     (26243): editor onSelectionChanged selStart : 7 selEnd : 7
07-07 15:13:50.281 D/qqq     (26243): getEditableText().length() : 7  isCursorAutoChange : true
07-07 15:13:50.355 I/netd    (  635): trafficSwapActiveStatsMap() <15.28ms>
07-07 15:13:50.387 W/migration/7(   53): type=1400 audit(0.0:11324015): avc: granted { setsched } for pid=53 scontext=u:r:kernel:s0 tcontext=u:r:kernel:s0 tclass=process
07-07 15:13:50.533 E/Thermal-daemon(  870): [charger_ic] temp_new :33  temp_old :34
07-07 15:13:50.534 E/Thermal-daemon(  870): Report temperature: [charger_ic] temp :33  report_threshold:1
07-07 15:13:50.535 E/Thermal-daemon(  870): [ap] temp_new :34  temp_old :33
07-07 15:13:50.536 E/Thermal-daemon(  870): Report temperature: [ap] temp :34  report_threshold:1
07-07 15:13:50.715 I/aptouch_daemon( 2788): filter_touch_detect, down, in: 1, out: 1
07-07 15:13:50.716 D/libfingersense_wrapper( 1429): Calling fingersense_classify_touch()
07-07 15:13:50.722 D/libfingersense_wrapper( 1429): fingersense_classify_touch() finished
07-07 15:13:50.725 D/KnockGestureDetector( 1429): onAnyTouchEvent current appFilter=0
07-07 15:13:50.787 I/aptouch_daemon( 2788): filter_touch_detect, all_touch_up
07-07 15:13:50.790 D/fff     (26243): editor onFocusChanged focused : false direction : 0
07-07 15:13:50.790 D/eee     (26243): onEditorFocusChanged focused : false
07-07 15:13:50.791 D/HwAutofillHelper(26243): recordCurrentInfo:0
07-07 15:13:50.791 D/HwAutofillHelper(26243): inputType = 131073
07-07 15:13:50.791 D/fff     (26243): editor onFocusChanged focused : true direction : 130
07-07 15:13:50.791 D/eee     (26243): onEditorFocusChanged focused : true
07-07 15:13:50.796 D/HwSecImmHelper( 1429): isPasswordInputType = false, inputType = 131073
07-07 15:13:50.213 I/chatty  ( 1429): uid=1000(system) Binder:1429_8 identical 10 lines
07-07 15:13:50.280 I/WindowManager( 1429): navColorWin was set to default navbar color so should add SYSTEM_UI_FLAG_LIGHT_NAVIGATION_BAR 8018
07-07 15:13:50.799 D/HwConnectivityServiceEx( 1429): set cache by key is 10194 interfaceName iswlan0 value is false
07-07 15:13:50.807 W/migration/6(   47): type=1400 audit(0.0:11324017): avc: granted { setsched } for pid=47 scontext=u:r:kernel:s0 tcontext=u:r:kernel:s0 tclass=process
07-07 15:13:50.825 D/ConnectivityService( 1429): get Network state from cache, cacheBlock is 0
07-07 15:13:50.832 W/DevicePolicyManager( 1429): Package com.sohu.inputmethod.sogou (uid=10194, pid=7479) cannot access Device IDs
07-07 15:13:50.833 W/TelephonyPermissions( 2908): reportAccessDeniedToReadIdentifiers:com.sohu.inputmethod.sogou:getSubscriberId:isPreinstalled=false:isPrivApp=false
07-07 15:13:50.840 I/HwViewRootImpl( 7479): removeInvalidNode all the node in jank list is out of time
07-07 15:13:50.842 I/HwInputMethodManagerServiceEx( 1429): NaviBar defValue = 1
07-07 15:13:50.842 I/HwInputMethodManagerServiceEx( 1429): --- show navigation bar status: isEnableNavBar = true ,isGestureNavigation = false
07-07 15:13:50.842 I/PGServer( 2895): report state:10005 event type:1 pid:0 uid:0 pkg:null to pid: 2895
07-07 15:13:50.843 I/HwInputMethodManagerServiceEx( 1429): NaviBar defValue = 1
07-07 15:13:50.843 I/HwInputMethodManagerServiceEx( 1429): --- show navigation bar status: isEnableNavBar = true ,isGestureNavigation = false
07-07 15:13:50.843 I/PGServer( 2895): report state:10005 event type:1 pid:0 uid:0 pkg:null to pid: 1429
07-07 15:13:50.844 I/PGServer( 2895): report state:10005 event type:1 pid:0 uid:0 pkg:null to pid: 2895
07-07 15:13:50.844 I/PGServer( 2895): report state:10005 event type:1 pid:0 uid:0 pkg:null to pid: 1429
07-07 15:13:50.843 W/migration/7(   53): type=1400 audit(0.0:11324018): avc: granted { setsched } for pid=53 scontext=u:r:kernel:s0 tcontext=u:r:kernel:s0 tclass=process
07-07 15:13:50.967 W/migration/7(   53): type=1400 audit(0.0:11324019): avc: granted { setsched } for pid=53 scontext=u:r:kernel:s0 tcontext=u:r:kernel:s0 tclass=process
07-07 15:13:50.967 W/migration/6(   47): type=1400 audit(0.0:11324020): avc: granted { setsched } for pid=47 scontext=u:r:kernel:s0 tcontext=u:r:kernel:s0 tclass=process
07-07 15:13:51.016 I/TrafficMonitor( 1429): update:rxPkts:2,txPkts:2,rxBytes:756,txBytes:3226
07-07 15:13:51.016 I/TrafficMonitor( 1429): start expired. level:-1
07-07 15:13:51.016 I/TrafficMonitor( 1429): gettimer:interval=2000
07-07 15:13:51.336 I/aptouch_daemon( 2788): filter_touch_detect, down, in: 1, out: 1
07-07 15:13:51.336 D/libfingersense_wrapper( 1429): Calling fingersense_classify_touch()
07-07 15:13:51.340 D/libfingersense_wrapper( 1429): fingersense_classify_touch() finished
07-07 15:13:51.340 W/uniperf server(  682): uniPerfEvent doParse failed, cmdId=13120
07-07 15:13:51.340 D/uniperf hal(  682): do uniPerfEvent failed, cmdId=13120, ret=2
07-07 15:13:51.393 I/aptouch_daemon( 2788): filter_touch_detect, all_touch_up
07-07 15:13:51.400 I/WindowManager( 1429): navColorWin was set to default navbar color so should add SYSTEM_UI_FLAG_LIGHT_NAVIGATION_BAR 8018
07-07 15:13:51.477 I/aptouch_daemon( 2788): filter_touch_detect, down, in: 1, out: 1
07-07 15:13:51.478 D/libfingersense_wrapper( 1429): Calling fingersense_classify_touch()
07-07 15:13:51.481 D/libfingersense_wrapper( 1429): fingersense_classify_touch() finished
07-07 15:13:51.482 W/uniperf server(  682): uniPerfEvent doParse failed, cmdId=13120
07-07 15:13:51.482 D/uniperf hal(  682): do uniPerfEvent failed, cmdId=13120, ret=2
07-07 15:13:51.482 D/KnockGestureDetector( 1429): onAnyTouchEvent current appFilter=0
07-07 15:13:51.543 I/aptouch_daemon( 2788): filter_touch_detect, all_touch_up
07-07 15:13:51.553 I/aptouch_daemon( 2788): filter_touch_detect, down, in: 1, out: 1
07-07 15:13:51.554 D/libfingersense_wrapper( 1429): Calling fingersense_classify_touch()
07-07 15:13:51.557 D/libfingersense_wrapper( 1429): fingersense_classify_touch() finished
07-07 15:13:51.558 W/uniperf server(  682): uniPerfEvent doParse failed, cmdId=13120
07-07 15:13:51.558 D/uniperf hal(  682): do uniPerfEvent failed, cmdId=13120, ret=2
07-07 15:13:51.559 D/KnockGestureDetector( 1429): onAnyTouchEvent current appFilter=0
07-07 15:13:51.627 I/aptouch_daemon( 2788): filter_touch_detect, all_touch_up
07-07 15:13:51.549 I/WindowManager( 1429): navColorWin was set to default navbar color so should add SYSTEM_UI_FLAG_LIGHT_NAVIGATION_BAR 8018
07-07 15:13:51.632 I/WindowManager( 1429): navColorWin was set to default navbar color so should add SYSTEM_UI_FLAG_LIGHT_NAVIGATION_BAR 8018
07-07 15:13:51.743 I/aptouch_daemon( 2788): filter_touch_detect, down, in: 1, out: 1
07-07 15:13:51.744 D/libfingersense_wrapper( 1429): Calling fingersense_classify_touch()
07-07 15:13:51.749 D/libfingersense_wrapper( 1429): fingersense_classify_touch() finished
07-07 15:13:51.750 W/uniperf server(  682): uniPerfEvent doParse failed, cmdId=13120
07-07 15:13:51.750 D/uniperf hal(  682): do uniPerfEvent failed, cmdId=13120, ret=2
07-07 15:13:51.751 D/KnockGestureDetector( 1429): onAnyTouchEvent current appFilter=0
07-07 15:13:51.818 I/aptouch_daemon( 2788): filter_touch_detect, all_touch_up
07-07 15:13:51.830 I/WindowManager( 1429): navColorWin was set to default navbar color so should add SYSTEM_UI_FLAG_LIGHT_NAVIGATION_BAR 8018
07-07 15:13:51.843 W/migration/6(   47): type=1400 audit(0.0:11324021): avc: granted { setsched } for pid=47 scontext=u:r:kernel:s0 tcontext=u:r:kernel:s0 tclass=process
07-07 15:13:51.926 I/aptouch_daemon( 2788): filter_touch_detect, down, in: 1, out: 1
07-07 15:13:51.927 D/libfingersense_wrapper( 1429): Calling fingersense_classify_touch()
07-07 15:13:51.930 D/libfingersense_wrapper( 1429): fingersense_classify_touch() finished
07-07 15:13:51.931 W/uniperf server(  682): uniPerfEvent doParse failed, cmdId=13120
07-07 15:13:51.931 D/uniperf hal(  682): do uniPerfEvent failed, cmdId=13120, ret=2
07-07 15:13:51.931 D/KnockGestureDetector( 1429): onAnyTouchEvent current appFilter=0
07-07 15:13:51.943 W/migration/6(   47): type=1400 audit(0.0:11324022): avc: granted { setsched } for pid=47 scontext=u:r:kernel:s0 tcontext=u:r:kernel:s0 tclass=process
07-07 15:13:51.992 I/aptouch_daemon( 2788): filter_touch_detect, all_touch_up
07-07 15:13:52.010 I/TrafficMonitor( 1429): expired arrive. level:-1
07-07 15:13:52.010 I/TrafficMonitor( 1429): during_ms:2004,period_ms:2000
07-07 15:13:52.011 I/TrafficMonitor( 1429): count:136,rx_sum:2,tx_sum:2,rxBytes:756,during_ms:2004,rx_speed:377.2455089820359,tx_speed:1609.7804391217564,rto:1.0
07-07 15:13:52.028 E/WifiHAL (  690): enter wifi_get_link_stats
07-07 15:13:52.038 E/WificondControl( 1429): Noise: 0, Snr: -86, Chload: 62
07-07 15:13:52.041 V/HwWifiServiceFactory( 1429): get AllImpl object = com.android.server.wifi.HwWifiServiceFactoryImpl@a22847d
07-07 15:13:52.048 D/TelephonyManager( 1429): getAllCellInfo calling app is android
07-07 15:13:52.048 W/PhoneInterfaceManager( 2908): shouldBlockLocation running ...
07-07 15:13:52.049 I/PhoneInterfaceManager( 2908): shouldBlockLocation  ret:false
07-07 15:13:52.059 I/aptouch_daemon( 2788): filter_touch_detect, down, in: 1, out: 1
07-07 15:13:52.060 D/libfingersense_wrapper( 1429): Calling fingersense_classify_touch()
07-07 15:13:52.065 D/libfingersense_wrapper( 1429): fingersense_classify_touch() finished
07-07 15:13:52.066 W/uniperf server(  682): uniPerfEvent doParse failed, cmdId=13120
07-07 15:13:52.066 D/uniperf hal(  682): do uniPerfEvent failed, cmdId=13120, ret=2
07-07 15:13:52.068 D/KnockGestureDetector( 1429): onAnyTouchEvent current appFilter=0
07-07 15:13:52.111 D/AwareLog(  877): iawared: WorkingsetProcessCommand subCmd = 352, userId=11189, pid=26243, cn.carbs.wricheditor/.TestLibActivity
07-07 15:13:52.111 D/AwareLog(  877): iawared: WorkingsetStop cn.carbs.wricheditor/.TestLibActivity
07-07 15:13:52.142 I/aptouch_daemon( 2788): filter_touch_detect, all_touch_up
07-07 15:13:51.997 I/WindowManager( 1429): navColorWin was set to default navbar color so should add SYSTEM_UI_FLAG_LIGHT_NAVIGATION_BAR 8018
07-07 15:13:52.148 I/WindowManager( 1429): navColorWin was set to default navbar color so should add SYSTEM_UI_FLAG_LIGHT_NAVIGATION_BAR 8018
07-07 15:13:52.159 I/aptouch_daemon( 2788): filter_touch_detect, down, in: 1, out: 1
07-07 15:13:52.160 D/libfingersense_wrapper( 1429): Calling fingersense_classify_touch()
07-07 15:13:52.163 D/libfingersense_wrapper( 1429): fingersense_classify_touch() finished
07-07 15:13:52.165 W/uniperf server(  682): uniPerfEvent doParse failed, cmdId=13120
07-07 15:13:52.165 D/uniperf hal(  682): do uniPerfEvent failed, cmdId=13120, ret=2
07-07 15:13:52.166 D/KnockGestureDetector( 1429): onAnyTouchEvent current appFilter=0
07-07 15:13:52.233 I/aptouch_daemon( 2788): filter_touch_detect, all_touch_up
07-07 15:13:52.326 I/aptouch_daemon( 2788): filter_touch_detect, down, in: 1, out: 1
07-07 15:13:52.327 D/libfingersense_wrapper( 1429): Calling fingersense_classify_touch()
07-07 15:13:52.332 D/libfingersense_wrapper( 1429): fingersense_classify_touch() finished
07-07 15:13:52.334 W/uniperf server(  682): uniPerfEvent doParse failed, cmdId=13120
07-07 15:13:52.334 D/uniperf hal(  682): do uniPerfEvent failed, cmdId=13120, ret=2
07-07 15:13:52.336 D/KnockGestureDetector( 1429): onAnyTouchEvent current appFilter=0
07-07 15:13:52.391 I/aptouch_daemon( 2788): filter_touch_detect, all_touch_up
07-07 15:13:52.476 I/aptouch_daemon( 2788): filter_touch_detect, down, in: 1, out: 1
07-07 15:13:52.477 D/libfingersense_wrapper( 1429): Calling fingersense_classify_touch()
07-07 15:13:52.480 D/libfingersense_wrapper( 1429): fingersense_classify_touch() finished
07-07 15:13:52.481 W/uniperf server(  682): uniPerfEvent doParse failed, cmdId=13120
07-07 15:13:52.481 D/uniperf hal(  682): do uniPerfEvent failed, cmdId=13120, ret=2
07-07 15:13:52.485 D/KnockGestureDetector( 1429): onAnyTouchEvent current appFilter=0
07-07 15:13:52.550 I/aptouch_daemon( 2788): filter_touch_detect, all_touch_up
07-07 15:13:52.625 I/aptouch_daemon( 2788): filter_touch_detect, down, in: 1, out: 1
07-07 15:13:52.626 D/libfingersense_wrapper( 1429): Calling fingersense_classify_touch()
07-07 15:13:52.629 D/libfingersense_wrapper( 1429): fingersense_classify_touch() finished
07-07 15:13:52.629 W/uniperf server(  682): uniPerfEvent doParse failed, cmdId=13120
07-07 15:13:52.629 D/uniperf hal(  682): do uniPerfEvent failed, cmdId=13120, ret=2
07-07 15:13:52.630 D/KnockGestureDetector( 1429): onAnyTouchEvent current appFilter=0
07-07 15:13:52.699 I/aptouch_daemon( 2788): filter_touch_detect, all_touch_up
07-07 15:13:52.723 W/migration/6(   47): type=1400 audit(0.0:11324023): avc: granted { setsched } for pid=47 scontext=u:r:kernel:s0 tcontext=u:r:kernel:s0 tclass=process
07-07 15:13:52.827 W/migration/7(   53): type=1400 audit(0.0:11324024): avc: granted { setsched } for pid=53 scontext=u:r:kernel:s0 tcontext=u:r:kernel:s0 tclass=process
07-07 15:13:52.843 I/netd    (  635): trafficSwapActiveStatsMap() <14.01ms>
07-07 15:13:52.845 E/AppInfoMgr( 2895): not find pkgs by uid: 0
07-07 15:13:52.845 I/DownloadState( 2895): singleUid: 10194 [com.sohu.inputmethod.sogou] speed: 796 real speed: 793 (rxB:756 txB:3226 rxP:2 txP:2) scroff: false
07-07 15:13:52.847 I/DownloadState( 2895): shareUid: 0 default_sk transmitting data speed : 15 bytes/s (rxB:78 txB:0 rxP:1 txP:0 iface:1) scroff: false
07-07 15:13:52.847 I/DownloadState( 2895): shareUid: 0 /system/bin/init transmitting data speed : 21 bytes/s (rxB:0 txB:106 rxP:0 txP:1 iface:1) scroff: false
07-07 15:13:53.019 I/TrafficMonitor( 1429): update:rxPkts:0,txPkts:0,rxBytes:0,txBytes:0
07-07 15:13:53.019 I/TrafficMonitor( 1429): start expired. level:-1
07-07 15:13:53.019 I/TrafficMonitor( 1429): gettimer:interval=2000
07-07 15:13:53.024 I/aptouch_daemon( 2788): filter_touch_detect, down, in: 1, out: 1
07-07 15:13:53.025 D/libfingersense_wrapper( 1429): Calling fingersense_classify_touch()
07-07 15:13:53.028 D/libfingersense_wrapper( 1429): fingersense_classify_touch() finished
07-07 15:13:53.029 D/KnockGestureDetector( 1429): onAnyTouchEvent current appFilter=0
07-07 15:13:53.030 W/uniperf server(  682): uniPerfEvent doParse failed, cmdId=13120
07-07 15:13:53.030 D/uniperf hal(  682): do uniPerfEvent failed, cmdId=13120, ret=2
07-07 15:13:53.090 I/aptouch_daemon( 2788): filter_touch_detect, all_touch_up
07-07 15:13:53.098 D/fff     (26243): editor onTextChanged text :  start : 0 lengthBefore : 0 lengthAfter : 4
07-07 15:13:53.099 D/qqq     (26243): editor onSelectionChanged selStart : 4 selEnd : 4
07-07 15:13:53.099 D/qqq     (26243): getEditableText().length() : 4  isCursorAutoChange : true
07-07 15:13:53.207 W/migration/7(   53): type=1400 audit(0.0:11324025): avc: granted { setsched } for pid=53 scontext=u:r:kernel:s0 tcontext=u:r:kernel:s0 tclass=process
07-07 15:13:53.688 I/aptouch_daemon( 2788): filter_touch_detect, down, in: 1, out: 1
07-07 15:13:53.689 D/libfingersense_wrapper( 1429): Calling fingersense_classify_touch()
07-07 15:13:53.695 D/libfingersense_wrapper( 1429): fingersense_classify_touch() finished
07-07 15:13:53.754 I/aptouch_daemon( 2788): filter_touch_detect, all_touch_up
07-07 15:13:52.812 I/chatty  ( 1429): uid=1000(system) Binder:1429_E identical 5 lines
07-07 15:13:53.099 I/WindowManager( 1429): navColorWin was set to default navbar color so should add SYSTEM_UI_FLAG_LIGHT_NAVIGATION_BAR 8018
07-07 15:13:53.761 I/HwInputMethodManagerServiceEx( 1429): NaviBar defValue = 1
07-07 15:13:53.761 I/HwInputMethodManagerServiceEx( 1429): --- show navigation bar status: isEnableNavBar = true ,isGestureNavigation = false
07-07 15:13:53.763 I/PGServer( 2895): report state:10005 event type:1 pid:0 uid:0 pkg:null to pid: 2895
07-07 15:13:53.764 I/PGServer( 2895): report state:10005 event type:1 pid:0 uid:0 pkg:null to pid: 1429
07-07 15:13:53.765 D/qqq     (26243): editor onSelectionChanged selStart : 2 selEnd : 2
07-07 15:13:53.765 D/qqq     (26243): richTypes size : 0
07-07 15:13:53.765 D/qqq     (26243): getEditableText().length() : 4  isCursorAutoChange : false
07-07 15:13:53.775 D/HwAutofillHelper(26243): recordCurrentInfo:0
07-07 15:13:53.775 D/HwAutofillHelper(26243): inputType = 131073
07-07 15:13:53.781 V/WindowManager( 1429): Adding Window{a4af9b9 u0 PopupWindow:7583f36} to Window{9e18409 u0 cn.carbs.wricheditor/cn.carbs.wricheditor.TestLibActivity}
07-07 15:13:53.782 V/WindowManager( 1429): addWindow: Window{a4af9b9 u0 PopupWindow:7583f36}
07-07 15:13:53.785 I/HwViewRootImpl(26243): removeInvalidNode all the node in jank list is out of time
07-07 15:13:53.788 D/OpenGLRenderer(26243): disableOutlineDraw is true
07-07 15:13:53.791 W/migration/6(   47): type=1400 audit(0.0:11324027): avc: granted { setsched } for pid=47 scontext=u:r:kernel:s0 tcontext=u:r:kernel:s0 tclass=process
07-07 15:13:53.796 I/WindowManager( 1429): navColorWin was set to default navbar color so should add SYSTEM_UI_FLAG_LIGHT_NAVIGATION_BAR 8018
07-07 15:13:53.798 I/WindowManager( 1429): navColorWin was set to default navbar color so should add SYSTEM_UI_FLAG_LIGHT_NAVIGATION_BAR 8018
07-07 15:13:53.799 I/WindowManager( 1429): relayoutVisibleWindow: set isFormatChanged
07-07 15:13:53.804 D/mali_winsys(26243): EGLint new_window_surface(egl_winsys_display *, void *, EGLSurface, EGLConfig, egl_winsys_surface **, EGLBoolean) returns 0x3000
07-07 15:13:53.805 I/GRALLOC (  657): getCallingPid=696, shrFd=11,fmt=0x1,intFmt=0x1,btStrd=512,size=61440,pid=657 
07-07 15:13:53.805 I/GRALLOC (  657): 	 yuv=2,w=120,h=120,Stride u=0 v=0,offset u=0 v=0 
07-07 15:13:53.805 I/GRALLOC (  657): 	 iova_size=61440,conUsg=0xb00,proUsg=0xb00,	 strd=128,[afbc]HdrStrd=0 PyldStrd=0 Scrmbl=0,ionhnd = 0 
07-07 15:13:53.805 I/chatty  (  657): uid=1000(system) allocator@2.0-s identical 1 line
07-07 15:13:53.805 I/GRALLOC (  657): getCallingPid=696, shrFd=11,fmt=0x1,intFmt=0x1,btStrd=512,size=61440,pid=657 
07-07 15:13:53.805 I/GRALLOC (  657): 	 yuv=2,w=120,h=120,Stride u=0 v=0,offset u=0 v=0 
07-07 15:13:53.805 I/GRALLOC (  657): 	 iova_size=61440,conUsg=0xb00,proUsg=0xb00,	 strd=128,[afbc]HdrStrd=0 PyldStrd=0 Scrmbl=0,ionhnd = 0 
07-07 15:13:53.807 W/migration/7(   53): type=1400 audit(0.0:11324028): avc: granted { setsched } for pid=53 scontext=u:r:kernel:s0 tcontext=u:r:kernel:s0 tclass=process
07-07 15:13:53.824 I/WindowManager( 1429): navColorWin was set to default navbar color so should add SYSTEM_UI_FLAG_LIGHT_NAVIGATION_BAR 8018
07-07 15:13:53.927 W/migration/7(   53): type=1400 audit(0.0:11324029): avc: granted { setsched } for pid=53 scontext=u:r:kernel:s0 tcontext=u:r:kernel:s0 tclass=process
07-07 15:13:53.927 W/migration/6(   47): type=1400 audit(0.0:11324030): avc: granted { setsched } for pid=47 scontext=u:r:kernel:s0 tcontext=u:r:kernel:s0 tclass=process
07-07 15:13:54.007 E/WificondControl( 1429): Noise: 0, Snr: -86, Chload: 53
07-07 15:13:54.009 D/HuaweiWifiWatchdogStateMachine( 1429): nothing to do
07-07 15:13:54.009 I/HuaweiWifiWatchdogStateMachine( 1429): POta txb txg rxg:0, 14, 0. Lr =0% Totpkt=14
07-07 15:13:54.009 I/HwUidTcpMonitor( 1429): TcpStatisticsRun run
07-07 15:13:54.009 I/HwWifiProServiceProxy( 1429): ctrlHwWifiNetwork pkgName: WIFIPRO_SERVICE interfaceId: 79
07-07 15:13:54.009 D/WiFi_PRO( 1429): MSG_RETURN_AP_CURRY_RSSI rssi = -64
07-07 15:13:54.009 I/QosMonitor( 1429): queryRtt: rttType = 3
07-07 15:13:54.009 I/HwWifiProServiceProxy( 1429): ctrlHwWifiNetwork pkgName: WIFIPRO_SERVICE interfaceId: 8
07-07 15:13:54.009 I/QosMonitor( 1429): postEventFromNative: msg=100,arg1=4,arg2=10
07-07 15:13:54.009 I/HwWifiProServiceProxy( 1429): ctrlHwWifiNetwork pkgName: WIFIPRO_SERVICE interfaceId: 8
07-07 15:13:54.009 I/QosMonitor( 1429): postEventFromNative: msg=100,arg1=0,arg2=10
07-07 15:13:54.009 D/HuaweiWifiWatchdogStateMachine( 1429): nothing to do
07-07 15:13:54.009 I/HwWifiProServiceProxy( 1429): TcpStatisticsRun run
07-07 15:13:54.009 I/MQoS    ( 1429): rtt=224,tcpTxPkts=1074353,tcpRxPkts=2104182
07-07 15:13:54.009 I/QosMonitor( 1429): resetRtt: rttType = 3
07-07 15:13:54.009 I/HwWifiProServiceProxy( 1429): ctrlHwWifiNetwork pkgName: WIFIPRO_SERVICE interfaceId: 8
07-07 15:13:53.912 I/chatty  ( 1429): uid=1000(system) android.anim identical 3 lines
07-07 15:13:53.928 I/WindowManager( 1429): navColorWin was set to default navbar color so should add SYSTEM_UI_FLAG_LIGHT_NAVIGATION_BAR 8018
07-07 15:13:54.010 D/HwConnectivityServiceEx( 1429): set cache by key is 1000 interfaceName iswlan0 value is false
07-07 15:13:54.010 I/MQoS    ( 1429): QOS_level:0(0),DataDisable;use level-0
07-07 15:13:54.010 D/HwUidTcpMonitor( 1429): parseWlanUidTcpStatistics lastUidTcpStatInfo = [ mUid = 10194 mPacketName = cn.carbs.wricheditor mSendSegs = 4021 mResendSegs = 0 mRcvSegs = 9431 ]
07-07 15:13:54.011 I/HuaweiWifiWatchdogStateMachine( 1429): PTcp RTT:224, rtt pkt=3, tcp_rx=2, tcp_tx=2, tcp_reTran=0, rtRate=0
07-07 15:13:54.011 D/HuaweiWifiWatchdogStateMachine( 1429): rssi bad, mrssi=-64 < TargetRssi=-63
07-07 15:13:54.200 E/HwModemCapability( 2908): isCapabilitySupport java.lang.StringIndexOutOfBoundsException: length=7; index=7
07-07 15:13:54.205 E/HwModemCapability( 1429): isCapabilitySupport java.lang.StringIndexOutOfBoundsException: unknown reason
07-07 15:13:54.510 I/aptouch_daemon( 2788): filter_touch_detect, down, in: 1, out: 1
07-07 15:13:54.511 D/libfingersense_wrapper( 1429): Calling fingersense_classify_touch()
07-07 15:13:54.513 D/libfingersense_wrapper( 1429): fingersense_classify_touch() finished
07-07 15:13:54.514 W/uniperf server(  682): uniPerfEvent doParse failed, cmdId=13120
07-07 15:13:54.514 D/uniperf hal(  682): do uniPerfEvent failed, cmdId=13120, ret=2
07-07 15:13:54.568 I/aptouch_daemon( 2788): filter_touch_detect, all_touch_up
07-07 15:13:54.581 E/BufferQueueProducer(  696): [PopupWindow:7583f36#0]:1338: disconnect: not connected (req=1)
07-07 15:13:54.582 W/libEGL  (26243): EGLNativeWindowType 0x71d1de4510 disconnect failed
07-07 15:13:54.582 V/WindowManager( 1429): removeIfPossible: Window{a4af9b9 u0 PopupWindow:7583f36} callers=com.android.server.wm.WindowState.removeIfPossible:5505060 com.android.server.wm.WindowManagerService.removeWindow:5503048 android.view.IWindowSession$Stub.onTransact:7509364 com.android.server.wm.Session.onTransact:6757216 android.os.Binder.execTransactInternal:8305204 
07-07 15:13:54.575 W/StorageMonitorS(30730): type=1400 audit(0.0:11324031): avc: granted { getattr } for pid=30730 name="/" dev="sdcardfs" ino=111 scontext=u:r:system_app:s0 tcontext=u:object_r:sdcardfs:s0 tclass=filesystem
07-07 15:13:54.584 V/WindowManager( 1429): Not removing Window{a4af9b9 u0 PopupWindow:7583f36 EXITING} due to exit animation 
07-07 15:13:54.585 I/WindowManager( 1429): navColorWin was set to default navbar color so should add SYSTEM_UI_FLAG_LIGHT_NAVIGATION_BAR 8018
07-07 15:13:54.586 D/fff     (26243): editor onTextChanged text :  start : 1 lengthBefore : 1 lengthAfter : 0
07-07 15:13:54.586 I/WindowManager( 1429): navColorWin was set to default navbar color so should add SYSTEM_UI_FLAG_LIGHT_NAVIGATION_BAR 8018
07-07 15:13:54.588 D/qqq     (26243): editor onSelectionChanged selStart : 1 selEnd : 1
07-07 15:13:54.588 D/qqq     (26243): richTypes size : 0
07-07 15:13:54.588 D/qqq     (26243): getEditableText().length() : 3  isCursorAutoChange : true
07-07 15:13:54.589 D/key     (26243): 00 keyCode : 67
07-07 15:13:54.595 E/InputDispatcher( 1429): Window handle Window{a4af9b9 u0 PopupWindow:7583f36} has no registered input channel
07-07 15:13:54.668 I/aptouch_daemon( 2788): filter_touch_detect, down, in: 1, out: 1
07-07 15:13:54.669 D/libfingersense_wrapper( 1429): Calling fingersense_classify_touch()
07-07 15:13:54.672 D/libfingersense_wrapper( 1429): fingersense_classify_touch() finished
07-07 15:13:54.672 W/uniperf server(  682): uniPerfEvent doParse failed, cmdId=13120
07-07 15:13:54.672 D/uniperf hal(  682): do uniPerfEvent failed, cmdId=13120, ret=2
07-07 15:13:54.673 D/KnockGestureDetector( 1429): onAnyTouchEvent current appFilter=0
07-07 15:13:54.725 I/aptouch_daemon( 2788): filter_touch_detect, all_touch_up
07-07 15:13:54.730 D/fff     (26243): editor onTextChanged text :  start : 0 lengthBefore : 1 lengthAfter : 0
07-07 15:13:54.732 D/qqq     (26243): editor onSelectionChanged selStart : 0 selEnd : 0
07-07 15:13:54.732 D/qqq     (26243): richTypes size : 0
07-07 15:13:54.732 D/qqq     (26243): getEditableText().length() : 2  isCursorAutoChange : true
07-07 15:13:54.733 D/key     (26243): 00 keyCode : 67
07-07 15:13:54.744 V/WindowManager( 1429): Exit animation finished in Window{a4af9b9 u0 PopupWindow:7583f36 EXITING}: remove=true
07-07 15:13:54.745 E/WindowManager( 1429): win=Window{a4af9b9 u0 PopupWindow:7583f36 EXITING} destroySurfaces: appStopped=false win.mWindowRemovalAllowed=true win.mRemoveOnExit=true
07-07 15:13:54.745 V/WindowManager( 1429): postWindowRemoveCleanupLocked: Window{a4af9b9 u0 PopupWindow:7583f36}
07-07 15:13:54.745 V/WindowManager( 1429): Removing Window{a4af9b9 u0 PopupWindow:7583f36} from AppWindowToken{a3e8cd1 token=Token{a57fe4f ActivityRecord{a4b6879 u0 cn.carbs.wricheditor/.TestLibActivity t914}}}
07-07 15:13:54.746 I/WindowManager( 1429): navColorWin was set to default navbar color so should add SYSTEM_UI_FLAG_LIGHT_NAVIGATION_BAR 8018
07-07 15:13:54.851 I/aptouch_daemon( 2788): filter_touch_detect, down, in: 1, out: 1
07-07 15:13:54.847 W/migration/7(   53): type=1400 audit(0.0:11324034): avc: granted { setsched } for pid=53 scontext=u:r:kernel:s0 tcontext=u:r:kernel:s0 tclass=process
07-07 15:13:54.852 D/libfingersense_wrapper( 1429): Calling fingersense_classify_touch()
07-07 15:13:54.847 W/migration/6(   47): type=1400 audit(0.0:11324035): avc: granted { setsched } for pid=47 scontext=u:r:kernel:s0 tcontext=u:r:kernel:s0 tclass=process
07-07 15:13:54.857 D/libfingersense_wrapper( 1429): fingersense_classify_touch() finished
07-07 15:13:54.860 W/uniperf server(  682): uniPerfEvent doParse failed, cmdId=13120
07-07 15:13:54.860 D/uniperf hal(  682): do uniPerfEvent failed, cmdId=13120, ret=2
07-07 15:13:54.860 D/KnockGestureDetector( 1429): onAnyTouchEvent current appFilter=0
07-07 15:13:54.908 I/aptouch_daemon( 2788): filter_touch_detect, all_touch_up
07-07 15:13:54.914 D/iii     (26243): WRichEditor index in mWRichEditorView is : 1
07-07 15:13:54.914 D/nnn     (26243): editable spannable ? true
07-07 15:13:54.915 D/fff     (26243): editor onFocusChanged focused : false direction : 0
07-07 15:13:54.915 D/eee     (26243): onEditorFocusChanged focused : false
07-07 15:13:54.916 D/HwAutofillHelper(26243): recordCurrentInfo:0
07-07 15:13:54.916 D/HwAutofillHelper(26243): inputType = 131073
07-07 15:13:54.917 D/fff     (26243): editor onFocusChanged focused : true direction : 130
07-07 15:13:54.917 D/eee     (26243): onEditorFocusChanged focused : true
07-07 15:13:54.917 D/nnn     (26243): removeView
07-07 15:13:54.917 D/xxx     (26243): addExtraEditable 0
07-07 15:13:54.917 I/BlockMonitor(26243): dispatchingThrewException In MainThread
07-07 15:13:54.917 D/AndroidRuntime(26243): Shutting down VM
07-07 15:13:54.917 I/QarthLog(26243): [PatchStore] createDisableExceptionQarthFile
07-07 15:13:54.917 I/QarthLog(26243): [PatchStore] create disable file for cn.carbs.wricheditor uid is 11189
--------- beginning of crash
07-07 15:13:54.919 E/AndroidRuntime(26243): FATAL EXCEPTION: main
07-07 15:13:54.919 E/AndroidRuntime(26243): Process: cn.carbs.wricheditor, PID: 26243
07-07 15:13:54.919 E/AndroidRuntime(26243): java.lang.IndexOutOfBoundsException: getChars (7 ... 9) ends beyond length 2
07-07 15:13:54.919 E/AndroidRuntime(26243): 	at android.text.SpannableStringBuilder.checkRange(SpannableStringBuilder.java:1333)
07-07 15:13:54.919 E/AndroidRuntime(26243): 	at android.text.SpannableStringBuilder.getChars(SpannableStringBuilder.java:1213)
07-07 15:13:54.919 E/AndroidRuntime(26243): 	at android.text.TextUtils.getChars(TextUtils.java:154)
07-07 15:13:54.919 E/AndroidRuntime(26243): 	at android.text.SpannableStringBuilder.change(SpannableStringBuilder.java:399)
07-07 15:13:54.919 E/AndroidRuntime(26243): 	at android.text.SpannableStringBuilder.replace(SpannableStringBuilder.java:549)
07-07 15:13:54.919 E/AndroidRuntime(26243): 	at android.text.SpannableStringBuilder.append(SpannableStringBuilder.java:291)
07-07 15:13:54.919 E/AndroidRuntime(26243): 	at android.text.SpannableStringBuilder.append(SpannableStringBuilder.java:37)
07-07 15:13:54.919 E/AndroidRuntime(26243): 	at cn.carbs.wricheditor.library.WRichEditor.addExtraEditable(WRichEditor.java:271)
07-07 15:13:54.919 E/AndroidRuntime(26243): 	at cn.carbs.wricheditor.library.WRichEditor.onKeyDown(WRichEditor.java:171)
07-07 15:13:54.919 E/AndroidRuntime(26243): 	at android.view.KeyEvent.dispatch(KeyEvent.java:2925)
07-07 15:13:54.919 E/AndroidRuntime(26243): 	at android.view.View.dispatchKeyEvent(View.java:13434)
07-07 15:13:54.919 E/AndroidRuntime(26243): 	at android.view.ViewGroup.dispatchKeyEvent(ViewGroup.java:1933)
07-07 15:13:54.919 E/AndroidRuntime(26243): 	at android.view.ViewGroup.dispatchKeyEvent(ViewGroup.java:1933)
07-07 15:13:54.919 E/AndroidRuntime(26243): 	at android.widget.ScrollView.dispatchKeyEvent(ScrollView.java:500)
07-07 15:13:54.919 E/AndroidRuntime(26243): 	at android.view.ViewGroup.dispatchKeyEvent(ViewGroup.java:1933)
07-07 15:13:54.919 E/AndroidRuntime(26243): 	at android.view.ViewGroup.dispatchKeyEvent(ViewGroup.java:1933)
07-07 15:13:54.919 E/AndroidRuntime(26243): 	at android.view.ViewGroup.dispatchKeyEvent(ViewGroup.java:1933)
07-07 15:13:54.919 E/AndroidRuntime(26243): 	at android.view.ViewGroup.dispatchKeyEvent(ViewGroup.java:1933)
07-07 15:13:54.919 E/AndroidRuntime(26243): 	at android.view.ViewGroup.dispatchKeyEvent(ViewGroup.java:1933)
07-07 15:13:54.919 E/AndroidRuntime(26243): 	at android.view.ViewGroup.dispatchKeyEvent(ViewGroup.java:1933)
07-07 15:13:54.919 E/AndroidRuntime(26243): 	at com.android.internal.policy.DecorView.superDispatchKeyEvent(DecorView.java:601)
07-07 15:13:54.919 E/AndroidRuntime(26243): 	at com.android.internal.policy.PhoneWindow.superDispatchKeyEvent(PhoneWindow.java:1923)
07-07 15:13:54.919 E/AndroidRuntime(26243): 	at android.app.Activity.dispatchKeyEvent(Activity.java:4087)
07-07 15:13:54.919 E/AndroidRuntime(26243): 	at androidx.core.app.ComponentActivity.superDispatchKeyEvent(ComponentActivity.java:115)
07-07 15:13:54.919 E/AndroidRuntime(26243): 	at androidx.core.view.KeyEventDispatcher.dispatchKeyEvent(KeyEventDispatcher.java:84)
07-07 15:13:54.919 E/AndroidRuntime(26243): 	at androidx.core.app.ComponentActivity.dispatchKeyEvent(ComponentActivity.java:133)
07-07 15:13:54.919 E/AndroidRuntime(26243): 	at androidx.appcompat.app.AppCompatActivity.dispatchKeyEvent(AppCompatActivity.java:558)
07-07 15:13:54.919 E/AndroidRuntime(26243): 	at androidx.appcompat.view.WindowCallbackWrapper.dispatchKeyEvent(WindowCallbackWrapper.java:59)
07-07 15:13:54.919 E/AndroidRuntime(26243): 	at androidx.appcompat.app.AppCompatDelegateImpl$AppCompatWindowCallback.dispatchKeyEvent(AppCompatDelegateImpl.java:2814)
07-07 15:13:54.919 E/AndroidRuntime(26243): 	at com.android.internal.policy.DecorView.dispatchKeyEvent(DecorView.java:454)
07-07 15:13:54.919 E/AndroidRuntime(26243): 	at android.view.ViewRootImpl$ViewPostImeInputStage.processKeyEvent(ViewRootImpl.java:5742)
07-07 15:13:54.919 E/AndroidRuntime(26243): 	at android.view.ViewRootImpl$ViewPostImeInputStage.onProcess(ViewRootImpl.java:5610)
07-07 15:13:54.919 E/AndroidRuntime(26243): 	at android.view.ViewRootImpl$InputStage.deliver(ViewRootImpl.java:5058)
07-07 15:13:54.919 E/AndroidRuntime(26243): 	at android.view.ViewRootImpl$InputStage.onDeliverToNext(ViewRootImpl.java:5111)
07-07 15:13:54.919 E/AndroidRuntime(26243): 	at android.view.ViewRootImpl$InputStage.forward(ViewRootImpl.java:5077)
07-07 15:13:54.919 E/AndroidRuntime(26243): 	at android.view.ViewRootImpl$AsyncInputStage.forward(ViewRootImpl.java:5234)
07-07 15:13:54.919 E/AndroidRuntime(26243): 	at android.view.ViewRootImpl$InputStage.apply(ViewRootImpl.java:5085)
07-07 15:13:54.919 E/AndroidRuntime(26243): 	at android.view.ViewRootImpl$AsyncInputStage.apply(ViewRootImpl.java:5291)
07-07 15:13:54.919 E/AndroidRuntime(26243): 	at android.view.ViewRootImpl$InputStage.deliver(ViewRootImpl.java:5058)
07-07 15:13:54.919 E/AndroidRuntime(26243): 	at android.view.ViewRootImpl$InputStage.onDeliverToNext(ViewRootImpl.java:5111)
07-07 15:13:54.919 E/AndroidRuntime(26243): 	at android.view.ViewRootImpl$InputStage.forward(ViewRootImpl.java:5077)
07-07 15:13:54.919 E/AndroidRuntime(26243): 	at android.view.ViewRootImpl$InputStage.apply(ViewRootImpl.java:5085)
07-07 15:13:54.919 E/AndroidRuntime(26243): 	at android.view.ViewRootImpl$InputStage.deliver(ViewRootImpl.java:5058)
07-07 15:13:54.919 E/AndroidRuntime(26243): 	at android.view.ViewRootImpl.deliverInputEvent(ViewRootImpl.java:7949)
07-07 15:13:54.919 E/AndroidRuntime(26243): 	at android.view.ViewRootImpl.doProcessInputEvents(ViewRootImpl.java:7900)
07-07 15:13:54.919 E/AndroidRuntime(26243): 	at android.view.ViewRootImpl.enqueueInputEvent(ViewRootImpl.java:7854)
07-07 15:13:54.919 E/AndroidRuntime(26243): 	at android.view.ViewRootImpl$ViewRootHandler.handleMessage(ViewRootImpl.java:4819)
07-07 15:13:54.919 E/AndroidRuntime(26243): 	at android.os.Handler.dispatchMessage(Handler.java:107)
07-07 15:13:54.919 E/AndroidRuntime(26243): 	at android.os.Looper.loop(Looper.java:213)
07-07 15:13:54.919 E/AndroidRuntime(26243): 	at android.app.ActivityThread.main(ActivityThread.java:8147)
07-07 15:13:54.919 E/AndroidRuntime(26243): 	at java.lang.reflect.Method.invoke(Native Method)
07-07 15:13:54.919 E/AndroidRuntime(26243): 	at com.android.internal.os.RuntimeInit$MethodAndArgsCaller.run(RuntimeInit.java:513)
07-07 15:13:54.919 E/AndroidRuntime(26243): 	at com.android.internal.os.ZygoteInit.main(ZygoteInit.java:1101)
07-07 15:13:54.762 I/WindowManager( 1429): navColorWin was set to default navbar color so should add SYSTEM_UI_FLAG_LIGHT_NAVIGATION_BAR 8018
07-07 15:13:54.922 W/ActivityTaskManager( 1429):   finishTopCrashedActivityLocked Force finishing activity cn.carbs.wricheditor/.TestLibActivity
07-07 15:13:54.924 I/WindowManager( 1429): navColorWin was set to default navbar color so should add SYSTEM_UI_FLAG_LIGHT_NAVIGATION_BAR 8018
07-07 15:13:54.927 I/DropBoxManagerService( 1429): add tag=data_app_crash isTagEnabled=true flags=0x2
07-07 15:13:54.928 I/Process (26243): Sending signal. PID: 26243 SIG: 9
07-07 15:13:54.927 W/migration/6(   47): type=1400 audit(0.0:11324036): avc: granted { setsched } for pid=47 scontext=u:r:kernel:s0 tcontext=u:r:kernel:s0 tclass=process
07-07 15:13:54.927 W/migration/7(   53): type=1400 audit(0.0:11324037): avc: granted { setsched } for pid=53 scontext=u:r:kernel:s0 tcontext=u:r:kernel:s0 tclass=process
07-07 15:13:54.934 I/QarthDisFileCreator( 1429): pattern not match
07-07 15:13:54.938 E/iMonitor(  921): FaultDetect: DumptoolPrintf return.
07-07 15:13:54.938 E/iMonitor(  921): FaultDetect: FaultEngineTracePrintf return.
07-07 15:13:54.942 E/iMonitor(  921): FaultDetect: DumptoolPrintf return.
07-07 15:13:54.942 I/chatty  (  921): uid=0(root) RFD_TASK1 identical 1 line
07-07 15:13:54.943 E/iMonitor(  921): FaultDetect: DumptoolPrintf return.
07-07 15:13:54.944 E/iMonitor(  921): FaultDetect: FaultEngineTracePrintf return.
07-07 15:13:54.944 I/chatty  (  921): uid=0(root) RFD_TASK1 identical 1 line
07-07 15:13:54.944 E/iMonitor(  921): FaultDetect: FaultEngineTracePrintf return.
07-07 15:13:54.944 E/iMonitor(  921): FaultDetect: DumptoolPrintf return.
07-07 15:13:54.944 E/iMonitor(  921): FaultDetect: DumptoolPrintf return.
07-07 15:13:54.939 W/RFD_TASK2(  921): type=1400 audit(0.0:11324038): avc: denied { dac_read_search } for pid=921 capability=2 scontext=u:r:logserver:s0 tcontext=u:r:logserver:s0 tclass=capability permissive=0
07-07 15:13:54.944 E/iMonitor(  921): FaultDetect: DumptoolPrintf return.
07-07 15:13:54.948 V/BroadcastQueue( 1429): Finished with ordered broadcast BroadcastRecord{a544623 u0 android.intent.action.DROPBOX_ENTRY_ADDED}
07-07 15:13:54.947 I/chatty  (  921): uid=0(root) RFD_TASK2 identical 7 lines
07-07 15:13:54.948 E/iMonitor(  921): FaultDetect: DumptoolPrintf return.
07-07 15:13:54.950 D/PGGoogleServicePolicy( 1429): prevent gms/gsf hold partial wakelock
07-07 15:13:54.951 D/PGGoogleServicePolicy( 1429): prevent gms/gsf hold partial wakelock
07-07 15:13:54.960 E/iMonitor(  921): FaultDetect: DumptoolPrintf return.
07-07 15:13:54.978 I/chatty  (  921): uid=0(root) RFD_TASK2 identical 47 lines
07-07 15:13:54.979 E/iMonitor(  921): FaultDetect: DumptoolPrintf return.
07-07 15:13:54.979 E/iMonitor(  921): FaultDetect: FaultEngineTracePrintf return.
07-07 15:13:54.979 E/iMonitor(  921): FaultDetect: DumptoolPrintf return.
07-07 15:13:54.980 E/iMonitor(  921): FaultDetect: DumptoolPrintf return.
07-07 15:13:54.980 I/        (  921): PrivacyPolicy::queryPName()
07-07 15:13:54.980 D/        (  921): External::GetAppType Begin
07-07 15:13:54.981 D/        (  921): External::GetAppType End
07-07 15:13:54.981 I/        (  921): PrivacyPolicy: name cn.carbs.wricheditor :: mask 0
07-07 15:13:54.981 I/        (  921): PrivacyPolicy:cn.carbs.wricheditor is not PreloadedApp
07-07 15:13:54.981 E/iMonitor(  921): FaultDetect: DumptoolPrintf return.
07-07 15:13:54.981 E/iMonitor(  921): FaultDetect: FaultEngineTracePrintf return.
07-07 15:13:54.981 E/iMonitor(  921): FaultDetect: DumptoolPrintf return.
07-07 15:13:54.981 E/iMonitor(  921): FaultDetect: DumptoolPrintf return.
07-07 15:13:54.981 I/iMonitor(  921): create: 901001004
07-07 15:13:54.981 E/iMonitor(  921): FaultDetect: DumptoolPrintf return.
07-07 15:13:54.986 I/iMonitor(  921): send: 901001004
07-07 15:13:54.986 E/iMonitor(  921): FaultDetect: DumptoolPrintf return.
07-07 15:13:54.986 E/iMonitor(  921): FaultDetect: DumptoolPrintf return.
07-07 15:13:54.987 W/InputDispatcher( 1429): channel '9e18409 cn.carbs.wricheditor/cn.carbs.wricheditor.TestLibActivity (server)' ~ Consumer closed input channel or an error occurred.  events=0x9
07-07 15:13:54.987 E/InputDispatcher( 1429): channel '9e18409 cn.carbs.wricheditor/cn.carbs.wricheditor.TestLibActivity (server)' ~ Channel is unrecoverably broken and will be disposed!
07-07 15:13:54.987 I/WindowManager( 1429): WINDOW DIED Window{9e18409 u0 cn.carbs.wricheditor/cn.carbs.wricheditor.TestLibActivity}
07-07 15:13:54.987 V/WindowManager( 1429): removeIfPossible: Window{9e18409 u0 cn.carbs.wricheditor/cn.carbs.wricheditor.TestLibActivity} callers=com.android.server.wm.WindowState.removeIfPossible:5505060 com.android.server.wm.InputManagerCallback.notifyInputChannelBroken:16360660 com.android.server.input.InputManagerService.notifyInputChannelBroken:18536052 <bottom of call stack> <bottom of call stack> 
07-07 15:13:54.987 W/InputDispatcher( 1429): Attempted to unregister already unregistered input channel '9e18409 cn.carbs.wricheditor/cn.carbs.wricheditor.TestLibActivity (server)'
07-07 15:13:54.987 V/WindowManager( 1429): Not removing Window{9e18409 u0 cn.carbs.wricheditor/cn.carbs.wricheditor.TestLibActivity EXITING} due to exit animation 
07-07 15:13:54.987 I/WindowManager( 1429): navColorWin was set to default navbar color so should add SYSTEM_UI_FLAG_LIGHT_NAVIGATION_BAR 8018
07-07 15:13:54.988 D/ZrHung.AppEyeFocusWindow( 1429): FocusWindowErrorScene CheckFreezeScreen
07-07 15:13:54.989 E/iMonitor(  921): FaultDetect: FaultEngineTracePrintf return.
07-07 15:13:54.989 E/iMonitor(  921): FaultDetect: FaultEngineTracePrintf return.
07-07 15:13:54.989 W/InputDispatcher( 1429): channel 'a5518e1 cn.carbs.wricheditor/cn.carbs.wricheditor.MainActivity (server)' ~ Consumer closed input channel or an error occurred.  events=0x9
07-07 15:13:54.989 E/InputDispatcher( 1429): channel 'a5518e1 cn.carbs.wricheditor/cn.carbs.wricheditor.MainActivity (server)' ~ Channel is unrecoverably broken and will be disposed!
07-07 15:13:54.988 I/WindowManager( 1429): navColorWin was set to default navbar color so should add SYSTEM_UI_FLAG_LIGHT_NAVIGATION_BAR 8018
07-07 15:13:54.989 I/WindowManager( 1429): navColorWin was set to default navbar color so should add SYSTEM_UI_FLAG_LIGHT_NAVIGATION_BAR 8018
07-07 15:13:54.990 I/System.out.cpp(  921): getFinalPath finalPath=event_id
07-07 15:13:54.991 I/WindowManager( 1429): WINDOW DIED Window{a5518e1 u0 cn.carbs.wricheditor/cn.carbs.wricheditor.MainActivity}
07-07 15:13:54.991 V/WindowManager( 1429): removeIfPossible: Window{a5518e1 u0 cn.carbs.wricheditor/cn.carbs.wricheditor.MainActivity} callers=com.android.server.wm.WindowState.removeIfPossible:5505060 com.android.server.wm.InputManagerCallback.notifyInputChannelBroken:16360660 com.android.server.input.InputManagerService.notifyInputChannelBroken:18536052 <bottom of call stack> <bottom of call stack> 
07-07 15:13:54.991 W/InputDispatcher( 1429): Attempted to unregister already unregistered input channel 'a5518e1 cn.carbs.wricheditor/cn.carbs.wricheditor.MainActivity (server)'
07-07 15:13:54.991 V/WindowManager( 1429): postWindowRemoveCleanupLocked: Window{a5518e1 u0 cn.carbs.wricheditor/cn.carbs.wricheditor.MainActivity}
07-07 15:13:54.991 V/WindowManager( 1429): Removing Window{a5518e1 u0 cn.carbs.wricheditor/cn.carbs.wricheditor.MainActivity} from AppWindowToken{a38aed1 token=Token{a51d27c ActivityRecord{a4b69c9 u0 cn.carbs.wricheditor/.MainActivity t914}}}
07-07 15:13:54.992 I/WindowManager( 1429): navColorWin was set to default navbar color so should add SYSTEM_UI_FLAG_LIGHT_NAVIGATION_BAR 8018
07-07 15:13:54.994 I/Zygote  (  636): Process 26243 exited due to signal 9 (Killed)
07-07 15:13:54.994 I/ActivityManager( 1429): Process cn.carbs.wricheditor (pid 26243) has died: fore TOP 
07-07 15:13:54.995 I/libprocessgroup( 1429): Successfully killed process cgroup uid 11189 pid 26243 in 0ms
07-07 15:13:54.995 D/ActivityManager( 1429): cleanUpApplicationRecord app: ProcessRecord{a280451 26243:cn.carbs.wricheditor/u0a1189}, app.bad: false, restarting: false, allowRestart: true
07-07 15:13:54.995 I/HwPowerManagerService( 1429): appdie release wakelock, pid = 26243, uid = 11189
07-07 15:13:54.995 I/WindowManager( 1429): WIN DEATH: Window{9e18409 u0 cn.carbs.wricheditor/cn.carbs.wricheditor.TestLibActivity EXITING}
07-07 15:13:54.995 V/WindowManager( 1429): removeIfPossible: Window{9e18409 u0 cn.carbs.wricheditor/cn.carbs.wricheditor.TestLibActivity EXITING} callers=com.android.server.wm.WindowState$DeathRecipient.binderDied:7857444 android.os.BinderProxy.sendDeathNotice:7373044 <bottom of call stack> <bottom of call stack> <bottom of call stack> 
07-07 15:13:54.995 V/WindowManager( 1429): Not removing Window{9e18409 u0 cn.carbs.wricheditor/cn.carbs.wricheditor.TestLibActivity EXITING} due to exit animation 
07-07 15:13:54.996 I/WindowManager( 1429): navColorWin was set to default navbar color so should add SYSTEM_UI_FLAG_LIGHT_NAVIGATION_BAR 8018
07-07 15:13:54.997 D/HicomMonitor( 2840): notifyAppDied: uid = 11189
07-07 15:13:54.997 D/subscribe(  921): start run callback for subscriber Jank
07-07 15:13:54.997 W/AwareLog( 1429): SchedLevelBoost: onProcessDied config not set!
07-07 15:13:54.997 D/subscribe(  921): end run callback for subscriber Jank
07-07 15:13:54.997 I/AppStatisticProc( 2840): handleAppDied: pkgName = cn.carbs.wricheditor is not apk supported in Smartcare
07-07 15:13:54.997 I/BoosterSwitchP( 2840): notifyUidState do nothing
07-07 15:13:54.997 I/DeepNoDisturbP( 2840): notifyUidState
07-07 15:13:54.997 I/BrowserChrP( 2840): notifyUidState
07-07 15:13:54.997 D/Hicom_SysEnvMonitor( 2840): onAppDied, uid:11189
07-07 15:13:54.997 D/Hicom_PolicyCenterService( 2840): policencenterservice receive handleMessage: 68
07-07 15:13:54.997 D/Hicom_AppLifeCycleManager( 2840): sAppAllSocketClosed rm uid: 11189
07-07 15:13:54.997 D/Hicom_SingleTaskDecisionSystem( 2840): AllAppPolicyEmpty(), disable MobileData...
07-07 15:13:54.997 D/Hicom_MobileDataControl( 2840): setMobileData Mobile switch closing,mEnableSourceMask:0
07-07 15:13:54.997 D/Hicom_MobileDataControl( 2840): stopMobileDataNetwork
07-07 15:13:54.997 D/Hicom_MobileDataControl( 2840): has already stopMobileDataNetwork
07-07 15:13:54.997 D/iTouchService(  845): itouch currentPackageName = cn.carbs.wricheditor
07-07 15:13:54.997 I/Hicom_MpFlowDecisionSystem( 2840): stopMpFlow: pkgName:  is not a stared mp-flow app. 
07-07 15:13:54.997 D/iTouchService(  845): itouch appType=-1 appState=0 gameMode=2
07-07 15:13:54.997 E/Hicom_PolicyCenterService( 2840): handleAppDied. multipathPolicy
07-07 15:13:54.997 D/iTouchService(  845): g_itouch_reader_monitor empty
07-07 15:13:54.997 D/iTouchService(  845): g_itouch_reader_monitor Monitor::isReaderMonitorEnable()=0
07-07 15:13:54.997 D/iTouchService(  845): itouch getCurrentParmID tempPkg=cn.carbs.xxx
07-07 15:13:54.997 D/iTouchService(  845): itouch:app cn.carbs.wricheditor is  not game app
07-07 15:13:54.997 D/iTouchService(  845): itouch:app cn.carbs.wricheditor is  not in StylusPenList
07-07 15:13:54.997 D/iTouchService(  845): itouch:styluspen_switch is disable
07-07 15:13:54.997 D/iTouchService(  845): itouch:currentAppTypeName =|UNKNOWN|
07-07 15:13:54.997 E/HsmCoreServiceImpl( 2840): onTransact in code is: 102
07-07 15:13:54.998 I/MediaProcessHandler( 2840): processOp opType: 1, uid: 11189, pid: 26243
07-07 15:13:54.998 W/MediaProcessHandler( 2840): remove target not exist, maybe the UI process: uid: 11189, pid: 26243
07-07 15:13:54.998 I/MediaProcessHandler( 2840): executedCallBack opType: 1 mMediaStatusObservers.size=0
07-07 15:13:54.999 V/WindowManager( 1429): Exit animation finished in Window{9e18409 u0 cn.carbs.wricheditor/cn.carbs.wricheditor.TestLibActivity EXITING}: remove=true
07-07 15:13:54.999 E/WindowManager( 1429): win=Window{9e18409 u0 cn.carbs.wricheditor/cn.carbs.wricheditor.TestLibActivity EXITING} destroySurfaces: appStopped=false win.mWindowRemovalAllowed=true win.mRemoveOnExit=true
07-07 15:13:54.999 V/WindowManager( 1429): postWindowRemoveCleanupLocked: Window{9e18409 u0 cn.carbs.wricheditor/cn.carbs.wricheditor.TestLibActivity}
07-07 15:13:54.999 V/WindowManager( 1429): Removing Window{9e18409 u0 cn.carbs.wricheditor/cn.carbs.wricheditor.TestLibActivity} from AppWindowToken{a3e8cd1 token=Token{a57fe4f ActivityRecord{a4b6879 u0 cn.carbs.wricheditor/.TestLibActivity t914}}}
07-07 15:13:55.001 V/WindowManager( 1429): removeAppToken: AppWindowToken{a3e8cd1 token=Token{a57fe4f ActivityRecord{a4b6879 u0 cn.carbs.wricheditor/.TestLibActivity t914}}} delayed=true Callers=com.android.server.wm.DisplayContent.removeAppToken:8163868 com.android.server.wm.ActivityRecord.removeWindowContainer:8165540 com.android.server.wm.ActivityStack.removeActivityFromHistoryLocked:8162968 com.android.server.wm.ActivityStack.removeHistoryRecordsForAppLocked:6808492 
07-07 15:13:55.003 I/HwAudioServiceEx( 1429): ComponentInfo : className = cn.carbs.wricheditor.MainActivity, flag=showStartingWindow, isHomeActivity=, isTop=false
07-07 15:13:55.003 W/SecurityProfileService( 1429): Activity life state callback extras get package null!
07-07 15:13:55.003 E/DollieActivityManagerAdapter( 2840): HwActivityNotifierEx null uid
07-07 15:13:55.003 W/ContentSensor_FrameworkRegistry( 4286): ActivityNotifier unknown state
07-07 15:13:55.006 W/ActivityManager( 1429): setHasOverlayUi called on unknown pid: 26243
07-07 15:13:55.006 V/ActivityManager( 1429): startProcess: name=cn.carbs.wricheditor app=null knownToBeDead=false thread=null pid=-1
07-07 15:13:55.006 E/system_server( 1429): Invalid ID 0x00000000.
07-07 15:13:55.007 V/ActivityManager( 1429): startProcess: name=cn.carbs.wricheditor app=ProcessRecord{9e1b8e1 0:cn.carbs.wricheditor/u0a1189} knownToBeDead=false thread=null pid=0
07-07 15:13:55.007 D/AwareLog(  877): iawared: WorkingsetProcessCommand subCmd = 354, userId=11189, pid=0, cn.carbs.wricheditor
07-07 15:13:55.007 D/AwareLog(  877): iawared: WorkingsetSendPrereadMsg cn.carbs.wricheditor
07-07 15:13:55.007 D/AwareLog(  877): iawared: WorkingsetStart cn.carbs.wricheditor in monitor0
07-07 15:13:55.009 D/ScreemCommon(  921): <LOGMGR> <complete_pm> [Entry]
07-07 15:13:55.009 E/ScreemCommon(  921): <LOGMGR> <logCaptureFilter> [the special scene]
07-07 15:13:55.009 D/ScreemCommon(  921): <LOGMGR> <logCaptureFilter> [filterReason:32]
07-07 15:13:55.009 D/ScreemCommon(  921): <LOGMGR> <complete_pm> [type:1 Level:3 filter:32]
07-07 15:13:55.009 D/ScreemCommon(  921): <LOGMGR> <reportImmediately> [entry]
07-07 15:13:55.010 V/WindowManager( 1429): addWindow: Window{a29a971 u0 Splash Screen cn.carbs.wricheditor}
07-07 15:13:55.011 D/DollieActivityManagerAdapter( 2840): [UidGone]  uid:11189
07-07 15:13:55.011 E/DollieAdapterService( 2840): notifyActivityState pkg:cn.carbs.wricheditor/cn.carbs.wricheditor.TestLibActivity state:20 fg:false mUid:11189
07-07 15:13:55.011 W/JankShield( 1429): Could not find packageinfo
07-07 15:13:55.011 I/iMonitor(  921): create: 902610000
07-07 15:13:55.011 I/HidataAppQoeP( 2840): foregroundUidRemove uid: 11189 name: cn.carbs.wricheditor
07-07 15:13:55.012 I/HwPacketFilterBypass( 2840): handleActivityUidStateChanged uid:11189 -1 foreground:0
07-07 15:13:55.012 I/HwPacketFilterBypass( 2840): isAllowSendSmartCureToChr false, no exceptions occur, dropCnt:0
07-07 15:13:55.012 D/SmartDualCardConfig( 2840): getAppType,pkgName=cn.carbs.wricheditor,appType=-1
07-07 15:13:55.012 D/SmartDualCardConfig( 2840): getAppType,pkgName=cn.carbs.wricheditor,appType=-1
07-07 15:13:55.012 E/SmartDualCardConfig( 2840): isAppInBlackList false,items==null
07-07 15:13:55.012 D/SmartDualCardSM( 2840): onUidStateUpdate,uid=11189,appName=cn.carbs.wricheditor,state=BACKGROUND
07-07 15:13:55.012 D/SmartDualCardConfig( 2840): removeAppFromList,after remove,size()=0,uid=11189
07-07 15:13:55.013 D/SmartDualCardConfig( 2840): getAppType,pkgName=cn.carbs.wricheditor,appType=-1
07-07 15:13:55.013 D/SmartDualCardSM( 2840): updateAppState mAppState=1
07-07 15:13:55.013 D/SmartDualCardSM( 2840): IdleState:got msg.what=EVENT_APP_MOVE_BACKGROUND
07-07 15:13:55.013 D/SmartDualCardSM( 2840): startAppBackgroundTimer
