--------- beginning of main
06-22 15:51:49.952 I/dubaid  (  850): [SystemHandler.cpp] OnTimeChangedMessage# Original timestamp: 1592812311749, new timestamp: 1592812309958, delta: -1791
--------- beginning of system
06-22 15:51:49.957 I/AlarmManager( 1429): remove alarm:Alarm{a47cbcb type 1 when 1592841600000 PendingIntent{a1c5735: PendingIntentRecord{a21b1d1 android broadcastIntent}}android procName system} according to operation:a1c5735
06-22 15:51:49.961 E/WindowManagerEx(19513): getDisplaySideRegion: windowInsets is null please check!
06-22 15:51:49.961 D/DevicePolicyManager( 1429): updateSystemUpdateFreezePeriodsRecord
06-22 15:51:49.961 I/EyeProtectionControllerImpl( 1429): onReceive intent action = android.intent.action.TIME_SET
06-22 15:51:49.962 D/ConditionProviders.SCP( 1429): onReceive android.intent.action.TIME_SET
06-22 15:51:49.962 W/ClockView1( 2486):  action android.intent.action.TIME_SET
06-22 15:51:49.962 W/ClockView1( 2486):  action android.intent.action.TIME_SET
06-22 15:51:49.962 D/HicomMonitor( 2840): notifyTimeChanged: called
06-22 15:51:49.962 E/ndroid.systemu( 2486): No package ID ff found for ID 0xffffffff.
06-22 15:51:49.963 E/ndroid.systemu( 2486): No package ID ff found for ID 0xffffffff.
06-22 15:51:49.963 W/ClockView1( 2486): onreceive tz is Asia/Shanghai time:Mon Jun 22 15:51:49 GMT+08:00 2020 timezone:libcore.util.ZoneInfo[id="Asia/Shanghai",mRawOffset=28800000,mEarliestRawOffset=28800000,mUseDst=false,mDstSavings=0,transitions=26]
06-22 15:51:49.963 I/ActivityManager( 1429): App 10055/com.android.calendar targets O+, restricted
06-22 15:51:49.964 W/ClockView1( 2486): onreceive tz is Asia/Shanghai time:Mon Jun 22 15:51:49 GMT+08:00 2020 timezone:libcore.util.ZoneInfo[id="Asia/Shanghai",mRawOffset=28800000,mEarliestRawOffset=28800000,mUseDst=false,mDstSavings=0,transitions=26]
06-22 15:51:49.964 I/CalendarProvider(29201): CalendarProvider2 info:IntentReceiver->onReceive()->action = android.intent.action.TIME_SET
06-22 15:51:49.964 I/CalendarProvider(29201): CalendarProvider2 info:Scheduling check of next Alarm, is remove false
06-22 15:51:49.964 I/OPCollectLog( 2784): OdmfActionManager:ACTION_TIME_CHANGED
06-22 15:51:49.964 I/PushLog100101302( 4574): [main-1]action is android.intent.action.TIME_SET
06-22 15:51:49.964 I/OPCollectLog( 2784): OdmfActionManager:handleMessage msg: 101
06-22 15:51:49.964 I/OPCollectLog( 2784): OdmfActionManager:isNewDay
06-22 15:51:49.964 I/OPCollectLog( 2784): OdmfActionManager:The next trigger timer: 29290036ms later
06-22 15:51:49.965 I/BaseSystemEventBroadcast( 5043): CAWARENESS: android_intent_time_set 
06-22 15:51:49.965 I/hms_pay (13970): CacheMgr    receive time change intent, android.intent.action.TIME_SET
06-22 15:51:49.965 I/hms_pay (13970): CacheMgr    system time changed, clean all cache
06-22 15:51:49.965 I/PG_ash  ( 2895): android send B_C:android.intent.action.TIME_SET notify package: com.tencent.mm, pid: 19883
06-22 15:51:49.966 I/ash_trans( 2895): com.tencent.mm { hibernation duration=234 Uptime=234 } transition to: doze reason:bc_notify_android.intent.action.TIME_SET
06-22 15:51:49.966 I/PG_ash  ( 2895): clear H actions!
06-22 15:51:49.966 I/PGManagerService( 1429): proxyWakeLockByPidUid, pid: 20472, uid: 10156, proxy: false
06-22 15:51:49.966 I/PushLog100101302( 4574): [main-1]dispatchIntent over
06-22 15:51:49.967 D/AppLogManager(13970): PrintWoker poll timeout , shutdown
06-22 15:51:49.967 I/hms_pay (13970): CacheMgr    handleMessage, 1002
06-22 15:51:49.967 I/PG_ash  ( 2895): unP_wl uid = 10156 pid = 20472
06-22 15:51:49.967 I/PGManagerService( 1429): proxyWakeLockByPidUid, pid: 19800, uid: 10156, proxy: false
06-22 15:51:49.967 I/PG_ash  ( 2895): unP_wl uid = 10156 pid = 19800
06-22 15:51:49.967 D/AppLogManager(13970): PrintWoker poll timeout , shutdown
06-22 15:51:49.967 D/HwConnectivityServiceEx( 1429): set cache by key is 1000 interfaceName iswlan0 value is false
06-22 15:51:49.968 D/ConnectivityService( 1429): get Network state from cache, cacheBlock is 0
06-22 15:51:49.968 W/ProcBatteryStats( 1429): timer is running , not start, name: com.android.phone, uid: 1001, tag: *telephony-radio*
06-22 15:51:49.968 I/PushLog100101302( 4574): [ReceiverDispatcher-219] get charging false
06-22 15:51:49.968 I/PushLog100101302( 4574): [ReceiverDispatcher-219]enter AlarmTools:setExactAlarm(intent:Intent { act=com.huawei.android.push.intent.HEARTBEAT_RSP_TIMEOUT pkg=android } interval:10000ms
06-22 15:51:49.968 I/PushLog100101302( 4574): [ReceiverDispatcher-219]setExactAlarm expectTriggerTime:1592812319968
06-22 15:51:49.969 E/WindowManagerEx(19513): getDisplaySideRegion: windowInsets is null please check!
06-22 15:51:49.970 I/DeviceSettingsManager(19513): getStateTypePolicyActiveStatus() raw policyName: settings_policy_forbidden_modify_time_timezone
06-22 15:51:49.970 W/ProcBatteryStats( 1429): timer is running , not start, name: com.android.phone, uid: 1001, tag: *telephony-radio*
06-22 15:51:49.971 E/DateView( 2486): DateView,mCurrentTime: 1592812309971
06-22 15:51:49.971 E/DateView( 2486): DateView,setText: 6月22日星期一
06-22 15:51:49.971 I/DeviceSettingsManager(19513): getStateTypePolicyActiveStatus() raw policyName: settings_policy_forbidden_modify_time_timezone
06-22 15:51:49.972 I/hms_pay (13970): CacheMgr    clearCache, rows:0
06-22 15:51:49.972 W/Settings( 2840): Setting auto_time has moved from android.provider.Settings.System to android.provider.Settings.Global, returning read-only value.
06-22 15:51:49.972 I/HwAlarmManagerService( 1429): hwSetAlarm listenerTag: TIME_TICK
06-22 15:51:49.973 D/AppLogManager(13970): PrintWoker poll timeout , shutdown
06-22 15:51:49.973 D/AlarmEngineManager( 2840): The time change action is not made by users, ignore!
06-22 15:51:49.974 I/AlarmManager( 1429): remove alarm:Alarm{a45d129 type 1 when 1593176400000 PendingIntent{a4c2df9: PendingIntentRecord{a401c69 com.huawei.android.totemweather broadcastIntent}}com.huawei.android.totemweather procName com.huawei.android.totemweather} according to operation:9fa826d
06-22 15:51:49.975 I/dsp_codec_ctl(  668): codec_adsp_send_sync_cmd:ioctl ret=0
06-22 15:51:49.975 I/smartpakit(  668): get_power_consumption: result[1] is 0x0 result[0] is 0x0
06-22 15:51:49.975 I/smartpakit(  668): getSmartPAPOWER is pa1=0
06-22 15:51:49.975 I/Calendar(29174): AlertReceiver info:onReceive update notification
06-22 15:51:49.977 D/ConditionProviders.SCP( 1429): evaluateSubscriptionLocked cal=ScheduleCalendar[mDays={1, 7}, mSchedule=ScheduleInfo{days=[1, 7], startHour=22, startMinute=0, endHour=7, endMinute=0, exitAtAlarm=false, nextAlarm=Thu Jan 01 08:00:00 GMT+08:00 1970 (0)}], now=Mon Jun 22 15:51:49 GMT+08:00 2020 (1592812309962), nextUserAlarmTime=Thu Jan 01 08:00:00 GMT+08:00 1970 (0)
06-22 15:51:49.977 I/PushLog100101302( 4574): [ReceiverDispatcher-219]next Heartbeat timeout for push server is: 5.0 min , curHeartBeatInterval: 300000
06-22 15:51:49.977 I/PushLog100101302( 4574): [ReceiverDispatcher-219]process cmdid to send to pushSrv:46, subCmdId:FF
06-22 15:51:49.977 D/ConditionProviders.SCP( 1429): notifyCondition condition://android/schedule?days=1.7&start=22.0&end=7.0&exitAtAlarm=false STATE_FALSE reason=!meetsSchedule
06-22 15:51:49.977 W/Settings(29323): Setting auto_time_zone has moved from android.provider.Settings.System to android.provider.Settings.Global, returning read-only value.
06-22 15:51:49.977 I/PushLog100101302( 4574): [ReceiverDispatcher-219]send msg to remote srv success
06-22 15:51:49.977 I/PGManagerService( 1429): proxyWakeLockByPidUid, pid: 19883, uid: 10156, proxy: false
06-22 15:51:49.978 I/AlarmManager( 1429): remove alarm:Alarm{a10cf05 type 0 when 1593180000000 PendingIntent{a2dcb25: PendingIntentRecord{a274a09 android broadcastIntent}}android procName system} according to operation:a4f1829
06-22 15:51:49.979 W/ProcBatteryStats( 1429): timer is not running , not stop, name: com.android.phone, uid: 1001, tag: *telephony-radio*
06-22 15:51:49.980 D/ConditionProviders.SCP( 1429): Scheduling evaluate for Mon Jun 22 22:00:00 GMT+08:00 2020 (1592834400000), in +6h8m10s38ms, now=Mon Jun 22 15:51:49 GMT+08:00 2020 (1592812309962)
06-22 15:51:49.980 I/BaseSystemEventBroadcast( 5043): CAWARENESS: android_intent_time_set 
06-22 15:51:49.981 I/DeviceSettingsManager(19513): getStateTypePolicyActiveStatus() raw policyName: settings_policy_forbidden_modify_time_timezone
06-22 15:51:49.982 W/ExHandler( 2486): KG_Background_Handle_Thread running too long, use 16  { when=-18ms callback=com.android.keyguard.KeyguardStatusView$3 target=com.huawei.keyguard.basetype.ExHandler }
06-22 15:51:49.982 I/OPCollectLog( 2784): OdmfActionManager:ACTION_TIME_CHANGED
06-22 15:51:49.982 I/CalendarProvider(29201): CalendarProvider2 info:IntentReceiver->onReceive()->action = android.intent.action.TIME_SET
06-22 15:51:49.982 I/OPCollectLog( 2784): OdmfActionManager:handleMessage msg: 101
06-22 15:51:49.982 I/OPCollectLog( 2784): OdmfActionManager:The next trigger timer: 29290018ms later
06-22 15:51:49.982 I/PushLog100101302( 4574): [main-1]action is android.intent.action.TIME_SET
06-22 15:51:49.982 I/hms_pay (13970): CacheMgr    receive time change intent, android.intent.action.TIME_SET
06-22 15:51:49.982 I/hms_pay (13970): CacheMgr    system time changed, clean all cache
06-22 15:51:49.982 D/DevicePolicyManager( 1429): updateSystemUpdateFreezePeriodsRecord
06-22 15:51:49.982 I/EyeProtectionControllerImpl( 1429): onReceive intent action = android.intent.action.TIME_SET
06-22 15:51:49.982 D/HicomMonitor( 2840): notifyTimeChanged: called
06-22 15:51:49.983 I/DeviceSettingsManager(19513): getStateTypePolicyActiveStatus() raw policyName: settings_policy_forbidden_modify_time_timezone
06-22 15:51:49.983 W/Settings( 2840): Setting auto_time has moved from android.provider.Settings.System to android.provider.Settings.Global, returning read-only value.
06-22 15:51:49.983 D/ConditionProviders.SCP( 1429): onReceive android.intent.action.TIME_SET
06-22 15:51:49.983 W/ProcBatteryStats( 1429): timer is not running , not stop, name: com.android.phone, uid: 1001, tag: *telephony-radio*
06-22 15:51:49.983 D/AppLogManager(13970): PrintWoker poll timeout , shutdown
06-22 15:51:49.983 D/ConditionProviders.SCP( 1429): evaluateSubscriptionLocked cal=ScheduleCalendar[mDays={1, 7}, mSchedule=ScheduleInfo{days=[1, 7], startHour=22, startMinute=0, endHour=7, endMinute=0, exitAtAlarm=false, nextAlarm=Thu Jan 01 08:00:00 GMT+08:00 1970 (0)}], now=Mon Jun 22 15:51:49 GMT+08:00 2020 (1592812309983), nextUserAlarmTime=Thu Jan 01 08:00:00 GMT+08:00 1970 (0)
06-22 15:51:49.983 D/ConditionProviders.SCP( 1429): notifyCondition condition://android/schedule?days=1.7&start=22.0&end=7.0&exitAtAlarm=false STATE_FALSE reason=!meetsSchedule
06-22 15:51:49.983 I/HiH_HiHealthBinder(12969): 100100511|R|insertHiHealthData() size = 4,app = 1,One Data Type = 2,packageName = com.huawei.health,writeStatType = 0
06-22 15:51:49.983 D/AlarmEngineManager( 2840): The time change action is not made by users, ignore!
06-22 15:51:49.984 I/PG_ash  ( 2895): unP_wl uid = 10156 pid = 19883
06-22 15:51:49.984 I/PushLog100101302( 4574): [main-1]dispatchIntent over
06-22 15:51:49.984 I/UsageStatsService( 1429): Time changed in UsageStats by -345601 seconds
06-22 15:51:49.984 I/UsageStatsService( 1429): User[0] Flushing usage stats to disk
06-22 15:51:49.984 I/AlarmManager( 1429): remove alarm:Alarm{a447ccf type 0 when 1592834400000 PendingIntent{a4f1829: PendingIntentRecord{a274a09 android broadcastIntent}}android procName system} according to operation:9fa8265
06-22 15:51:49.985 I/hms_pay (13970): CacheMgr    handleMessage, 1002
06-22 15:51:49.985 E/WindowManagerEx(19513): getDisplaySideRegion: windowInsets is null please check!
06-22 15:51:49.986 V/ActivityManager( 1429): Successfully start provider ContentProviderRecord{a3f210e u0 com.android.providers.calendar/.CalendarProvider2} launchingApp=ProcessRecord{a34ad29 29201:com.android.providers.calendar/u0a9} caller pid= 1429
06-22 15:51:49.986 D/AppLogManager(13970): PrintWoker poll timeout , shutdown
06-22 15:51:49.987 D/ConnectivityService( 1429): get Network state from cache, cacheBlock is 0
06-22 15:51:49.987 D/ConnectivityService( 1429): get Network state from cache, cacheBlock is 0
06-22 15:51:49.987 I/PushLog100101302( 4574): [ReceiverDispatcher-219] get charging false
06-22 15:51:49.987 I/PushLog100101302( 4574): [ReceiverDispatcher-219]enter AlarmTools:setExactAlarm(intent:Intent { act=com.huawei.android.push.intent.HEARTBEAT_RSP_TIMEOUT pkg=android } interval:10000ms
06-22 15:51:49.987 I/PushLog100101302( 4574): [ReceiverDispatcher-219]setExactAlarm expectTriggerTime:1592812319987
06-22 15:51:49.987 D/ConditionProviders.SCP( 1429): Scheduling evaluate for Mon Jun 22 22:00:00 GMT+08:00 2020 (1592834400000), in +6h8m10s17ms, now=Mon Jun 22 15:51:49 GMT+08:00 2020 (1592812309983)
06-22 15:51:49.988 I/Pged-IPgedBinderListenerService(  877): clear process report time
06-22 15:51:49.989 I/AlarmManager( 1429): remove alarm:Alarm{a47ca75 type 1 when 1592830800000 PendingIntent{9fa826d: PendingIntentRecord{a401c69 com.huawei.android.totemweather broadcastIntent}}com.huawei.android.totemweather procName com.huawei.android.totemweather} according to operation:a4429e9
06-22 15:51:49.989 E/DateView( 2486): DateView,mCurrentTime: 1592812309989
06-22 15:51:49.990 W/ClockView1( 2486):  action android.intent.action.TIME_SET
06-22 15:51:49.990 W/ClockView1( 2486):  action android.intent.action.TIME_SET
06-22 15:51:49.990 E/ndroid.systemu( 2486): No package ID ff found for ID 0xffffffff.
06-22 15:51:49.990 I/PGManagerService( 1429): proxyWakeLockByPidUid, pid: 19437, uid: 10156, proxy: false
06-22 15:51:49.990 I/PG_ash  ( 2895): unP_wl uid = 10156 pid = 19437
06-22 15:51:49.990 I/PGManagerService( 1429): proxyWakeLockByPidUid, pid: 19454, uid: 10156, proxy: false
06-22 15:51:49.991 I/PG_ash  ( 2895): unP_wl uid = 10156 pid = 19454
06-22 15:51:49.991 W/Settings(29323): Setting auto_time_zone has moved from android.provider.Settings.System to android.provider.Settings.Global, returning read-only value.
06-22 15:51:49.991 W/ProcBatteryStats( 1429): timer is running , not start, name: com.android.phone, uid: 1001, tag: *telephony-radio*
06-22 15:51:49.991 E/ndroid.systemu( 2486): No package ID ff found for ID 0xffffffff.
06-22 15:51:49.991 I/Pged-IPgedBinderService(  877): ****action is 2, pid num is 6***
06-22 15:51:49.991 I/Pged-Freezer(  877): thawPids
06-22 15:51:49.991 I/AlarmManager( 1429): remove alarm:Alarm{a47cb4d type 0 when 1592812319968 PendingIntent{a23a9e9: PendingIntentRecord{a4a4789 android broadcastIntent}}android procName com.huawei.android.pushagent.PushService} according to operation:a3c7a75
06-22 15:51:49.991 W/ClockView1( 2486): onreceive tz is Asia/Shanghai time:Mon Jun 22 15:51:49 GMT+08:00 2020 timezone:libcore.util.ZoneInfo[id="Asia/Shanghai",mRawOffset=28800000,mEarliestRawOffset=28800000,mUseDst=false,mDstSavings=0,transitions=26]
06-22 15:51:49.992 W/ClockView1( 2486): onreceive tz is Asia/Shanghai time:Mon Jun 22 15:51:49 GMT+08:00 2020 timezone:libcore.util.ZoneInfo[id="Asia/Shanghai",mRawOffset=28800000,mEarliestRawOffset=28800000,mUseDst=false,mDstSavings=0,transitions=26]
06-22 15:51:49.992 D/PgedBinderAdapter( 2895): unF_Z ok, pid: [19883, 20472, 19454, 19800, 19437]
06-22 15:51:49.992 I/PGServer( 2895): report state:6 event type:2 pid:0 uid:10156 pkg:com.tencent.mm to pid: 1429
06-22 15:51:49.992 I/PGServer( 2895): report state:100 event type:2 pid:0 uid:10156 pkg:19883:20472:19454:19800:19437 to pid: 1429
06-22 15:51:49.992 I/PG_ash  ( 2895): unF_Z com.tencent.mm OK !
06-22 15:51:49.993 I/PGManagerService( 1429): proxyBroadcast:[com.tencent.mm] proxy:false
06-22 15:51:49.993 W/ProcBatteryStats( 1429): timer is running , not start, name: com.android.phone, uid: 1001, tag: *telephony-radio*
06-22 15:51:49.993 I/PG_ash  ( 2895): unP_BC com.tencent.mm OK !
06-22 15:51:49.993 I/PG_ash  ( 2895): nap takeover action: 1
06-22 15:51:49.993 I/APwPowerPolicy( 2895):  ignore gps not front im app: com.tencent.mm
06-22 15:51:49.993 I/PG_ash  ( 2895): nap takeover action: 2
06-22 15:51:49.993 I/PG_ash  ( 2895): nap package: com.tencent.mm, visible: false, bgTime: 191469, scrOff: false
06-22 15:51:49.993 I/PushLog100101302( 4574): [ReceiverDispatcher-219]next Heartbeat timeout for push server is: 5.0 min , curHeartBeatInterval: 300000
06-22 15:51:49.993 I/PushLog100101302( 4574): [ReceiverDispatcher-219]process cmdid to send to pushSrv:46, subCmdId:FF
06-22 15:51:49.994 I/PG_ash  ( 2895): android send B_C:android.intent.action.TIME_SET notify package: com.tencent.mm, pid: 19883
06-22 15:51:49.994 I/PG_ash  ( 2895): 1429 binder call 29201
06-22 15:51:49.994 I/PushLog100101302( 4574): [ReceiverDispatcher-219]send msg to remote srv success
06-22 15:51:49.995 I/hms_pay (13970): CacheMgr    clearCache, rows:0
06-22 15:51:49.995 I/PG_ash  ( 2895): 1429 binder call 29201
06-22 15:51:49.995 D/SensorHub(  912): batch called handle:17 sampleNs:200000000 latencyNs:0
06-22 15:51:49.995 D/SensorHub(  912): in Batch, handle = 17, flags = 0, periodNs = 200000000, timeout = 0
06-22 15:51:49.996 D/SensorService( 1429): disableSensor handle:17, packageName:o.aih
06-22 15:51:49.996 I/SensorState( 2895): sensor:17 name:step counter enable:false uid:10122
06-22 15:51:49.996 I/SensorState( 2895): sensor stop, total history time:221219256
06-22 15:51:49.996 I/SensorState( 2895): removeSensor,mHandles:{}
06-22 15:51:49.996 I/PGServer( 2895): report state:4 event type:2 pid:17 uid:10122 pkg:null to pid: 1429
06-22 15:51:49.997 I/HiH_HiHealthDataInsertStore(12969): 100100511|R|saveHealthDetailData() deviceID = 2,clientID =5,deviceType=32
06-22 15:51:49.997 D/AppLogManager(13970): PrintWoker poll timeout , shutdown
06-22 15:51:49.997 I/Calendar(29174): AlertService info:process message Action = android.intent.action.TIME_SET
06-22 15:51:49.998 I/PushLog100101302( 4574): [SocketRead_13:03:27.335-3267]enter cancelAlarm(Action=com.huawei.android.push.intent.RESPONSE_FAIL
06-22 15:51:49.998 V/ActivityManager( 1429): Successfully start provider ContentProviderRecord{a3f210e u0 com.android.providers.calendar/.CalendarProvider2} launchingApp=ProcessRecord{a34ad29 29201:com.android.providers.calendar/u0a9} caller pid= 29174
06-22 15:51:49.998 I/PushLog100101302( 4574): [SocketRead_13:03:27.335-3267]process cmdid to receive from pushSrv:47, subCmdId:FF
06-22 15:51:49.998 W/ProcBatteryStats( 1429): timer is not running , not stop, name: com.android.phone, uid: 1001, tag: *telephony-radio*
06-22 15:51:49.998 I/PushLog100101302( 4574): [SocketRead_13:03:27.335-3267]enter cancelAlarm(Action=com.huawei.android.push.intent.HEARTBEAT_RSP_TIMEOUT
06-22 15:51:49.999 I/AlarmManager( 1429): remove alarm:Alarm{a47ca75 type 0 when 1592812319987 PendingIntent{a3c7a75: PendingIntentRecord{a4a4789 android broadcastIntent}}android procName com.huawei.android.pushagent.PushService} according to operation:9deb635
06-22 15:51:49.999 W/ProcBatteryStats( 1429): timer is not running , not stop, name: com.android.phone, uid: 1001, tag: *telephony-radio*
06-22 15:51:50.000 I/PushLog100101302( 4574): [SocketRead_13:03:27.335-3267]enter adjustHeartBeat:(findHeartBeat:true,RspTimeOut:false,beatInterval:300000,bestHBSuccessCount:3,range:[180000,300000])
06-22 15:51:50.000 I/PushLog100101302( 4574): [SocketRead_13:03:27.335-3267]judgeFindBestHB and isBestHBTimeOut: falseisOffset: false
06-22 15:51:50.001 I/AlarmManager( 1429): remove alarm:Alarm{a10ce09 type 0 when 1593228266035 PendingIntent{a27afdd: PendingIntentRecord{a264ff5 android broadcastIntent}}android procName system} according to operation:a42e3fd
06-22 15:51:50.001 I/PushLog100101302( 4574): [SocketRead_13:03:27.335-3267] get charging false
06-22 15:51:50.001 I/PushLog100101302( 4574): [SocketRead_13:03:27.335-3267]after delayHeartBeatReq, not charging, nextHeartBeatTime will be [300000,300000] ms later, heartBeatInterval is :300000
06-22 15:51:50.002 E/WindowManagerEx(19513): getDisplaySideRegion: windowInsets is null please check!
06-22 15:51:50.003 I/PushLog100101302( 4574): [SocketRead_13:03:27.335-3267]adjust alarm, current is screen on or is charging, do not need to adjust.
06-22 15:51:50.003 I/PushLog100101302( 4574): [SocketRead_13:03:27.335-3267]enter AlarmTools:setExactWindowAlarm(intent:Intent { act=com.huawei.push.alarm.HEARTBEAT pkg=android },interval:300000ms,window:0
06-22 15:51:50.003 I/GRALLOC (  657): getCallingPid=696, shrFd=11,fmt=0x1,intFmt=0x1,btStrd=4352,size=315392,pid=657 
06-22 15:51:50.003 I/GRALLOC (  657): 	 yuv=2,w=1080,h=72,Stride u=0 v=0,offset u=0 v=0 
06-22 15:51:50.003 I/GRALLOC (  657): 	 iova_size=315392,conUsg=0xb00,proUsg=0xb00,	 strd=1088,[afbc]HdrStrd=0 PyldStrd=0 Scrmbl=0,ionhnd = 0 
06-22 15:51:50.004 D/SensorManager(12969): 0x72434a1af0 addFd fd=57
06-22 15:51:50.004 I/AlarmManager( 1429): remove alarm:Alarm{a338e99 type 0 when 1593158119934 PendingIntent{a32363d: PendingIntentRecord{a268705 android broadcastIntent}}android procName com.huawei.android.pushagent.PushService} according to operation:a4f7c25
06-22 15:51:50.006 I/PushLog100101302( 4574): [SocketRead_13:03:27.335-3267]dispatchIntent over
06-22 15:51:50.007 W/ProcBatteryStats( 1429): timer is running , not start, name: android, uid: 1000, tag: DispatcherLockTag
06-22 15:51:50.007 I/PushLog100101302( 4574): [SocketRead_13:03:27.335-3267]enter cancelAlarm(Action=com.huawei.android.push.intent.RESPONSE_FAIL
06-22 15:51:50.008 I/PushLog100101302( 4574): [ReceiverDispatcher-219]process push message cmdid from pushSrv:47, subCmdId:FF
06-22 15:51:50.008 W/ServiceManager( 1429): Permission failure: android.permission.ACTIVITY_RECOGNITION from uid=10122 pid=12969
06-22 15:51:50.008 I/PushLog100101302( 4574): [ReceiverDispatcher-219]enter AlarmTools:setInexactAlarm(intent:Intent { act=com.huawei.action.push.intent.CHECK_CHANNEL_CYCLE pkg=android } interval:1200000ms
06-22 15:51:50.009 W/ServiceManager( 1429): Permission failure: android.permission.ACTIVITY_RECOGNITION from uid=10122 pid=12969
06-22 15:51:50.010 I/netd    (  635): trafficSwapActiveStatsMap() <15.21ms>
06-22 15:51:50.010 D/SensorHub(  912): batch called handle:17 sampleNs:1000000 latencyNs:0
06-22 15:51:50.010 D/SensorHub(  912): in Batch, handle = 17, flags = 0, periodNs = 1000000, timeout = 0
06-22 15:51:50.010 I/AlarmManager( 1429): remove alarm:Alarm{a3eefef type 1 when 1593159096135 PendingIntent{a0e6d41: PendingIntentRecord{a2a03f5 android broadcastIntent}}android procName com.huawei.android.pushagent.PushService} according to operation:9f10185
06-22 15:51:50.010 I/SensorState( 2895): sensor:17 name:step counter enable:true uid:10122
06-22 15:51:50.010 I/PGServer( 2895): report state:4 event type:1 pid:17 uid:10122 pkg:null to pid: 1429
06-22 15:51:50.011 I/SensorState( 2895): addSensor,mHandles:{17=1}
06-22 15:51:50.011 D/SensorService( 1429): enableSensor handle:17, packageName:o.aih, rate=0
06-22 15:51:50.012 I/Calendar(29174): AlertService info:missed alarms found: 0
06-22 15:51:50.013 D/pmomd   (  808): add_element# add element, count=1
06-22 15:51:50.014 D/pmomd   (  808): add_driver_data# add driver data
06-22 15:51:50.014 D/pmomd   (  808): add_element# add element, count=2
06-22 15:51:50.014 D/pmomd   (  808): add_1x_cas_data# add 1x cas data
06-22 15:51:50.014 D/pmomd   (  808): add_element# add element, count=3
06-22 15:51:50.014 D/pmomd   (  808): add_was_data# add was data modemId:10 fach:0 urapch:0 cellpch:0 dch:0 idle:19274
06-22 15:51:50.014 D/pmomd   (  808): add_element# add element, count=4
06-22 15:51:50.014 D/pmomd   (  808): add_was_data# add was data modemId:266 fach:0 urapch:0 cellpch:0 dch:0 idle:19274
06-22 15:51:50.014 D/pmomd   (  808): add_element# add element, count=5
06-22 15:51:50.014 D/pmomd   (  808): add_1x_cproc_data# add 1x cproc data
06-22 15:51:50.014 D/pmomd   (  808): send_data# send buffered log, buf_length=512, head_length=8, data_length=504
06-22 15:51:50.014 I/PushLog100101302( 4574): [SocketRead_13:03:27.335-3267]process cmdid to receive from pushSrv:47, subCmdId:FF
06-22 15:51:50.014 I/PushLog100101302( 4574): [SocketRead_13:03:27.335-3267]enter cancelAlarm(Action=com.huawei.android.push.intent.HEARTBEAT_RSP_TIMEOUT
06-22 15:51:50.015 I/PushLog100101302( 4574): [SocketRead_13:03:27.335-3267]enter adjustHeartBeat:(findHeartBeat:true,RspTimeOut:false,beatInterval:300000,bestHBSuccessCount:3,range:[180000,300000])
06-22 15:51:50.015 I/PushLog100101302( 4574): [SocketRead_13:03:27.335-3267]judgeFindBestHB and isBestHBTimeOut: falseisOffset: false
06-22 15:51:50.016 I/PushLog100101302( 4574): [SocketRead_13:03:27.335-3267] get charging false
06-22 15:51:50.016 I/PushLog100101302( 4574): [SocketRead_13:03:27.335-3267]after delayHeartBeatReq, not charging, nextHeartBeatTime will be [300000,300000] ms later, heartBeatInterval is :300000
06-22 15:51:50.017 I/Calendar(29174): AlertService info:No fired or scheduled alerts
06-22 15:51:50.017 I/PushLog100101302( 4574): [SocketRead_13:03:27.335-3267]adjust alarm, current is screen on or is charging, do not need to adjust.
06-22 15:51:50.017 I/PushLog100101302( 4574): [SocketRead_13:03:27.335-3267]enter AlarmTools:setExactWindowAlarm(intent:Intent { act=com.huawei.push.alarm.HEARTBEAT pkg=android },interval:300000ms,window:0
06-22 15:51:50.017 D/pmomd   (  808): free_list# free list, count=5
06-22 15:51:50.018 I/AlarmManager( 1429): remove alarm:Alarm{a47ca75 type 0 when 1592812610003 PendingIntent{a4f7c25: PendingIntentRecord{a268705 android broadcastIntent}}android procName com.huawei.android.pushagent.PushService} according to operation:a351269
06-22 15:51:50.019 E/WindowManagerEx(19513): getDisplaySideRegion: windowInsets is null please check!
06-22 15:51:50.021 I/ActivityManager( 1429): App 10055/com.android.calendar targets O+, restricted
06-22 15:51:50.021 I/AlarmManager( 1429): remove alarm:Alarm{a47cb4d type 0 when 1592898709983 PendingIntent{a42e3fd: PendingIntentRecord{a264ff5 android broadcastIntent}}android procName system} according to operation:9deb645
06-22 15:51:50.022 I/PushLog100101302( 4574): [SocketRead_13:03:27.335-3267]dispatchIntent over
06-22 15:51:50.024 I/PushLog100101302( 4574): [ReceiverDispatcher-219]process push message cmdid from pushSrv:47, subCmdId:FF
06-22 15:51:50.024 I/PushLog100101302( 4574): [ReceiverDispatcher-219]enter AlarmTools:setInexactAlarm(intent:Intent { act=com.huawei.action.push.intent.CHECK_CHANNEL_CYCLE pkg=android } interval:1200000ms
06-22 15:51:50.025 I/AlarmManager( 1429): remove alarm:Alarm{a338e99 type 1 when 1592813510009 PendingIntent{9f10185: PendingIntentRecord{a2a03f5 android broadcastIntent}}android procName com.huawei.android.pushagent.PushService} according to operation:a2dca6d
06-22 15:51:50.028 I/UsageStatsDatabase( 1429): Time changed by -4d0h0m1s482ms. files deleted: 0 files moved: 21
06-22 15:51:50.029 I/Calendar(29174): CalendarWidgetService info:JOB SCHEDULED action android.intent.action.TIME_SET
06-22 15:51:50.029 I/Calendar(29174): CalendarWidget info:Querying for widget events...
06-22 15:51:50.029 I/R_Step_StandReportReceiver(12969): 100100511|R|REPORT : 0 0 0 0 0
06-22 15:51:50.030 I/Calendar(29174): CalendarWidgetService info:CalendarWidgetService-onCreate()
06-22 15:51:50.030 I/netd    (  635): trafficSwapActiveStatsMap() <19.10ms>
06-22 15:51:50.031 I/ActivityManager( 1429): App 10055/com.android.calendar targets O+, restricted
06-22 15:51:50.031 I/Calendar(29174): CalendarWidgetService info: onStartJob - 109
06-22 15:51:50.032 I/Calendar(29174): CalendarUtils info:getTimeZone callback:null
06-22 15:51:50.032 I/Calendar(29174): CalendarUtils info:TZ_CALLBACKS add callback:null
06-22 15:51:50.033 I/chatty  (29174): uid=10055(com.android.calendar) identical 1 line
06-22 15:51:50.035 I/Calendar(29174): CalendarUtils info:TZ_CALLBACKS add callback:null
06-22 15:51:50.036 E/WindowManagerEx(19513): getDisplaySideRegion: windowInsets is null please check!
06-22 15:51:50.036 I/Calendar(29174): CalendarWidgetService info:jobFinish 109
06-22 15:51:50.036 W/R_Step_LSC(12969): 100100511|R|ReadStaticDealCallback onResult data is null
06-22 15:51:50.037 I/Calendar(29174): CalendarSimpleUiPRovider info:onReceive action = android.intent.action.TIME_SET
06-22 15:51:50.037 I/Calendar(29174): CalendarUtils info:TZ_CALLBACKS add callback:null
06-22 15:51:50.039 I/UsageStatsService( 1429): User[0] Rollover scheduled @ 2020-06-23 15:09:09(1592896149588)
06-22 15:51:50.041 I/PackageManager( 1429): getInstalledPackages cost 2 ms, flags: 786944, userId: 0, callingUid: 1000, callingPid: 1429
06-22 15:51:50.042 I/netd    (  635): firewallSetUidRule(2, 10060, 2) <0.03ms>
06-22 15:51:50.043 I/NetworkPolicy( 1429): upPwResUL:10060,idle:1,resPw:0,dIdle:0,fg=0,white=0,old=0,new=64,newUid=64,oldUid=0,resBg=0
06-22 15:51:50.046 I/Calendar(29174): CalendarUtils info:TZ_CALLBACKS add callback:com.android.calendar.widget.CalendarAppWidgetService$CalendarFactory$1@c66c89c
06-22 15:51:50.046 I/ActivityManager( 1429): App 10084/com.android.deskclock targets O+, restricted
06-22 15:51:50.046 I/Calendar(29174): CalendarUtils info:TZ_CALLBACKS add callback:null
06-22 15:51:50.047 I/AlarmManager( 1429): remove alarm:Alarm{a3eee87 type 1 when 1593187200144 PendingIntent{a3d40a1: PendingIntentRecord{a37c439 com.android.calendar broadcastIntent}}com.android.calendar procName com.android.calendar} according to operation:a4c2d85
06-22 15:51:50.050 I/chatty  (29174): uid=10055(com.android.calendar) identical 1 line
06-22 15:51:50.050 I/Calendar(29174): CalendarUtils info:TZ_CALLBACKS add callback:null
06-22 15:51:50.051 I/PG_ash  ( 2895): 1429 binder call 691
06-22 15:51:50.052 I/ActivityManager( 1429): App 10055/com.android.calendar targets O+, restricted
06-22 15:51:50.052 E/WindowManagerEx(19513): getDisplaySideRegion: windowInsets is null please check!
06-22 15:51:50.054 I/Calendar(29174): CalendarWidget info:agenda widget onLoadComplete
06-22 15:51:50.058 D/PGGoogleServicePolicy( 1429): prevent gms/gsf hold partial wakelock
06-22 15:51:50.061 D/PGGoogleServicePolicy( 1429): prevent gms/gsf hold partial wakelock
06-22 15:51:50.063 I/Calendar(29174): CalendarUtils info:TZ_CALLBACKS clear!
06-22 15:51:50.063 I/Calendar(29174): CalendarAppWidgetProvider info:no provider exit count to set
06-22 15:51:50.064 I/Calendar(29174): CalendarWidgetService info:CalendarWidgetService-onDestroy()109
06-22 15:51:50.065 I/OUC_COTA(26837): [main-1]  handleActionForCota action:android.intent.action.TIME_SET(/CotaProxy.java:1655)
06-22 15:51:50.066 I/SystemUpdate(24009): [Installation,ReceiverIntentOperation] Received intent: Intent { act=android.intent.action.TIME_SET flg=0x35200010 cmp=com.google.android.gms/.chimera.GmsIntentOperationService$PersistentTrustedReceiver }.
06-22 15:51:50.066 I/ActivityManager( 1429): App 10055/com.android.calendar targets O+, restricted
06-22 15:51:50.067 I/HwOUC   (26837): [main-1]refreshPullUpProcessAlarm(NetworkChangeUtil.java:351)
06-22 15:51:50.068 I/HwOUC   (26837): [main-1]refreshPullUpProcessAlarm current time out of time range, regist(NetworkChangeUtil.java:360)
06-22 15:51:50.068 I/AlarmManager( 1429): remove alarm:Alarm{a3dac3f type 1 when 1593170904687 PendingIntent{9fb2bfd: PendingIntentRecord{a0cc875 com.huawei.android.hwouc broadcastIntent}}com.huawei.android.hwouc procName com.huawei.android.hwouc} according to operation:9df464d
06-22 15:51:50.069 E/WindowManagerEx(19513): getDisplaySideRegion: windowInsets is null please check!
06-22 15:51:50.070 V/BroadcastQueue( 1429): Finished with ordered broadcast BroadcastRecord{9d621dd u0 com.android.calendar.APPWIDGET_UPDATE}
06-22 15:51:50.070 I/ActivityManager( 1429): App 10055/com.android.calendar targets O+, restricted
06-22 15:51:50.071 I/HwOUC   (26837): [main-1]randomTime is Thu Jan 01 12:06:57 GMT+08:00 1970(NetworkChangeUtil.java:580)
06-22 15:51:50.071 D/PGGoogleServicePolicy( 1429): prevent gms/gsf hold partial wakelock
06-22 15:51:50.072 V/BroadcastQueue( 1429): Finished with ordered broadcast BroadcastRecord{a02e78f u0 com.android.calendar.widget.UPDATE_WIDGET_STATUS}
06-22 15:51:50.075 I/HiH_HiHealthBinder(12969): 100100511|R|insertHiHealthData() end totalTime = 92
06-22 15:51:50.077 I/HwOUC   (26837): [main-1]registerPullUpProccessAlarm intervalTime is 14817913 triggerTime is Mon Jun 22 19:58:47 GMT+08:00 2020(NetworkChangeUtil.java:342)
06-22 15:51:50.081 I/        (  485): CheckPropValue: ro.hardware : kirin980
06-22 15:51:50.081 I/        (  485): CheckPropValue: ro.runmode : normal
06-22 15:51:50.083 I/OEMINFO_NVM_SERVER(  485): GetValidOeminfoRegion: index is (28).
06-22 15:51:50.084 D/hw_oeminfo_nv_interface( 2840): RmtCommonOeminfoRead: index(104) ret = 0
06-22 15:51:50.084 D/HwBootAnimationOeminfo( 2840): getBAP  idx = 104, dst = 1, ret = 0
06-22 15:51:50.084 I/HwOUC   (26837): [main-1]getDemoValue query uri : content://com.huawei.retaildemo.upgrade/retaildemoupgrade(DemonstrationUtils.java:47)
06-22 15:51:50.085 I/SystemUpdate(24009): [Execution,InstallationEventIntentOperation] Handling event of type 6.
06-22 15:51:50.085 I/HwOUC   (26837): [main-1]getDemoValue demoSwith is : 0(DemonstrationUtils.java:66)
06-22 15:51:50.085 I/HwOUC   (26837): [main-1]isCurrentDemostration value is : 0(DemonstrationUtils.java:78)
06-22 15:51:50.086 E/WindowManagerEx(19513): getDisplaySideRegion: windowInsets is null please check!
06-22 15:51:50.089 W/HwLockScreenPanel( 2486): Handle message: 133
06-22 15:51:50.089 W/HwLockScreenPanel( 2486): Handle message: 133
06-22 15:51:50.090 I/SystemUpdate(24009): [Execution,InstallationIntentOperation] Received intent: Intent { act=com.google.android.gms.update.INSTALL_UPDATE cat=[targeted_intent_op_prefix:.update.execution.InstallationIntentOperation] cmp=com.google.android.gms/.chimera.GmsIntentOperationService }.
06-22 15:51:50.093 I/        (  485): CheckPropValue: ro.hardware : kirin980
06-22 15:51:50.093 I/        (  485): CheckPropValue: ro.runmode : normal
06-22 15:51:50.095 D/SensorHub(  912): huawei Hal get step event
06-22 15:51:50.095 D/motion@1.0-service(  937): motion-hal Motion::readEvents motionType: 11
06-22 15:51:50.095 D/motion@1.0-service(  937): motion-hal Motion::ReadHwStepCounter motionType == MOTIONHUB_TYPE_HW_STEP_COUNTER
06-22 15:51:50.095 D/motion@1.0-service(  937): motion-hal Motiontest::get stepcount!
06-22 15:51:50.096 I/OEMINFO_NVM_SERVER(  485): GetValidOeminfoRegion: index is (28).
06-22 15:51:50.096 D/motion@1.0-service(  937): pollMotionResult g_pollResultReturn = 19
06-22 15:51:50.096 D/        ( 1429): HWExtMotionService Motioncallback ret_cb:19 , motion_cb:11 , length_cb:19
06-22 15:51:50.096 D/        ( 1429): HWExtMotionService valueSize:19 
06-22 15:51:50.096 D/        ( 1429): HWExtDeviceService getActiveConnections 
06-22 15:51:50.096 D/        ( 1429): HWExtDeviceService connSize:1 
06-22 15:51:50.097 D/        ( 2840): ALOGD: HWExtDeviceManager::notifyDeviceData  type: 1100 
06-22 15:51:50.097 D/        ( 2840): HWExtDeviceManager::notifyDeviceData handleEvent uniqueId : 110001
06-22 15:51:50.097 I/HWExtDeviceManager( 2840): trigger onDeviceDataChanged : mListener : com.huawei.systemserver.ihealth.manager.HwStepCounter$1@bea979b,type : 1100
06-22 15:51:50.097 D/HwStepCounter( 2840): onDeviceDataChanged
06-22 15:51:50.097 W/HwStepCounter( 2840): version : 1
06-22 15:51:50.097 D/motion@1.0-service(  937): g_motionPollResultReady::unlock out
06-22 15:51:50.097 D/motion@1.0-service(  937): ActMotionCb motionClientVector.size = 0
06-22 15:51:50.097 D/motion@1.0-service(  937): ActMotionCb out
06-22 15:51:50.097 I/HwStepCounter( 2840): dealReportData tm: 2020-06-26 15:51:51 steps_value[0] : 0 state_value[0]:0 level_value[0]:0
06-22 15:51:50.097 I/HwStepCounter( 2840): isBeginOfToday: 22 -> 26
06-22 15:51:50.097 I/HwStepCounter( 2840): isBeginOfToday: true
06-22 15:51:50.097 I/HwStepCounter( 2840): dealReportData: isBeginOfToday = true, record begin steps
06-22 15:51:50.098 D/hw_oeminfo_nv_interface( 2840): RmtCommonOeminfoRead: index(104) ret = 0
06-22 15:51:50.098 D/HwBootAnimationOeminfo( 2840): getBAP  idx = 104, dst = 1, ret = 0
06-22 15:51:50.098 I/SystemUpdate(24009): [Execution,ExecutionManager] Action finished-execution executed for 0.00 seconds.
06-22 15:51:50.099 D/HwStepCounter( 2840): ReportProxy client : 1
06-22 15:51:50.099 I/StepCounterRemoteStub( 2840): Report client count 1
06-22 15:51:50.101 I/R_Step_ExtendStepCounter(12969): 100100511|R|onExtend: 1593157896000 0 0 5 onExtend: 1593157897000 0 0 0 onExtend: 1593157911000 0 0 0 
06-22 15:51:50.101 I/        (  485): CheckPropValue: ro.hardware : kirin980
06-22 15:51:50.101 I/        (  485): CheckPropValue: ro.runmode : normal
06-22 15:51:50.103 E/WindowManagerEx(19513): getDisplaySideRegion: windowInsets is null please check!
06-22 15:51:50.103 I/R_Step_LSC(12969): 100100511|R|onStandStepChanged 3647
06-22 15:51:50.103 I/OEMINFO_NVM_SERVER(  485): GetValidOeminfoRegion: index is (28).
06-22 15:51:50.106 D/hw_oeminfo_nv_interface( 2840): RmtCommonOeminfoRead: index(104) ret = 0
06-22 15:51:50.106 D/HwBootAnimationOeminfo( 2840): getBAP  idx = 104, dst = 1, ret = 0
06-22 15:51:50.106 I/HwOUC   (26837): [main-1]updateNightAlarmWhenTimeChangedOrBoot Night Upgrade Alarm next alarm is Thu Jan 01 07:59:59 GMT+08:00 1970; isSystemTimeChanged is true; current time is Mon Jun 22 15:51:50 GMT+08:00 2020, currentTime = 1592812310106; Alarm regist time is Thu Jan 01 08:00:00 GMT+08:00 1970, alarmRegistTime = 0(HwOucUtility.java:9074)
06-22 15:51:50.110 D/SensorHub(  912): huawei Hal get step event
06-22 15:51:50.110 D/motion@1.0-service(  937): motion-hal Motion::readEvents motionType: 11
06-22 15:51:50.110 D/motion@1.0-service(  937): motion-hal Motion::ReadHwStepCounter motionType == MOTIONHUB_TYPE_HW_STEP_COUNTER
06-22 15:51:50.110 D/motion@1.0-service(  937): motion-hal Motiontest::get stepcount!
06-22 15:51:50.111 D/motion@1.0-service(  937): pollMotionResult g_pollResultReturn = 19
06-22 15:51:50.111 D/        ( 1429): HWExtMotionService Motioncallback ret_cb:19 , motion_cb:11 , length_cb:19
06-22 15:51:50.111 D/        ( 1429): HWExtMotionService valueSize:19 
06-22 15:51:50.111 D/        ( 1429): HWExtDeviceService getActiveConnections 
06-22 15:51:50.111 D/        ( 1429): HWExtDeviceService connSize:1 
06-22 15:51:50.111 D/        ( 2840): ALOGD: HWExtDeviceManager::notifyDeviceData  type: 1100 
06-22 15:51:50.111 D/        ( 2840): HWExtDeviceManager::notifyDeviceData handleEvent uniqueId : 110001
06-22 15:51:50.111 D/motion@1.0-service(  937): g_motionPollResultReady::unlock out
06-22 15:51:50.111 D/motion@1.0-service(  937): ActMotionCb motionClientVector.size = 0
06-22 15:51:50.111 D/motion@1.0-service(  937): ActMotionCb out
06-22 15:51:50.111 I/HWExtDeviceManager( 2840): trigger onDeviceDataChanged : mListener : com.huawei.systemserver.ihealth.manager.HwStepCounter$1@bea979b,type : 1100
06-22 15:51:50.111 D/HwStepCounter( 2840): onDeviceDataChanged
06-22 15:51:50.111 W/HwStepCounter( 2840): version : 1
06-22 15:51:50.112 I/HwStepCounter( 2840): dealReportData tm: 2020-06-26 15:51:51 steps_value[0] : 0 state_value[0]:0 level_value[0]:0
06-22 15:51:50.112 I/HwStepCounter( 2840): isBeginOfToday: 22 -> 26
06-22 15:51:50.112 I/HwStepCounter( 2840): isBeginOfToday: true
06-22 15:51:50.112 I/HwStepCounter( 2840): dealReportData: isBeginOfToday = true, record begin steps
06-22 15:51:50.112 D/HwStepCounter( 2840): ReportProxy client : 1
06-22 15:51:50.112 I/StepCounterRemoteStub( 2840): Report client count 1
06-22 15:51:50.113 W/HiH_HiSyncControl(12969): 100100511|R|checkSportDataNum setp and calories is too less
06-22 15:51:50.116 I/OUC_COTA(26837): [main-1]isSimReady:false, iscotaopen:false(/CotaConfig.java:153)
06-22 15:51:50.118 I/HwOUC   (26837): [main-1]isEnterpriseUpdate no record matched(EnterpriseUtils.java:581)
06-22 15:51:50.121 I/HwOUC   (26837): [main-1]Intent.ACTION_TIME_CHANGED nextInstallRemindTime:Thu Jan 01 07:59:59 GMT+08:00 1970(DownloadReceiver.java:663)
06-22 15:51:50.121 I/HwOUC   (26837): [main-1]Intent.ACTION_TIME_CHANGED alarmRegistTime:Thu Jan 01 07:59:59 GMT+08:00 1970(DownloadReceiver.java:664)
06-22 15:51:50.126 I/HwOUC   (26837): [main-1]isMicroPatchOnly cacheContents is null, return false(LogControl.java:184)
06-22 15:51:50.126 I/HwOUC   (26837): [main-1]Intent.ACTION_TIME_CHANGED nextPatchDownloadRemindTime:Thu Jan 01 07:59:59 GMT+08:00 1970(DownloadReceiver.java:628)
06-22 15:51:50.126 I/HwOUC   (26837): [main-1]Intent.ACTION_TIME_CHANGED nextPatchDownloadRemindRegistTime:Thu Jan 01 07:59:59 GMT+08:00 1970(DownloadReceiver.java:629)
06-22 15:51:50.131 I/HwOUC   (26837): [main-1]Intent.ACTION_TIME_CHANGED readNextEnterpriseDownloadRemindTime:Thu Jan 01 07:59:59 GMT+08:00 1970(DownloadReceiver.java:594)
06-22 15:51:50.132 I/HwOUC   (26837): [main-1]Intent.ACTION_TIME_CHANGED readNextEnterpriseDownloadRemindRegistTime:Thu Jan 01 07:59:59 GMT+08:00 1970(DownloadReceiver.java:596)
06-22 15:51:50.132 I/HwOUC   (26837): [main-1]cancelNextDownloadAlarm(EnterpriseAlarmManager.java:26)
06-22 15:51:50.133 I/HwOUC   (26837): [main-1]Intent.ACTION_TIME_CHANGED nextCheckNewVersionTime:Sat Jun 27 11:45:55 GMT+08:00 2020(DownloadReceiver.java:718)
06-22 15:51:50.133 I/HwOUC   (26837): [main-1]Intent.ACTION_TIME_CHANGED startTime:Fri Jun 26 11:24:25 GMT+08:00 2020(DownloadReceiver.java:719)
06-22 15:51:50.133 I/HwOUC   (26837): [main-1]Intent.ACTION_TIME_CHANGED currentTime:Mon Jun 22 15:51:50 GMT+08:00 2020(DownloadReceiver.java:720)
06-22 15:51:50.134 I/HwOUC   (26837): [main-1]mHwOucConfig.isTimeChangeFlag() = false,(-1L != nextCheckNewVersionTime) = true, (currentTime > nextCheckNewVersionTime) = false(DownloadReceiver.java:725)
06-22 15:51:50.134 I/HwOUC   (26837): [main-1]DownloadReceiver time changed, auto check not running, need to re-check(DownloadReceiver.java:737)
06-22 15:51:50.138 I/HwOUC   (26837): [main-1]EnhancedReminder--updateAlarmTimeChangedOrBoot--currentTime--Mon Jun 22 15:51:50 GMT+08:00 2020--nextEnhancedTime--Thu Jan 01 07:59:59 GMT+08:00 1970--registerEnhancedTime--Thu Jan 01 07:59:59 GMT+08:00 1970(EnhancedRemindManager.java:270)
06-22 15:51:50.138 I/HwOUC   (26837): [main-1]EnhancedReminder--cancelEnhancedReminderAlarm(EnhancedRemindManager.java:183)
06-22 15:51:50.138 I/HwOUC   (26837): [main-1]EnhancedReminder--getEnhancedReminderPIntent(EnhancedRemindManager.java:66)
06-22 15:51:50.139 I/HwOUC   (26837): [main-1]handleActionForPara need to handle para(DownloadReceiver.java:94)
06-22 15:51:50.139 W/Settings(26837): Setting device_provisioned has moved from android.provider.Settings.Secure to android.provider.Settings.Global.
06-22 15:51:50.139 I/HwOUC   (26837): [main-1]handleActionForPara, intentAction is  android.intent.action.TIME_SET(ManagerFactory.java:38)
06-22 15:51:50.139 I/HwOUC   (26837): [main-1]ManagerFactory onReceive, action is:android.intent.action.TIME_SET(ManagerFactory.java:52)
06-22 15:51:50.140 I/HwOUC   (26837): [main-1]TimeChanged(TimeChanged.java:23)
06-22 15:51:50.140 I/OUC_COTA(26837): [main-1]currentTime is Mon Jun 22 15:51:50 GMT+08:00 2020 polling time is Mon Jun 29 18:28:33 GMT+08:00 2020 triggerAction is android.intent.action.TIME_SET(/ParaAlarmManager.java:184)
06-22 15:51:50.140 I/OUC_COTA(26837): [main-1]return pollingTime is : 1593426513360(/ParaAlarmManager.java:196)
06-22 15:51:50.141 D/HwConnectivityServiceEx( 1429): set cache by key is 10082 interfaceName isNULL value is false
06-22 15:51:50.141 D/HwConnectivityServiceEx( 1429): set cache by key is 10082 interfaceName iswlan0 value is false
06-22 15:51:50.141 D/ConnectivityService( 1429): get Network state from cache, cacheBlock is 0
06-22 15:51:50.142 I/chatty  ( 1429): uid=1000(system) Binder:1429_9 identical 22 lines
06-22 15:51:50.142 D/ConnectivityService( 1429): get Network state from cache, cacheBlock is 0
06-22 15:51:50.142 I/HwOUC   (26837): [main-1]network: true;roaming: false(Tools.java:140)
06-22 15:51:50.142 I/OUC_COTA(26837): [main-1]Server config pollingCycle is 168(/ParaAlarmManager.java:128)
06-22 15:51:50.142 I/HwOUC   (26837): [main-1]currentTime is 1592812310142 pollingTime is 1593426513360 needRetry is false registerTime is 1592818113360(CommonAction.java:77)
06-22 15:51:50.145 W/HwOUC   (26837): [main-1]removeCotaParaHasPrefix fileInfos is null(PeripheralsFirmwareUtils.java:44)
06-22 15:51:50.148 I/AlarmManager( 1429): remove alarm:Alarm{a25da99 type 1 when 1593426513360 PendingIntent{a43401d: PendingIntentRecord{a275f7d com.huawei.android.hwouc startService}}com.huawei.android.hwouc procName com.huawei.android.hwouc} according to operation:a44d8b1
06-22 15:51:50.150 I/OUC_COTA(26837): [main-1]Server config pollingCycle is 168(/ParaAlarmManager.java:128)
06-22 15:51:50.150 I/OUC_COTA(26837): [main-1]random time is : 3600(/ParaAlarmManager.java:67)
06-22 15:51:50.151 I/OUC_COTA(26837): [main-1]ACTION: com.huawei.android.hwouc.action.ACTION_POLLING_ALARM currentTime is Mon Jun 22 15:51:50 GMT+08:00 2020 nextTime is Mon Jun 29 16:43:38 GMT+08:00 2020(/ParaAlarmManager.java:102)
06-22 15:51:50.155 I/        (  485): CheckPropValue: ro.hardware : kirin980
06-22 15:51:50.155 I/        (  485): CheckPropValue: ro.runmode : normal
06-22 15:51:50.156 I/OEMINFO_NVM_SERVER(  485): GetValidOeminfoRegion: index is (28).
06-22 15:51:50.157 D/hw_oeminfo_nv_interface( 2840): RmtCommonOeminfoRead: index(104) ret = 0
06-22 15:51:50.157 D/HwBootAnimationOeminfo( 2840): getBAP  idx = 104, dst = 1, ret = 0
06-22 15:51:50.158 I/HwOUC   (26837): [main-1]getDemoValue query uri : content://com.huawei.retaildemo.upgrade/retaildemoupgrade(DemonstrationUtils.java:47)
06-22 15:51:50.158 I/HwOUC   (26837): [main-1]getDemoValue demoSwith is : 0(DemonstrationUtils.java:66)
06-22 15:51:50.159 I/HwOUC   (26837): [main-1]isCurrentDemostration value is : 0(DemonstrationUtils.java:78)
06-22 15:51:50.159 D/dubaid  (  850): [DubaiStorage.cpp] DoFlushEntriesBuffer# Flush all entries into database
06-22 15:51:50.165 I/HwOUC   (26837): [main-1]onCreate(AutoCheckService.java:181)
06-22 15:51:50.166 I/HwOUC   (26837): [main-1]onStart() set  autoCheckRunningFlag true(AutoCheckService.java:225)
06-22 15:51:50.166 E/HwGrsSdk(26837): can not getField[Thread-11-13262](/GrsLogC.java:438)
06-22 15:51:50.166 I/HwGrsSdk(26837): getGrsUrls serviceName-->com.huawei.cloud.hwoucCotaPara[Thread-11-13262](/GrsSdkManager.java:542)
06-22 15:51:50.166 I/HwGrsSdk(26837): getUrlsFromSp isJudgeExpire ->true[Thread-11-13262](/GrsSdkManager.java:717)
06-22 15:51:50.166 I/HwGrsSdk(26837): getUrlFromSp sp value is exist.[Thread-11-13262](/GrsSdkManager.java:725)
06-22 15:51:50.166 I/HwGrsSdk(26837): isSpExpire false.[Thread-11-13262](/GrsSdkManager.java:1004)
06-22 15:51:50.166 I/HwGrsSdk(26837): getUrlFromSp isExpire ->false[Thread-11-13262](/GrsSdkManager.java:729)
06-22 15:51:50.166 I/HwGrsSdk(26837): getServiceNameUrls[Thread-11-13262](/GrsSdkManager.java:734)
06-22 15:51:50.166 I/HwGrsSdk(26837): getServiceNameUrl jsonResult is right.[Thread-11-13262](/GrsSdkManager.java:1093)
06-22 15:51:50.166 I/HwGrsSdk(26837): getGrsUrls sp query success.[Thread-11-13262](/GrsSdkManager.java:558)
06-22 15:51:50.167 I/HwOUC   (26837): [main-1]getDemoValue query uri : content://com.huawei.retaildemo.upgrade/retaildemoupgrade(DemonstrationUtils.java:47)
06-22 15:51:50.167 I/ActivityManager( 1429): App 10116/com.microsoft.translator targets O+, restricted
06-22 15:51:50.167 I/HwGrsSdk(26837): n*t*f*Q*e*y*u*c*s*C*l* u*l* [Thread-11-13262](/GrsSdkManager.java:1262)
06-22 15:51:50.167 I/HwGrsSdk(26837): HwGrsTest onCallBackSuccess(String url).[Thread-11-13262](/GrsSdkManager.java:1459)
06-22 15:51:50.167 I/HwGrsSdk(26837): getUrls--->{ROOT=https://configserver.hicloud.com/servicesupport/updateserver/data/, OPERATION=https://metrics1.data.hicloud.com:6447, BATCH=https://configserver.hicloud.com/servicesupport/updateserver/batchUpdate, PUSH=https://configserver.hicloud.com/servicesupport/register/registerDT.do}[Thread-11-13262](/GrsSdkManager.java:1467)
06-22 15:51:50.167 I/HwGrsSdk(26837): getUrla[0]--->{ROOT=https://configserver.hicloud.com/servicesupport/updateserver/data/, OPERATION=https://metrics1.data.hicloud.com:6447, BATCH=https://configserver.hicloud.com/servicesupport/updateserver/batchUpdate, PUSH=https://configserver.hicloud.com/servicesupport/register/registerDT.do}[pool-5-thread-2-13261](/GrsSdkManager.java:1488)
06-22 15:51:50.167 I/HwGrsSdk(26837): HwGrsTest getUrl[pool-5-thread-2-13261](/GrsSdkManager.java:1415)
06-22 15:51:50.167 I/HwOUC   (26837): [pool-5-thread-2-13261]getServerByGRS serviceName: com.huawei.cloud.hwoucCotaPara ,grsKey is :BATCH ,serverUrl is :https://configserver.hicloud.com/servicesupport/updateserver/batchUpdate(GrsUtil.java:94)
06-22 15:51:50.167 I/HwOUC   (26837): [main-1]getDemoValue demoSwith is : 0(DemonstrationUtils.java:66)
06-22 15:51:50.167 I/HwOUC   (26837): [pool-5-thread-2-13261]server uri is: https://configserver.hicloud.com/servicesupport/updateserver/batchUpdate(GrsUrl.java:41)
06-22 15:51:50.167 I/HwOUC   (26837): [main-1]isCurrentDemostration value is : 0(DemonstrationUtils.java:78)
06-22 15:51:50.168 I/HwOUC   (26837): [main-1]getDemoValue query uri : content://com.huawei.retaildemo.upgrade/retaildemoupgrade(DemonstrationUtils.java:47)
06-22 15:51:50.168 I/HwOUC   (26837): [main-1]getDemoValue demoSwith is : 0(DemonstrationUtils.java:66)
06-22 15:51:50.168 I/HwOUC   (26837): [main-1]isCurrentDemostration value is : 0(DemonstrationUtils.java:78)
06-22 15:51:50.169 I/HwOUC   (26837): [main-1]isRootedByUserForPay the paycenter Switch is not open.(PayCenterUtils.java:43)
06-22 15:51:50.169 I/HwOUC   (26837): [pool-5-thread-2-13261]refreshInfos infos.size(): 15(RegisterManager.java:106)
06-22 15:51:50.169 I/HwOUC   (26837): [main-1]getDemoValue query uri : content://com.huawei.retaildemo.upgrade/retaildemoupgrade(DemonstrationUtils.java:47)
06-22 15:51:50.170 I/HwOUC   (26837): [pool-5-thread-2-13261]RegisterInfo cfgDir:xml/lcd/QrCodePara,cfgInfoUri:null(RegisterManager.java:250)
