--------- beginning of system
06-22 15:51:49.957 I/AlarmManager( 1429): remove alarm:Alarm{a47cbcb type 1 when 1592841600000 PendingIntent{a1c5735: PendingIntentRecord{a21b1d1 android broadcastIntent}}android procName system} according to operation:a1c5735
06-22 15:51:49.961 D/DevicePolicyManager( 1429): updateSystemUpdateFreezePeriodsRecord
06-22 15:51:49.961 I/EyeProtectionControllerImpl( 1429): onReceive intent action = android.intent.action.TIME_SET
06-22 15:51:49.962 D/ConditionProviders.SCP( 1429): onReceive android.intent.action.TIME_SET
06-22 15:51:49.963 I/ActivityManager( 1429): App 10055/com.android.calendar targets O+, restricted
06-22 15:51:49.967 D/HwConnectivityServiceEx( 1429): set cache by key is 1000 interfaceName iswlan0 value is false
06-22 15:51:49.968 D/ConnectivityService( 1429): get Network state from cache, cacheBlock is 0
06-22 15:51:49.968 W/ProcBatteryStats( 1429): timer is running , not start, name: com.android.phone, uid: 1001, tag: *telephony-radio*
06-22 15:51:49.970 W/ProcBatteryStats( 1429): timer is running , not start, name: com.android.phone, uid: 1001, tag: *telephony-radio*
06-22 15:51:49.972 I/HwAlarmManagerService( 1429): hwSetAlarm listenerTag: TIME_TICK
06-22 15:51:49.974 I/AlarmManager( 1429): remove alarm:Alarm{a45d129 type 1 when 1593176400000 PendingIntent{a4c2df9: PendingIntentRecord{a401c69 com.huawei.android.totemweather broadcastIntent}}com.huawei.android.totemweather procName com.huawei.android.totemweather} according to operation:9fa826d
06-22 15:51:49.977 D/ConditionProviders.SCP( 1429): evaluateSubscriptionLocked cal=ScheduleCalendar[mDays={1, 7}, mSchedule=ScheduleInfo{days=[1, 7], startHour=22, startMinute=0, endHour=7, endMinute=0, exitAtAlarm=false, nextAlarm=Thu Jan 01 08:00:00 GMT+08:00 1970 (0)}], now=Mon Jun 22 15:51:49 GMT+08:00 2020 (1592812309962), nextUserAlarmTime=Thu Jan 01 08:00:00 GMT+08:00 1970 (0)
06-22 15:51:49.977 D/ConditionProviders.SCP( 1429): notifyCondition condition://android/schedule?days=1.7&start=22.0&end=7.0&exitAtAlarm=false STATE_FALSE reason=!meetsSchedule
06-22 15:51:49.978 I/AlarmManager( 1429): remove alarm:Alarm{a10cf05 type 0 when 1593180000000 PendingIntent{a2dcb25: PendingIntentRecord{a274a09 android broadcastIntent}}android procName system} according to operation:a4f1829
06-22 15:51:49.979 W/ProcBatteryStats( 1429): timer is not running , not stop, name: com.android.phone, uid: 1001, tag: *telephony-radio*
06-22 15:51:49.980 D/ConditionProviders.SCP( 1429): Scheduling evaluate for Mon Jun 22 22:00:00 GMT+08:00 2020 (1592834400000), in +6h8m10s38ms, now=Mon Jun 22 15:51:49 GMT+08:00 2020 (1592812309962)
06-22 15:51:49.982 D/DevicePolicyManager( 1429): updateSystemUpdateFreezePeriodsRecord
06-22 15:51:49.982 I/EyeProtectionControllerImpl( 1429): onReceive intent action = android.intent.action.TIME_SET
06-22 15:51:49.983 D/ConditionProviders.SCP( 1429): onReceive android.intent.action.TIME_SET
06-22 15:51:49.983 W/ProcBatteryStats( 1429): timer is not running , not stop, name: com.android.phone, uid: 1001, tag: *telephony-radio*
06-22 15:51:49.983 D/ConditionProviders.SCP( 1429): evaluateSubscriptionLocked cal=ScheduleCalendar[mDays={1, 7}, mSchedule=ScheduleInfo{days=[1, 7], startHour=22, startMinute=0, endHour=7, endMinute=0, exitAtAlarm=false, nextAlarm=Thu Jan 01 08:00:00 GMT+08:00 1970 (0)}], now=Mon Jun 22 15:51:49 GMT+08:00 2020 (1592812309983), nextUserAlarmTime=Thu Jan 01 08:00:00 GMT+08:00 1970 (0)
06-22 15:51:49.983 D/ConditionProviders.SCP( 1429): notifyCondition condition://android/schedule?days=1.7&start=22.0&end=7.0&exitAtAlarm=false STATE_FALSE reason=!meetsSchedule
06-22 15:51:49.984 I/UsageStatsService( 1429): Time changed in UsageStats by -345601 seconds
06-22 15:51:49.984 I/UsageStatsService( 1429): User[0] Flushing usage stats to disk
06-22 15:51:49.984 I/AlarmManager( 1429): remove alarm:Alarm{a447ccf type 0 when 1592834400000 PendingIntent{a4f1829: PendingIntentRecord{a274a09 android broadcastIntent}}android procName system} according to operation:9fa8265
06-22 15:51:49.986 V/ActivityManager( 1429): Successfully start provider ContentProviderRecord{a3f210e u0 com.android.providers.calendar/.CalendarProvider2} launchingApp=ProcessRecord{a34ad29 29201:com.android.providers.calendar/u0a9} caller pid= 1429
06-22 15:51:49.987 D/ConnectivityService( 1429): get Network state from cache, cacheBlock is 0
06-22 15:51:49.987 D/ConnectivityService( 1429): get Network state from cache, cacheBlock is 0
06-22 15:51:49.987 D/ConditionProviders.SCP( 1429): Scheduling evaluate for Mon Jun 22 22:00:00 GMT+08:00 2020 (1592834400000), in +6h8m10s17ms, now=Mon Jun 22 15:51:49 GMT+08:00 2020 (1592812309983)
06-22 15:51:49.989 I/AlarmManager( 1429): remove alarm:Alarm{a47ca75 type 1 when 1592830800000 PendingIntent{9fa826d: PendingIntentRecord{a401c69 com.huawei.android.totemweather broadcastIntent}}com.huawei.android.totemweather procName com.huawei.android.totemweather} according to operation:a4429e9
06-22 15:51:49.991 W/ProcBatteryStats( 1429): timer is running , not start, name: com.android.phone, uid: 1001, tag: *telephony-radio*
06-22 15:51:49.991 I/AlarmManager( 1429): remove alarm:Alarm{a47cb4d type 0 when 1592812319968 PendingIntent{a23a9e9: PendingIntentRecord{a4a4789 android broadcastIntent}}android procName com.huawei.android.pushagent.PushService} according to operation:a3c7a75
06-22 15:51:49.993 W/ProcBatteryStats( 1429): timer is running , not start, name: com.android.phone, uid: 1001, tag: *telephony-radio*
06-22 15:51:49.998 V/ActivityManager( 1429): Successfully start provider ContentProviderRecord{a3f210e u0 com.android.providers.calendar/.CalendarProvider2} launchingApp=ProcessRecord{a34ad29 29201:com.android.providers.calendar/u0a9} caller pid= 29174
06-22 15:51:49.998 W/ProcBatteryStats( 1429): timer is not running , not stop, name: com.android.phone, uid: 1001, tag: *telephony-radio*
06-22 15:51:49.999 I/AlarmManager( 1429): remove alarm:Alarm{a47ca75 type 0 when 1592812319987 PendingIntent{a3c7a75: PendingIntentRecord{a4a4789 android broadcastIntent}}android procName com.huawei.android.pushagent.PushService} according to operation:9deb635
06-22 15:51:49.999 W/ProcBatteryStats( 1429): timer is not running , not stop, name: com.android.phone, uid: 1001, tag: *telephony-radio*
06-22 15:51:50.001 I/AlarmManager( 1429): remove alarm:Alarm{a10ce09 type 0 when 1593228266035 PendingIntent{a27afdd: PendingIntentRecord{a264ff5 android broadcastIntent}}android procName system} according to operation:a42e3fd
06-22 15:51:50.004 I/AlarmManager( 1429): remove alarm:Alarm{a338e99 type 0 when 1593158119934 PendingIntent{a32363d: PendingIntentRecord{a268705 android broadcastIntent}}android procName com.huawei.android.pushagent.PushService} according to operation:a4f7c25
06-22 15:51:50.007 W/ProcBatteryStats( 1429): timer is running , not start, name: android, uid: 1000, tag: DispatcherLockTag
06-22 15:51:50.010 I/AlarmManager( 1429): remove alarm:Alarm{a3eefef type 1 when 1593159096135 PendingIntent{a0e6d41: PendingIntentRecord{a2a03f5 android broadcastIntent}}android procName com.huawei.android.pushagent.PushService} according to operation:9f10185
06-22 15:51:50.018 I/AlarmManager( 1429): remove alarm:Alarm{a47ca75 type 0 when 1592812610003 PendingIntent{a4f7c25: PendingIntentRecord{a268705 android broadcastIntent}}android procName com.huawei.android.pushagent.PushService} according to operation:a351269
06-22 15:51:50.021 I/ActivityManager( 1429): App 10055/com.android.calendar targets O+, restricted
06-22 15:51:50.021 I/AlarmManager( 1429): remove alarm:Alarm{a47cb4d type 0 when 1592898709983 PendingIntent{a42e3fd: PendingIntentRecord{a264ff5 android broadcastIntent}}android procName system} according to operation:9deb645
06-22 15:51:50.025 I/AlarmManager( 1429): remove alarm:Alarm{a338e99 type 1 when 1592813510009 PendingIntent{9f10185: PendingIntentRecord{a2a03f5 android broadcastIntent}}android procName com.huawei.android.pushagent.PushService} according to operation:a2dca6d
06-22 15:51:50.028 I/UsageStatsDatabase( 1429): Time changed by -4d0h0m1s482ms. files deleted: 0 files moved: 21
06-22 15:51:50.031 I/ActivityManager( 1429): App 10055/com.android.calendar targets O+, restricted
06-22 15:51:50.039 I/UsageStatsService( 1429): User[0] Rollover scheduled @ 2020-06-23 15:09:09(1592896149588)
06-22 15:51:50.046 I/ActivityManager( 1429): App 10084/com.android.deskclock targets O+, restricted
06-22 15:51:50.047 I/AlarmManager( 1429): remove alarm:Alarm{a3eee87 type 1 when 1593187200144 PendingIntent{a3d40a1: PendingIntentRecord{a37c439 com.android.calendar broadcastIntent}}com.android.calendar procName com.android.calendar} according to operation:a4c2d85
06-22 15:51:50.052 I/ActivityManager( 1429): App 10055/com.android.calendar targets O+, restricted
06-22 15:51:50.066 I/ActivityManager( 1429): App 10055/com.android.calendar targets O+, restricted
06-22 15:51:50.068 I/AlarmManager( 1429): remove alarm:Alarm{a3dac3f type 1 when 1593170904687 PendingIntent{9fb2bfd: PendingIntentRecord{a0cc875 com.huawei.android.hwouc broadcastIntent}}com.huawei.android.hwouc procName com.huawei.android.hwouc} according to operation:9df464d
06-22 15:51:50.070 V/BroadcastQueue( 1429): Finished with ordered broadcast BroadcastRecord{9d621dd u0 com.android.calendar.APPWIDGET_UPDATE}
06-22 15:51:50.070 I/ActivityManager( 1429): App 10055/com.android.calendar targets O+, restricted
06-22 15:51:50.072 V/BroadcastQueue( 1429): Finished with ordered broadcast BroadcastRecord{a02e78f u0 com.android.calendar.widget.UPDATE_WIDGET_STATUS}
06-22 15:51:50.141 D/HwConnectivityServiceEx( 1429): set cache by key is 10082 interfaceName isNULL value is false
06-22 15:51:50.141 D/HwConnectivityServiceEx( 1429): set cache by key is 10082 interfaceName iswlan0 value is false
06-22 15:51:50.141 D/ConnectivityService( 1429): get Network state from cache, cacheBlock is 0
06-22 15:51:50.142 I/chatty  ( 1429): uid=1000(system) Binder:1429_9 identical 22 lines
06-22 15:51:50.142 D/ConnectivityService( 1429): get Network state from cache, cacheBlock is 0
06-22 15:51:50.148 I/AlarmManager( 1429): remove alarm:Alarm{a25da99 type 1 when 1593426513360 PendingIntent{a43401d: PendingIntentRecord{a275f7d com.huawei.android.hwouc startService}}com.huawei.android.hwouc procName com.huawei.android.hwouc} according to operation:a44d8b1
06-22 15:51:50.167 I/ActivityManager( 1429): App 10116/com.microsoft.translator targets O+, restricted
06-22 15:51:50.171 I/AlarmManager( 1429): remove alarm:Alarm{a10cf17 type 1 when 1593229555761 PendingIntent{a34fff1: PendingIntentRecord{a320ef9 com.huawei.android.hwouc startService}}com.huawei.android.hwouc procName com.huawei.android.hwouc} according to operation:a250439
06-22 15:51:50.181 V/BroadcastQueue( 1429): Finished with ordered broadcast BroadcastRecord{a505e8b u-1 android.intent.action.TIME_SET}
06-22 15:51:50.182 I/ActivityManager( 1429): App 10055/com.android.calendar targets O+, restricted
06-22 15:51:50.189 V/ActivityManager( 1429): Successfully start provider ContentProviderRecord{a0091d4 u0 com.huawei.iaware/.CloudPushContentProvider} launchingApp=null caller pid= 26837
06-22 15:51:50.196 D/ConnectivityService( 1429): get Network state from cache, cacheBlock is 0
06-22 15:51:50.197 I/chatty  ( 1429): uid=1000(system) Binder:1429_3 identical 24 lines
06-22 15:51:50.197 D/ConnectivityService( 1429): get Network state from cache, cacheBlock is 0
06-22 15:51:50.199 I/HwGeneralService( 1429): readProtectArea: callingPid is 26837,callingUid is 10082
06-22 15:51:50.199 I/HwGeneralService( 1429): readProtectArea: callingPid is 26837,callingUid is 10082
06-22 15:51:50.206 I/ActivityManager( 1429): App 10055/com.android.calendar targets O+, restricted
06-22 15:51:50.207 W/ProcBatteryStats( 1429): timer is not running , not stop, name: android, uid: 1000, tag: DispatcherLockTag
06-22 15:51:50.216 V/ActivityManager( 1429): Successfully start provider ContentProviderRecord{a009171 u0 com.huawei.powergenie/.core.policy.PolicyProvider} launchingApp=null caller pid= 26837
06-22 15:51:50.220 I/HwGeneralService( 1429): readProtectArea: callingPid is 26837,callingUid is 10082
06-22 15:51:50.220 I/ActivityManager( 1429): App 10055/com.android.calendar targets O+, restricted
06-22 15:51:50.223 D/ContentProviderRecord( 1429): Install provider in app ui process, name:ComponentInfo{com.huawei.systemmanager/com.huawei.smartcharge.provider.SmartChargeProvider}
06-22 15:51:50.223 I/ActivityManager( 1429): Need to start process com.huawei.systemmanager:nightcharge for provider ContentProviderInfo{name=com.huawei.android.smartchargeprovider className=com.huawei.smartcharge.provider.SmartChargeProvider}, callerApp: ProcessRecord{a3874e1 26837:com.huawei.android.hwouc/u0a82}
06-22 15:51:50.223 V/ActivityManager( 1429): startProcess: name=com.huawei.systemmanager:nightcharge app=null knownToBeDead=false thread=null pid=-1
06-22 15:51:50.224 V/ActivityManager_MU( 1429): Waiting to start provider ContentProviderRecord{a3e30ea u0 com.huawei.systemmanager/com.huawei.smartcharge.provider.SmartChargeProvider} launchingApp=ProcessRecord{a02f451 0:com.huawei.systemmanager:nightcharge/1000} caller pid= 26837 for 20000 ms
06-22 15:51:50.224 I/ActivityManager( 1429): App 10084/com.android.deskclock targets O+, restricted
06-22 15:51:50.231 I/HwGeneralService( 1429): readProtectArea: callingPid is 26837,callingUid is 10082
06-22 15:51:50.231 I/AlarmManager( 1429): remove alarm:Alarm{a338e99 type 1 when 1592841600046 PendingIntent{a327de5: PendingIntentRecord{a37c439 com.android.calendar broadcastIntent}}com.android.calendar procName com.android.calendar} according to operation:a481969
06-22 15:51:50.239 I/ActivityManager( 1429): Start proc 29413:com.huawei.systemmanager:nightcharge/1000 for content provider {com.huawei.systemmanager/com.huawei.smartcharge.provider.SmartChargeProvider}
06-22 15:51:50.240 E/ProcessInfoCollector( 1429): getProcessInfo: failed to find this proc 
06-22 15:51:50.243 I/HwGeneralService( 1429): readProtectArea: callingPid is 26837,callingUid is 10082
06-22 15:51:50.245 I/ActivityManager( 1429): App 10055/com.android.calendar targets O+, restricted
06-22 15:51:50.254 V/BroadcastQueue( 1429): Finished with ordered broadcast BroadcastRecord{a1aad5b u0 com.android.calendar.widget.UPDATE_WIDGET_STATUS}
06-22 15:51:50.254 D/ActivityThread(29413): Attach thread to application
06-22 15:51:50.257 I/HwGeneralService( 1429): readProtectArea: callingPid is 26837,callingUid is 10082
06-22 15:51:50.270 I/HwGeneralService( 1429): readProtectArea: callingPid is 26837,callingUid is 10082
06-22 15:51:50.279 E/ActivityThread(26837): Failed to find provider info for service_oversea_rom
06-22 15:51:50.279 I/ActivityManager( 1429): Need to start process com.huawei.phoneservice for provider ContentProviderInfo{name=service_rom className=com.huawei.phoneservice.question.db.RomProvider}, callerApp: ProcessRecord{a3874e1 26837:com.huawei.android.hwouc/u0a82}
06-22 15:51:50.279 V/ActivityManager( 1429): startProcess: name=com.huawei.phoneservice app=null knownToBeDead=false thread=null pid=-1
06-22 15:51:50.279 I/HwGeneralService( 1429): writeProtectArea: callingPid is 26837,callingUid is 10082
06-22 15:51:50.280 V/ActivityManager_MU( 1429): Waiting to start provider ContentProviderRecord{a44947e u0 com.huawei.phoneservice/.question.db.RomProvider} launchingApp=ProcessRecord{a248499 0:com.huawei.phoneservice/u0a43} caller pid= 26837 for 20000 ms
06-22 15:51:50.292 I/HwGeneralService( 1429): writeProtectArea: callingPid is 26837,callingUid is 10082
06-22 15:51:50.294 I/ActivityManager( 1429): Start proc 29434:com.huawei.phoneservice/u0a43 for content provider {com.huawei.phoneservice/com.huawei.phoneservice.question.db.RomProvider}
06-22 15:51:50.294 E/ProcessInfoCollector( 1429): getProcessInfo: failed to find this proc 
06-22 15:51:50.299 I/AlarmManager( 1429): remove alarm:Alarm{a47ca75 type 1 when 1592827127984 PendingIntent{a348e8d: PendingIntentRecord{a0cc875 com.huawei.android.hwouc broadcastIntent}}com.huawei.android.hwouc procName com.huawei.android.hwouc} according to operation:a42c0a9
06-22 15:51:50.299 D/ConnectivityService( 1429): get Network state from cache, cacheBlock is 0
06-22 15:51:50.302 V/ActivityManager( 1429): Successfully start provider ContentProviderRecord{a3e30ea u0 com.huawei.systemmanager/com.huawei.smartcharge.provider.SmartChargeProvider} launchingApp=ProcessRecord{a02f451 29413:com.huawei.systemmanager:nightcharge/1000} caller pid= 26837
06-22 15:51:50.303 I/HwGeneralService( 1429): writeProtectArea: callingPid is 26837,callingUid is 10082
06-22 15:51:50.317 W/ContextImpl(29413): Calling a method in the system process without a qualified user: android.app.ContextImpl.startService:1674 android.content.ContextWrapper.startService:669 com.huawei.securitycenter.antivirus.AntivirusModule.startAntivirusService:35 com.huawei.securitycenter.antivirus.AntivirusModule.loadModule:23 com.huawei.securitycentersdk.SecurityCenterContext.loadModules:63 
06-22 15:51:50.318 D/ActivityThread(29434): Attach thread to application
06-22 15:51:50.319 W/ContextImpl(29413): Calling a method in the system process without a qualified user: android.app.ContextImpl.startService:1674 android.content.ContextWrapper.startService:669 com.huawei.securitycentersdk.SecurityCenterContext.startHwSecService:11 com.huawei.securitycentersdk.SecurityCenterContext.startServices:0 com.huawei.securitycentersdk.SecurityCenterContext.inject:9 
06-22 15:51:50.321 I/HwGeneralService( 1429): writeProtectArea: callingPid is 26837,callingUid is 10082
06-22 15:51:50.334 W/ContextImpl(29413): Calling a method in the system process without a qualified user: android.app.ContextImpl.bindService:1753 android.content.ContextWrapper.bindService:705 com.huawei.library.l.b.e.a:71 com.huawei.library.l.b.f.b:23 com.huawei.library.l.b.a$a.aS:77 
06-22 15:51:50.342 V/ActivityManager( 1429): Successfully start provider ContentProviderRecord{a074699 u0 com.huawei.systemserver/.carrierconfig.HwCarrierConfigProvider} launchingApp=null caller pid= 26837
06-22 15:51:50.365 V/ActivityManager( 1429): Successfully start provider ContentProviderRecord{9ddc5b0 u0 com.android.providers.settings/.hwext.HwSettingsProvider} launchingApp=null caller pid= 29434
06-22 15:51:50.374 V/ActivityManager( 1429): Successfully start provider ContentProviderRecord{a44947e u0 com.huawei.phoneservice/.question.db.RomProvider} launchingApp=ProcessRecord{a248499 29434:com.huawei.phoneservice/u0a43} caller pid= 26837
06-22 15:51:50.386 D/ConnectivityService( 1429): get Network state from cache, cacheBlock is 0
06-22 15:51:50.387 I/chatty  ( 1429): uid=1000(system) Binder:1429_C identical 17 lines
06-22 15:51:50.387 D/ConnectivityService( 1429): get Network state from cache, cacheBlock is 0
06-22 15:51:50.387 D/HwSecurityService( 1429): find this Resident Plugin
06-22 15:51:50.387 D/ConnectivityService( 1429): get Network state from cache, cacheBlock is 0
06-22 15:51:50.387 I/chatty  ( 1429): uid=1000(system) Binder:1429_C identical 5 lines
06-22 15:51:50.387 D/ConnectivityService( 1429): get Network state from cache, cacheBlock is 0
06-22 15:51:50.390 I/ActivityManager( 1429): App 10116/com.microsoft.translator targets O+, restricted
06-22 15:51:50.390 D/ConnectivityService( 1429): get Network state from cache, cacheBlock is 0
06-22 15:51:50.396 V/BroadcastQueue( 1429): Finished with ordered broadcast BroadcastRecord{a25dd27 u-1 android.intent.action.TIME_SET}
06-22 15:51:50.427 D/HwConnectivityServiceEx( 1429): set cache by key is 10043 interfaceName iswlan0 value is true
06-22 15:51:50.427 D/ConnectivityService( 1429): Network is BLOCKED, uid = 10043
06-22 15:51:50.455 V/ActivityManager( 1429): startProcess: name=com.huawei.hwdetectrepair app=null knownToBeDead=true thread=null pid=-1
06-22 15:51:50.468 I/ActivityManager( 1429): Start proc 29492:com.huawei.hwdetectrepair/1000 for service {com.huawei.hwdetectrepair/com.huawei.detectrepair.detectionengine.support.DetectionSupportService}
06-22 15:51:50.468 E/ProcessInfoCollector( 1429): getProcessInfo: failed to find this proc 
06-22 15:51:50.486 D/ActivityThread(29492): Attach thread to application
06-22 15:51:50.493 D/ConnectivityService( 1429): get Network state from cache, cacheBlock is 0
06-22 15:51:50.531 V/ActivityManager( 1429): startProcess: name=com.google.android.webview:webview_service app=null knownToBeDead=true thread=null pid=-1
06-22 15:51:50.541 D/ConnectivityService( 1429): get Network state from cache, cacheBlock is 1
06-22 15:51:50.541 D/ConnectivityService( 1429): Network is BLOCKED, uid = 10043
06-22 15:51:50.554 I/ActivityManager( 1429): Start proc 29525:com.google.android.webview:webview_service/u0a92 for service {com.google.android.webview/org.chromium.android_webview.services.VariationsSeedServer}
06-22 15:51:50.555 E/ProcessInfoCollector( 1429): getProcessInfo: failed to find this proc 
06-22 15:51:50.560 I/AlarmManager( 1429): remove alarm:Alarm{a4d55b9 type 1 when 1592841600230 PendingIntent{a4f1819: PendingIntentRecord{a37c439 com.android.calendar broadcastIntent}}com.android.calendar procName com.android.calendar} according to operation:a366ee5
06-22 15:51:50.566 I/ActivityManager( 1429): App 10055/com.android.calendar targets O+, restricted
06-22 15:51:50.570 D/ActivityThread(29525): Attach thread to application
06-22 15:51:50.577 V/BroadcastQueue( 1429): Finished with ordered broadcast BroadcastRecord{a13fbc3 u0 com.android.calendar.widget.UPDATE_WIDGET_STATUS}
06-22 15:51:50.643 D/HwConnectivityServiceEx( 1429): set cache by key is 10109 interfaceName iswlan0 value is false
06-22 15:51:50.644 D/ConnectivityService( 1429): get Network state from cache, cacheBlock is 0
06-22 15:51:50.654 I/chatty  ( 1429): uid=1000(system) Binder:1429_C identical 7 lines
06-22 15:51:50.655 D/ConnectivityService( 1429): get Network state from cache, cacheBlock is 0
06-22 15:51:50.655 D/ConnectivityService( 1429): get Network state from cache, cacheBlock is 0
06-22 15:51:50.657 D/ConnectivityService( 1429): get Network state from cache, cacheBlock is 0
06-22 15:51:50.657 D/ConnectivityService( 1429): get Network state from cache, cacheBlock is 0
06-22 15:51:50.657 D/ConnectivityService( 1429): get Network state from cache, cacheBlock is 0
06-22 15:51:50.659 D/ConnectivityService( 1429): get Network state from cache, cacheBlock is 0
06-22 15:51:50.659 D/ConnectivityService( 1429): get Network state from cache, cacheBlock is 0
06-22 15:51:50.660 D/ConnectivityService( 1429): get Network state from cache, cacheBlock is 0
06-22 15:51:50.664 D/ConnectivityService( 1429): get Network state from cache, cacheBlock is 0
06-22 15:51:50.670 D/ConnectivityService( 1429): get Network state from cache, cacheBlock is 0
06-22 15:51:50.670 D/ConnectivityService( 1429): get Network state from cache, cacheBlock is 0
06-22 15:51:50.811 I/chatty  ( 1429): uid=1000(system) Binder:1429_3 identical 22 lines
06-22 15:51:50.812 D/ConnectivityService( 1429): get Network state from cache, cacheBlock is 0
06-22 15:51:50.814 W/ContextImpl( 4574): Calling a method in the system process without a qualified user: android.app.ContextImpl.sendBroadcast:1144 android.content.ContextWrapper.sendBroadcast:448 ey.a:73 ey.i:73 jl.fZ:12 
06-22 15:51:50.815 D/ConnectivityService( 1429): get Network state from cache, cacheBlock is 0
06-22 15:51:50.824 I/chatty  ( 1429): uid=1000(system) Binder:1429_3 identical 10 lines
06-22 15:51:50.825 D/ConnectivityService( 1429): get Network state from cache, cacheBlock is 0
06-22 15:51:50.908 E/ActivityThread(26837): Failed to find provider info for service_oversea_rom
06-22 15:51:50.914 D/HwSecurityService( 1429): find this Resident Plugin
06-22 15:51:50.974 D/ConnectivityService( 1429): get Network state from cache, cacheBlock is 0
06-22 15:51:51.113 D/ConnectivityService( 1429): get Network state from cache, cacheBlock is 0
06-22 15:51:51.121 I/HwGeneralService( 1429): readProtectArea: callingPid is 26837,callingUid is 10082
06-22 15:51:51.131 I/HwGeneralService( 1429): readProtectArea: callingPid is 26837,callingUid is 10082
06-22 15:51:51.131 I/HwGeneralService( 1429): readProtectArea: callingPid is 26837,callingUid is 10082
06-22 15:51:51.140 I/HwGeneralService( 1429): readProtectArea: callingPid is 26837,callingUid is 10082
06-22 15:51:51.146 I/HwGeneralService( 1429): readProtectArea: callingPid is 26837,callingUid is 10082
06-22 15:51:51.152 D/HwSecurityService( 1429): find this Resident Plugin
06-22 15:51:51.155 I/chatty  ( 1429): uid=1000(system) Binder:1429_3 identical 3 lines
06-22 15:51:51.156 D/HwSecurityService( 1429): find this Resident Plugin
06-22 15:51:51.157 I/HwGeneralService( 1429): readProtectArea: callingPid is 26837,callingUid is 10082
06-22 15:51:51.162 D/HwSecurityService( 1429): find this Resident Plugin
06-22 15:51:51.166 I/chatty  ( 1429): uid=1000(system) Binder:1429_3 identical 5 lines
06-22 15:51:51.166 D/HwSecurityService( 1429): find this Resident Plugin
06-22 15:51:51.168 I/HwGeneralService( 1429): readProtectArea: callingPid is 26837,callingUid is 10082
06-22 15:51:51.178 I/chatty  ( 1429): uid=1000(system) Binder:1429_D identical 1 line
06-22 15:51:51.187 I/HwGeneralService( 1429): readProtectArea: callingPid is 26837,callingUid is 10082
06-22 15:51:51.194 D/HwSecurityService( 1429): find this Resident Plugin
06-22 15:51:51.197 I/chatty  ( 1429): uid=1000(system) Binder:1429_D identical 4 lines
06-22 15:51:51.197 D/HwSecurityService( 1429): find this Resident Plugin
06-22 15:51:51.204 E/ActivityThread(26837): Failed to find provider info for service_oversea_rom
06-22 15:51:51.211 D/HwSecurityService( 1429): find this Resident Plugin
06-22 15:51:51.216 D/HwGameAssistantController( 1429): Keycontrol mode is 1 for user 0
06-22 15:51:51.216 D/HwGameAssistantController( 1429): isGameForeground? false
06-22 15:51:51.286 D/ConnectivityService( 1429): get Network state from cache, cacheBlock is 0
06-22 15:51:51.307 D/HwGameAssistantController( 1429): Keycontrol mode is 1 for user 0
06-22 15:51:51.307 D/HwGameAssistantController( 1429): isGameForeground? false
06-22 15:51:51.317 E/HwActivityTaskManagerServiceEx( 1429): invalid ActivityRecord, error.
06-22 15:51:51.317 E/HwActivityTaskManagerServiceEx( 1429): parse activity info error.
06-22 15:51:51.317 V/WindowManager( 1429): notifyAppResumed: wasStopped=true AppWindowToken{a1a3f67 token=Token{a0b6f94 ActivityRecord{a4c1eb1 u0 com.android.settings/.HWSettings t383}}}
06-22 15:51:51.320 I/HwAudioServiceEx( 1429): ComponentInfo : className = com.android.settings.SubSettings, flag=onPause, isHomeActivity=, isTop=false
06-22 15:51:51.321 W/ContextImpl(19513): Calling a method in the system process without a qualified user: android.app.ContextImpl.sendBroadcast:1159 android.content.ContextWrapper.sendBroadcast:453 com.android.settings.HWSettings.onResume:283 android.app.Instrumentation.callActivityOnResume:1465 android.app.Activity.performResume:8203 
06-22 15:51:51.327 I/HwAudioServiceEx( 1429): ComponentInfo : className = com.android.settings.HWSettings, flag=onResume, isHomeActivity=, isTop=true
06-22 15:51:51.335 D/HwFingerprintService( 1429): CODE_IS_SUPPORT_DUAL_FINGERPRINT
06-22 15:51:51.336 D/HwFingerprintService( 1429): CODE_IS_SUPPORT_DUAL_FINGERPRINT
06-22 15:51:51.341 I/StatusBarDisable( 1429): setFlags what=0 which=1 pkg=Window{a029a09 u0 com.android.settings/com.android.settings.HWSettings}
06-22 15:51:51.374 I/HwWindowManagerServiceEx( 1429): closing apps count = 1
06-22 15:51:51.376 D/HwWindowManagerServiceEx( 1429): is app exit to launcher info: transit = 7, app = AppWindowToken{a4ffb99 token=Token{a4dead6 ActivityRecord{a475c79 u0 com.android.settings/.SubSettings t383}}}, window = Window{a30d451 u0 com.android.settings/com.android.settings.SubSettings}, mClosingApps = {AppWindowToken{a4ffb99 token=Token{a4dead6 ActivityRecord{a475c79 u0 com.android.settings/.SubSettings t383}}}}, topOpeningApp = AppWindowToken{a1a3f67 token=Token{a0b6f94 ActivityRecord{a4c1eb1 u0 com.android.settings/.HWSettings t383}}}, mExitIconBitmap = null, mExitIconHeight = -1, mExitIconWidth = -1
06-22 15:51:51.376 E/WindowManager( 1429): icon is null!!
06-22 15:51:51.379 D/HwWindowManagerServiceEx( 1429): is app exit to launcher info: transit = 7, app = AppWindowToken{a1a3f67 token=Token{a0b6f94 ActivityRecord{a4c1eb1 u0 com.android.settings/.HWSettings t383}}}, window = Window{a029a09 u0 com.android.settings/com.android.settings.HWSettings}, mClosingApps = {AppWindowToken{a4ffb99 token=Token{a4dead6 ActivityRecord{a475c79 u0 com.android.settings/.SubSettings t383}}}}, topOpeningApp = AppWindowToken{a1a3f67 token=Token{a0b6f94 ActivityRecord{a4c1eb1 u0 com.android.settings/.HWSettings t383}}}, mExitIconBitmap = null, mExitIconHeight = -1, mExitIconWidth = -1
06-22 15:51:51.379 E/WindowManager( 1429): icon is null!!
06-22 15:51:51.392 V/ActivityManager( 1429): Successfully start provider ContentProviderRecord{a4495b9 u0 com.huawei.parentcontrol/.provider.SettingsSearchSupportProvider} launchingApp=ProcessRecord{a3a1f71 29150:com.huawei.parentcontrol/u0a76} caller pid= 19513
06-22 15:51:51.397 V/ActivityManager( 1429): Successfully start provider ContentProviderRecord{a3428b4 u0 com.android.calendar/.provider.SettingProvider} launchingApp=ProcessRecord{a336499 29174:com.android.calendar/u0a55} caller pid= 19513
06-22 15:51:51.403 V/ActivityManager( 1429): Successfully start provider ContentProviderRecord{9fa9875 u0 com.android.gallery3d/.provider.GallerySettingsSearchProvider} launchingApp=ProcessRecord{a3d6a09 29216:com.android.gallery3d/u0a46} caller pid= 19513
06-22 15:51:51.555 D/ConnectivityService( 1429): get Network state from cache, cacheBlock is 0
06-22 15:51:51.706 E/HwActivityTaskManagerServiceEx( 1429): invalid ActivityRecord, error.
06-22 15:51:51.706 E/HwActivityTaskManagerServiceEx( 1429): parse activity info error.
--------- beginning of main
07-07 15:13:26.793 I/HwPacketFilterBypass( 2840): isBypassAllowed not allowed reason: DATA_OFF
07-07 15:13:26.793 I/HwPacketFilterBypass( 2840): kernelAddTrackUid uid:11189 allowed:false
07-07 15:13:26.979 I/TrafficMonitor( 1429): update:rxPkts:0,txPkts:0,rxBytes:0,txBytes:0
07-07 15:13:26.979 I/TrafficMonitor( 1429): start expired. level:-1
07-07 15:13:26.979 I/TrafficMonitor( 1429): gettimer:interval=2000
07-07 15:13:27.719 I/netd    (  635): trafficSwapActiveStatsMap() <9.26ms>
07-07 15:13:27.726 E/AppInfoMgr( 2895): not find pkgs by uid: 0
07-07 15:13:27.734 I/DownloadState( 2895): shareUid: 0 default_sk transmitting data speed : 15 bytes/s (rxB:78 txB:0 rxP:1 txP:0 iface:1) scroff: false
07-07 15:13:27.734 I/DownloadState( 2895): shareUid: 10012 com.huawei.hiaction transmitting data speed : 33 bytes/s (rxB:64 txB:104 rxP:1 txP:2 iface:1) scroff: false
07-07 15:13:27.734 I/DownloadState( 2895): shareUid: 0 /system/bin/init transmitting data speed : 21 bytes/s (rxB:0 txB:106 rxP:0 txP:1 iface:1) scroff: false
07-07 15:13:27.793 D/ConnCureStateMonitor( 2840): handleMessage: msg[4]
07-07 15:13:27.795 D/ConnCureStateMonitor( 2840): canPerformConnCure: network is not in service.
07-07 15:13:27.872 E/WifiHAL (  690): enter wifi_get_link_stats
07-07 15:13:27.883 E/WificondControl( 1429): Noise: 0, Snr: -85, Chload: 65
07-07 15:13:27.886 V/HwWifiServiceFactory( 1429): get AllImpl object = com.android.server.wifi.HwWifiServiceFactoryImpl@a22847d
07-07 15:13:27.892 D/TelephonyManager( 1429): getAllCellInfo calling app is android
07-07 15:13:27.893 W/PhoneInterfaceManager( 2908): shouldBlockLocation running ...
07-07 15:13:27.893 I/PhoneInterfaceManager( 2908): shouldBlockLocation  ret:false
07-07 15:13:27.973 I/TrafficMonitor( 1429): expired arrive. level:-1
07-07 15:13:27.973 I/TrafficMonitor( 1429): during_ms:2004,period_ms:2000
07-07 15:13:27.973 I/TrafficMonitor( 1429): count:124,rx_sum:0,tx_sum:0,rxBytes:0,during_ms:2004,rx_speed:0.0,tx_speed:0.0,rto:0.0
07-07 15:13:28.192 D/motion@1.0-service(  937): motion-hal Motion::readEvents motionType: 11
07-07 15:13:28.192 D/motion@1.0-service(  937): motion-hal Motion::ReadHwStepCounter motionType == MOTIONHUB_TYPE_HW_STEP_COUNTER
07-07 15:13:28.192 D/motion@1.0-service(  937): motion-hal Motiontest::get stepcount!
07-07 15:13:28.192 D/motion@1.0-service(  937): pollMotionResult g_pollResultReturn = 19
07-07 15:13:28.193 D/        ( 1429): HWExtMotionService Motioncallback ret_cb:19 , motion_cb:11 , length_cb:19
07-07 15:13:28.193 D/        ( 1429): HWExtMotionService valueSize:19 
07-07 15:13:28.193 D/        ( 1429): HWExtDeviceService getActiveConnections 
07-07 15:13:28.193 D/        ( 1429): HWExtDeviceService connSize:1 
07-07 15:13:28.193 D/SensorHub(  912): huawei Hal get step event
07-07 15:13:28.193 D/        ( 2840): ALOGD: HWExtDeviceManager::notifyDeviceData  type: 1100 
07-07 15:13:28.193 D/motion@1.0-service(  937): g_motionPollResultReady::unlock out
07-07 15:13:28.193 D/        ( 2840): HWExtDeviceManager::notifyDeviceData handleEvent uniqueId : 110001
07-07 15:13:28.193 D/motion@1.0-service(  937): ActMotionCb motionClientVector.size = 0
07-07 15:13:28.193 D/motion@1.0-service(  937): ActMotionCb out
07-07 15:13:28.194 I/HWExtDeviceManager( 2840): trigger onDeviceDataChanged : mListener : com.huawei.systemserver.ihealth.manager.HwStepCounter$1@bea979b,type : 1100
07-07 15:13:28.194 D/HwStepCounter( 2840): onDeviceDataChanged
07-07 15:13:28.194 W/HwStepCounter( 2840): version : 1
07-07 15:13:28.194 I/HwStepCounter( 2840): dealReportData tm: 2020-07-07 15:13:29 steps_value[0] : 0 state_value[0]:0 level_value[0]:0
07-07 15:13:28.194 I/HwStepCounter( 2840): isBeginOfToday: 7 -> 7
07-07 15:13:28.194 I/HwStepCounter( 2840): isBeginOfToday: false
07-07 15:13:28.194 I/HwStepCounter( 2840): dealReportData: diff = 0
07-07 15:13:28.198 D/HwStepCounter( 2840): ReportProxy client : 1
07-07 15:13:28.199 I/StepCounterRemoteStub( 2840): Report client count 1
07-07 15:13:28.200 I/R_Step_ExtendStepCounter(12969): 100100511|R|onExtend: 1594106009000 0 0 0 
07-07 15:13:28.200 I/R_Step_LSC(12969): 100100511|R|onStandStepChanged 5430
07-07 15:13:28.858 D/AwareLog(  877): iawared: WorkingsetProcessCommand subCmd = 357, userId=11189, pid=26109, cn.carbs.wricheditor
07-07 15:13:28.859 D/AwareLog(  877): iawared: WorkingsetPauseCollect cn.carbs.wricheditor
07-07 15:13:28.983 I/TrafficMonitor( 1429): update:rxPkts:0,txPkts:0,rxBytes:0,txBytes:0
07-07 15:13:28.983 I/TrafficMonitor( 1429): start expired. level:-1
07-07 15:13:28.983 I/TrafficMonitor( 1429): gettimer:interval=2000
07-07 15:13:29.381 E/HwModemCapability( 2908): isCapabilitySupport java.lang.StringIndexOutOfBoundsException: length=7; index=7
07-07 15:13:29.387 E/HwModemCapability( 1429): isCapabilitySupport java.lang.StringIndexOutOfBoundsException: unknown reason
07-07 15:13:29.654 I/HwBatteryService( 1429): quick charge status : 0
07-07 15:13:29.654 D/HwBatteryService( 1429): onUEvent fcpStatus = 0
07-07 15:13:29.654 D/HwBatteryService( 1429): onUEvent scpStatus = 0 ,ovpStatus = 0
07-07 15:13:29.654 I/HwBatteryService( 1429): handleWirelessTxStatus
07-07 15:13:29.654 I/HwBatteryService( 1429): switch not open, return, mWirelessTxFlag : 0
07-07 15:13:29.654 W/HwBatteryService( 1429): need return. Invalid value: -1
07-07 15:13:29.654 D/HwBatteryService( 1429): setHwChargeTimeRemaining, time = -1 String time: -1
07-07 15:13:29.655 I/HwUsbDeviceManager( 1429): water_intrused state= 0
07-07 15:13:29.986 E/WificondControl( 1429): Noise: 0, Snr: -85, Chload: 127
07-07 15:13:29.989 D/HuaweiWifiWatchdogStateMachine( 1429): nothing to do
07-07 15:13:29.989 D/WiFi_PRO( 1429): MSG_RETURN_AP_CURRY_RSSI rssi = -61
07-07 15:13:29.989 I/HwUidTcpMonitor( 1429): TcpStatisticsRun run
07-07 15:13:29.989 I/HuaweiWifiWatchdogStateMachine( 1429): POta txb txg rxg:0, 5, 0. Lr =0% Totpkt=5
07-07 15:13:29.989 I/HwWifiProServiceProxy( 1429): ctrlHwWifiNetwork pkgName: WIFIPRO_SERVICE interfaceId: 79
07-07 15:13:29.989 I/QosMonitor( 1429): queryRtt: rttType = 3
07-07 15:13:29.990 I/HwWifiProServiceProxy( 1429): ctrlHwWifiNetwork pkgName: WIFIPRO_SERVICE interfaceId: 8
07-07 15:13:29.991 I/HwWifiProServiceProxy( 1429): TcpStatisticsRun run
07-07 15:13:29.991 I/QosMonitor( 1429): postEventFromNative: msg=100,arg1=4,arg2=10
07-07 15:13:29.991 I/HwWifiProServiceProxy( 1429): ctrlHwWifiNetwork pkgName: WIFIPRO_SERVICE interfaceId: 8
07-07 15:13:29.992 I/QosMonitor( 1429): postEventFromNative: msg=100,arg1=0,arg2=10
07-07 15:13:29.992 D/HwUidTcpMonitor( 1429): parseWlanUidTcpStatistics lastUidTcpStatInfo = [ mUid = 10012 mPacketName = cn.carbs.wricheditor mSendSegs = 281 mResendSegs = 1 mRcvSegs = 143 ]
07-07 15:13:29.992 D/HuaweiWifiWatchdogStateMachine( 1429): nothing to do
07-07 15:13:29.992 I/MQoS    ( 1429): rtt=136,tcpTxPkts=1074348,tcpRxPkts=2104178
07-07 15:13:29.992 I/QosMonitor( 1429): resetRtt: rttType = 3
07-07 15:13:29.992 I/HwWifiProServiceProxy( 1429): ctrlHwWifiNetwork pkgName: WIFIPRO_SERVICE interfaceId: 8
07-07 15:13:29.992 D/HwConnectivityServiceEx( 1429): set cache by key is 1000 interfaceName iswlan0 value is false
07-07 15:13:29.993 I/MQoS    ( 1429): QOS_level:0(0),DataDisable;use level-0
07-07 15:13:29.994 I/HuaweiWifiWatchdogStateMachine( 1429): PTcp RTT:136, rtt pkt=7, tcp_rx=1, tcp_tx=2, tcp_reTran=0, rtRate=0
07-07 15:13:29.994 D/HuaweiWifiWatchdogStateMachine( 1429): rssi bad, mrssi=-61 < TargetRssi=-63
07-07 15:13:30.301 I/netd    (  635): trafficSwapActiveStatsMap() <15.20ms>
07-07 15:13:30.517 E/Thermal-daemon(  870): [pa_0] temp_new :32  temp_old :33
07-07 15:13:30.518 E/Thermal-daemon(  870): Report temperature: [pa_0] temp :32  report_threshold:1
07-07 15:13:30.668 I/AwareBitmapCacher(26109): init lrucache size: 2097152 pid=26109
07-07 15:13:30.835 D/ZrHung.AppEyeTransparentWindow( 1429): handleMessage CHECK_TRANS_WINDOW_ERROR_MSG
07-07 15:13:30.896 E/WifiHAL (  690): enter wifi_get_link_stats
07-07 15:13:30.899 E/WificondControl( 1429): Noise: 0, Snr: -85, Chload: 127
07-07 15:13:30.902 V/HwWifiServiceFactory( 1429): get AllImpl object = com.android.server.wifi.HwWifiServiceFactoryImpl@a22847d
07-07 15:13:30.908 D/TelephonyManager( 1429): getAllCellInfo calling app is android
07-07 15:13:30.908 W/PhoneInterfaceManager( 2908): shouldBlockLocation running ...
07-07 15:13:30.909 I/PhoneInterfaceManager( 2908): shouldBlockLocation  ret:false
07-07 15:13:30.986 I/TrafficMonitor( 1429): update:rxPkts:0,txPkts:0,rxBytes:0,txBytes:0
07-07 15:13:30.986 I/TrafficMonitor( 1429): start expired. level:-1
07-07 15:13:30.986 I/TrafficMonitor( 1429): gettimer:interval=2000
07-07 15:13:32.747 I/netd    (  635): trafficSwapActiveStatsMap() <11.64ms>
07-07 15:13:32.755 W/migration/6(   47): type=1400 audit(0.0:11323969): avc: granted { setsched } for pid=47 scontext=u:r:kernel:s0 tcontext=u:r:kernel:s0 tclass=process
07-07 15:13:32.762 I/DownloadState( 2895): shareUid: 1000 com.huawei.systemmanager transmitting data speed : 16 bytes/s (rxB:40 txB:40 rxP:1 txP:1 iface:1) scroff: false
07-07 15:13:32.883 W/migration/6(   47): type=1400 audit(0.0:11323970): avc: granted { setsched } for pid=47 scontext=u:r:kernel:s0 tcontext=u:r:kernel:s0 tclass=process
07-07 15:13:32.988 I/TrafficMonitor( 1429): update:rxPkts:1,txPkts:1,rxBytes:40,txBytes:40
07-07 15:13:32.989 I/TrafficMonitor( 1429): start expired. level:-1
07-07 15:13:32.989 I/TrafficMonitor( 1429): gettimer:interval=2000
07-07 15:13:33.863 D/AwareLog(  877): iawared: WorkingsetProcessCommand subCmd = 352, userId=11189, pid=26109, cn.carbs.wricheditor
07-07 15:13:33.863 D/AwareLog(  877): iawared: WorkingsetStop cn.carbs.wricheditor
07-07 15:13:33.915 E/WifiHAL (  690): enter wifi_get_link_stats
07-07 15:13:33.925 E/WificondControl( 1429): Noise: 0, Snr: -85, Chload: 65
07-07 15:13:33.929 V/HwWifiServiceFactory( 1429): get AllImpl object = com.android.server.wifi.HwWifiServiceFactoryImpl@a22847d
07-07 15:13:33.935 D/TelephonyManager( 1429): getAllCellInfo calling app is android
07-07 15:13:33.936 W/PhoneInterfaceManager( 2908): shouldBlockLocation running ...
07-07 15:13:33.936 I/PhoneInterfaceManager( 2908): shouldBlockLocation  ret:false
07-07 15:13:33.984 I/TrafficMonitor( 1429): expired arrive. level:-1
07-07 15:13:33.984 I/TrafficMonitor( 1429): during_ms:2002,period_ms:2000
07-07 15:13:33.984 I/TrafficMonitor( 1429): count:127,rx_sum:1,tx_sum:1,rxBytes:40,during_ms:2002,rx_speed:19.980019980019982,tx_speed:19.980019980019982,rto:1.0
07-07 15:13:34.586 I/aptouch_daemon( 2788): filter_touch_detect, down, in: 1, out: 1
07-07 15:13:34.587 D/libfingersense_wrapper( 1429): Calling fingersense_classify_touch()
07-07 15:13:34.593 D/libfingersense_wrapper( 1429): fingersense_classify_touch() finished
07-07 15:13:34.599 W/Settings(26109): Setting device_provisioned has moved from android.provider.Settings.Secure to android.provider.Settings.Global.
07-07 15:13:34.601 V/HiTouch_HiTouchSensor(26109): User setup is finished.
07-07 15:13:34.642 I/aptouch_daemon( 2788): filter_touch_detect, all_touch_up
07-07 15:13:34.649 V/AudioManager(26109): querySoundEffectsEnabled...
07-07 15:13:34.654 D/HwFrameworkSecurityPartsFactory(26109): HwFrameworkSecurityPartsFactory in.
07-07 15:13:34.655 I/HwFrameworkSecurityPartsFactory(26109): add HwFrameworkSecurityPartsFactory to memory.
07-07 15:13:34.658 I/ActivityTaskManager( 1429): START u0 {hwFlg=0x10 cmp=cn.carbs.wricheditor/.TestLibActivity} from uid 11189
07-07 15:13:34.659 I/ActivityTaskManager( 1429): ActivityRecord info: ActivityInfo{a4465ab cn.carbs.wricheditor.TestLibActivity}
07-07 15:13:34.659 D/ActivityTaskManager( 1429): TaskLaunchParamsModifier:task=null activity=ActivityRecord{a449d59 u0 cn.carbs.wricheditor/.TestLibActivity t-1} display-from-source=0 display-id=0 display-windowing-mode=1
07-07 15:13:34.660 D/ActivityTaskManager( 1429): TaskLaunchParamsModifier:task=null activity=ActivityRecord{a449d59 u0 cn.carbs.wricheditor/.TestLibActivity t-1} display-from-source=0 display-id=0 display-windowing-mode=1 activity-options-fullscreen=Rect(0, 0 - 0, 0) non-freeform-display maximized-bounds
07-07 15:13:34.660 V/ActivityTaskManager( 1429): positionChild stackId=917 to top.
07-07 15:13:34.661 V/ActivityTaskManager( 1429): addAppToken: AppWindowToken{a3bd06d token=Token{a1df490 ActivityRecord{a449d59 u0 cn.carbs.wricheditor/.TestLibActivity t913}}} task={taskId=913 appTokens=[AppWindowToken{a3bd009 token=Token{a501227 ActivityRecord{a4e7559 u0 cn.carbs.wricheditor/.MainActivity t913}}}] mdr=false} at 2147483647
07-07 15:13:34.666 D/ScreemCommon(  921): <LOGMGR> <SceneStart> [Entry]
07-07 15:13:34.666 D/ScreemCommon(  921): <LOGMGR> <SceneStart> [new scene start 496570539]
07-07 15:13:34.663 W/migration/6(   47): type=1400 audit(0.0:11323971): avc: granted { setsched } for pid=47 scontext=u:r:kernel:s0 tcontext=u:r:kernel:s0 tclass=process
07-07 15:13:34.673 I/HwViewRootImpl(26109): removeInvalidNode all the node in jank list is out of time
07-07 15:13:34.674 D/AwareLog(  877): iawared: WorkingsetProcessCommand subCmd = 350, userId=11189, pid=26109, cn.carbs.wricheditor/.TestLibActivity
07-07 15:13:34.674 D/AwareLog(  877): iawared: WorkingsetSendPrereadMsg cn.carbs.wricheditor/.TestLibActivity
07-07 15:13:34.674 D/AwareLog(  877): iawared: WorkingsetStart cn.carbs.wricheditor/.TestLibActivity in monitor0
07-07 15:13:34.677 V/ActivityTaskManager( 1429): Making visible and scheduling visibility: ActivityRecord{a449d59 u0 cn.carbs.wricheditor/.TestLibActivity t913}
07-07 15:13:34.678 I/PGServer( 2895): android calls fast HApps
07-07 15:13:34.678 I/AppFastHibernation( 2895): fast H duration: 1500 reason: start activity
07-07 15:13:34.678 I/Pged-IPgedBinderService(  877): ****action is 1, pid num is 5***
07-07 15:13:34.679 I/Pged-Freezer(  877): freezePids
07-07 15:13:34.679 I/Pged-Freezer(  877): Freeze process: 28656
07-07 15:13:34.679 D/ZrHung.AppEyeFocusWindow( 1429): FocusWindowErrorScene CheckFreezeScreen
07-07 15:13:34.679 I/Pged-Freezer(  877): Freeze process: 25894
07-07 15:13:34.679 I/Pged-Freezer(  877): Freeze process: 8037
07-07 15:13:34.679 I/Pged-Freezer(  877): Freeze process: 6056
07-07 15:13:34.680 D/PgedBinderAdapter( 2895): F_Z ok, pid: [28656, 25894, 8037, 6056]
07-07 15:13:34.682 I/HwAudioServiceEx( 1429): ComponentInfo : className = cn.carbs.wricheditor.MainActivity, flag=onPause, isHomeActivity=, isTop=false
07-07 15:13:34.682 W/SecurityProfileService( 1429): Activity life state callback extras get package null!
07-07 15:13:34.683 D/ZrHung.AppEyeUiProbe(26109): not watching, wait.
07-07 15:13:34.683 D/DollieActivityManagerAdapter( 2840): [Paused] pid:26109 uid:11189 ComponentInfo{cn.carbs.wricheditor/cn.carbs.wricheditor.MainActivity} uidState:2
07-07 15:13:34.684 W/ActivityThread(26109): handleWindowVisibility: no activity for token android.os.BinderProxy@7cf2dc4
07-07 15:13:34.685 D/ZrHung.AppEyeUiProbe(26109): restart watching
07-07 15:13:34.690 V/ActivityThread(26109): callActivityOnCreate
07-07 15:13:34.719 D/ActivityThread(26109): add activity client record, r= ActivityRecord{95a9fbb token=android.os.BinderProxy@7cf2dc4 {cn.carbs.wricheditor/cn.carbs.wricheditor.TestLibActivity}} token= android.os.BinderProxy@7cf2dc4
07-07 15:13:34.725 V/WindowManager( 1429): addWindow: Window{a0b1009 u0 cn.carbs.wricheditor/cn.carbs.wricheditor.TestLibActivity}
07-07 15:13:34.726 I/HwAudioServiceEx( 1429): ComponentInfo : className = cn.carbs.wricheditor.TestLibActivity, flag=onResume, isHomeActivity=, isTop=true
07-07 15:13:34.726 W/SecurityProfileService( 1429): Activity life state callback extras get package null!
07-07 15:13:34.727 I/OPCollectLog( 2784): AppChangeImpl:call onAppChange.
07-07 15:13:34.727 I/OPCollectLog( 2784): HwForegroundAppAction:handleMessage 
07-07 15:13:34.727 D/OPCollectLog( 2784): HwForegroundAppAction:FG executeWithArgs
07-07 15:13:34.727 I/OPCollectLog( 2784): OPCollectUtils:ODMF Api Version:2.14.1
07-07 15:13:34.727 I/OPCollectLog( 2784): Action:HwForegroundAppAction executed successfully
07-07 15:13:34.727 D/OPCollectLog( 2784): OdmfCollectScheduler:handleMessage msg: 4
07-07 15:13:34.727 I/OPCollectLog( 2784): OdmfHelper:opcollectCache 1
07-07 15:13:34.727 I/OPCollectLog( 2784): OdmfHelper:opcollectCache curTime: 1943596868, interval: 8937
07-07 15:13:34.728 D/DollieActivityManagerAdapter( 2840): [Resumed] bg:false pid:26109 uid:11189 ComponentInfo{cn.carbs.wricheditor/cn.carbs.wricheditor.TestLibActivity}
07-07 15:13:34.728 E/DollieAdapterService( 2840): notifyActivityState pkg:cn.carbs.wricheditor/cn.carbs.wricheditor.TestLibActivity state:2 fg:true mUid:11189
07-07 15:13:34.730 I/OPCollectLog( 2784): OdmfHelper:isCharging: true
07-07 15:13:34.731 D/HiTouch_PressGestureDetector(26109): onAttached, package=cn.carbs.wricheditor, windowType=1, mHiTouchRestricted=false
07-07 15:13:34.736 D/ZrHung.AppEyeFocusWindow( 1429): FocusWindowErrorScene cancelCheckFreezeScreen
07-07 15:13:34.736 I/StatusBarDisable( 1429): setFlags what=0 which=1 pkg=Window{a0b1009 u0 cn.carbs.wricheditor/cn.carbs.wricheditor.TestLibActivity}
07-07 15:13:34.736 D/ZrHung.AppEyeTransparentWindow( 1429): TransparentWindow mHungConfigStatus = 0,mHungConfigEnable = 1
07-07 15:13:34.737 I/OPCollectLog( 2784): OdmfHelper:insert database success 
07-07 15:13:34.737 I/OPCollectLog( 2784): OdmfHelper:opcollectCache size: 1
07-07 15:13:34.737 I/OPCollectLog( 2784): OdmfHelper:opcollectCache lastTime: 1943596877
07-07 15:13:34.738 D/mali_winsys(26109): EGLint new_window_surface(egl_winsys_display *, void *, EGLSurface, EGLConfig, egl_winsys_surface **, EGLBoolean) returns 0x3000
07-07 15:13:34.743 I/GRALLOC (  657): getCallingPid=696, shrFd=11,fmt=0x1,intFmt=0x200000001,btStrd=4352,size=10399744,pid=657 
07-07 15:13:34.743 I/GRALLOC (  657): 	 yuv=2,w=1080,h=2340,Stride u=0 v=0,offset u=0 v=0 
07-07 15:13:34.743 I/GRALLOC (  657): 	 iova_size=10399744,conUsg=0xb00,proUsg=0xb00,	 strd=1088,[afbc]HdrStrd=1088 PyldStrd=69632 Scrmbl=2,ionhnd = 0 
07-07 15:13:34.749 I/GRALLOC (  657): getCallingPid=696, shrFd=11,fmt=0x1,intFmt=0x200000001,btStrd=4352,size=10399744,pid=657 
07-07 15:13:34.749 I/GRALLOC (  657): 	 yuv=2,w=1080,h=2340,Stride u=0 v=0,offset u=0 v=0 
07-07 15:13:34.749 I/GRALLOC (  657): 	 iova_size=10399744,conUsg=0xb00,proUsg=0xb00,	 strd=1088,[afbc]HdrStrd=1088 PyldStrd=69632 Scrmbl=2,ionhnd = 0 
07-07 15:13:34.755 I/GRALLOC (  657): getCallingPid=696, shrFd=11,fmt=0x1,intFmt=0x200000001,btStrd=4352,size=10399744,pid=657 
07-07 15:13:34.755 I/GRALLOC (  657): 	 yuv=2,w=1080,h=2340,Stride u=0 v=0,offset u=0 v=0 
07-07 15:13:34.755 I/GRALLOC (  657): 	 iova_size=10399744,conUsg=0xb00,proUsg=0xb00,	 strd=1088,[afbc]HdrStrd=1088 PyldStrd=69632 Scrmbl=2,ionhnd = 0 
07-07 15:13:34.759 D/OpenGLRenderer(26109): disableOutlineDraw is true
07-07 15:13:34.759 I/HwWindowManagerServiceEx( 1429): closing apps count = 1
07-07 15:13:34.760 D/HwWindowManagerServiceEx( 1429): is app exit to launcher info: transit = 6, app = AppWindowToken{a3bd009 token=Token{a501227 ActivityRecord{a4e7559 u0 cn.carbs.wricheditor/.MainActivity t913}}}, window = Window{a5518e1 u0 cn.carbs.wricheditor/cn.carbs.wricheditor.MainActivity}, mClosingApps = {AppWindowToken{a3bd009 token=Token{a501227 ActivityRecord{a4e7559 u0 cn.carbs.wricheditor/.MainActivity t913}}}}, topOpeningApp = AppWindowToken{a3bd06d token=Token{a1df490 ActivityRecord{a449d59 u0 cn.carbs.wricheditor/.TestLibActivity t913}}}, mExitIconBitmap = null, mExitIconHeight = -1, mExitIconWidth = -1
07-07 15:13:34.760 E/WindowManager( 1429): icon is null!!
