07-07 13:31:44.437 I/StatusBarDisable( 1429): setFlags what=0 which=1 pkg=Window{a5518e1 u0 cn.carbs.wricheditor/cn.carbs.wricheditor.MainActivity}
07-07 13:31:44.438 I/iGraphics(18021): [0020080c] pn: cn.carbs.wricheditor, p: 18021
07-07 13:31:44.438 I/iGraphics(18021): [0030080c] no spt app: cn.carbs.wricheditor
07-07 13:31:44.446 D/mali_winsys(18021): EGLint new_window_surface(egl_winsys_display *, void *, EGLSurface, EGLConfig, egl_winsys_surface **, EGLBoolean) returns 0x3000
07-07 13:31:44.446 I/netd    (  635): trafficSwapActiveStatsMap() <22.62ms>
07-07 13:31:44.452 I/GRALLOC (  657): getCallingPid=696, shrFd=11,fmt=0x1,intFmt=0x200000001,btStrd=4352,size=10399744,pid=657 
07-07 13:31:44.452 I/GRALLOC (  657): 	 yuv=2,w=1080,h=2340,Stride u=0 v=0,offset u=0 v=0 
07-07 13:31:44.452 I/GRALLOC (  657): 	 iova_size=10399744,conUsg=0xb00,proUsg=0xb00,	 strd=1088,[afbc]HdrStrd=1088 PyldStrd=69632 Scrmbl=2,ionhnd = 0 
07-07 13:31:44.453 I/hwservicemanager(  472): getTransport: Cannot find entry android.hardware.graphics.mapper@3.0::IMapper/default in either framework or device manifest.
07-07 13:31:44.453 W/Gralloc3(18021): mapper 3.x is not supported
07-07 13:31:44.457 I/GRALLOC (  657): getCallingPid=696, shrFd=11,fmt=0x1,intFmt=0x200000001,btStrd=4352,size=10399744,pid=657 
07-07 13:31:44.457 I/GRALLOC (  657): 	 yuv=2,w=1080,h=2340,Stride u=0 v=0,offset u=0 v=0 
07-07 13:31:44.457 I/GRALLOC (  657): 	 iova_size=10399744,conUsg=0xb00,proUsg=0xb00,	 strd=1088,[afbc]HdrStrd=1088 PyldStrd=69632 Scrmbl=2,ionhnd = 0 
07-07 13:31:44.462 I/GRALLOC (  657): getCallingPid=696, shrFd=11,fmt=0x1,intFmt=0x200000001,btStrd=4352,size=10399744,pid=657 
07-07 13:31:44.462 I/GRALLOC (  657): 	 yuv=2,w=1080,h=2340,Stride u=0 v=0,offset u=0 v=0 
07-07 13:31:44.462 I/GRALLOC (  657): 	 iova_size=10399744,conUsg=0xb00,proUsg=0xb00,	 strd=1088,[afbc]HdrStrd=1088 PyldStrd=69632 Scrmbl=2,ionhnd = 0 
07-07 13:31:44.471 E/        (18021): APS:IFLoad:importExternalFunctions, search function createNewHwApsUtils failed, dlsym err:undefined symbol: createNewHwApsUtils
07-07 13:31:44.471 D/        (18021): APS:importExternalFunctions OK
07-07 13:31:44.472 I/HwViewRootImpl(18021): removeInvalidNode jank list is null
07-07 13:31:44.477 V/WindowManager( 1429): removeIfPossible: Window{a42b809 u0 Splash Screen cn.carbs.wricheditor} callers=com.android.server.wm.WindowState.removeIfPossible:5505060 com.android.server.wm.WindowManagerService.removeWindow:5503048 android.view.ViewRootImpl.dispatchDetachedFromWindow:5943096 android.view.ViewRootImpl.doDie:5943772 android.view.ViewRootImpl$ViewRootHandler.handleMessage:7187460 
07-07 13:31:44.478 V/WindowManager( 1429): Not removing Window{a42b809 u0 Splash Screen cn.carbs.wricheditor EXITING} due to exit animation 
07-07 13:31:44.492 D/HwConnectivityServiceEx( 1429): set cache by key is 10194 interfaceName iswlan0 value is true
07-07 13:31:44.492 D/ConnectivityService( 1429): Network is BLOCKED, uid = 10194
07-07 13:31:44.534 D/ScreemCommon(  921): <LOGMGR> <complete_pm> [Entry]
07-07 13:31:44.592 V/WindowManager( 1429): Exit animation finished in Window{a42b809 u0 Splash Screen cn.carbs.wricheditor EXITING}: remove=true
07-07 13:31:44.592 E/WindowManager( 1429): win=Window{a42b809 u0 Splash Screen cn.carbs.wricheditor EXITING} destroySurfaces: appStopped=false win.mWindowRemovalAllowed=true win.mRemoveOnExit=true
07-07 13:31:44.592 V/WindowManager( 1429): postWindowRemoveCleanupLocked: Window{a42b809 u0 Splash Screen cn.carbs.wricheditor}
07-07 13:31:44.592 V/WindowManager( 1429): Removing Window{a42b809 u0 Splash Screen cn.carbs.wricheditor} from AppWindowToken{a30486d token=Token{a5015f3 ActivityRecord{a223209 u0 cn.carbs.wricheditor/.MainActivity t889}}}
07-07 13:31:44.632 I/BoosterSwitchP( 2840): notifyUidState do nothing
07-07 13:31:44.632 I/DeepNoDisturbP( 2840): notifyUidState
07-07 13:31:44.632 I/BrowserChrP( 2840): notifyUidState
07-07 13:31:44.632 D/DollieActivityManagerAdapter( 2840): [UidStateChanged]  uid:10040 uidState:20
07-07 13:31:44.632 E/DollieAdapterService( 2840): notifyActivityState pkg:com.android.packageinstaller/com.android.packageinstaller.InstallSuccess state:20 fg:false mUid:10040
07-07 13:31:44.632 I/HidataAppQoeP( 2840): foregroundUidRemove uid: 10040 name: com.android.packageinstaller
07-07 13:31:44.632 I/HwPacketFilterBypass( 2840): handleActivityUidStateChanged uid:10040 -1 foreground:0
07-07 13:31:44.632 I/HwPacketFilterBypass( 2840): isAllowSendSmartCureToChr false, no exceptions occur, dropCnt:0
07-07 13:31:44.632 D/SmartDualCardConfig( 2840): getAppType,pkgName=com.android.packageinstaller,appType=255
07-07 13:31:44.633 D/ConnectivityService( 1429): get Network state from cache, cacheBlock is 0
07-07 13:31:44.633 W/AwareLog( 1429): SchedLevelBoost: onFgActivitiesChanged config not set!
07-07 13:31:44.633 D/SmartDualCardConfig( 2840): getAppType,pkgName=com.android.packageinstaller,appType=255
07-07 13:31:44.633 E/SmartDualCardConfig( 2840): isAppInBlackList false,items==null
07-07 13:31:44.633 D/SmartDualCardSM( 2840): onUidStateUpdate,uid=10040,appName=com.android.packageinstaller,state=BACKGROUND
07-07 13:31:44.633 D/SmartDualCardConfig( 2840): removeAppFromList,after remove,size()=1,uid=10040
07-07 13:31:44.633 D/SmartDualCardSM( 2840): onUidStateUpdate,remaining top app uid=11189
07-07 13:31:44.633 D/SmartDualCardConfig( 2840): getAppType,pkgName=cn.carbs.wricheditor,appType=-1
07-07 13:31:44.633 D/SmartDualCardSM( 2840): updateAppState mAppState=2
07-07 13:31:44.645 E/BufferQueueProducer(  696): [com.android.packageinstaller/com.android.packageinstaller.InstallSuccess#0]:1338: disconnect: not connected (req=1)
07-07 13:31:44.645 W/libEGL  ( 9389): EGLNativeWindowType 0x7238c52c10 disconnect failed
07-07 13:31:44.647 I/netd    (  635): trafficSwapActiveStatsMap() <11.00ms>
07-07 13:31:44.652 D/ActivityThread( 9389): Remove activity client record, r= ActivityRecord{6b20fa5 token=android.os.BinderProxy@8d07e96 {com.android.packageinstaller/com.android.packageinstaller.InstallSuccess}} token= android.os.BinderProxy@8d07e96
07-07 13:31:44.653 W/DecisionHelper( 9389): service already unbindService
07-07 13:31:44.654 V/WindowManager( 1429): removeIfPossible: Window{9dc65b9 u0 com.android.packageinstaller/com.android.packageinstaller.InstallSuccess} callers=com.android.server.wm.WindowState.removeIfPossible:5505060 com.android.server.wm.WindowManagerService.removeWindow:5503048 android.view.IWindowSession$Stub.onTransact:7509364 com.android.server.wm.Session.onTransact:6757216 android.os.Binder.execTransactInternal:8305204 
07-07 13:31:44.654 V/WindowManager( 1429): postWindowRemoveCleanupLocked: Window{9dc65b9 u0 com.android.packageinstaller/com.android.packageinstaller.InstallSuccess}
07-07 13:31:44.654 V/WindowManager( 1429): Removing Window{9dc65b9 u0 com.android.packageinstaller/com.android.packageinstaller.InstallSuccess} from AppWindowToken{a3bd03b token=Token{a57fc0e ActivityRecord{a48b9c9 u0 com.android.packageinstaller/.InstallSuccess t887}}}
07-07 13:31:44.656 V/WindowManager( 1429): removeAppToken: AppWindowToken{a3bd03b token=Token{a57fc0e ActivityRecord{a48b9c9 u0 com.android.packageinstaller/.InstallSuccess t887}}} delayed=false Callers=com.android.server.wm.DisplayContent.removeAppToken:8163868 com.android.server.wm.ActivityRecord.removeWindowContainer:8165540 com.android.server.wm.ActivityStack.removeActivityFromHistoryLocked:8162968 com.android.server.wm.ActivityStack.activityDestroyedLocked:8144748 
07-07 13:31:44.657 V/ActivityTaskManager( 1429): removeChild: detaching stackId=891 from displayId=0
07-07 13:31:44.666 I/netd    (  635): trafficSwapActiveStatsMap() <17.89ms>
07-07 13:31:44.676 D/AwareLog(  877): iawared: WorkingsetProcessCommand subCmd = 351, userId=11189, pid=18021, cn.carbs.wricheditor
07-07 13:31:44.677 D/AwareLog(  877): iawared: WorkingsetPause cn.carbs.wricheditor
07-07 13:31:44.892 I/TrafficMonitor( 1429): expired arrive. level:-1
07-07 13:31:44.892 I/TrafficMonitor( 1429): during_ms:2003,period_ms:2000
07-07 13:31:44.892 I/TrafficMonitor( 1429): count:19,rx_sum:0,tx_sum:0,rxBytes:0,during_ms:2003,rx_speed:0.0,tx_speed:0.0,rto:0.0
07-07 13:31:45.130 D/ZrHung.AppEyeUiProbe( 9389): not watching, wait.
07-07 13:31:45.174 D/ZrHung.AppEyeUiProbe(14430): not watching, wait.
07-07 13:31:45.264 I/aptouch_daemon( 2788): filter_touch_detect, down, in: 1, out: 1
07-07 13:31:45.264 D/libfingersense_wrapper( 1429): Calling fingersense_classify_touch()
07-07 13:31:45.267 D/libfingersense_wrapper( 1429): fingersense_classify_touch() finished
07-07 13:31:45.270 W/Settings(18021): Setting device_provisioned has moved from android.provider.Settings.Secure to android.provider.Settings.Global.
07-07 13:31:45.270 V/HiTouch_HiTouchSensor(18021): User setup is finished.
07-07 13:31:45.300 W/System  ( 1429): A resource failed to call release. 
07-07 13:31:45.300 W/System  ( 1429): A resource failed to call release. 
07-07 13:31:45.315 D/ScreemCommon(  921): <LOGMGR> <SceneEnd> [Entry]
07-07 13:31:45.315 D/ScreemCommon(  921): <LOGMGR> <SceneEnd> [scene status ok,status:1 lastId:492304697]
07-07 13:31:45.315 D/ScreemCommon(  921): <LOGMGR> <SceneClose> [Entry]
07-07 13:31:45.315 D/ScreemCommon(  921): <LOGMGR> <SceneClose> [scene status ok,status:2 lastId:492304697]
07-07 13:31:45.330 I/aptouch_daemon( 2788): filter_touch_detect, all_touch_up
07-07 13:31:45.331 V/AudioManager(18021): querySoundEffectsEnabled...
07-07 13:31:45.333 D/HwFrameworkSecurityPartsFactory(18021): HwFrameworkSecurityPartsFactory in.
07-07 13:31:45.333 I/HwFrameworkSecurityPartsFactory(18021): add HwFrameworkSecurityPartsFactory to memory.
07-07 13:31:45.334 I/ActivityTaskManager( 1429): START u0 {hwFlg=0x10 cmp=cn.carbs.wricheditor/.TestLibActivity} from uid 11189
07-07 13:31:45.334 I/ActivityTaskManager( 1429): ActivityRecord info: ActivityInfo{a46b6cf cn.carbs.wricheditor.TestLibActivity}
07-07 13:31:45.334 D/ActivityTaskManager( 1429): TaskLaunchParamsModifier:task=null activity=ActivityRecord{a4a0321 u0 cn.carbs.wricheditor/.TestLibActivity t-1} display-from-source=0 display-id=0 display-windowing-mode=1
07-07 13:31:45.335 D/ActivityTaskManager( 1429): TaskLaunchParamsModifier:task=null activity=ActivityRecord{a4a0321 u0 cn.carbs.wricheditor/.TestLibActivity t-1} display-from-source=0 display-id=0 display-windowing-mode=1 activity-options-fullscreen=Rect(0, 0 - 0, 0) non-freeform-display maximized-bounds
07-07 13:31:45.335 V/ActivityTaskManager( 1429): positionChild stackId=893 to top.
07-07 13:31:45.335 V/ActivityTaskManager( 1429): addAppToken: AppWindowToken{a3e8d03 token=Token{a51030d ActivityRecord{a4a0321 u0 cn.carbs.wricheditor/.TestLibActivity t889}}} task={taskId=889 appTokens=[AppWindowToken{a30486d token=Token{a5015f3 ActivityRecord{a223209 u0 cn.carbs.wricheditor/.MainActivity t889}}}] mdr=false} at 2147483647
07-07 13:31:45.337 D/ScreemCommon(  921): <LOGMGR> <SceneStart> [Entry]
07-07 13:31:45.337 D/ScreemCommon(  921): <LOGMGR> <SceneStart> [new scene start 492305867]
07-07 13:31:45.340 D/AwareLog(  877): iawared: WorkingsetProcessCommand subCmd = 352, userId=11189, pid=18021, cn.carbs.wricheditor
07-07 13:31:45.340 V/ActivityTaskManager( 1429): Making visible and scheduling visibility: ActivityRecord{a4a0321 u0 cn.carbs.wricheditor/.TestLibActivity t889}
07-07 13:31:45.340 D/AwareLog(  877): iawared: WorkingsetStop cn.carbs.wricheditor
07-07 13:31:45.341 D/ZrHung.AppEyeFocusWindow( 1429): FocusWindowErrorScene CheckFreezeScreen
07-07 13:31:45.341 D/ZrHung.AppEyeTransparentWindow( 1429): TransparentWindow cancelCheckFreezeScreen
07-07 13:31:45.343 D/AwareLog(  877): iawared: WorkingsetProcessCommand subCmd = 350, userId=11189, pid=18021, cn.carbs.wricheditor/.TestLibActivity
07-07 13:31:45.343 D/AwareLog(  877): iawared: WorkingsetSendPrereadMsg cn.carbs.wricheditor/.TestLibActivity
07-07 13:31:45.343 D/AwareLog(  877): iawared: WorkingsetStart cn.carbs.wricheditor/.TestLibActivity in monitor0
07-07 13:31:45.344 I/HwAudioServiceEx( 1429): ComponentInfo : className = cn.carbs.wricheditor.MainActivity, flag=onPause, isHomeActivity=, isTop=false
07-07 13:31:45.344 W/SecurityProfileService( 1429): Activity life state callback extras get package null!
07-07 13:31:45.344 D/DollieActivityManagerAdapter( 2840): [Paused] pid:18021 uid:11189 ComponentInfo{cn.carbs.wricheditor/cn.carbs.wricheditor.MainActivity} uidState:2
07-07 13:31:45.344 W/ActivityThread(18021): handleWindowVisibility: no activity for token android.os.BinderProxy@ef7ed3a
07-07 13:31:45.349 V/ActivityThread(18021): callActivityOnCreate
07-07 13:31:45.369 D/ActivityThread(18021): add activity client record, r= ActivityRecord{9f322a2 token=android.os.BinderProxy@ef7ed3a {cn.carbs.wricheditor/cn.carbs.wricheditor.TestLibActivity}} token= android.os.BinderProxy@ef7ed3a
07-07 13:31:45.374 V/WindowManager( 1429): addWindow: Window{a551971 u0 cn.carbs.wricheditor/cn.carbs.wricheditor.TestLibActivity}
07-07 13:31:45.376 I/HwAudioServiceEx( 1429): ComponentInfo : className = cn.carbs.wricheditor.TestLibActivity, flag=onResume, isHomeActivity=, isTop=true
07-07 13:31:45.376 W/SecurityProfileService( 1429): Activity life state callback extras get package null!
07-07 13:31:45.376 D/DollieActivityManagerAdapter( 2840): [Resumed] bg:false pid:18021 uid:11189 ComponentInfo{cn.carbs.wricheditor/cn.carbs.wricheditor.TestLibActivity}
07-07 13:31:45.376 E/DollieAdapterService( 2840): notifyActivityState pkg:cn.carbs.wricheditor/cn.carbs.wricheditor.TestLibActivity state:2 fg:true mUid:11189
07-07 13:31:45.378 I/OPCollectLog( 2784): AppChangeImpl:call onAppChange.
07-07 13:31:45.378 I/OPCollectLog( 2784): HwForegroundAppAction:handleMessage 
07-07 13:31:45.378 D/OPCollectLog( 2784): HwForegroundAppAction:FG executeWithArgs
07-07 13:31:45.378 I/OPCollectLog( 2784): OPCollectUtils:ODMF Api Version:2.14.1
07-07 13:31:45.378 I/OPCollectLog( 2784): Action:HwForegroundAppAction executed successfully
07-07 13:31:45.378 D/OPCollectLog( 2784): OdmfCollectScheduler:handleMessage msg: 4
07-07 13:31:45.378 I/OPCollectLog( 2784): OdmfHelper:opcollectCache 1
07-07 13:31:45.378 I/OPCollectLog( 2784): OdmfHelper:opcollectCache curTime: 1937487519, interval: 958
07-07 13:31:45.378 I/OPCollectLog( 2784): OdmfHelper:isCharging: true
07-07 13:31:45.379 D/HiTouch_PressGestureDetector(18021): onAttached, package=cn.carbs.wricheditor, windowType=1, mHiTouchRestricted=false
07-07 13:31:45.380 I/OPCollectLog( 2784): OdmfHelper:insert database success 
07-07 13:31:45.380 I/OPCollectLog( 2784): OdmfHelper:opcollectCache size: 1
07-07 13:31:45.380 I/OPCollectLog( 2784): OdmfHelper:opcollectCache lastTime: 1937487521
07-07 13:31:45.384 D/ZrHung.AppEyeFocusWindow( 1429): FocusWindowErrorScene cancelCheckFreezeScreen
07-07 13:31:45.384 D/ZrHung.AppEyeTransparentWindow( 1429): TransparentWindow mHungConfigStatus = 0,mHungConfigEnable = 1
07-07 13:31:45.384 I/StatusBarDisable( 1429): setFlags what=0 which=1 pkg=Window{a551971 u0 cn.carbs.wricheditor/cn.carbs.wricheditor.TestLibActivity}
07-07 13:31:45.385 D/mali_winsys(18021): EGLint new_window_surface(egl_winsys_display *, void *, EGLSurface, EGLConfig, egl_winsys_surface **, EGLBoolean) returns 0x3000
07-07 13:31:45.390 I/GRALLOC (  657): getCallingPid=696, shrFd=11,fmt=0x1,intFmt=0x200000001,btStrd=4352,size=10399744,pid=657 
07-07 13:31:45.390 I/GRALLOC (  657): 	 yuv=2,w=1080,h=2340,Stride u=0 v=0,offset u=0 v=0 
07-07 13:31:45.390 I/GRALLOC (  657): 	 iova_size=10399744,conUsg=0xb00,proUsg=0xb00,	 strd=1088,[afbc]HdrStrd=1088 PyldStrd=69632 Scrmbl=2,ionhnd = 0 
07-07 13:31:45.396 I/GRALLOC (  657): getCallingPid=696, shrFd=11,fmt=0x1,intFmt=0x200000001,btStrd=4352,size=10399744,pid=657 
07-07 13:31:45.396 I/GRALLOC (  657): 	 yuv=2,w=1080,h=2340,Stride u=0 v=0,offset u=0 v=0 
07-07 13:31:45.396 I/GRALLOC (  657): 	 iova_size=10399744,conUsg=0xb00,proUsg=0xb00,	 strd=1088,[afbc]HdrStrd=1088 PyldStrd=69632 Scrmbl=2,ionhnd = 0 
07-07 13:31:45.402 I/GRALLOC (  657): getCallingPid=696, shrFd=11,fmt=0x1,intFmt=0x200000001,btStrd=4352,size=10399744,pid=657 
07-07 13:31:45.402 I/GRALLOC (  657): 	 yuv=2,w=1080,h=2340,Stride u=0 v=0,offset u=0 v=0 
07-07 13:31:45.402 I/GRALLOC (  657): 	 iova_size=10399744,conUsg=0xb00,proUsg=0xb00,	 strd=1088,[afbc]HdrStrd=1088 PyldStrd=69632 Scrmbl=2,ionhnd = 0 
07-07 13:31:45.404 D/OpenGLRenderer(18021): disableOutlineDraw is true
07-07 13:31:45.404 I/HwWindowManagerServiceEx( 1429): closing apps count = 1
07-07 13:31:45.405 D/HwWindowManagerServiceEx( 1429): is app exit to launcher info: transit = 6, app = AppWindowToken{a30486d token=Token{a5015f3 ActivityRecord{a223209 u0 cn.carbs.wricheditor/.MainActivity t889}}}, window = Window{a5518e1 u0 cn.carbs.wricheditor/cn.carbs.wricheditor.MainActivity}, mClosingApps = {AppWindowToken{a30486d token=Token{a5015f3 ActivityRecord{a223209 u0 cn.carbs.wricheditor/.MainActivity t889}}}}, topOpeningApp = AppWindowToken{a3e8d03 token=Token{a51030d ActivityRecord{a4a0321 u0 cn.carbs.wricheditor/.TestLibActivity t889}}}, mExitIconBitmap = null, mExitIconHeight = -1, mExitIconWidth = -1
07-07 13:31:45.405 E/WindowManager( 1429): icon is null!!
07-07 13:31:45.407 D/HwWindowManagerServiceEx( 1429): is app exit to launcher info: transit = 6, app = AppWindowToken{a3e8d03 token=Token{a51030d ActivityRecord{a4a0321 u0 cn.carbs.wricheditor/.TestLibActivity t889}}}, window = Window{a551971 u0 cn.carbs.wricheditor/cn.carbs.wricheditor.TestLibActivity}, mClosingApps = {AppWindowToken{a30486d token=Token{a5015f3 ActivityRecord{a223209 u0 cn.carbs.wricheditor/.MainActivity t889}}}}, topOpeningApp = AppWindowToken{a3e8d03 token=Token{a51030d ActivityRecord{a4a0321 u0 cn.carbs.wricheditor/.TestLibActivity t889}}}, mExitIconBitmap = null, mExitIconHeight = -1, mExitIconWidth = -1
07-07 13:31:45.407 E/WindowManager( 1429): icon is null!!
07-07 13:31:45.420 D/ScreemCommon(  921): <LOGMGR> <complete_pm> [Entry]
07-07 13:31:45.422 I/HwPacketFilterBypass( 2840): isBypassAllowed not allowed reason: DATA_OFF
07-07 13:31:45.422 I/HwPacketFilterBypass( 2840): kernelAddTrackUid uid:11189 allowed:false
07-07 13:31:45.478 D/ScreemCommon(  921): <LOGMGR> <complete_pm> [Entry]
07-07 13:31:45.609 D/AwareLog(  877): iawared: WorkingsetProcessCommand subCmd = 351, userId=11189, pid=18021, cn.carbs.wricheditor/.TestLibActivity
07-07 13:31:45.609 D/AwareLog(  877): iawared: WorkingsetPause cn.carbs.wricheditor/.TestLibActivity
07-07 13:31:45.668 I/        (  852): [Promm]ReadAheadEnd: ReadAheadEnd, uid = 11189
07-07 13:31:45.668 I/        (  852): [Promm]ReadAheadCheckResult: res 1: study no file.
07-07 13:31:45.681 I/Pged-IPgedBinderService(  877): ****action is 2, pid num is 4***
07-07 13:31:45.681 I/Pged-Freezer(  877): thawPids
07-07 13:31:45.682 D/PgedBinderAdapter( 2895): unF_Z ok, pid: [28656, 8037, 6056]
07-07 13:31:45.734 I/netd    (  635): trafficSwapActiveStatsMap() <14.25ms>
07-07 13:31:45.761 E/WificondControl( 1429): Noise: 0, Snr: -83, Chload: 60
07-07 13:31:45.762 E/BufferQueueProducer(  696): [cn.carbs.wricheditor/cn.carbs.wricheditor.MainActivity#0]:1338: disconnect: not connected (req=1)
07-07 13:31:45.762 W/libEGL  (18021): EGLNativeWindowType 0x7243420f50 disconnect failed
07-07 13:31:45.765 D/WiFi_PRO( 1429): MSG_RETURN_AP_CURRY_RSSI rssi = -62
07-07 13:31:45.765 I/QosMonitor( 1429): queryRtt: rttType = 3
07-07 13:31:45.765 I/HwWifiProServiceProxy( 1429): ctrlHwWifiNetwork pkgName: WIFIPRO_SERVICE interfaceId: 8
07-07 13:31:45.765 I/HwUidTcpMonitor( 1429): TcpStatisticsRun run
07-07 13:31:45.765 I/QosMonitor( 1429): postEventFromNative: msg=100,arg1=4,arg2=10
07-07 13:31:45.766 I/HwWifiProServiceProxy( 1429): ctrlHwWifiNetwork pkgName: WIFIPRO_SERVICE interfaceId: 79
07-07 13:31:45.766 I/HwWifiProServiceProxy( 1429): TcpStatisticsRun run
07-07 13:31:45.776 V/WindowManager( 1429): notifyAppStopped: AppWindowToken{a30486d token=Token{a5015f3 ActivityRecord{a223209 u0 cn.carbs.wricheditor/.MainActivity t889}}}
07-07 13:31:45.776 E/WindowManager( 1429): win=Window{a5518e1 u0 cn.carbs.wricheditor/cn.carbs.wricheditor.MainActivity} destroySurfaces: appStopped=true win.mWindowRemovalAllowed=false win.mRemoveOnExit=false
07-07 13:31:45.787 D/ScreemCommon(  921): <LOGMGR> <SceneEnd> [Entry]
07-07 13:31:45.787 D/ScreemCommon(  921): <LOGMGR> <SceneEnd> [scene status ok,status:1 lastId:492305867]
07-07 13:31:45.804 D/ScreemCommon(  921): <LOGMGR> <complete_pm> [Entry]
07-07 13:31:45.804 D/ScreemCommon(  921): <LOGMGR> <SceneClose> [Entry]
07-07 13:31:45.804 D/ScreemCommon(  921): <LOGMGR> <SceneClose> [scene status ok,status:2 lastId:492305867]
07-07 13:31:45.900 I/TrafficMonitor( 1429): update:rxPkts:0,txPkts:0,rxBytes:0,txBytes:0
07-07 13:31:45.900 I/TrafficMonitor( 1429): start expired. level:-1
07-07 13:31:45.900 I/TrafficMonitor( 1429): gettimer:interval=2000
07-07 13:31:45.915 W/IptablesRestoreController(  635): iptables-restore process 17912 terminated status=15
07-07 13:31:45.916 W/IptablesRestoreController(  635): iptables-restore process 17913 terminated status=15
07-07 13:31:46.031 E/WifiHAL (  690): enter wifi_get_link_stats
07-07 13:31:46.033 E/WificondControl( 1429): Noise: 0, Snr: -83, Chload: 60
07-07 13:31:46.036 V/HwWifiServiceFactory( 1429): get AllImpl object = com.android.server.wifi.HwWifiServiceFactoryImpl@a22847d
07-07 13:31:46.042 D/TelephonyManager( 1429): getAllCellInfo calling app is android
07-07 13:31:46.043 W/PhoneInterfaceManager( 2908): shouldBlockLocation running ...
07-07 13:31:46.043 I/PhoneInterfaceManager( 2908): shouldBlockLocation  ret:false
07-07 13:31:46.418 I/ThermalTraceService( 2895): code:1, appInfo:cn.carbs.wricheditor#10000, levelInfo:0,warm_bschg_cpu,1
07-07 13:31:46.423 D/ConnCureStateMonitor( 2840): handleMessage: msg[4]
07-07 13:31:46.425 D/ConnCureStateMonitor( 2840): canPerformConnCure: network is not in service.
07-07 13:31:46.799 I/aptouch_daemon( 2788): filter_touch_detect, down, in: 1, out: 1
07-07 13:31:46.800 D/libfingersense_wrapper( 1429): Calling fingersense_classify_touch()
07-07 13:31:46.806 D/libfingersense_wrapper( 1429): fingersense_classify_touch() finished
07-07 13:31:46.809 W/Settings(18021): Setting device_provisioned has moved from android.provider.Settings.Secure to android.provider.Settings.Global.
07-07 13:31:46.809 V/HiTouch_HiTouchSensor(18021): User setup is finished.
07-07 13:31:46.878 I/aptouch_daemon( 2788): filter_touch_detect, all_touch_up
07-07 13:31:46.895 V/AudioManager(18021): querySoundEffectsEnabled...
07-07 13:31:46.903 E/vendor.huawei.hardware.hwvibrator@1.1-service(  681): CheckHaptics: not support haptic effect
07-07 13:31:46.903 I/HwInnerVibratorService( 1429): isSupportHwVibrator type:haptic.control.text_edit, isSupport:-1
07-07 13:31:46.904 I/HwInnerVibratorService( 1429): isSupportHwVibrator type:haptic.control.text_choose_cursor_move, isSupport:-1
07-07 13:31:46.904 E/vendor.huawei.hardware.hwvibrator@1.1-service(  681): CheckHaptics: not support haptic effect
07-07 13:31:46.905 D/qqq     (18021): editor onSelectionChanged selStart : 0 selEnd : 0
07-07 13:31:46.906 D/qqq     (18021): getEditableText().length() : 0  isCursorAutoChange : true
07-07 13:31:46.916 D/fff     (18021): editor onTextChanged text :  start : 0 lengthBefore : 0 lengthAfter : 0
07-07 13:31:46.916 D/ppp     (18021): scroll addRichCell
07-07 13:31:46.916 D/ppp     (18021): editor setWRichEditorView mWRichEditorView == null ? false
07-07 13:31:46.954 I/aptouch_daemon( 2788): filter_touch_detect, down, in: 1, out: 1
07-07 13:31:46.954 D/libfingersense_wrapper( 1429): Calling fingersense_classify_touch()
07-07 13:31:46.957 D/libfingersense_wrapper( 1429): fingersense_classify_touch() finished
07-07 13:31:46.959 D/KnockGestureDetector( 1429): onAnyTouchEvent current appFilter=0
07-07 13:31:47.026 I/aptouch_daemon( 2788): filter_touch_detect, all_touch_up
07-07 13:31:47.045 V/AudioManager(18021): querySoundEffectsEnabled...
07-07 13:31:47.048 D/qqq     (18021): editor onSelectionChanged selStart : 0 selEnd : 0
07-07 13:31:47.049 D/qqq     (18021): getEditableText().length() : 0  isCursorAutoChange : true
07-07 13:31:47.049 D/fff     (18021): editor onTextChanged text :  start : 0 lengthBefore : 0 lengthAfter : 0
07-07 13:31:47.049 D/ppp     (18021): scroll addRichCell
07-07 13:31:47.049 D/ppp     (18021): editor setWRichEditorView mWRichEditorView == null ? false
07-07 13:31:47.086 I/aptouch_daemon( 2788): filter_touch_detect, down, in: 1, out: 1
07-07 13:31:47.087 D/libfingersense_wrapper( 1429): Calling fingersense_classify_touch()
07-07 13:31:47.089 D/libfingersense_wrapper( 1429): fingersense_classify_touch() finished
07-07 13:31:47.090 D/KnockGestureDetector( 1429): onAnyTouchEvent current appFilter=0
07-07 13:31:47.167 I/aptouch_daemon( 2788): filter_touch_detect, all_touch_up
07-07 13:31:47.179 V/AudioManager(18021): querySoundEffectsEnabled...
07-07 13:31:47.182 D/qqq     (18021): editor onSelectionChanged selStart : 0 selEnd : 0
07-07 13:31:47.182 D/qqq     (18021): getEditableText().length() : 0  isCursorAutoChange : true
07-07 13:31:47.183 D/fff     (18021): editor onTextChanged text :  start : 0 lengthBefore : 0 lengthAfter : 0
07-07 13:31:47.183 D/ppp     (18021): scroll addRichCell
07-07 13:31:47.183 D/ppp     (18021): editor setWRichEditorView mWRichEditorView == null ? false
07-07 13:31:47.189 D/HwConnectivityServiceEx( 1429): set cache by key is 10194 interfaceName iswlan0 value is true
07-07 13:31:47.189 D/ConnectivityService( 1429): Network is BLOCKED, uid = 10194
07-07 13:31:47.226 I/aptouch_daemon( 2788): filter_touch_detect, down, in: 1, out: 1
07-07 13:31:47.227 D/libfingersense_wrapper( 1429): Calling fingersense_classify_touch()
07-07 13:31:47.230 D/libfingersense_wrapper( 1429): fingersense_classify_touch() finished
07-07 13:31:47.231 D/KnockGestureDetector( 1429): onAnyTouchEvent current appFilter=0
07-07 13:31:47.292 I/aptouch_daemon( 2788): filter_touch_detect, all_touch_up
07-07 13:31:47.301 I/HiBoard_11.0.2.306_LauncherOverlayService(16138): onUnbind
07-07 13:31:47.301 I/HiBoard_11.0.2.306_ReportHelper(16138): reportHiBoardBindDuration duration: 3098, onBindTime: 1594099904203, onUnbindTime: 1594099907301
07-07 13:31:47.301 I/HiBoard_11.0.2.306_SettingsUtil(16138): isAgreeProtocolBefore:true
07-07 13:31:47.301 I/HiBoard_11.0.2.306_ReportHelper(16138): reportCommonEvent ,string eventId:3030 type: 2
07-07 13:31:47.303 I/HiBoard_11.0.2.306_LauncherOverlayService(16138): onDestroy
07-07 13:31:47.312 V/AudioManager(18021): querySoundEffectsEnabled...
07-07 13:31:47.315 D/qqq     (18021): editor onSelectionChanged selStart : 0 selEnd : 0
07-07 13:31:47.315 D/qqq     (18021): getEditableText().length() : 0  isCursorAutoChange : true
07-07 13:31:47.316 D/fff     (18021): editor onTextChanged text :  start : 0 lengthBefore : 0 lengthAfter : 0
07-07 13:31:47.316 D/ppp     (18021): scroll addRichCell
07-07 13:31:47.316 D/ppp     (18021): editor setWRichEditorView mWRichEditorView == null ? false
07-07 13:31:47.376 I/aptouch_daemon( 2788): filter_touch_detect, down, in: 1, out: 1
07-07 13:31:47.377 D/libfingersense_wrapper( 1429): Calling fingersense_classify_touch()
07-07 13:31:47.380 D/libfingersense_wrapper( 1429): fingersense_classify_touch() finished
07-07 13:31:47.381 D/KnockGestureDetector( 1429): onAnyTouchEvent current appFilter=0
07-07 13:31:47.433 I/aptouch_daemon( 2788): filter_touch_detect, all_touch_up
07-07 13:31:47.444 V/AudioManager(18021): querySoundEffectsEnabled...
07-07 13:31:47.447 D/qqq     (18021): editor onSelectionChanged selStart : 0 selEnd : 0
07-07 13:31:47.447 D/qqq     (18021): getEditableText().length() : 0  isCursorAutoChange : true
07-07 13:31:47.448 D/fff     (18021): editor onTextChanged text :  start : 0 lengthBefore : 0 lengthAfter : 0
07-07 13:31:47.448 D/ppp     (18021): scroll addRichCell
07-07 13:31:47.448 D/ppp     (18021): editor setWRichEditorView mWRichEditorView == null ? false
07-07 13:31:47.509 I/aptouch_daemon( 2788): filter_touch_detect, down, in: 1, out: 1
07-07 13:31:47.510 D/libfingersense_wrapper( 1429): Calling fingersense_classify_touch()
07-07 13:31:47.513 D/libfingersense_wrapper( 1429): fingersense_classify_touch() finished
07-07 13:31:47.514 D/KnockGestureDetector( 1429): onAnyTouchEvent current appFilter=0
07-07 13:31:47.583 I/aptouch_daemon( 2788): filter_touch_detect, all_touch_up
07-07 13:31:47.595 V/AudioManager(18021): querySoundEffectsEnabled...
07-07 13:31:47.598 D/qqq     (18021): editor onSelectionChanged selStart : 0 selEnd : 0
07-07 13:31:47.599 D/qqq     (18021): getEditableText().length() : 0  isCursorAutoChange : true
07-07 13:31:47.599 D/fff     (18021): editor onTextChanged text :  start : 0 lengthBefore : 0 lengthAfter : 0
07-07 13:31:47.599 D/ppp     (18021): scroll addRichCell
07-07 13:31:47.600 D/ppp     (18021): editor setWRichEditorView mWRichEditorView == null ? false
07-07 13:31:47.842 I/aptouch_daemon( 2788): filter_touch_detect, down, in: 1, out: 1
07-07 13:31:47.843 D/libfingersense_wrapper( 1429): Calling fingersense_classify_touch()
07-07 13:31:47.845 D/libfingersense_wrapper( 1429): fingersense_classify_touch() finished
07-07 13:31:47.848 D/KnockGestureDetector( 1429): onAnyTouchEvent current appFilter=0
07-07 13:31:47.899 I/aptouch_daemon( 2788): filter_touch_detect, all_touch_up
07-07 13:31:47.902 D/HwAutofillHelper(18021): recordCurrentInfo:0
07-07 13:31:47.902 D/HwAutofillHelper(18021): inputType = 131073
07-07 13:31:47.903 I/TrafficMonitor( 1429): update:rxPkts:0,txPkts:0,rxBytes:0,txBytes:0
07-07 13:31:47.903 I/TrafficMonitor( 1429): start expired. level:-1
07-07 13:31:47.903 I/TrafficMonitor( 1429): gettimer:interval=2000
07-07 13:31:47.905 D/fff     (18021): editor onFocusChanged focused : true direction : 130
07-07 13:31:47.905 D/eee     (18021): onEditorFocusChanged focused : true
07-07 13:31:47.909 D/HwSecImmHelper( 1429): isPasswordInputType = false, inputType = 131073
07-07 13:31:47.916 I/netd    (  635): firewallSetUidRule(2, 10194, 1) <0.03ms>
07-07 13:31:47.916 I/NetworkPolicy( 1429): upPwResUL:10194,idle:1,resPw:0,dIdle:0,fg=1,white=0,old=64,new=32,newUid=32,oldUid=64,resBg=0
07-07 13:31:47.920 I/AssistStructure(18021): Flattened final assist data: 3020 bytes, containing 1 windows, 18 views
07-07 13:31:47.922 D/HwConnectivityServiceEx( 1429): set cache by key is 10194 interfaceName iswlan0 value is false
07-07 13:31:47.922 D/ConnectivityService( 1429): Returning UNBLOCKED NetworkInfo to uid=10194
07-07 13:31:47.923 V/RemoteFillService( 1429): ensureBound()
07-07 13:31:47.929 D/HwKeychain(17941): HwAutofillService:hasLockPassword: true
07-07 13:31:47.930 D/HwKeychain(17941): UserUtility:userid:0;0
07-07 13:31:47.930 D/HwKeychain(17941): HwAutofillService:isMainUser: true
07-07 13:31:47.930 D/HwSecurityService( 1429): find this Resident Plugin
07-07 13:31:47.931 I/HISEC   (  680): [SOCKETC   ] client >> cmd 2002, key 8, detail 0, history 0
07-07 13:31:47.931 W/DevicePolicyManager( 1429): Package com.sohu.inputmethod.sogou (uid=10194, pid=7479) cannot access Device IDs
07-07 13:31:47.931 I/HISEC   (  680): [SOCKETC   ] client << len 6, ret 0
07-07 13:31:47.931 D/HwKeychain(17941): HwAutofillService:isRoot: false
07-07 13:31:47.931 I/HwKeychain(17941): HwAutofillService:onFillRequest: package name: cn.carbs.wricheditor
07-07 13:31:47.932 W/TelephonyPermissions( 2908): reportAccessDeniedToReadIdentifiers:com.sohu.inputmethod.sogou:getSubscriberId:isPreinstalled=false:isPrivApp=false
07-07 13:31:47.932 I/AssistStructure( 1429): Flattened final assist data: 2496 bytes, containing 1 windows, 18 views
07-07 13:31:47.932 D/HwKeychain(17941): AssistStructureUtility:handle viewnode = android.app.assist.AssistStructure$ViewNode@9f75dc5*********
07-07 13:31:47.932 D/HwKeychain(17941): AssistStructureUtility:inputtype = 131073
07-07 13:31:47.932 D/HwKeychain(17941): AssistStructureUtility:hint = null
07-07 13:31:47.932 D/HwKeychain(17941): AssistStructureUtility:id = null
07-07 13:31:47.932 D/HwKeychain(17941): AssistStructureUtility:handle viewnode = android.app.assist.AssistStructure$ViewNode@843231a*********
07-07 13:31:47.932 D/HwKeychain(17941): AssistStructureUtility:inputtype = 131073
07-07 13:31:47.932 D/HwKeychain(17941): AssistStructureUtility:hint = null
07-07 13:31:47.932 D/HwKeychain(17941): AssistStructureUtility:id = null
07-07 13:31:47.932 D/HwKeychain(17941): AssistStructureUtility:handle viewnode = android.app.assist.AssistStructure$ViewNode@9640e4b*********
07-07 13:31:47.932 D/HwKeychain(17941): AssistStructureUtility:inputtype = 131073
07-07 13:31:47.932 D/HwKeychain(17941): AssistStructureUtility:hint = null
07-07 13:31:47.932 D/HwKeychain(17941): AssistStructureUtility:id = null
07-07 13:31:47.932 D/HwKeychain(17941): AssistStructureUtility:handle viewnode = android.app.assist.AssistStructure$ViewNode@4f72028*********
07-07 13:31:47.932 D/HwKeychain(17941): AssistStructureUtility:inputtype = 131073
07-07 13:31:47.932 D/HwKeychain(17941): AssistStructureUtility:hint = null
07-07 13:31:47.932 D/HwKeychain(17941): AssistStructureUtility:id = null
07-07 13:31:47.932 D/HwKeychain(17941): AssistStructureUtility:handle viewnode = android.app.assist.AssistStructure$ViewNode@ff51141*********
07-07 13:31:47.932 D/HwKeychain(17941): AssistStructureUtility:inputtype = 131073
07-07 13:31:47.932 D/HwKeychain(17941): AssistStructureUtility:hint = null
07-07 13:31:47.932 D/HwKeychain(17941): AssistStructureUtility:id = null
07-07 13:31:47.932 D/HwKeychain(17941): AssistStructureUtility:handle viewnode = android.app.assist.AssistStructure$ViewNode@fe056e6*********
07-07 13:31:47.936 W/ActivityManager( 1429): Sending non-protected broadcast huawei.action.floattasks.IME_WINDOW_STATE_CHANGED from system 2486:com.android.systemui/u0a42 pkg com.android.systemui
07-07 13:31:47.937 D/HwKeychain(17941): AssistStructureUtility:inputtype = 131073
07-07 13:31:47.937 D/HwKeychain(17941): AssistStructureUtility:hint = null
07-07 13:31:47.937 D/HwKeychain(17941): AssistStructureUtility:id = null
07-07 13:31:47.937 D/HwKeychain(17941): HwAutofillService:onFillRequest:dict is invalid
07-07 13:31:47.937 I/StatusBar/NavBarView( 2486): updateNavButtonIcons (b/113914868): home disabled=false mDisabledFlags=0
07-07 13:31:47.937 I/PGServer( 2895): report state:10005 event type:1 pid:0 uid:0 pkg:null to pid: 2895
07-07 13:31:47.937 W/system_server( 1429): resources.arsc in APK '/data/app/com.sohu.inputmethod.sogou-JRnML-orRvlAJkoxHV0bcg==/base.apk' is compressed.
07-07 13:31:47.938 I/PGServer( 2895): report state:10005 event type:1 pid:0 uid:0 pkg:null to pid: 1429
07-07 13:31:47.948 I/HwInputMethodManagerServiceEx( 1429): NaviBar defValue = 1
07-07 13:31:47.948 I/HwInputMethodManagerServiceEx( 1429): --- show navigation bar status: isEnableNavBar = true ,isGestureNavigation = false
07-07 13:31:47.949 I/HwInputMethodManagerServiceEx( 1429): NaviBar defValue = 1
07-07 13:31:47.949 I/HwInputMethodManagerServiceEx( 1429): --- show navigation bar status: isEnableNavBar = true ,isGestureNavigation = false
07-07 13:31:47.954 D/mali_winsys( 7479): EGLint new_window_surface(egl_winsys_display *, void *, EGLSurface, EGLConfig, egl_winsys_surface **, EGLBoolean) returns 0x3000
07-07 13:31:47.954 I/WindowManager( 1429): navColorWin was set to default navbar color so should add SYSTEM_UI_FLAG_LIGHT_NAVIGATION_BAR 8018
07-07 13:31:47.954 I/StatusBarDisable( 1429): setFlags what=0 which=1 pkg=Window{a551971 u0 cn.carbs.wricheditor/cn.carbs.wricheditor.TestLibActivity}
07-07 13:31:47.961 I/GRALLOC (  657): getCallingPid=696, shrFd=11,fmt=0x1,intFmt=0x200000001,btStrd=4352,size=10043392,pid=657 
07-07 13:31:47.961 I/GRALLOC (  657): 	 yuv=2,w=1080,h=2268,Stride u=0 v=0,offset u=0 v=0 
07-07 13:31:47.961 I/GRALLOC (  657): 	 iova_size=10043392,conUsg=0xb00,proUsg=0xb00,	 strd=1088,[afbc]HdrStrd=1088 PyldStrd=69632 Scrmbl=2,ionhnd = 0 
07-07 13:31:47.968 I/GRALLOC (  657): getCallingPid=696, shrFd=11,fmt=0x1,intFmt=0x200000001,btStrd=4352,size=10043392,pid=657 
07-07 13:31:47.968 I/GRALLOC (  657): 	 yuv=2,w=1080,h=2268,Stride u=0 v=0,offset u=0 v=0 
07-07 13:31:47.968 I/GRALLOC (  657): 	 iova_size=10043392,conUsg=0xb00,proUsg=0xb00,	 strd=1088,[afbc]HdrStrd=1088 PyldStrd=69632 Scrmbl=2,ionhnd = 0 
07-07 13:31:47.968 I/HwViewRootImpl( 7479): removeInvalidNode all the node in jank list is out of time
07-07 13:31:47.970 I/WindowManager( 1429): navColorWin was set to default navbar color so should add SYSTEM_UI_FLAG_LIGHT_NAVIGATION_BAR 8018
07-07 13:31:47.975 I/GRALLOC (  657): getCallingPid=696, shrFd=11,fmt=0x1,intFmt=0x200000001,btStrd=4352,size=10043392,pid=657 
07-07 13:31:47.975 I/GRALLOC (  657): 	 yuv=2,w=1080,h=2268,Stride u=0 v=0,offset u=0 v=0 
07-07 13:31:47.975 I/GRALLOC (  657): 	 iova_size=10043392,conUsg=0xb00,proUsg=0xb00,	 strd=1088,[afbc]HdrStrd=1088 PyldStrd=69632 Scrmbl=2,ionhnd = 0 
07-07 13:31:47.975 I/WindowManager( 1429): navColorWin was set to default navbar color so should add SYSTEM_UI_FLAG_LIGHT_NAVIGATION_BAR 8018
07-07 13:31:47.979 I/WindowManager( 1429): navColorWin was set to default navbar color so should add SYSTEM_UI_FLAG_LIGHT_NAVIGATION_BAR 8018
07-07 13:31:48.077 I/WindowManager( 1429): navColorWin was set to default navbar color so should add SYSTEM_UI_FLAG_LIGHT_NAVIGATION_BAR 8018
07-07 13:31:48.267 W/migration/7(   53): type=1400 audit(0.0:11321018): avc: granted { setsched } for pid=53 scontext=u:r:kernel:s0 tcontext=u:r:kernel:s0 tclass=process
07-07 13:31:48.267 W/migration/6(   47): type=1400 audit(0.0:11321019): avc: granted { setsched } for pid=47 scontext=u:r:kernel:s0 tcontext=u:r:kernel:s0 tclass=process
07-07 13:31:48.409 D/AwareLog(  877): iawared: WorkingsetProcessCommand subCmd = 357, userId=11189, pid=18021, cn.carbs.wricheditor/.TestLibActivity
07-07 13:31:48.409 D/AwareLog(  877): iawared: WorkingsetPauseCollect cn.carbs.wricheditor/.TestLibActivity
07-07 13:31:48.582 I/aptouch_daemon( 2788): filter_touch_detect, down, in: 1, out: 1
07-07 13:31:48.583 D/libfingersense_wrapper( 1429): Calling fingersense_classify_touch()
07-07 13:31:48.586 D/libfingersense_wrapper( 1429): fingersense_classify_touch() finished
07-07 13:31:48.589 W/uniperf server(  682): uniPerfEvent doParse failed, cmdId=13120
07-07 13:31:48.589 D/uniperf hal(  682): do uniPerfEvent failed, cmdId=13120, ret=2
07-07 13:31:48.654 I/aptouch_daemon( 2788): filter_touch_detect, all_touch_up
07-07 13:31:48.093 I/WindowManager( 1429): navColorWin was set to default navbar color so should add SYSTEM_UI_FLAG_LIGHT_NAVIGATION_BAR 8018
07-07 13:31:48.661 I/WindowManager( 1429): navColorWin was set to default navbar color so should add SYSTEM_UI_FLAG_LIGHT_NAVIGATION_BAR 8018
07-07 13:31:48.700 I/        (  840): [GC] Start force
07-07 13:31:48.701 D/        (  840): non-recursive thread list lock level=16 rec=0 owner=0 
07-07 13:31:48.709 D/        (  840): non-recursive thread list lock level=16 rec=0 owner=0 
07-07 13:31:48.712 I/        (  840): Force GC finished
07-07 13:31:48.713 I/        (  840):  GC for force: sync: collected objects: 0(0B), 91.3433% utilization (3MiB/3MiB), max pause: 147us, total pause: 201us, total GC time: 12ms
07-07 13:31:48.722 I/aptouch_daemon( 2788): filter_touch_detect, down, in: 1, out: 1
07-07 13:31:48.722 D/libfingersense_wrapper( 1429): Calling fingersense_classify_touch()
07-07 13:31:48.725 D/libfingersense_wrapper( 1429): fingersense_classify_touch() finished
07-07 13:31:48.726 W/uniperf server(  682): uniPerfEvent doParse failed, cmdId=13120
07-07 13:31:48.726 D/uniperf hal(  682): do uniPerfEvent failed, cmdId=13120, ret=2
07-07 13:31:48.727 D/KnockGestureDetector( 1429): onAnyTouchEvent current appFilter=0
07-07 13:31:48.779 I/aptouch_daemon( 2788): filter_touch_detect, all_touch_up
07-07 13:31:48.794 E/HwModemCapability( 2908): isCapabilitySupport java.lang.StringIndexOutOfBoundsException: length=7; index=7
07-07 13:31:48.797 E/HwModemCapability( 1429): isCapabilitySupport java.lang.StringIndexOutOfBoundsException: unknown reason
07-07 13:31:48.855 I/aptouch_daemon( 2788): filter_touch_detect, down, in: 1, out: 1
07-07 13:31:48.855 D/libfingersense_wrapper( 1429): Calling fingersense_classify_touch()
07-07 13:31:48.858 D/libfingersense_wrapper( 1429): fingersense_classify_touch() finished
07-07 13:31:48.860 W/uniperf server(  682): uniPerfEvent doParse failed, cmdId=13120
07-07 13:31:48.860 D/uniperf hal(  682): do uniPerfEvent failed, cmdId=13120, ret=2
07-07 13:31:48.861 D/KnockGestureDetector( 1429): onAnyTouchEvent current appFilter=0
07-07 13:31:48.937 I/aptouch_daemon( 2788): filter_touch_detect, all_touch_up
07-07 13:31:49.046 E/WifiHAL (  690): enter wifi_get_link_stats
07-07 13:31:49.055 E/WificondControl( 1429): Noise: 0, Snr: -83, Chload: 61
07-07 13:31:49.057 V/HwWifiServiceFactory( 1429): get AllImpl object = com.android.server.wifi.HwWifiServiceFactoryImpl@a22847d
07-07 13:31:49.060 D/TelephonyManager( 1429): getAllCellInfo calling app is android
07-07 13:31:49.060 W/PhoneInterfaceManager( 2908): shouldBlockLocation running ...
07-07 13:31:49.060 I/PhoneInterfaceManager( 2908): shouldBlockLocation  ret:false
07-07 13:31:49.104 I/aptouch_daemon( 2788): filter_touch_detect, down, in: 1, out: 1
07-07 13:31:49.105 D/libfingersense_wrapper( 1429): Calling fingersense_classify_touch()
07-07 13:31:49.108 D/libfingersense_wrapper( 1429): fingersense_classify_touch() finished
07-07 13:31:49.109 W/uniperf server(  682): uniPerfEvent doParse failed, cmdId=13120
07-07 13:31:49.110 D/uniperf hal(  682): do uniPerfEvent failed, cmdId=13120, ret=2
07-07 13:31:49.110 D/KnockGestureDetector( 1429): onAnyTouchEvent current appFilter=0
07-07 13:31:48.794 I/chatty  ( 1429): uid=1000(system) Binder:1429_17 identical 1 line
07-07 13:31:48.944 I/WindowManager( 1429): navColorWin was set to default navbar color so should add SYSTEM_UI_FLAG_LIGHT_NAVIGATION_BAR 8018
07-07 13:31:49.144 I/WindowManager( 1429): navColorWin was set to default navbar color so should add SYSTEM_UI_FLAG_LIGHT_NAVIGATION_BAR 8018
07-07 13:31:49.178 I/aptouch_daemon( 2788): filter_touch_detect, all_touch_up
07-07 13:31:49.195 I/WindowManager( 1429): navColorWin was set to default navbar color so should add SYSTEM_UI_FLAG_LIGHT_NAVIGATION_BAR 8018
07-07 13:31:49.250 I/HwBatteryService( 1429): quick charge status : 0
07-07 13:31:49.250 D/HwBatteryService( 1429): onUEvent fcpStatus = 0
07-07 13:31:49.250 D/HwBatteryService( 1429): onUEvent scpStatus = 0 ,ovpStatus = 0
07-07 13:31:49.250 I/HwBatteryService( 1429): handleWirelessTxStatus
07-07 13:31:49.250 I/HwBatteryService( 1429): switch not open, return, mWirelessTxFlag : 0
07-07 13:31:49.250 W/HwBatteryService( 1429): need return. Invalid value: -1
07-07 13:31:49.250 D/HwBatteryService( 1429): setHwChargeTimeRemaining, time = -1 String time: -1
07-07 13:31:49.250 I/HwUsbDeviceManager( 1429): water_intrused state= 0
07-07 13:31:49.262 I/aptouch_daemon( 2788): filter_touch_detect, down, in: 1, out: 1
07-07 13:31:49.262 D/libfingersense_wrapper( 1429): Calling fingersense_classify_touch()
07-07 13:31:49.266 D/libfingersense_wrapper( 1429): fingersense_classify_touch() finished
07-07 13:31:49.266 W/uniperf server(  682): uniPerfEvent doParse failed, cmdId=13120
07-07 13:31:49.266 D/uniperf hal(  682): do uniPerfEvent failed, cmdId=13120, ret=2
07-07 13:31:49.267 D/KnockGestureDetector( 1429): onAnyTouchEvent current appFilter=0
07-07 13:31:49.331 I/AwareBitmapCacher(18021): init lrucache size: 2097152 pid=18021
07-07 13:31:49.344 I/aptouch_daemon( 2788): filter_touch_detect, all_touch_up
07-07 13:31:49.360 I/WindowManager( 1429): navColorWin was set to default navbar color so should add SYSTEM_UI_FLAG_LIGHT_NAVIGATION_BAR 8018
07-07 13:31:49.395 I/aptouch_daemon( 2788): filter_touch_detect, down, in: 1, out: 1
07-07 13:31:49.396 D/libfingersense_wrapper( 1429): Calling fingersense_classify_touch()
07-07 13:31:49.399 D/libfingersense_wrapper( 1429): fingersense_classify_touch() finished
07-07 13:31:49.400 W/uniperf server(  682): uniPerfEvent doParse failed, cmdId=13120
07-07 13:31:49.400 D/uniperf hal(  682): do uniPerfEvent failed, cmdId=13120, ret=2
07-07 13:31:49.400 D/KnockGestureDetector( 1429): onAnyTouchEvent current appFilter=0
07-07 13:31:49.478 I/aptouch_daemon( 2788): filter_touch_detect, all_touch_up
07-07 13:31:49.493 I/WindowManager( 1429): navColorWin was set to default navbar color so should add SYSTEM_UI_FLAG_LIGHT_NAVIGATION_BAR 8018
07-07 13:31:49.562 I/aptouch_daemon( 2788): filter_touch_detect, down, in: 1, out: 1
07-07 13:31:49.562 D/libfingersense_wrapper( 1429): Calling fingersense_classify_touch()
07-07 13:31:49.565 D/libfingersense_wrapper( 1429): fingersense_classify_touch() finished
07-07 13:31:49.566 W/uniperf server(  682): uniPerfEvent doParse failed, cmdId=13120
07-07 13:31:49.566 D/uniperf hal(  682): do uniPerfEvent failed, cmdId=13120, ret=2
07-07 13:31:49.567 D/KnockGestureDetector( 1429): onAnyTouchEvent current appFilter=0
07-07 13:31:49.619 I/aptouch_daemon( 2788): filter_touch_detect, all_touch_up
07-07 13:31:49.599 I/WindowManager( 1429): navColorWin was set to default navbar color so should add SYSTEM_UI_FLAG_LIGHT_NAVIGATION_BAR 8018
07-07 13:31:49.632 I/WindowManager( 1429): navColorWin was set to default navbar color so should add SYSTEM_UI_FLAG_LIGHT_NAVIGATION_BAR 8018
07-07 13:31:49.712 I/aptouch_daemon( 2788): filter_touch_detect, down, in: 1, out: 1
07-07 13:31:49.712 D/libfingersense_wrapper( 1429): Calling fingersense_classify_touch()
07-07 13:31:49.716 D/libfingersense_wrapper( 1429): fingersense_classify_touch() finished
07-07 13:31:49.716 W/uniperf server(  682): uniPerfEvent doParse failed, cmdId=13120
07-07 13:31:49.716 D/uniperf hal(  682): do uniPerfEvent failed, cmdId=13120, ret=2
07-07 13:31:49.718 D/KnockGestureDetector( 1429): onAnyTouchEvent current appFilter=0
07-07 13:31:49.769 I/aptouch_daemon( 2788): filter_touch_detect, all_touch_up
07-07 13:31:49.782 I/WindowManager( 1429): navColorWin was set to default navbar color so should add SYSTEM_UI_FLAG_LIGHT_NAVIGATION_BAR 8018
07-07 13:31:49.894 I/aptouch_daemon( 2788): filter_touch_detect, down, in: 1, out: 1
07-07 13:31:49.895 D/libfingersense_wrapper( 1429): Calling fingersense_classify_touch()
07-07 13:31:49.898 D/libfingersense_wrapper( 1429): fingersense_classify_touch() finished
07-07 13:31:49.898 W/uniperf server(  682): uniPerfEvent doParse failed, cmdId=13120
07-07 13:31:49.898 D/uniperf hal(  682): do uniPerfEvent failed, cmdId=13120, ret=2
07-07 13:31:49.899 D/KnockGestureDetector( 1429): onAnyTouchEvent current appFilter=0
07-07 13:31:49.906 I/TrafficMonitor( 1429): update:rxPkts:0,txPkts:0,rxBytes:0,txBytes:0
07-07 13:31:49.906 I/TrafficMonitor( 1429): start expired. level:-1
07-07 13:31:49.906 I/TrafficMonitor( 1429): gettimer:interval=5000
07-07 13:31:49.960 I/aptouch_daemon( 2788): filter_touch_detect, all_touch_up
07-07 13:31:50.044 I/aptouch_daemon( 2788): filter_touch_detect, down, in: 1, out: 1
07-07 13:31:50.045 D/libfingersense_wrapper( 1429): Calling fingersense_classify_touch()
07-07 13:31:50.047 D/libfingersense_wrapper( 1429): fingersense_classify_touch() finished
07-07 13:31:50.049 W/uniperf server(  682): uniPerfEvent doParse failed, cmdId=13120
07-07 13:31:50.049 D/uniperf hal(  682): do uniPerfEvent failed, cmdId=13120, ret=2
07-07 13:31:50.050 D/KnockGestureDetector( 1429): onAnyTouchEvent current appFilter=0
07-07 13:31:50.118 I/aptouch_daemon( 2788): filter_touch_detect, all_touch_up
07-07 13:31:50.147 W/migration/6(   47): type=1400 audit(0.0:11321020): avc: granted { setsched } for pid=47 scontext=u:r:kernel:s0 tcontext=u:r:kernel:s0 tclass=process
07-07 13:31:50.147 W/migration/7(   53): type=1400 audit(0.0:11321021): avc: granted { setsched } for pid=53 scontext=u:r:kernel:s0 tcontext=u:r:kernel:s0 tclass=process
07-07 13:31:50.267 W/migration/7(   53): type=1400 audit(0.0:11321022): avc: granted { setsched } for pid=53 scontext=u:r:kernel:s0 tcontext=u:r:kernel:s0 tclass=process
07-07 13:31:50.267 W/migration/6(   47): type=1400 audit(0.0:11321023): avc: granted { setsched } for pid=47 scontext=u:r:kernel:s0 tcontext=u:r:kernel:s0 tclass=process
07-07 13:31:50.385 I/aptouch_daemon( 2788): filter_touch_detect, down, in: 1, out: 1
07-07 13:31:50.386 D/libfingersense_wrapper( 1429): Calling fingersense_classify_touch()
07-07 13:31:50.389 D/libfingersense_wrapper( 1429): fingersense_classify_touch() finished
07-07 13:31:50.390 D/KnockGestureDetector( 1429): onAnyTouchEvent current appFilter=0
07-07 13:31:50.391 W/uniperf server(  682): uniPerfEvent doParse failed, cmdId=13120
07-07 13:31:50.391 D/uniperf hal(  682): do uniPerfEvent failed, cmdId=13120, ret=2
07-07 13:31:50.422 D/ZrHung.AppEyeTransparentWindow( 1429): handleMessage CHECK_TRANS_WINDOW_ERROR_MSG
07-07 13:31:50.459 I/aptouch_daemon( 2788): filter_touch_detect, all_touch_up
07-07 13:31:50.466 D/fff     (18021): editor onTextChanged text : 百事可乐 start : 0 lengthBefore : 0 lengthAfter : 4
07-07 13:31:50.467 D/qqq     (18021): editor onSelectionChanged selStart : 4 selEnd : 4
07-07 13:31:50.467 D/qqq     (18021): getEditableText().length() : 4  isCursorAutoChange : true
07-07 13:31:50.759 I/netd    (  635): trafficSwapActiveStatsMap() <14.34ms>
07-07 13:31:50.903 I/TrafficMonitor( 1429): expired arrive. level:-1
07-07 13:31:50.903 I/TrafficMonitor( 1429): during_ms:2003,period_ms:2000
07-07 13:31:50.903 I/TrafficMonitor( 1429): count:22,rx_sum:0,tx_sum:0,rxBytes:0,during_ms:2003,rx_speed:0.0,tx_speed:0.0,rto:0.0
07-07 13:31:50.986 I/aptouch_daemon( 2788): filter_touch_detect, down, in: 1, out: 1
07-07 13:31:50.986 D/libfingersense_wrapper( 1429): Calling fingersense_classify_touch()
07-07 13:31:50.990 D/libfingersense_wrapper( 1429): fingersense_classify_touch() finished
07-07 13:31:51.050 I/aptouch_daemon( 2788): filter_touch_detect, all_touch_up
07-07 13:31:51.051 V/AudioManager(18021): querySoundEffectsEnabled...
07-07 13:31:51.053 D/uuu     (18021): updateTextByRichTypeChanged() i : 0wRichEditor.hasFocus() ？ false
