07-09 18:32:48.951 D/AwareLog(  918): iawared: WorkingsetStart cn.carbs.wricheditor in monitor0
07-09 18:32:48.952 I/ActivityTaskManager( 1709): ActivityRecord info: ActivityInfo{9784261 cn.carbs.wricheditor.MainActivity}
07-09 18:32:48.953 I/PG_DBS_MAIN( 2975): setProcNetSharedUids, uids: [1000, 1001, 10031, 10042, 10012, 10087, 10039, 10013]
07-09 18:32:48.954 D/ActivityTaskManager( 1709): TaskLaunchParamsModifier:task=null activity=ActivityRecord{9843b83 u0 cn.carbs.wricheditor/.MainActivity t-1} display-id=0 display-windowing-mode=1
07-09 18:32:48.954 D/ActivityTaskManager( 1709): TaskLaunchParamsModifier:task=null activity=ActivityRecord{9843b83 u0 cn.carbs.wricheditor/.MainActivity t-1} display-id=0 display-windowing-mode=1 inherit-fullscreen non-freeform-display
07-09 18:32:48.954 I/HiAdKit.SystemUtil( 3967):  isDeviceProvisioned: true
07-09 18:32:48.955 I/PackageManager( 1709): getInstalledPackages cost 7 ms, flags: 794624, userId: 0, callingUid: 1000, callingPid: 2975
07-09 18:32:48.955 I/HwResolverManager( 1709): isMultiScreenCollaborationEnabled: Operate settings exception! 
07-09 18:32:48.956 V/ActivityTaskManager( 1709): addChild: attaching stackId=149 to displayId=0 position=4
07-09 18:32:48.956 V/ActivityTaskManager( 1709): positionChild stackId=149 to top.
07-09 18:32:48.956 I/HwResolverManager( 1709): isMultiScreenCollaborationEnabled: Operate settings exception! 
07-09 18:32:48.957 D/ActivityTaskManager( 1709): TaskLaunchParamsModifier:task=TaskRecord{94a5e2e #1164 A=cn.carbs.wricheditor U=0 StackId=149 sz=0} activity=ActivityRecord{9843b83 u0 cn.carbs.wricheditor/.MainActivity t-1} display-from-task=0 display-id=0 display-windowing-mode=1 inherit-fullscreen non-freeform-display
07-09 18:32:48.957 I/AppInfoMgr( 2975): Write app info to db : cn.carbs.wricheditor type: -1
07-09 18:32:48.958 V/ActivityTaskManager( 1709): positionChild stackId=149 to top.
07-09 18:32:48.958 I/HwMultiWindowSplitUI( 1709): removeSplit
07-09 18:32:48.958 I/HwMultiWindowSplitUI( 1709): removeSplit, mIsAddedSplitBar:false windowMode:100,-1 mIsActionDown:false
07-09 18:32:48.958 W/.gms.persisten( 2628): Reducing the number of considered missed Gc histogram windows from 189 to 100
07-09 18:32:48.958 I/GRALLOC (  683): getCallingPid=723, shrFd=11,fmt=0x1,intFmt=0x200000001,btStrd=4352,size=10399744,pid=683 
07-09 18:32:48.958 I/GRALLOC (  683): 	 yuv=2,w=1080,h=2340,Stride u=0 v=0,offset u=0 v=0 
07-09 18:32:48.958 I/GRALLOC (  683): 	 iova_size=10399744,conUsg=0xb00,proUsg=0xb00,	 strd=1088,[afbc]HdrStrd=1088 PyldStrd=69632 Scrmbl=2, ionhnd = 0 
07-09 18:32:48.958 W/StepCounterMonitor( 2645): onReceive action:android.intent.action.PACKAGE_ADDED
07-09 18:32:48.959 W/m.huawei.recsy( 7004): Reducing the number of considered missed Gc histogram windows from 4147 to 100
07-09 18:32:48.959 V/ActivityTaskManager( 1709): addAppToken: AppWindowToken{93873cb token=Token{9869031 ActivityRecord{9843b83 u0 cn.carbs.wricheditor/.MainActivity t1164}}} task={taskId=1164 appTokens=[] mdr=false} at 2147483647
07-09 18:32:48.960 I/        (  878): [Promm]ReadAheadBegin: ReadAheadBegin, uid is 11189
07-09 18:32:48.960 I/        (  878): [Promm]ReadAheadBegin: bitmap is not exist , now to study
07-09 18:32:48.960 I/SmsApplication( 3329): updatedNeeded = true for userId = 0
07-09 18:32:48.961 W/SecurityProfileService( 1709): Activity life state callback extras get package null!
07-09 18:32:48.961 W/FrameworkRegistry( 7191): CAWARENESS: ActivityNotifier unknown state
07-09 18:32:48.961 I/HwAudioServiceEx( 1709): ComponentInfo : className = cn.carbs.wricheditor.MainActivity, flag=showStartingWindow, isHomeActivity=, isTop=false
07-09 18:32:48.961 E/DollieActivityManagerAdapter( 2931): HwActivityNotifierEx null uid
07-09 18:32:48.961 W/ContentSensor_FrameworkRegistry( 5737): ActivityNotifier unknown state
07-09 18:32:48.962 I/WindowManager( 1709): dispatchResized : win = Window{98762e1 u0 com.android.packageinstaller/com.android.packageinstaller.InstallSuccess} drawState = DRAW_PENDING
07-09 18:32:48.965 E/system_server( 1709): Invalid ID 0x00000000.
07-09 18:32:48.965 I/HwResolverManager( 1709): isMultiScreenCollaborationEnabled: Operate settings exception! 
07-09 18:32:48.965 I/DecorView[wricheditor]( 1709):  old windowMode:0 new windoMode:1
07-09 18:32:48.967 I/InputDispatcher( 1709): registerInputChannel->dispatchMiscEventForConnectionLocked
07-09 18:32:48.968 I/ApsAppsTypeHandler( 2975): APS: APK: ApsAppsTypeHandler.getInstance, sInstance = com.huawei.android.hwaps.ApsAppsTypeHandler@8b171a4
07-09 18:32:48.968 I/ApsAppsTypeHandler( 2975): APS: APK: ApsAppsTypeHandler: handlePackagesAdded. package name = cn.carbs.wricheditor
07-09 18:32:48.968 I/ApsAppsTypeHandler( 2975): APS: APK: ApsAppsTypeHandler: handlePackagesAddedInner. package name = cn.carbs.wricheditor
07-09 18:32:48.968 I/WindowManager( 1709): addWindow: Window{926e7b9 u0 Splash Screen cn.carbs.wricheditor}
07-09 18:32:48.968 D/OpenGLRenderer(22584): disableOutlineDraw is true
07-09 18:32:48.969 I/ApsAppsTypeHandler( 2975): APS: APK: ApsAppsTypeHandler: handleIAwareAppInsertIntoDB. package name = cn.carbs.wricheditor
07-09 18:32:48.969 I/ApsAppsTypeHandler( 2975): APS: APK: ApsAppsTypeHandler: getAppTypeFromIAware. Get app type from iAware, pkg: cn.carbs.wricheditor, iAware type: -1, appType: -1
07-09 18:32:48.970 I/ApsAppsTypeHandler( 2975): APS: APK: ApsAppsTypeHandler: handleAllIAwareApps. delay: 5000
07-09 18:32:48.971 I/WindowManager( 1709): performshow Window{98762e1 u0 com.android.packageinstaller/com.android.packageinstaller.InstallSuccess} tok.waitingToShow=true isTransitionSet=true parentHidden=false vis=0 tok.hidden=true hasSurface=true policyVis=true destroying=false animating=true
07-09 18:32:48.972 I/dubaid  (  876): [DubaiStorage.cpp] DoFlushEntriesBuffer# Flush all entries into database
07-09 18:32:48.974 W/SecurityProfileService( 1709): Activity life state callback extras get package null!
07-09 18:32:48.975 I/HwAudioServiceEx( 1709): ComponentInfo : className = com.android.packageinstaller.InstallSuccess, flag=onPause, isHomeActivity=, isTop=true
07-09 18:32:48.975 I/AppLifeChangeSensor( 7191): CAWARENESS: activityPaused componentName = ComponentInfo{com.android.packageinstaller/com.android.packageinstaller.InstallSuccess}
07-09 18:32:48.975 E/AppLifeChangeSensor( 7191): CAWARENESS: activityPaused mAppLifeChangeCallback is null 
07-09 18:32:48.976 I/WindowManager( 1709): Changing focus from Window{98762e1 u0 com.android.packageinstaller/com.android.packageinstaller.InstallSuccess} to null displayId=0 Callers=com.android.server.wm.RootWindowContainer.updateFocusedWindowLocked:4545952 com.android.server.wm.WindowManagerService.updateFocusedWindowLocked:4548172 com.android.server.wm.WindowManagerService.relayoutWindow:4703972 com.android.server.wm.Session.relayout:4697780 
07-09 18:32:48.976 D/ZrHung.AppEyeFocusWindow( 1709): FocusWindowErrorScene CheckFreezeScreen
07-09 18:32:48.976 D/ZrHung.AppEyeTransparentWindow( 1709): TransparentWindow cancelCheckFreezeScreen
07-09 18:32:48.976 I/HwAudioServiceEx( 1709): sendAppKilledIntentForKit, isKitPackageOnPause = false, isKitPackageKill = false, isKitPackageOnResume = false
07-09 18:32:48.978 V/ActivityTaskManager( 1709): Activity idle: Token{988c827 ActivityRecord{95d0544 u0 com.android.packageinstaller/.InstallSuccess t1163}}
07-09 18:32:48.979 V/ActivityTaskManager( 1709): Stopping ActivityRecord{95d0544 u0 com.android.packageinstaller/.InstallSuccess t1163}: nowVisible=false animating=true finishing=false
07-09 18:32:48.979 V/ActivityTaskManager( 1709): Stopping ActivityRecord{982db83 u0 com.android.packageinstaller/.InstallInstalling t1163 f}: nowVisible=false animating=true finishing=true
07-09 18:32:48.980 D/HiTouch_PressGestureDetector( 1709): onAttached, package=cn.carbs.wricheditor, windowType=3, mHiTouchRestricted=false
07-09 18:32:48.981 I/HwResolverManager( 1709): isMultiScreenCollaborationEnabled: Operate settings exception! 
07-09 18:32:48.981 I/HwResolverManager( 1709): isMultiScreenCollaborationEnabled: Operate settings exception! 
07-09 18:32:48.981 I/HwLauncher( 5848): SimpleAllAppsList  updatePackage : package[cn.carbs.wricheditor] matched activity's size is 1 and data List size is 0
07-09 18:32:48.982 I/GRALLOC (  683): getCallingPid=723, shrFd=11,fmt=0x1,intFmt=0x1,btStrd=4352,size=10186752,pid=683 
07-09 18:32:48.982 I/GRALLOC (  683): 	 yuv=2,w=1080,h=2340,Stride u=0 v=0,offset u=0 v=0 
07-09 18:32:48.982 I/GRALLOC (  683): 	 iova_size=10186752,conUsg=0x906,proUsg=0x966,	 strd=1088,[afbc]HdrStrd=0 PyldStrd=0 Scrmbl=0, ionhnd = 0 
07-09 18:32:48.987 I/ActivityManager( 1709): Start proc 22779:com.android.permissioncontroller/u0a132 for service {com.android.permissioncontroller/com.huawei.android.permissioncontroller.aidl.GrantRuntimePermissionService}
07-09 18:32:48.987 I/OPCollectLog( 3284): OdmfHelper:isCharging: true
07-09 18:32:48.987 I/HwResolverManager( 1709): isMultiScreenCollaborationEnabled: Operate settings exception! 
07-09 18:32:48.988 I/HwResolverManager( 1709): isMultiScreenCollaborationEnabled: Operate settings exception! 
07-09 18:32:48.988 I/ActivityManager( 1709): Need to start process com.huawei.hwid.container1 for provider ContentProviderInfo{name=com.huawei.hms.runtimekit.kitcontainerservice.KitProcessAgent1Provider className=com.huawei.hms.runtimekit.kitcontainerservice.KitProcessAgent1Provider}, callerApp: ProcessRecord{926e699 3766:com.huawei.hwid.core/u0a109}
07-09 18:32:48.988 V/ActivityManager( 1709): startProcess: name=com.huawei.hwid.container1 app=null knownToBeDead=false thread=null pid=-1 preloadStatus=-1
07-09 18:32:48.990 I/WindowManager( 1709): performshow Window{926e7b9 u0 Splash Screen cn.carbs.wricheditor} tok.waitingToShow=true isTransitionSet=true parentHidden=false vis=0 tok.hidden=true hasSurface=true policyVis=true destroying=false animating=true
07-09 18:32:48.991 I/WindowManager( 1709): Checking 1 opening apps (frozen=false timeout=false)...
07-09 18:32:48.991 I/WindowManager( 1709): Check opening app=AppWindowToken{93873cb token=Token{9869031 ActivityRecord{9843b83 u0 cn.carbs.wricheditor/.MainActivity t1164}}}: allDrawn=false startingDisplayed=true startingMoved=false isRelaunching()=false startingWindow=Window{926e7b9 u0 Splash Screen cn.carbs.wricheditor}
07-09 18:32:48.991 I/WindowManager( 1709): Checking 0 opening apps (frozen=false timeout=false)...
07-09 18:32:48.991 I/HwWindowManagerServiceEx( 1709): closing apps count = 2
07-09 18:32:48.991 I/HwResolverManager( 1709): isMultiScreenCollaborationEnabled: Operate settings exception! 
07-09 18:32:48.991 D/HwWindowManagerServiceEx( 1709): is app exit to launcher info: transit = 8, app = AppWindowToken{938723b token=Token{966c027 ActivityRecord{982db83 u0 com.android.packageinstaller/.InstallInstalling t1163}}}, window = Window{926e651 u0 com.android.packageinstaller/com.android.packageinstaller.InstallInstalling}, mClosingApps = {AppWindowToken{938723b token=Token{966c027 ActivityRecord{982db83 u0 com.android.packageinstaller/.InstallInstalling t1163}}}, AppWindowToken{93872d1 token=Token{988c827 ActivityRecord{95d0544 u0 com.android.packageinstaller/.InstallSuccess t1163}}}}, topOpeningApp = AppWindowToken{93873cb token=Token{9869031 ActivityRecord{9843b83 u0 cn.carbs.wricheditor/.MainActivity t1164}}}, mExitIconBitmap = null, mExitIconHeight = -1, mExitIconWidth = -1
07-09 18:32:48.991 E/WindowManager( 1709): icon is null!!
07-09 18:32:48.991 V/ActivityTaskManager( 1709): Stopping ActivityRecord{95d0544 u0 com.android.packageinstaller/.InstallSuccess t1163}: nowVisible=false animating=true finishing=false
07-09 18:32:48.991 V/ActivityTaskManager( 1709): Stopping ActivityRecord{982db83 u0 com.android.packageinstaller/.InstallInstalling t1163 f}: nowVisible=false animating=true finishing=true
07-09 18:32:48.992 V/ActivityTaskManager( 1709): Stopping ActivityRecord{95d0544 u0 com.android.packageinstaller/.InstallSuccess t1163}: nowVisible=false animating=true finishing=false
07-09 18:32:48.992 V/ActivityTaskManager( 1709): Stopping ActivityRecord{982db83 u0 com.android.packageinstaller/.InstallInstalling t1163 f}: nowVisible=false animating=true finishing=true
07-09 18:32:48.992 W/ContextImpl( 2810): Calling a method in the system process without a qualified user: android.app.ContextImpl.startService:1674 android.content.ContextWrapper.startService:669 com.huawei.systemmanager.spacecleanner.receiver.SpaceCleanReceiver.T:65 com.huawei.systemmanager.spacecleanner.receiver.SpaceCleanReceiver.doInBackground:89 java.lang.reflect.Method.invoke:-2 
07-09 18:32:48.992 D/HwWindowManagerServiceEx( 1709): is app exit to launcher info: transit = 8, app = AppWindowToken{93873cb token=Token{9869031 ActivityRecord{9843b83 u0 cn.carbs.wricheditor/.MainActivity t1164}}}, window = null, mClosingApps = {AppWindowToken{938723b token=Token{966c027 ActivityRecord{982db83 u0 com.android.packageinstaller/.InstallInstalling t1163}}}, AppWindowToken{93872d1 token=Token{988c827 ActivityRecord{95d0544 u0 com.android.packageinstaller/.InstallSuccess t1163}}}}, topOpeningApp = AppWindowToken{93873cb token=Token{9869031 ActivityRecord{9843b83 u0 cn.carbs.wricheditor/.MainActivity t1164}}}, mExitIconBitmap = null, mExitIconHeight = -1, mExitIconWidth = -1
07-09 18:32:48.992 V/ActivityTaskManager( 1709): Stopping ActivityRecord{95d0544 u0 com.android.packageinstaller/.InstallSuccess t1163}: nowVisible=false animating=true finishing=false
07-09 18:32:48.992 V/ActivityTaskManager( 1709): Stopping ActivityRecord{982db83 u0 com.android.packageinstaller/.InstallInstalling t1163 f}: nowVisible=false animating=true finishing=true
07-09 18:32:48.994 I/SmsApplication( 3329): updatedNeeded = true for userId = 0
07-09 18:32:48.995 I/GRALLOC (  683): getCallingPid=723, shrFd=11,fmt=0x1,intFmt=0x1,btStrd=3072,size=5038080,pid=683 
07-09 18:32:48.995 I/GRALLOC (  683): 	 yuv=2,w=756,h=1638,Stride u=0 v=0,offset u=0 v=0 
07-09 18:32:48.995 I/GRALLOC (  683): 	 iova_size=5038080,conUsg=0x306,proUsg=0x366,	 strd=768,[afbc]HdrStrd=0 PyldStrd=0 Scrmbl=0, ionhnd = 0 
07-09 18:32:48.995 I/OPCollectLog( 3284): OdmfHelper:insert database success 
07-09 18:32:48.995 I/OPCollectLog( 3284): OdmfHelper:opcollectCache size: 1
07-09 18:32:48.995 I/OPCollectLog( 3284): OdmfHelper:opcollectCache lastTime: 97934103
07-09 18:32:48.996 W/system_server( 1709): resources.arsc in APK '/data/app/com.sohu.inputmethod.sogou-JRnML-orRvlAJkoxHV0bcg==/base.apk' is compressed.
07-09 18:32:48.996 I/PGConfigUpdateManager( 2975): getAllInstalledAppsLocked, size: 268
07-09 18:32:48.997 I/PG_ash  ( 2975): front pkg : cn.carbs.wricheditor launcher: false
07-09 18:32:48.997 I/PG_ash  ( 2975): above launcher front pkgs: [com.android.packageinstaller, cn.carbs.wricheditor]
07-09 18:32:48.997 I/WindowManager( 1709): dispatchResized : win = Window{926e7b9 u0 Splash Screen cn.carbs.wricheditor} drawState = HAS_DRAWN
07-09 18:32:48.997 I/HwResolverManager( 1709): isMultiScreenCollaborationEnabled: Operate settings exception! 
07-09 18:32:49.000 V/ActivityManager_MU( 1709): Waiting to start provider ContentProviderRecord{98723ef u0 com.huawei.hwid/com.huawei.hms.runtimekit.kitcontainerservice.KitProcessAgent1Provider} launchingApp=ProcessRecord{933c209 0:com.huawei.hwid.container1/u0a109} caller pid= 3766 for 20000 ms
07-09 18:32:49.001 V/ActivityManager( 1709): startProcess: name=com.android.nfc:load app=null knownToBeDead=true thread=null pid=-1 preloadStatus=-1
07-09 18:32:49.002 I/Screem  (  929): <LOGMGR> <CreateNewActivityStartTask> [FLOW ERR, app=com.android.packageinstaller/com.android.packageinstaller.InstallSuccess is starting, run new app=cn.carbs.wricheditor/cn.carbs.wricheditor.MainActivity time=43912399]
07-09 18:32:49.002 I/Screem  (  929): <LOGMGR> <CountFlowErrBigData> [task=com.android.packageinstaller/com.android.packageinstaller.InstallSuccess start=100, but no end.]
07-09 18:32:49.003 I/PackageManager( 1709): getInstalledPackages cost 1 ms, flags: 786432, userId: 0, callingUid: 1027, callingPid: 5760
07-09 18:32:49.003 I/ActivityManager( 1709): Need to start process com.huawei.dsdscardmanager for provider ContentProviderInfo{name=com.huawei.dsdscardmanager.db.PriorityAppProvider className=com.huawei.dsdscardmanager.database.provider.PriorityAppProvider}, callerApp: ProcessRecord{9501db9 2931:com.huawei.systemserver/1000}
07-09 18:32:49.003 V/ActivityManager( 1709): startProcess: name=com.huawei.dsdscardmanager app=null knownToBeDead=false thread=null pid=-1 preloadStatus=-1
07-09 18:32:49.004 V/ActivityManager_MU( 1709): Waiting to start provider ContentProviderRecord{9870af3 u0 com.huawei.dsdscardmanager/.database.provider.PriorityAppProvider} launchingApp=ProcessRecord{9563209 0:com.huawei.dsdscardmanager/1001} caller pid= 2931 for 20000 ms
07-09 18:32:49.007 W/system_server( 1709): resources.arsc in APK '/data/app/com.tencent.android.qqdownloader-tZSYJPgdKK6IfXrddE1yhg==/base.apk' is compressed.
07-09 18:32:49.008 I/HwResolverManager( 1709): isMultiScreenCollaborationEnabled: Operate settings exception! 
07-09 18:32:49.008 I/HiAdKit.ConsentConfirmProcessor( 3967):  oobe: false
07-09 18:32:49.008 W/BufferQueueProducer(  723): [com.android.packageinstaller/com.android.packageinstaller.InstallInstalling#0]:1368: disconnect: not connected (req=1)
07-09 18:32:49.008 W/libEGL  (22584): EGLNativeWindowType 0x7513c52e50 disconnect failed
07-09 18:32:49.008 I/HiAdKit.HttpCall( 3967):  oobe: false
07-09 18:32:49.009 I/HiAdKit.CountryCodeBean( 3967):  getCountryCode get country code from chinaROM
07-09 18:32:49.009 I/HiAdKit.HttpUrl.Builder( 3967):  countryCode:CN
07-09 18:32:49.010 I/HiAdKit.CountryCodeBean( 3967):  getCountryCode get country code from chinaROM
07-09 18:32:49.010 I/HiAdKit.HttpUrl.Builder( 3967):  countryCode:CN
07-09 18:32:49.013 I/HiAdKit.HiAdRequestDataLogger( 3967):  upper thread name: PPS-Net-pool-thread-162 request data: {"androidApiVer":"29","buildVer":"TNY-AL00 10.1.0.160(C00E160R1P11)","emuiVer":"EmotionUI_10.1.0","magicUIVer":"3.1.0","maker":"HUAWEI","model":"TNY-AL00","ppsKitVersion":"3.4.30.307","localeCountry":"******","serCountry":"******","simCountryIso":"******"} 
07-09 18:32:49.014 W/system_server( 1709): resources.arsc in APK '/data/app/com.wandoujia.phoenix2-qX-uNjP9FVXGPrIxSCLRWg==/base.apk' is compressed.
07-09 18:32:49.015 D/Zygote  (  663): Forked child process 22822
07-09 18:32:49.016 W//system/bin/netd(  662): A binder object at 0x7ce3556d80 is being transacted on, however, this object is in the same process as its proxy. Transacting with this binder is expensive compared to just calling the corresponding functionality in the same process.
07-09 18:32:49.016 I/PreDnsController(  662): canPreDnsQuery,persist.sys.predns is false!
07-09 18:32:49.008 I/HwResolverManager( 1709): isMultiScreenCollaborationEnabled: Operate settings exception! 
07-09 18:32:49.023 I/AccessibilityShortcutController( 1709): checkPackageInstalled packageName:com.google.android.marvin.talkback,isInstalled:true
07-09 18:32:49.025 W/BufferQueueProducer(  723): [com.android.packageinstaller/com.android.packageinstaller.InstallSuccess#0]:1368: disconnect: not connected (req=1)
07-09 18:32:49.025 W/libEGL  (22584): EGLNativeWindowType 0x7582429d50 disconnect failed
07-09 18:32:49.025 D/HwFrameworkSecurityPartsFactory(22779): HwFrameworkSecurityPartsFactory in.
07-09 18:32:49.025 I/HwFrameworkSecurityPartsFactory(22779): add HwFrameworkSecurityPartsFactory to memory.
07-09 18:32:49.025 D/BehaviorCollectManager(22779): hook process for AI virus second
07-09 18:32:49.026 I/BehaviorCollectManager(22779): bindAnalyzerService: huawei.android.security.IAppBehaviorDataAnalyzer$Stub$Proxy@7183084 pid:22779
07-09 18:32:49.027 I/HwLauncher( 5848): SimpleAllAppsList  findAndUpdateInfoInDB : found 0 shortcutInfo for package[cn.carbs.wricheditor] in db
07-09 18:32:49.027 I/HwLauncher( 5848): SimpleAllAppsList  updatePackage do not add new SimpleApplicationInfo,It's in normal now. package = cn.carbs.wricheditor
07-09 18:32:49.027 W/HwLauncher( 5848): SimpleLauncherModeNobody to tell about the new app.  Launcher is probably loading.
07-09 18:32:49.028 I/TrafficMonitor( 1709): expired arrive. level:-1
07-09 18:32:49.028 I/TrafficMonitor( 1709): during_ms:2002,period_ms:2000
07-09 18:32:49.028 I/TrafficMonitor( 1709): count:23,rx_sum:2,tx_sum:2,rxBytes:111,during_ms:2002,rx_speed:55.44455544455545,tx_speed:57.44255744255745,rto:1.0
07-09 18:32:49.028 I/HuaweiWifiWatchdogStateMachine( 1709): Get speed information rx_speed = 55 ,tx_speed = 57 ,isSpeedOk = false ,mBestSpeedInPeriod = 55
07-09 18:32:49.028 I/[SPMN]  ( 1709): insert SECURE -- name = accessibility_enabled, package = android, user = 0, value = 0
07-09 18:32:49.028 I/HwResolverManager( 1709): isMultiScreenCollaborationEnabled: Operate settings exception! 
07-09 18:32:49.029 W/TextServicesManagerService( 1709): no available spell checker services found
07-09 18:32:49.030 I/HwResolverManager( 1709): isMultiScreenCollaborationEnabled: Operate settings exception! 
07-09 18:32:49.030 I/HwResolverManager( 1709): isMultiScreenCollaborationEnabled: Operate settings exception! 
07-09 18:32:49.030 I/HwResolverManager( 1709): isMultiScreenCollaborationEnabled: Operate settings exception! 
07-09 18:32:49.032 I/HwResolverManager( 1709): isMultiScreenCollaborationEnabled: Operate settings exception! 
07-09 18:32:49.032 V/ActivityManager( 1709): startProcess: name=com.huawei.deviceauth app=null knownToBeDead=true thread=null pid=-1 preloadStatus=-1
07-09 18:32:49.033 I/HwResolverManager( 1709): isMultiScreenCollaborationEnabled: Operate settings exception! 
07-09 18:32:49.035 I/ApsAppsTypeHandler( 2975): iAware App Type database changed !
07-09 18:32:49.035 I/ApsAppsTypeHandler( 2975): APS: APK: ApsAppsTypeHandler: handleAllIAwareApps. delay: 5000
07-09 18:32:49.035 I/AppTypeRecogManager( 2975): iAware App Type database changed !
07-09 18:32:49.035 E/ProcessInfoCollector( 1709): getProcessInfo: failed to find this proc 
07-09 18:32:49.035 I/AppTypeRecogManager( 2975): get app type from iAware, pkg:com.huawei.search, iAware type is -1.
07-09 18:32:49.035 I/AppTypeRecogManager( 2975): get app type from iAware, pkg:io.github.mthli.knifedemo, iAware type is -1.
07-09 18:32:49.036 I/AppTypeRecogManager( 2975): get app type from iAware, pkg:com.huawei.tips, iAware type is -1.
07-09 18:32:49.036 I/AppTypeRecogManager( 2975): get app type from iAware, pkg:cn.carbs.wricheditor, iAware type is -1.
07-09 18:32:49.036 E/HSM_Install_BG( 2810): AppCleanUpService:msg is 1
07-09 18:32:49.037 I/SecureSSLSocketFactory( 3967): createSocket: s , host , port , autoClose
07-09 18:32:49.037 W/Looper  ( 1709): Slow dispatch took 103ms android.ui h=com.android.server.am.ActivityManagerService$UiHandler c=null m=53
07-09 18:32:49.037 I/StatusBarDisable( 1709): setFlags what=0 which=1 pkg=Window{98762e1 u0 com.android.packageinstaller/com.android.packageinstaller.InstallSuccess}
07-09 18:32:49.037 I/SecureSSLSocketFactory( 3967): set default tls and cipher
07-09 18:32:49.038 I/StatusBarDisable( 1709): setFlags what=0 which=1 pkg=Window{926e651 u0 com.android.packageinstaller/com.android.packageinstaller.InstallInstalling}
07-09 18:32:49.038 D/CarrierSvcBindHelper( 3329): No carrier app for: 0
07-09 18:32:49.039 I/StatusBarDisable( 1709): setFlags what=0 which=1 pkg=Window{926e7b9 u0 Splash Screen cn.carbs.wricheditor}
07-09 18:32:49.039 D/CarrierSvcBindHelper( 3329): No carrier app for: 1
07-09 18:32:49.039 D/CarrierSvcBindHelper( 3329): No carrier app for: 0
07-09 18:32:49.040 D/CarrierSvcBindHelper( 3329): No carrier app for: 1
07-09 18:32:49.040 I/ActivityManager( 1709): Start proc 22822:com.huawei.hwid.container1/u0a109 for content provider {com.huawei.hwid/com.huawei.hms.runtimekit.kitcontainerservice.KitProcessAgent1Provider}
07-09 18:32:49.040 I/HiAdKit.SystemUtil( 3967):  process: com.huawei.hwid.persistent
07-09 18:32:49.041 I/ApplistMgr( 2975): App Info database change !
07-09 18:32:49.041 E/ProcessInfoCollector( 1709): getProcessInfo: failed to find this proc 
07-09 18:32:49.039 I/hwid.container(22822): Reinit property: dalvik.vm.checkjni= false
07-09 18:32:49.041 I/hwid.container(22822): ReInitProperties: persist.vm.debug.dumpapi= false
07-09 18:32:49.042 D/PGGoogleServicePolicy( 1709): prevent gms/gsf hold partial wakelock
07-09 18:32:49.043 V/ActivityManager( 1709): startProcess: name=com.android.keychain app=null knownToBeDead=true thread=null pid=-1 preloadStatus=-1
07-09 18:32:49.043 W/ContextImpl( 2685): Calling a method in the system process without a qualified user: android.app.ContextImpl.startService:1674 android.content.ContextWrapper.startService:669 android.content.ContextWrapper.startService:669 com.android.settings.applications.BlackListReceiver.onReceive:45 android.app.ActivityThread.handleReceiver:4462 
07-09 18:32:49.043 D/DecorView(22584): showOrHideHighlightView: hasFocus=false; winMode=1; isMrgNull=true
07-09 18:32:49.044 I/NetworkSdk_ahv( 3967): [I/HMSCore/NetworkSdk_ahv 3967:1245 :30] PPS-Cal-pool-thread-218|null|o.ahv|a|22|get url from sp is not empty.
07-09 18:32:49.045 E/hwid.container(22822): Not starting debugger since process cannot load the jdwp agent.
07-09 18:32:49.045 I/ssioncontrolle(22779): QarthPatchMonintor::Init
07-09 18:32:49.045 I/ssioncontrolle(22779): 
07-09 18:32:49.045 I/ssioncontrolle(22779): QarthPatchMonintor::StartWatch
07-09 18:32:49.045 I/ssioncontrolle(22779): 
07-09 18:32:49.045 I/ssioncontrolle(22779): QarthPatchMonintor::WatchPackage: /data/hotpatch/fwkhotpatch/
07-09 18:32:49.045 I/ssioncontrolle(22779): 
07-09 18:32:49.045 I/ssioncontrolle(22779): QarthPatchMonintor::CheckAndWatchPatch: /data/hotpatch/fwkhotpatch/com.android.permissioncontroller
07-09 18:32:49.045 I/ssioncontrolle(22779): 
07-09 18:32:49.045 I/ssioncontrolle(22779): QarthPatchMonintor::CheckAndWatchPatch: /data/hotpatch/fwkhotpatch/all
07-09 18:32:49.045 I/ssioncontrolle(22779): 
07-09 18:32:49.045 I/ssioncontrolle(22779): QarthPatchMonintor::Run
07-09 18:32:49.045 I/ssioncontrolle(22779): 
07-09 18:32:49.046 D/LogWrite( 3967): wtf Exception
07-09 18:32:49.046 D/AppLogManager( 3967): PrintWoker poll timeout , shutdown
07-09 18:32:49.047 W/Looper  ( 1709): Slow dispatch took 150ms main h=android.app.ActivityThread$H c=android.app.-$$Lambda$LoadedApk$ReceiverDispatcher$Args$_BumDX2UKsnxLVrE6UJsJZkotuA@97c8090 m=0
07-09 18:32:49.047 D/HwConnectivityManagerImpl( 1709): getNetworkPolicyFlag flagStr null
07-09 18:32:49.046 I/ssioncontrolle(22779): QarthPatchMonintor::Reading
07-09 18:32:49.047 I/ssioncontrolle(22779): 
07-09 18:32:49.048 I/ssioncontrolle(22779): QarthPatchMonintor::CheckNotifyEvent
07-09 18:32:49.048 I/SecureX509TrustManager( 3967): checkServerTrusted: begin , version : 113308
07-09 18:32:49.048 I/SecureX509TrustManager( 3967): checkServerTrusted: check server i : 0
07-09 18:32:49.051 D/Zygote  (  663): Forked child process 22843
07-09 18:32:49.052 I/ssioncontrolle(22779): 
07-09 18:32:49.052 I/ssioncontrolle(22779): QarthPatchMonintor::CheckNotifyEvent before read
07-09 18:32:49.052 I/ssioncontrolle(22779): 
07-09 18:32:49.053 I/AlarmManager( 1709): UninstallReceiver onReceive action:android.intent.action.PACKAGE_REMOVED
07-09 18:32:49.053 I/DevicePolicyManager( 1709): Unhandled intent
07-09 18:32:49.055 I/HwAppStateObserver( 1709): Receive ACTION_PACKAGE_REMOVED
07-09 18:32:49.055 E/HwBastetService( 1709): name: cn.carbs.wricheditor
07-09 18:32:49.055 E/HwBastetService( 1709): len: 1, name: cn.carbs.wricheditor, uid: 11189
07-09 18:32:49.055 D/HwBastetService( 1709): BroadcastReceiver android.intent.action.PACKAGE_REMOVED
07-09 18:32:49.055 D/PhoneUtils( 3329): slotId is invalid, subId=-1
07-09 18:32:49.056 D/bastetd (  919): [IBastetService ] onTransact# BnBastetService::onTransact, code=29, flags=17
07-09 18:32:49.056 W/AwareLog( 1709): AwareJobSchedulerService: iaware_brjob no job need to cancel.
07-09 18:32:49.056 D/PhoneUtils( 3329): slotId is invalid, subId=-1
07-09 18:32:49.057 I/HwApiCacheMangerEx(22779): apicache path=/storage/emulated/0 state=mounted key=com.android.permissioncontroller#10132#256
07-09 18:32:49.057 I/HwApiCacheMangerEx(22779): need clear apicache,because volumes changed,oldCnt=0 newCnt=1
07-09 18:32:49.058 I/HwQoeQualityMonitor( 1709): onReceive action:android.intent.action.PACKAGE_REMOVED
07-09 18:32:49.058 I/        (  878): [Promm]ExecutePrommEvent: app removed!
07-09 18:32:49.058 E/        (  878): [Promm]ReadAheadRemoveFile: removed /data/bitmaps/11189 error, errno is 2
07-09 18:32:49.058 I/AwareLog(  918): RemovePrereadPkg cn.carbs.wricheditor
07-09 18:32:49.058 D/AwareLog(  918): iawared: WorkingsetProcessCommand subCmd = 355, userId=11189, pid=0, cn.carbs.wricheditor
07-09 18:32:49.058 D/AwareLog(  918): iawared: WorkingsetSendClearMsg cn.carbs.wricheditor
07-09 18:32:49.060 I/HwQoeQualityMonitor( 1709): handleMessage MSG_REMOVE_APP
07-09 18:32:49.061 D/AwareLog(  918): iawared: WorkingsetRemovePackage completely!
07-09 18:32:49.061 I/ndroid.nfc:loa(22843): Reinit property: dalvik.vm.checkjni= false
07-09 18:32:49.061 I/ndroid.nfc:loa(22843): ReInitProperties: persist.vm.debug.dumpapi= false
07-09 18:32:49.061 D/ActivityThread(22822): Attach thread to application
07-09 18:32:49.065 E/VvmPkgInstalledRcvr( 3329): cannot create TelephonyManager from ComponentInfo{com.android.phone/com.android.services.telephony.TelephonyConnectionService}, ***, UserHandle{0}
07-09 18:32:49.066 E/ndroid.nfc:loa(22843): Not starting debugger since process cannot load the jdwp agent.
07-09 18:32:49.068 D/PhoneUtils( 3329): slotId is invalid, subId=-1
07-09 18:32:49.069 I/HwApiCacheMangerEx(22779): apicache path=/storage/emulated/0 state=mounted key=com.android.permissioncontroller#10132#0
07-09 18:32:49.069 I/HwApiCacheMangerEx(22779): need clear apicache,because volumes changed,oldCnt=1 newCnt=1
07-09 18:32:49.069 D/PhoneUtils( 3329): slotId is invalid, subId=-1
07-09 18:32:49.070 W/OmtpVvmCarrierCfgHlpr( 3329): Invalid subscriptionId or subscriptionId not provided in intent.
07-09 18:32:49.070 I/ImsResolver( 3329): maybeAddedImsService, packageName: cn.carbs.wricheditor
07-09 18:32:49.071 W/gle.android.gm( 3075): Reducing the number of considered missed Gc histogram windows from 686 to 100
07-09 18:32:49.071 W/SecurityProfileService( 1709): Policy not found: getPolicy err for SignatureNotFoundException
07-09 18:32:49.073 I/AwareBitmapCacher(22779): init processName:com.android.permissioncontroller pid=22779 uid=10132
07-09 18:32:49.073 D/CarrierConfigLoader( 3329): mHandler: 9 phoneId: 0
07-09 18:32:49.074 I/ActivityManager( 1709): Start proc 22843:com.android.nfc:load/1027 for service {com.android.nfc/com.android.nfc.ComponentLoadService}
07-09 18:32:49.076 I/HiAdKit.Response( 3967):  setNetDuration1 66
07-09 18:32:49.078 I/HiAdKit.HiAdResponseDataLogger( 3967):  upper thread name: PPS-Net-pool-thread-162 response data: {"appAccessWhiteList":"{\"com.huawei.openalliance.addemo\": [\"3da89db0836bb732dd6b6e4ffaff74a04f8c8770050693bf42c1d2c271dbcbf8\"]}","appInstallReport":1,"appUsageCollect":2,"appUsageReport":1,"dr1":"CN","dr2":"AE,AF,AG,AI,AM,AO,AR,AS,AW,AZ,BB,BD,BF,BH,BI,BJ,BL,BM,BN,BO,BR,BS,BT,BW,BY,BZ,CC,CD,CG,CI,CK,CL,CM,CO,CR,CV,CX,DJ,DM,DO,DZ,EC,EG,ER,ET,FJ,FM,GA,GD,GE,GF,GH,GM,GN,GP,GQ,GT,GU,GW,GY,HK,HN,HT,ID,IN,IQ,JM,JO,KE,KG,KH,KI,KM,KN,KW,KY,KZ,LA,LB,LC,LK,LR,LS,LY,MA,MG,MH,ML,MM,MN,MO,MP,MQ,MR,MS,MU,MV,MW,MX,MY,MZ,NA,NC,NE,NF,NG,NI,NP,NR,NU,OM,PA,PE,PF,PG,PH,PK,PN,PR,PS,PW,PY,QA,RE,RW,SA,SB,SC,SG,SL,SN,SO,SR,SS,ST,SV,SZ,TC,TD,TG,TH,TJ,TK,TL,TM,TN,TO,TT,TV,TW,TZ,UG,UY,UZ,VG,VI,VN,VU,WF,WS,YT,ZA,ZM,ZW,CF,JP,KR,VE,YE,US","dr3":"AD,AL,AT,AU,BA,BE,BG,BQ,CA,CH,CY,CZ,DE,DK,EE,ES,FI,FO,FR,GB,GI,GL,GR,HR,HU,IE,IL,IS,IT,LI,LT,LU,LV,MC,MD,ME,MK,MT,NL,NO,NZ,PL,PT,RO,RS,SE,SI,SK,SM,SX,TR,UA,VC","dr4":"RU","installReferrerCacheDays":90,"installReferrerWhiteList":"{\"com.huawei.hifolder\":[\"1e3eee2a88a6df75fb4af56adc8373bb818f3cb90a4935c7821582b8cebb694c\"],\"com.huawei.appmarket\":[\"b92825c2bd5d6d6d1e7f39eecd17843b7d9016f611136b75441bc6f4d3f00f05\"],\"com.huawei.android.hsf.sdk.demo\":[\"3DA89DB0836BB732DD6B6E4FFAFF74A04F8C8770050693BF42C1D2C271DBCBF8\"],\"com.huawei.hwvplayer\":[\"7031f6af3a934c09ba00f0196c68e7a0e6f2f948a2db7becb3b15c303cf02bde\"],\"com.huawei.himovie\":[\"b92825c2bd5d6d6d1e7f39eecd17843b7d9016f611136b75441bc6f4d3f00f05\"],\"com.huawei.himovie.overseas\":[\"b92825c2bd5d6d6d1e7f39eecd17843b7d9016f611136b75441bc6f4d3f00f05\"],\"com.huawei.openalliance.addemo\":[\"3da89db0836bb732dd6b6e4ffaff74a04f8c8770050693bf42c1d2c271dbcbf8\"],\"com.huawei.music\":[\"3e13f630c77618de3a580dbbaffe0ac04a16444633cc0253afb088d3e3ab6efe\"],\"com.huawei.android.FMRadio\":[\"1e3eee2a88a6df75fb4af56adc8373bb818f3cb90a4935c7821582b8cebb694c\",\"1a2e3f325ac728cde6c4178b9a9d90d89bf9a0dd9db38060e79f7a72a6698501\"],\"com.huawei.hwsearch\":[\"0ad6f8772f1eb7920cb62acb9bf00395f50a644b670b1b266056b5166a414cca\"],\"com.huawei.hwread.dz\":[\"147049da29567178272a48c89c207f32c156cb421cb2a54e4527fd9de76f6abd\"]}","oaidMode":1,"reportControl":"Y","retcode":200} 
07-09 18:32:49.080 I/HiAdKit.Response( 3967):  setNetDuration2 67
07-09 18:32:49.082 I/HiAdKit.OkHttpCaller( 3967):  end request
07-09 18:32:49.083 I/HiAdKit.HttpCall( 3967):  response http code: 200
07-09 18:32:49.083 V/ActivityTaskManager( 1709): Activity idle: null
07-09 18:32:49.083 D/ActivityThread(22843): Attach thread to application
07-09 18:32:49.084 D/RtgSchedIpcFile(22584): setCommandByIoctl failed ret:-1, cmdid:22, errno:103
07-09 18:32:49.085 I/AwareLog(  918): iawared: iaware client connected
07-09 18:32:49.085 D/RtgSchedIpcFile(22584): setCommandByIoctl failed ret:-1, cmdid:23, errno:103
07-09 18:32:49.085 D/RtgSchedIpcFile(22584): setCommandByIoctl failed ret:-1, cmdid:22, errno:103
07-09 18:32:49.085 D/AwareLog(  918): doAppRecognizeMsg len 24
07-09 18:32:49.086 D/AwareLog(  918): processMsg_fn msg 601,fd 34,package name cn.carbs.wricheditor
07-09 18:32:49.086 D/HwFrameworkSecurityPartsFactory(22822): HwFrameworkSecurityPartsFactory in.
07-09 18:32:49.086 D/        (  918): gmr: processGameMsg fd 34,cn.carbs.wricheditor,23
07-09 18:32:49.086 I/HwFrameworkSecurityPartsFactory(22822): add HwFrameworkSecurityPartsFactory to memory.
07-09 18:32:49.086 D/        (  918): gmr: getPackagePath Successfully path,cn.carbs.wricheditor-G_VxJn55RdVfhZaLTkJ0Yw==
07-09 18:32:49.086 E/        (  918): gmr: getStaticEngine splice lib path error
07-09 18:32:49.086 D/        (  918): gmr: isFileExists match
07-09 18:32:49.086 D/        (  918): gmr: checkGameExcludeEngineLibExist engine type: 9
07-09 18:32:49.086 D/        (  918): gmr: processGameMsg exclude abnormal. game_type 2
07-09 18:32:49.086 D/BehaviorCollectManager(22822): hook process for AI virus second
07-09 18:32:49.086 W/BlackListService( 2685): settings app is pulled up, onCreate is called
07-09 18:32:49.086 I/BehaviorCollectManager(22822): bindAnalyzerService: huawei.android.security.IAppBehaviorDataAnalyzer$Stub$Proxy@7183084 pid:22822
07-09 18:32:49.088 D/Zygote  (  663): Forked child process 22873
07-09 18:32:49.089 D/ActivityThread(22584): Remove activity client record, r= ActivityRecord{a1a5a23 token=android.os.BinderProxy@89eb0b5 {com.android.packageinstaller/com.android.packageinstaller.InstallInstalling}} token= android.os.BinderProxy@89eb0b5
07-09 18:32:49.089 I/WindowManager( 1709): removeIfPossible: Window{926e651 u0 com.android.packageinstaller/com.android.packageinstaller.InstallInstalling} callers=com.android.server.wm.WindowState.removeIfPossible:1371784 com.android.server.wm.WindowManagerService.removeWindow:1384364 android.view.IWindowSession$Stub.onTransact:3560452 com.android.server.wm.Session.onTransact:4761056 android.os.Binder.execTransactInternal:5520784 
07-09 18:32:49.089 W/BlackListService( 2685): settings app is pulled up, onDestroy is called
07-09 18:32:49.090 D/ApplicationLoaders(22822): Returning zygote-cached class loader: /system/framework/android.hidl.base-V1.0-java.jar
07-09 18:32:49.090 D/ApplicationLoaders(22822): Returning zygote-cached class loader: /system/framework/android.hidl.manager-V1.0-java.jar
07-09 18:32:49.090 D/ApplicationLoaders(22822): Returning zygote-cached class loader: /system/framework/android.hidl.base-V1.0-java.jar
07-09 18:32:49.090 I/WindowManager( 1709): postWindowRemoveCleanupLocked: Window{926e651 u0 com.android.packageinstaller/com.android.packageinstaller.InstallInstalling}
07-09 18:32:49.091 I/WindowManager( 1709): Removing Window{926e651 u0 com.android.packageinstaller/com.android.packageinstaller.InstallInstalling} from AppWindowToken{938723b token=Token{966c027 ActivityRecord{982db83 u0 com.android.packageinstaller/.InstallInstalling t1163}}}
07-09 18:32:49.091 I/AwareLog(  918): iawared: Closing iaware client data connection dfd=34
07-09 18:32:49.091 E/ProcessInfoCollector( 1709): getProcessInfo: failed to find this proc 
07-09 18:32:49.091 I/hwid.container(22822): The ClassLoaderContext is a special shared library.
07-09 18:32:49.093 D/PGGoogleServicePolicy( 1709): prevent gms/gsf hold partial wakelock
07-09 18:32:49.094 D/RtgSchedIpcFile(22584): setCommandByIoctl failed ret:-1, cmdid:23, errno:103
07-09 18:32:49.094 D/keymaster_worker(  883): Keystore begin
07-09 18:32:49.094 D/PGGoogleServicePolicy( 1709): prevent gms/gsf hold partial wakelock
07-09 18:32:49.094 I/WindowManager( 1709): Focus is not changing, current focus is null
07-09 18:32:49.095 I/hwid.container(22822): The ClassLoaderContext is a special shared library.
07-09 18:32:49.098 D/keymaster_worker(  883): Keystore begin hidl
07-09 18:32:49.098 I/HisiKeyMaster(  577): HisiKmBegin start
07-09 18:32:49.098 I/HisiKeyMaster(  577): Disable the enhanced crypto!
07-09 18:32:49.098 V/WindowManager( 1709): removeAppToken: AppWindowToken{938723b token=Token{966c027 ActivityRecord{982db83 u0 com.android.packageinstaller/.InstallInstalling t1163}}} delayed=false Callers=com.android.server.wm.DisplayContent.removeAppToken:7295944 com.android.server.wm.ActivityRecord.removeWindowContainer:7298740 com.android.server.wm.ActivityStack.removeActivityFromHistoryLocked:7297860 com.android.server.wm.ActivityStack.activityDestroyedLocked:7278236 
07-09 18:32:49.098 I/dsdscardmanage(22873): Reinit property: dalvik.vm.checkjni= false
07-09 18:32:49.098 I/dsdscardmanage(22873): ReInitProperties: persist.vm.debug.dumpapi= false
07-09 18:32:49.098 I/InputReader( 1709): Reconfiguring input devices.  changes=0x00000010
07-09 18:32:49.099 I/WindowManager( 1709): notifyAppStopped: AppWindowToken{93872d1 token=Token{988c827 ActivityRecord{95d0544 u0 com.android.packageinstaller/.InstallSuccess t1163}}}
07-09 18:32:49.099 E/WindowManager( 1709): win=Window{98762e1 u0 com.android.packageinstaller/com.android.packageinstaller.InstallSuccess} destroySurfaces: appStopped=true win.mWindowRemovalAllowed=false win.mRemoveOnExit=false
07-09 18:32:49.099 W/system_server( 1709): resources.arsc in APK '/data/app/com.tencent.mm-_EYLMTF1QNtcSOftPWeDCA==/base.apk' is compressed.
07-09 18:32:49.100 E/dsdscardmanage(22873): Not starting debugger since process cannot load the jdwp agent.
07-09 18:32:49.100 E/Thermal-daemon:hw_thermal(  911): [ambient_temp_v2] temp_new :23  temp_old :22
07-09 18:32:49.101 I/ThermalTrace_ThermalRaise( 2975): CurrAmbientTempV2:23
07-09 18:32:49.101 I/HisiKeyMaster(  577): out_params_buffer_len = 32
07-09 18:32:49.101 I/HisiKeyMaster(  577): HisiKmBegin success
07-09 18:32:49.101 E/Thermal-daemon:hw_thermal(  911): Report temperature: [ambient_temp_v2] temp :23  report_threshold:1
07-09 18:32:49.102 D/keymaster_worker(  883): Keystore begin hidl end
07-09 18:32:49.103 D/keymaster_worker(  883): Keystore begin end
07-09 18:32:49.103 I/AndroidSecurityKeyStore( 1709): keystore operation promise future onFinished.
07-09 18:32:49.105 D/keymaster_worker(  883): Keystore update
07-09 18:32:49.105 D/keymaster_worker(  883): Keystore update hidl
07-09 18:32:49.105 I/HwResolverManager( 1709): isMultiScreenCollaborationEnabled: Operate settings exception! 
07-09 18:32:49.105 I/HisiKeyMaster(  577): HisiKmUpdate start
07-09 18:32:49.105 I/HisiKeyMaster(  577): Disable the enhanced crypto!
07-09 18:32:49.108 I/netd    (  662): trafficSwapActiveStatsMap() <25.08ms>
07-09 18:32:49.110 I/HisiKeyMaster(  577): HisiKmUpdate success
07-09 18:32:49.110 D/keymaster_worker(  883): Keystore update hidl end
07-09 18:32:49.110 D/keymaster_worker(  883): Keystore update end
07-09 18:32:49.110 I/AndroidSecurityKeyStore( 1709): keystore operation promise future onFinished.
07-09 18:32:49.106 I/HwResolverManager( 1709): isMultiScreenCollaborationEnabled: Operate settings exception! 
07-09 18:32:49.111 D/HwConnectivityServiceEx( 1709): set 11194 wlan0 value false
07-09 18:32:49.111 D/HwFrameworkSecurityPartsFactory(22843): HwFrameworkSecurityPartsFactory in.
07-09 18:32:49.111 I/HwFrameworkSecurityPartsFactory(22843): add HwFrameworkSecurityPartsFactory to memory.
07-09 18:32:49.111 I/ActivityManager( 1709): Start proc 22873:com.huawei.dsdscardmanager/1001 for content provider {com.huawei.dsdscardmanager/com.huawei.dsdscardmanager.database.provider.PriorityAppProvider}
07-09 18:32:49.113 D/keymaster_worker(  883): Keystore finish
07-09 18:32:49.113 D/keymaster_worker(  883): Keystore finish hidl
07-09 18:32:49.113 I/HisiKeyMaster(  577): HisiKmFinish start
07-09 18:32:49.113 I/HisiKeyMaster(  577): Disable the enhanced crypto!
07-09 18:32:49.113 D/PGGoogleServicePolicy( 1709): prevent gms/gsf hold partial wakelock
07-09 18:32:49.115 D/PGGoogleServicePolicy( 1709): prevent gms/gsf hold partial wakelock
07-09 18:32:49.115 I/HisiKeyMaster(  577): output data size=16
07-09 18:32:49.115 I/HisiKeyMaster(  577): HisiKmFinish success
07-09 18:32:49.115 D/HwConnectivityServiceEx( 1709): set 11194 NULL value false
07-09 18:32:49.115 D/keymaster_worker(  883): Keystore finish hidl end
07-09 18:32:49.115 D/keymaster_worker(  883): Keystore finish end
07-09 18:32:49.115 I/AndroidSecurityKeyStore( 1709): keystore operation promise future onFinished.
07-09 18:32:49.118 D/keymaster_worker(  883): Keystore begin
07-09 18:32:49.118 D/keymaster_worker(  883): Keystore begin hidl
07-09 18:32:49.118 I/HisiKeyMaster(  577): HisiKmBegin start
07-09 18:32:49.118 I/HisiKeyMaster(  577): Disable the enhanced crypto!
07-09 18:32:49.122 E/ProcessInfoCollector( 1709): getProcessInfo: failed to find this proc 
07-09 18:32:49.123 I/ActivityManager( 1709): App 10037/com.android.vending targets O+, restricted
07-09 18:32:49.123 I/BoosterSwitchP( 2931): notifyUidState do nothing
07-09 18:32:49.123 I/DeepNoDisturbP( 2931): notifyUidState
07-09 18:32:49.123 I/BrowserChrP( 2931): notifyUidState
07-09 18:32:49.123 W/BroadcastQueue( 1709): Background execution not allowed: receiving Intent { act=android.intent.action.PACKAGE_REMOVED dat=package:cn.carbs.wricheditor flg=0x4000010 (has extras) } to com.android.vending/com.google.android.finsky.packagemanager.impl.PackageMonitorReceiverImpl$RegisteredReceiver
07-09 18:32:49.127 I/HisiKeyMaster(  577): out_params_buffer_len = 32
07-09 18:32:49.127 I/HisiKeyMaster(  577): HisiKmBegin success
07-09 18:32:49.127 D/keymaster_worker(  883): Keystore begin hidl end
07-09 18:32:49.127 D/keymaster_worker(  883): Keystore begin end
07-09 18:32:49.128 I/AndroidSecurityKeyStore( 1709): keystore operation promise future onFinished.
07-09 18:32:49.129 D/Zygote  (  663): Forked child process 22901
07-09 18:32:49.132 V/ActivityManager( 1709): startProcess: name=cn.carbs.wricheditor app=null knownToBeDead=false thread=null pid=-1 preloadStatus=-1
07-09 18:32:49.133 I/AppsUpload( 3075): Received intent with action android.intent.action.PACKAGE_REMOVED
07-09 18:32:49.134 I/ActivityManager( 1709): Start proc 22901:com.huawei.deviceauth/u0a136 for service {com.huawei.deviceauth/com.huawei.deviceauth.CleanRedundancyService}
07-09 18:32:49.134 V/ActivityManager( 1709): startProcess: name=cn.carbs.wricheditor app=ProcessRecord{938de99 0:cn.carbs.wricheditor/u0a1189} knownToBeDead=false thread=null pid=0 preloadStatus=0
07-09 18:32:49.134 V/ActivityTaskManager( 1709): Activity idle: null
07-09 18:32:49.135 I/WindowManager( 1709): Focus is not changing, current focus is null
07-09 18:32:49.135 D/PGGoogleServicePolicy( 1709): prevent gms/gsf hold partial wakelock
07-09 18:32:49.136 E/ProcessInfoCollector( 1709): getProcessInfo: failed to find this proc 
07-09 18:32:49.136 D/AwareLog(  918): iawared: WorkingsetProcessCommand subCmd = 354, userId=11189, pid=0, cn.carbs.wricheditor
07-09 18:32:49.136 W//system/bin/netd(  662): A binder object at 0x7ce3556d80 is being transacted on, however, this object is in the same process as its proxy. Transacting with this binder is expensive compared to just calling the corresponding functionality in the same process.
07-09 18:32:49.136 I/PreDnsController(  662): canPreDnsQuery,persist.sys.predns is false!
07-09 18:32:49.136 D/AwareLog(  918): iawared: WorkingsetStart cn.carbs.wricheditor in monitor0
07-09 18:32:49.138 D/keymaster_worker(  883): Keystore update
07-09 18:32:49.138 D/keymaster_worker(  883): Keystore update hidl
07-09 18:32:49.138 I/HisiKeyMaster(  577): HisiKmUpdate start
07-09 18:32:49.138 I/HisiKeyMaster(  577): Disable the enhanced crypto!
07-09 18:32:49.140 I/InputReader( 1709): Reconfiguring input devices.  changes=0x00000010
07-09 18:32:49.141 V/ActivityManager( 1709): startProcess: name=cn.carbs.wricheditor app=ProcessRecord{938de99 0:cn.carbs.wricheditor/u0a1189} knownToBeDead=false thread=null pid=0 preloadStatus=0
07-09 18:32:49.141 I/hwid.container(22822): QarthPatchMonintor::Init
07-09 18:32:49.141 I/hwid.container(22822): 
07-09 18:32:49.141 I/hwid.container(22822): QarthPatchMonintor::StartWatch
07-09 18:32:49.141 I/hwid.container(22822): 
07-09 18:32:49.141 I/hwid.container(22822): QarthPatchMonintor::WatchPackage: /data/hotpatch/fwkhotpatch/
07-09 18:32:49.141 I/hwid.container(22822): 
07-09 18:32:49.141 I/hwid.container(22822): QarthPatchMonintor::CheckAndWatchPatch: /data/hotpatch/fwkhotpatch/com.huawei.hwid
07-09 18:32:49.141 I/hwid.container(22822): 
07-09 18:32:49.141 I/hwid.container(22822): QarthPatchMonintor::CheckAndWatchPatch: /data/hotpatch/fwkhotpatch/all
07-09 18:32:49.141 I/hwid.container(22822): 
07-09 18:32:49.141 I/hwid.container(22822): QarthPatchMonintor::Run
07-09 18:32:49.141 I/hwid.container(22822): 
07-09 18:32:49.143 I/InputReader( 1709): Reconfiguring input devices.  changes=0x00000010
07-09 18:32:49.143 I/HisiKeyMaster(  577): HisiKmUpdate success
07-09 18:32:49.144 D/keymaster_worker(  883): Keystore update hidl end
07-09 18:32:49.144 D/keymaster_worker(  883): Keystore update end
07-09 18:32:49.144 I/MultiDex(22822): VM with version 2.1.0 has multidex support
07-09 18:32:49.144 I/MultiDex(22822): Installing application
07-09 18:32:49.144 I/MultiDex(22822): VM has multidex support, MultiDex support library is disabled.
07-09 18:32:49.144 I/awei.deviceaut(22901): Reinit property: dalvik.vm.checkjni= false
07-09 18:32:49.145 I/awei.deviceaut(22901): ReInitProperties: persist.vm.debug.dumpapi= false
07-09 18:32:49.145 I/CoreApplication(22822): [I/HMSCore/CoreApplication 22822:1 :107] Start to init KMS. --> attachBaseContext
07-09 18:32:49.145 I/fwkit_sdk_fm(22822): onAttachBaseContext start
07-09 18:32:49.145 I/AndroidSecurityKeyStore( 1709): keystore operation promise future onFinished.
07-09 18:32:49.147 I/hwid.container(22822): QarthPatchMonintor::Reading
07-09 18:32:49.147 I/hwid.container(22822): 
07-09 18:32:49.147 I/hwid.container(22822): QarthPatchMonintor::CheckNotifyEvent
07-09 18:32:49.147 I/hwid.container(22822): 
07-09 18:32:49.147 I/hwid.container(22822): QarthPatchMonintor::CheckNotifyEvent before read
07-09 18:32:49.147 I/hwid.container(22822): 
07-09 18:32:49.147 I/ndroid.nfc:loa(22843): QarthPatchMonintor::Init
07-09 18:32:49.147 I/ndroid.nfc:loa(22843): 
07-09 18:32:49.147 I/ndroid.nfc:loa(22843): QarthPatchMonintor::StartWatch
07-09 18:32:49.147 I/ndroid.nfc:loa(22843): 
07-09 18:32:49.147 I/ndroid.nfc:loa(22843): QarthPatchMonintor::WatchPackage: /data/hotpatch/fwkhotpatch/
07-09 18:32:49.147 I/ndroid.nfc:loa(22843): 
07-09 18:32:49.147 I/ndroid.nfc:loa(22843): QarthPatchMonintor::CheckAndWatchPatch: /data/hotpatch/fwkhotpatch/com.android.nfc
07-09 18:32:49.147 I/ndroid.nfc:loa(22843): 
07-09 18:32:49.147 I/ndroid.nfc:loa(22843): QarthPatchMonintor::CheckAndWatchPatch: /data/hotpatch/fwkhotpatch/all
07-09 18:32:49.147 I/ndroid.nfc:loa(22843): 
07-09 18:32:49.147 I/ndroid.nfc:loa(22843): QarthPatchMonintor::Run
07-09 18:32:49.147 I/ndroid.nfc:loa(22843): 
07-09 18:32:49.149 E/awei.deviceaut(22901): Not starting debugger since process cannot load the jdwp agent.
07-09 18:32:49.150 D/Zygote  (  663): Forked child process 22938
07-09 18:32:49.144 I/chatty  ( 1709): uid=1000(system) android.display identical 2 lines
07-09 18:32:49.146 V/ActivityManager( 1709): startProcess: name=cn.carbs.wricheditor app=ProcessRecord{938de99 0:cn.carbs.wricheditor/u0a1189} knownToBeDead=false thread=null pid=0 preloadStatus=0
07-09 18:32:49.151 I/ActivityManager( 1709): App 10120/com.huawei.gameassistant targets O+, restricted
07-09 18:32:49.151 D/keymaster_worker(  883): Keystore finish
07-09 18:32:49.151 D/keymaster_worker(  883): Keystore finish hidl
07-09 18:32:49.151 I/HisiKeyMaster(  577): HisiKmFinish start
07-09 18:32:49.151 I/HisiKeyMaster(  577): Disable the enhanced crypto!
07-09 18:32:49.152 W/AwareLog( 1709): HwMtmBroadcastResourceManager: iaware_brjob not process: ResolveInfo{966be40 com.huawei.gameassistant/.gamedata.receiver.RemovePackageIntentReceiver m=0x208000}, filter: null, count: null
07-09 18:32:49.152 V/ActivityManager( 1709): startProcess: name=com.huawei.gameassistant:brd app=null knownToBeDead=true thread=null pid=-1 preloadStatus=-1
07-09 18:32:49.152 D/HwConnectivityManagerImpl( 1709): getNetworkPolicyFlag flagStr null
07-09 18:32:49.154 D/HwBastetService( 1709): BroadcastReceiver android.intent.action.PACKAGE_ADDED
