07-06 11:05:23.666 V/WindowManager( 1429): removeIfPossible: Window{9e1aa99 u0 cn.carbs.wricheditor/cn.carbs.wricheditor.MainActivity} callers=com.android.server.wm.WindowState.removeIfPossible:5505060 com.android.server.wm.InputManagerCallback.notifyInputChannelBroken:16360660 com.android.server.input.InputManagerService.notifyInputChannelBroken:18536052 <bottom of call stack> <bottom of call stack> 
07-06 11:05:23.666 I/        (  921): PrivacyPolicy: name cn.carbs.wricheditor :: mask 0
07-06 11:05:23.666 W/InputDispatcher( 1429): Attempted to unregister already unregistered input channel '9e1aa99 cn.carbs.wricheditor/cn.carbs.wricheditor.MainActivity (server)'
07-06 11:05:23.666 I/        (  921): PrivacyPolicy:cn.carbs.wricheditor is not PreloadedApp
07-06 11:05:23.666 E/iMonitor(  921): FaultDetect: DumptoolPrintf return.
07-06 11:05:23.666 V/WindowManager( 1429): postWindowRemoveCleanupLocked: Window{9e1aa99 u0 cn.carbs.wricheditor/cn.carbs.wricheditor.MainActivity}
07-06 11:05:23.666 V/WindowManager( 1429): Removing Window{9e1aa99 u0 cn.carbs.wricheditor/cn.carbs.wricheditor.MainActivity} from AppWindowToken{a3e8d35 token=Token{a4e38d1 ActivityRecord{a0d1cb1 u0 cn.carbs.wricheditor/.MainActivity t782}}}
07-06 11:05:23.666 E/iMonitor(  921): FaultDetect: FaultEngineTracePrintf return.
07-06 11:05:23.666 E/iMonitor(  921): FaultDetect: DumptoolPrintf return.
07-06 11:05:23.666 E/iMonitor(  921): FaultDetect: DumptoolPrintf return.
07-06 11:05:23.666 I/iMonitor(  921): create: 901001004
07-06 11:05:23.666 E/iMonitor(  921): FaultDetect: DumptoolPrintf return.
07-06 11:05:23.671 I/WindowManager( 1429): WIN DEATH: Window{a224529 u0 cn.carbs.wricheditor/cn.carbs.wricheditor.TestLibActivity EXITING}
07-06 11:05:23.671 E/InputDispatcher( 1429): Window handle Window{a224529 u0 cn.carbs.wricheditor/cn.carbs.wricheditor.TestLibActivity} has no registered input channel
07-06 11:05:23.671 V/WindowManager( 1429): removeIfPossible: Window{a224529 u0 cn.carbs.wricheditor/cn.carbs.wricheditor.TestLibActivity EXITING} callers=com.android.server.wm.WindowState$DeathRecipient.binderDied:7857444 android.os.BinderProxy.sendDeathNotice:7373044 <bottom of call stack> <bottom of call stack> <bottom of call stack> 
07-06 11:05:23.671 V/WindowManager( 1429): Not removing Window{a224529 u0 cn.carbs.wricheditor/cn.carbs.wricheditor.TestLibActivity EXITING} due to exit animation 
07-06 11:05:23.672 I/ActivityManager( 1429): Process cn.carbs.wricheditor (pid 15888) has died: fore TOP 
07-06 11:05:23.672 I/libprocessgroup( 1429): Successfully killed process cgroup uid 11189 pid 15888 in 0ms
07-06 11:05:23.672 D/ActivityManager( 1429): cleanUpApplicationRecord app: ProcessRecord{a4fe4e1 15888:cn.carbs.wricheditor/u0a1189}, app.bad: false, restarting: false, allowRestart: true
07-06 11:05:23.672 I/HwPowerManagerService( 1429): appdie release wakelock, pid = 15888, uid = 11189
07-06 11:05:23.672 I/iMonitor(  921): send: 901001004
07-06 11:05:23.672 I/Zygote  (  636): Process 15888 exited due to signal 9 (Killed)
07-06 11:05:23.672 E/iMonitor(  921): FaultDetect: DumptoolPrintf return.
07-06 11:05:23.672 E/iMonitor(  921): FaultDetect: DumptoolPrintf return.
07-06 11:05:23.674 E/HsmCoreServiceImpl( 2840): onTransact in code is: 102
07-06 11:05:23.674 I/MediaProcessHandler( 2840): processOp opType: 1, uid: 11189, pid: 15888
07-06 11:05:23.674 W/MediaProcessHandler( 2840): remove target not exist, maybe the UI process: uid: 11189, pid: 15888
07-06 11:05:23.674 I/MediaProcessHandler( 2840): executedCallBack opType: 1 mMediaStatusObservers.size=0
07-06 11:05:23.674 W/AwareLog( 1429): SchedLevelBoost: onProcessDied config not set!
07-06 11:05:23.675 I/BoosterSwitchP( 2840): notifyUidState do nothing
07-06 11:05:23.675 D/HicomMonitor( 2840): notifyAppDied: uid = 11189
07-06 11:05:23.675 I/DeepNoDisturbP( 2840): notifyUidState
07-06 11:05:23.675 I/BrowserChrP( 2840): notifyUidState
07-06 11:05:23.675 E/iMonitor(  921): FaultDetect: FaultEngineTracePrintf return.
07-06 11:05:23.675 E/iMonitor(  921): FaultDetect: FaultEngineTracePrintf return.
07-06 11:05:23.676 I/AppStatisticProc( 2840): handleAppDied: pkgName = cn.carbs.wricheditor is not apk supported in Smartcare
07-06 11:05:23.676 D/Hicom_SysEnvMonitor( 2840): onAppDied, uid:11189
07-06 11:05:23.676 D/Hicom_PolicyCenterService( 2840): policencenterservice receive handleMessage: 68
07-06 11:05:23.676 D/Hicom_AppLifeCycleManager( 2840): sAppAllSocketClosed rm uid: 11189
07-06 11:05:23.676 D/Hicom_SingleTaskDecisionSystem( 2840): AllAppPolicyEmpty(), disable MobileData...
07-06 11:05:23.676 D/Hicom_MobileDataControl( 2840): setMobileData Mobile switch closing,mEnableSourceMask:0
07-06 11:05:23.676 D/Hicom_MobileDataControl( 2840): stopMobileDataNetwork
07-06 11:05:23.676 D/Hicom_MobileDataControl( 2840): has already stopMobileDataNetwork
07-06 11:05:23.676 I/Hicom_MpFlowDecisionSystem( 2840): stopMpFlow: pkgName:  is not a stared mp-flow app. 
07-06 11:05:23.676 E/Hicom_PolicyCenterService( 2840): handleAppDied. multipathPolicy
07-06 11:05:23.677 V/WindowManager( 1429): Exit animation finished in Window{a224529 u0 cn.carbs.wricheditor/cn.carbs.wricheditor.TestLibActivity EXITING}: remove=true
07-06 11:05:23.677 E/WindowManager( 1429): win=Window{a224529 u0 cn.carbs.wricheditor/cn.carbs.wricheditor.TestLibActivity EXITING} destroySurfaces: appStopped=false win.mWindowRemovalAllowed=true win.mRemoveOnExit=true
07-06 11:05:23.677 D/iTouchService(  845): itouch currentPackageName = cn.carbs.wricheditor
07-06 11:05:23.677 D/iTouchService(  845): itouch appType=-1 appState=0 gameMode=2
07-06 11:05:23.677 D/iTouchService(  845): g_itouch_reader_monitor empty
07-06 11:05:23.677 D/iTouchService(  845): g_itouch_reader_monitor Monitor::isReaderMonitorEnable()=0
07-06 11:05:23.677 D/iTouchService(  845): itouch getCurrentParmID tempPkg=cn.carbs.xxx
07-06 11:05:23.677 D/iTouchService(  845): itouch:app cn.carbs.wricheditor is  not game app
07-06 11:05:23.677 D/iTouchService(  845): itouch:app cn.carbs.wricheditor is  not in StylusPenList
07-06 11:05:23.677 D/iTouchService(  845): itouch:styluspen_switch is disable
07-06 11:05:23.677 D/iTouchService(  845): itouch:currentAppTypeName =|UNKNOWN|
07-06 11:05:23.677 I/System.out.cpp(  921): getFinalPath finalPath=event_id
07-06 11:05:23.677 V/WindowManager( 1429): postWindowRemoveCleanupLocked: Window{a224529 u0 cn.carbs.wricheditor/cn.carbs.wricheditor.TestLibActivity}
07-06 11:05:23.677 V/WindowManager( 1429): Removing Window{a224529 u0 cn.carbs.wricheditor/cn.carbs.wricheditor.TestLibActivity} from AppWindowToken{a089b99 token=Token{a525bad ActivityRecord{a4e74e9 u0 cn.carbs.wricheditor/.TestLibActivity t782}}}
07-06 11:05:23.679 V/WindowManager( 1429): removeAppToken: AppWindowToken{a089b99 token=Token{a525bad ActivityRecord{a4e74e9 u0 cn.carbs.wricheditor/.TestLibActivity t782}}} delayed=true Callers=com.android.server.wm.DisplayContent.removeAppToken:8163868 com.android.server.wm.ActivityRecord.removeWindowContainer:8165540 com.android.server.wm.ActivityStack.removeActivityFromHistoryLocked:8162968 com.android.server.wm.ActivityStack.removeHistoryRecordsForAppLocked:6808492 
07-06 11:05:23.680 I/HwAudioServiceEx( 1429): ComponentInfo : className = cn.carbs.wricheditor.MainActivity, flag=showStartingWindow, isHomeActivity=, isTop=false
07-06 11:05:23.681 W/SecurityProfileService( 1429): Activity life state callback extras get package null!
07-06 11:05:23.681 E/DollieActivityManagerAdapter( 2840): HwActivityNotifierEx null uid
07-06 11:05:23.681 W/ContentSensor_FrameworkRegistry( 4286): ActivityNotifier unknown state
07-06 11:05:23.681 D/subscribe(  921): start run callback for subscriber Jank
07-06 11:05:23.681 D/subscribe(  921): end run callback for subscriber Jank
07-06 11:05:23.684 W/ActivityManager( 1429): setHasOverlayUi called on unknown pid: 15888
07-06 11:05:23.684 V/ActivityManager( 1429): startProcess: name=cn.carbs.wricheditor app=null knownToBeDead=false thread=null pid=-1
07-06 11:05:23.684 E/system_server( 1429): Invalid ID 0x00000000.
07-06 11:05:23.685 V/ActivityManager( 1429): startProcess: name=cn.carbs.wricheditor app=ProcessRecord{a364bb9 0:cn.carbs.wricheditor/u0a1189} knownToBeDead=false thread=null pid=0
07-06 11:05:23.685 D/AwareLog(  877): iawared: WorkingsetProcessCommand subCmd = 354, userId=11189, pid=0, cn.carbs.wricheditor
07-06 11:05:23.685 D/AwareLog(  877): iawared: WorkingsetSendPrereadMsg cn.carbs.wricheditor
07-06 11:05:23.685 D/AwareLog(  877): iawared: WorkingsetStart cn.carbs.wricheditor in monitor0
07-06 11:05:23.686 D/DollieActivityManagerAdapter( 2840): [UidGone]  uid:11189
07-06 11:05:23.686 E/DollieAdapterService( 2840): notifyActivityState pkg:cn.carbs.wricheditor/cn.carbs.wricheditor.TestLibActivity state:20 fg:false mUid:11189
07-06 11:05:23.686 I/HidataAppQoeP( 2840): foregroundUidRemove uid: 11189 name: cn.carbs.wricheditor
07-06 11:05:23.686 I/HwPacketFilterBypass( 2840): handleActivityUidStateChanged uid:11189 -1 foreground:0
07-06 11:05:23.686 I/HwPacketFilterBypass( 2840): isAllowSendSmartCureToChr false, no exceptions occur, dropCnt:0
07-06 11:05:23.688 D/ScreemCommon(  921): <LOGMGR> <complete_pm> [Entry]
07-06 11:05:23.688 E/ScreemCommon(  921): <LOGMGR> <logCaptureFilter> [the special scene]
07-06 11:05:23.688 D/ScreemCommon(  921): <LOGMGR> <logCaptureFilter> [filterReason:32]
07-06 11:05:23.688 D/ScreemCommon(  921): <LOGMGR> <complete_pm> [type:1 Level:3 filter:32]
07-06 11:05:23.688 D/ScreemCommon(  921): <LOGMGR> <reportImmediately> [entry]
07-06 11:05:23.688 W/JankShield( 1429): Could not find packageinfo
07-06 11:05:23.689 I/iMonitor(  921): create: 902610000
07-06 11:05:23.689 E/WificondControl( 1429): Noise: 0, Snr: -91, Chload: 56
07-06 11:05:23.689 D/SmartDualCardConfig( 2840): getAppType,pkgName=cn.carbs.wricheditor,appType=-1
07-06 11:05:23.690 D/SmartDualCardConfig( 2840): getAppType,pkgName=cn.carbs.wricheditor,appType=-1
07-06 11:05:23.690 E/SmartDualCardConfig( 2840): isAppInBlackList false,items==null
07-06 11:05:23.690 V/WindowManager( 1429): addWindow: Window{a4af8e1 u0 Splash Screen cn.carbs.wricheditor}
07-06 11:05:23.690 D/SmartDualCardSM( 2840): onUidStateUpdate,uid=11189,appName=cn.carbs.wricheditor,state=BACKGROUND
07-06 11:05:23.690 D/SmartDualCardConfig( 2840): removeAppFromList,after remove,size()=0,uid=11189
07-06 11:05:23.690 D/HuaweiWifiWatchdogStateMachine( 1429): nothing to do
07-06 11:05:23.690 I/HuaweiWifiWatchdogStateMachine( 1429): POta txb txg rxg:0, 5, 0. Lr =0% Totpkt=5
07-06 11:05:23.690 D/WiFi_PRO( 1429): MSG_RETURN_AP_CURRY_RSSI rssi = -69
07-06 11:05:23.690 I/QosMonitor( 1429): queryRtt: rttType = 3
07-06 11:05:23.690 I/HwWifiProServiceProxy( 1429): ctrlHwWifiNetwork pkgName: WIFIPRO_SERVICE interfaceId: 8
07-06 11:05:23.691 I/QosMonitor( 1429): postEventFromNative: msg=100,arg1=4,arg2=10
07-06 11:05:23.691 I/HwWifiProServiceProxy( 1429): ctrlHwWifiNetwork pkgName: WIFIPRO_SERVICE interfaceId: 8
07-06 11:05:23.691 I/QosMonitor( 1429): postEventFromNative: msg=100,arg1=0,arg2=10
07-06 11:05:23.691 D/HuaweiWifiWatchdogStateMachine( 1429): nothing to do
07-06 11:05:23.691 I/MQoS    ( 1429): rtt=176,tcpTxPkts=1001794,tcpRxPkts=1945563
07-06 11:05:23.691 I/QosMonitor( 1429): resetRtt: rttType = 3
07-06 11:05:23.691 I/HwWifiProServiceProxy( 1429): ctrlHwWifiNetwork pkgName: WIFIPRO_SERVICE interfaceId: 8
07-06 11:05:23.691 D/HwConnectivityServiceEx( 1429): set cache by key is 1000 interfaceName iswlan0 value is false
07-06 11:05:23.691 I/MQoS    ( 1429): QOS_level:0(0),DataDisable;use level-0
07-06 11:05:23.691 I/MQoS    ( 1429): skip-low-Level:0(0),DataDisable;use level-0
07-06 11:05:23.691 I/HwUidTcpMonitor( 1429): TcpStatisticsRun run
07-06 11:05:23.691 I/HwWifiProServiceProxy( 1429): ctrlHwWifiNetwork pkgName: WIFIPRO_SERVICE interfaceId: 79
07-06 11:05:23.692 I/HwWifiProServiceProxy( 1429): TcpStatisticsRun run
07-06 11:05:23.692 D/SmartDualCardConfig( 2840): getAppType,pkgName=cn.carbs.wricheditor,appType=-1
07-06 11:05:23.692 D/SmartDualCardSM( 2840): updateAppState mAppState=1
07-06 11:05:23.692 D/SmartDualCardSM( 2840): IdleState:got msg.what=EVENT_APP_MOVE_BACKGROUND
07-06 11:05:23.692 I/DollieChr( 2840): handleForegroundAppUpdateMsg,mAppState=2,scenes=1,mForegroundAppName=cn.carbs.wricheditor
07-06 11:05:23.692 D/SmartDualCardSM( 2840): startAppBackgroundTimer
07-06 11:05:23.692 I/HuaweiWifiWatchdogStateMachine( 1429): PTcp RTT:0, rtt pkt=0, tcp_rx=4, tcp_tx=4, tcp_reTran=0, rtRate=0
07-06 11:05:23.692 D/HuaweiWifiWatchdogStateMachine( 1429): rssi bad, mrssi=-69 < TargetRssi=-51
07-06 11:05:23.692 D/HwUidTcpMonitor( 1429): parseWlanUidTcpStatistics lastUidTcpStatInfo = [ mUid = 10037 mPacketName = cn.carbs.wricheditor mSendSegs = 20 mResendSegs = 0 mRcvSegs = 18 ]
07-06 11:05:23.696 D/Zygote  (  636): Forked child process 15981
07-06 11:05:23.698 D/HiTouch_PressGestureDetector( 1429): onAttached, package=cn.carbs.wricheditor, windowType=3, mHiTouchRestricted=false
07-06 11:05:23.700 I/ActivityManager( 1429): Start proc 15981:cn.carbs.wricheditor/u0a1189 for activity {cn.carbs.wricheditor/cn.carbs.wricheditor.MainActivity}
07-06 11:05:23.701 E/ProcessInfoCollector( 1429): getProcessInfo: failed to find this proc 
07-06 11:05:23.701 D/AwareLog(  877): iawared: WorkingsetProcessCommand subCmd = 350, userId=11189, pid=15981, cn.carbs.wricheditor
07-06 11:05:23.702 D/AwareLog(  877): iawared: WorkingsetStart cn.carbs.wricheditor in monitor0
07-06 11:05:23.704 I/rbs.wrichedito(15981): Late-enabling -Xcheck:jni
07-06 11:05:23.708 I/GRALLOC (  657): getCallingPid=696, shrFd=11,fmt=0x1,intFmt=0x1,btStrd=4352,size=10186752,pid=657 
07-06 11:05:23.708 I/GRALLOC (  657): 	 yuv=2,w=1080,h=2340,Stride u=0 v=0,offset u=0 v=0 
07-06 11:05:23.708 I/GRALLOC (  657): 	 iova_size=10186752,conUsg=0x906,proUsg=0x966,	 strd=1088,[afbc]HdrStrd=0 PyldStrd=0 Scrmbl=0,ionhnd = 0 
07-06 11:05:23.713 E/ScreemCommon(  921): Failed to get thermalPath[2].
07-06 11:05:23.717 I/HwViewRootImpl( 1429): removeInvalidNode all the node in jank list is out of time
07-06 11:05:23.720 I/HwWindowManagerServiceEx( 1429): closing apps count = 0
07-06 11:05:23.720 I/iMonitor(  921): send: 902610000
07-06 11:05:23.720 D/HwWindowManagerServiceEx( 1429): is app exit to launcher info: transit = 26, app = AppWindowToken{a3e8d35 token=Token{a4e38d1 ActivityRecord{a0d1cb1 u0 cn.carbs.wricheditor/.MainActivity t782}}}, window = Window{a4af8e1 u0 Splash Screen cn.carbs.wricheditor}, mClosingApps = {}, topOpeningApp = AppWindowToken{a3e8d35 token=Token{a4e38d1 ActivityRecord{a0d1cb1 u0 cn.carbs.wricheditor/.MainActivity t782}}}, mExitIconBitmap = null, mExitIconHeight = -1, mExitIconWidth = -1
07-06 11:05:23.720 E/WindowManager( 1429): icon is null!!
07-06 11:05:23.723 I/StatusBarDisable( 1429): setFlags what=0 which=1 pkg=Window{a4af8e1 u0 Splash Screen cn.carbs.wricheditor}
07-06 11:05:23.732 E/rbs.wrichedito(15981): Unknown bits set in runtime_flags: 0x8000
07-06 11:05:23.733 I/rbs.wrichedito(15981): Reinit property: dalvik.vm.checkjni= false
07-06 11:05:23.743 D/ActivityThread(15981): Attach thread to application
07-06 11:05:23.752 W/        ( 1429): Failed to UpdateQosForCgroupInner, tid=0, policy=10
07-06 11:05:23.754 I/BoosterSwitchP( 2840): notifyUidState do nothing
07-06 11:05:23.754 I/DeepNoDisturbP( 2840): notifyUidState
07-06 11:05:23.754 I/BrowserChrP( 2840): notifyUidState
07-06 11:05:23.754 W/AwareLog( 1429): SchedLevelBoost: onFgActivitiesChanged config not set!
07-06 11:05:23.755 D/HicomMonitor( 2840): notifyAppStarted: uid = 11189
07-06 11:05:23.755 I/AppStatisticProc( 2840): handleAppStarted: pkgName = cn.carbs.wricheditor is not apk supported in Smartcare
07-06 11:05:23.755 D/Hicom_SysEnvMonitor( 2840): onAppStarted, uid: 11189
07-06 11:05:23.755 D/Hicom_PolicyCenterService( 2840): policencenterservice receive handleMessage: 72
07-06 11:05:23.755 I/HwNetworkPolicy( 1429): onTransact, code = 203
07-06 11:05:23.756 I/HwNetworkPolicyManager(30730): getHwUidPolicy uid = 11189 policy = 0
07-06 11:05:23.761 D/Hicom_SmartNetStateUtils( 2840): isSmartNetEnabled total_switch:-1
07-06 11:05:23.762 D/Hicom_UXDecisionSystem( 2840): isAPPCanEnableMP can use mobile 
07-06 11:05:23.762 E/Hicom_PolicyCenterService( 2840): enableAppLevelMP. multipathPolicy is null
07-06 11:05:23.763 D/iTouchService(  845): itouch currentPackageName = cn.carbs.wricheditor
07-06 11:05:23.763 D/iTouchService(  845): itouch appType=-1 appState=1 gameMode=2
07-06 11:05:23.763 D/iTouchService(  845): g_itouch_reader_monitor empty
07-06 11:05:23.763 D/iTouchService(  845): g_itouch_reader_monitor Monitor::isReaderMonitorEnable()=0
07-06 11:05:23.763 D/iTouchService(  845): itouch getCurrentParmID tempPkg=cn.carbs.xxx
07-06 11:05:23.763 D/iTouchService(  845): itouch:app cn.carbs.wricheditor is  not game app
07-06 11:05:23.763 D/iTouchService(  845): itouch:app cn.carbs.wricheditor is  not in StylusPenList
07-06 11:05:23.763 D/iTouchService(  845): itouch:styluspen_switch is disable
07-06 11:05:23.763 D/iTouchService(  845): itouch:currentAppTypeName =|UNKNOWN|
07-06 11:05:23.763 D/iTouchService(  845): jackey into set agp_prefetch_view_enable 0
07-06 11:05:23.765 I/HwAudioService( 1429): now type = -1,reportForegroundAppType = -1,pkg = null,systemload = -1mVoipOptimizeInGameModefalse
07-06 11:05:23.782 I/PackageManager( 1429): getInstalledPackages cost 1 ms, flags: 786432, userId: 0, callingUid: 2000, callingPid: 16008
07-06 11:05:23.794 I/rbs.wrichedito(15981): QarthPatchMonintor::Init
07-06 11:05:23.794 I/rbs.wrichedito(15981): 
07-06 11:05:23.794 I/rbs.wrichedito(15981): QarthPatchMonintor::StartWatch
07-06 11:05:23.794 I/rbs.wrichedito(15981): 
07-06 11:05:23.794 I/rbs.wrichedito(15981): QarthPatchMonintor::WatchPackage: /data/hotpatch/fwkhotpatch/
07-06 11:05:23.794 I/rbs.wrichedito(15981): 
07-06 11:05:23.794 I/rbs.wrichedito(15981): QarthPatchMonintor::CheckAndWatchPatch: /data/hotpatch/fwkhotpatch/cn.carbs.wricheditor
07-06 11:05:23.794 I/rbs.wrichedito(15981): 
07-06 11:05:23.794 I/rbs.wrichedito(15981): QarthPatchMonintor::CheckAndWatchPatch: /data/hotpatch/fwkhotpatch/all
07-06 11:05:23.794 I/rbs.wrichedito(15981): 
07-06 11:05:23.794 I/rbs.wrichedito(15981): QarthPatchMonintor::Run
07-06 11:05:23.794 I/rbs.wrichedito(15981): 
07-06 11:05:23.795 I/rbs.wrichedito(15981): QarthPatchMonintor::Reading
07-06 11:05:23.795 I/rbs.wrichedito(15981): 
07-06 11:05:23.795 I/rbs.wrichedito(15981): QarthPatchMonintor::CheckNotifyEvent
07-06 11:05:23.795 I/rbs.wrichedito(15981): 
07-06 11:05:23.795 I/rbs.wrichedito(15981): QarthPatchMonintor::CheckNotifyEvent before read
07-06 11:05:23.795 I/rbs.wrichedito(15981): 
07-06 11:05:23.795 I/HwApiCacheMangerEx(15981): apicache path=/storage/emulated/0 state=mounted key=cn.carbs.wricheditor#11189#256
07-06 11:05:23.796 W/        (  877): Failed to SetQos, ret=-1, tid=16013, qos=1
07-06 11:05:23.796 I/HwApiCacheMangerEx(15981): apicache path=/storage/emulated/0 state=mounted key=cn.carbs.wricheditor#11189#0
07-06 11:05:23.796 E/AwareLog(  877): iawared: GetFileContent open /proc/16011/task/16014/cpuset fail errno(2)!
07-06 11:05:23.796 W/        (  877): Failed to SetQos, ret=-1, tid=16014, qos=1
07-06 11:05:23.798 I/AwareBitmapCacher(15981): init processName:cn.carbs.wricheditor pid=15981 uid=11189
07-06 11:05:23.800 E/AwareLog(15981): AtomicFileUtils: readFileLines file not exist: android.util.AtomicFile@7cffa0d
07-06 11:05:23.800 E/AwareLog(15981): AtomicFileUtils: readFileLines file not exist: android.util.AtomicFile@4cb9dc2
07-06 11:05:23.802 D/OpenGLRenderer(15981): disableOutlineDraw is true
07-06 11:05:23.824 V/ActivityManager( 1429): Successfully start provider ContentProviderRecord{9ddc5b0 u0 com.android.providers.settings/.hwext.HwSettingsProvider} launchingApp=null caller pid= 15981
07-06 11:05:23.827 V/ActivityThread(15981): callActivityOnCreate
07-06 11:05:23.837 V/HwWidgetFactory(15981): : successes to get AllImpl object and return....
07-06 11:05:23.846 I/OverScrollerOptimization(15981): start init SmartSlideOverScroller and get the overscroller config
07-06 11:05:23.847 I/OverScrollerOptimization(15981): get the overscroller config
07-06 11:05:23.864 W/rbs.wrichedito(15981): Accessing hidden method Landroid/view/View;->computeFitSystemWindows(Landroid/graphics/Rect;Landroid/graphics/Rect;)Z (greylist, reflection, allowed)
07-06 11:05:23.865 W/rbs.wrichedito(15981): Accessing hidden method Landroid/view/ViewGroup;->makeOptionalFitsSystemWindows()V (greylist, reflection, allowed)
07-06 11:05:23.877 D/ActivityThread(15981): add activity client record, r= ActivityRecord{e767e0b token=android.os.BinderProxy@5743ca4 {cn.carbs.wricheditor/cn.carbs.wricheditor.MainActivity}} token= android.os.BinderProxy@5743ca4
07-06 11:05:23.891 V/WindowManager( 1429): addWindow: Window{a0a5499 u0 cn.carbs.wricheditor/cn.carbs.wricheditor.MainActivity}
07-06 11:05:23.892 D/OpenGLRenderer(15981): disableOutlineDraw is true
07-06 11:05:23.892 I/HwAudioServiceEx( 1429): ComponentInfo : className = cn.carbs.wricheditor.MainActivity, flag=onResume, isHomeActivity=, isTop=true
07-06 11:05:23.892 W/SecurityProfileService( 1429): Activity life state callback extras get package null!
07-06 11:05:23.892 I/OPCollectLog( 2784): AppChangeImpl:call onAppChange.
07-06 11:05:23.892 I/OPCollectLog( 2784): HwForegroundAppAction:handleMessage 
07-06 11:05:23.892 D/OPCollectLog( 2784): HwForegroundAppAction:FG executeWithArgs
07-06 11:05:23.892 I/OPCollectLog( 2784): OPCollectUtils:ODMF Api Version:2.14.1
07-06 11:05:23.892 D/DollieActivityManagerAdapter( 2840): [Resumed] bg:true pid:15981 uid:11189 ComponentInfo{cn.carbs.wricheditor/cn.carbs.wricheditor.MainActivity}
07-06 11:05:23.892 E/DollieAdapterService( 2840): notifyActivityState pkg:cn.carbs.wricheditor/cn.carbs.wricheditor.MainActivity state:2 fg:true mUid:11189
07-06 11:05:23.893 I/OPCollectLog( 2784): Action:HwForegroundAppAction executed successfully
07-06 11:05:23.893 D/OPCollectLog( 2784): OdmfCollectScheduler:handleMessage msg: 4
07-06 11:05:23.893 I/OPCollectLog( 2784): OdmfHelper:opcollectCache 1
07-06 11:05:23.893 I/HidataAppQoeP( 2840): foregroundUidAdd uid: 11189 name: cn.carbs.wricheditor activity state: true
07-06 11:05:23.893 I/OPCollectLog( 2784): OdmfHelper:opcollectCache curTime: 1842306033, interval: 1258
07-06 11:05:23.893 I/OPCollectLog( 2784): OdmfHelper:isCharging: true
07-06 11:05:23.895 I/OPCollectLog( 2784): OdmfHelper:insert database success 
07-06 11:05:23.896 I/OPCollectLog( 2784): OdmfHelper:opcollectCache size: 1
07-06 11:05:23.896 E/BoosterUtil( 2840): convertSubIdToSlotId failed, subId:0, slotId:-1
07-06 11:05:23.896 I/OPCollectLog( 2784): OdmfHelper:opcollectCache lastTime: 1842306036
07-06 11:05:23.896 E/BoosterUtil( 2840): getDefaultDataSlotId failed, invalid slotId:-1, subId:0
07-06 11:05:23.896 D/ConnCureStateMonitor( 2840): handleMessage: msg[2]
07-06 11:05:23.896 I/HwPacketFilterBypass( 2840): handleActivityUidStateChanged uid:11189 -1 foreground:1
07-06 11:05:23.897 D/SmartDualCardConfig( 2840): getAppType,pkgName=cn.carbs.wricheditor,appType=-1
07-06 11:05:23.897 D/SmartDualCardConfig( 2840): getAppType,pkgName=cn.carbs.wricheditor,appType=-1
07-06 11:05:23.897 E/SmartDualCardConfig( 2840): isAppInBlackList false,items==null
07-06 11:05:23.897 D/SmartDualCardSM( 2840): onUidStateUpdate,uid=11189,appName=cn.carbs.wricheditor,state=FOREGROUND
07-06 11:05:23.898 D/SmartDualCardConfig( 2840): getAppType,pkgName=cn.carbs.wricheditor,appType=-1
07-06 11:05:23.898 D/SmartDualCardSM( 2840): updateAppState mAppState=2
07-06 11:05:23.898 D/SmartDualCardConfig( 2840): addForegroundAppToList,size()=1,uid=11189
07-06 11:05:23.898 I/BoosterUtil( 2840): getSlaveCardSubId slotId: 1, subId: -1
07-06 11:05:23.899 D/HiTouch_PressGestureDetector(15981): onAttached, package=cn.carbs.wricheditor, windowType=1, mHiTouchRestricted=false
07-06 11:05:23.899 I/BoosterUtil( 2840): getSlaveCardSubId slotId: 1, subId: -1
07-06 11:05:23.899 E/BoosterUtil( 2840): convertSubIdToSlotId failed, subId:0, slotId:-1
07-06 11:05:23.899 E/BoosterUtil( 2840): getDefaultDataSlotId failed, invalid slotId:-1, subId:0
07-06 11:05:23.900 E/SmartDualCardSM( 2840): boosterDump failed, invalid param, default4GSlotId0
07-06 11:05:23.900 D/SmartDualCardSM( 2840): isNeedMonitorAppQoe return false
07-06 11:05:23.900 E/BoosterUtil( 2840): convertSubIdToSlotId failed, subId:0, slotId:-1
07-06 11:05:23.900 E/BoosterUtil( 2840): getDefaultDataSlotId failed, invalid slotId:-1, subId:0
07-06 11:05:23.900 D/SmartDualCardSM( 2840): resetAppQoeState
07-06 11:05:23.900 D/SmartDualCardSM( 2840): IdleState:got msg.what=EVENT_APP_MOVE_FOREGROUND
07-06 11:05:23.900 I/DollieChr( 2840): handleForegroundAppUpdateMsg,mAppState=1,scenes=2,mForegroundAppName=
07-06 11:05:23.901 D/ConnectivityService( 1429): get Network state from cache, cacheBlock is 0
07-06 11:05:23.901 E/BoosterUtil( 2840): convertSubIdToSlotId failed, subId:0, slotId:-1
07-06 11:05:23.901 E/BoosterUtil( 2840): getDefaultDataSlotId failed, invalid slotId:-1, subId:0
07-06 11:05:23.901 E/SmartDualCardSM( 2840): isNeedEnterHardSwitchingMode failed, invalid sub
07-06 11:05:23.907 D/ZrHung.AppEyeFocusWindow( 1429): FocusWindowErrorScene cancelCheckFreezeScreen
07-06 11:05:23.908 D/ZrHung.AppEyeTransparentWindow( 1429): TransparentWindow mHungConfigStatus = 0,mHungConfigEnable = 1
07-06 11:05:23.908 I/StatusBarDisable( 1429): setFlags what=0 which=1 pkg=Window{a0a5499 u0 cn.carbs.wricheditor/cn.carbs.wricheditor.MainActivity}
07-06 11:05:23.909 I/iGraphics(15981): [0020080c] pn: cn.carbs.wricheditor, p: 15981
07-06 11:05:23.909 I/iGraphics(15981): [0030080c] no spt app: cn.carbs.wricheditor
07-06 11:05:23.919 D/mali_winsys(15981): EGLint new_window_surface(egl_winsys_display *, void *, EGLSurface, EGLConfig, egl_winsys_surface **, EGLBoolean) returns 0x3000
07-06 11:05:23.922 I/GRALLOC (  657): getCallingPid=696, shrFd=11,fmt=0x1,intFmt=0x200000001,btStrd=4352,size=10399744,pid=657 
07-06 11:05:23.922 I/GRALLOC (  657): 	 yuv=2,w=1080,h=2340,Stride u=0 v=0,offset u=0 v=0 
07-06 11:05:23.922 I/GRALLOC (  657): 	 iova_size=10399744,conUsg=0xb00,proUsg=0xb00,	 strd=1088,[afbc]HdrStrd=1088 PyldStrd=69632 Scrmbl=2,ionhnd = 0 
07-06 11:05:23.925 I/hwservicemanager(  472): getTransport: Cannot find entry android.hardware.graphics.mapper@3.0::IMapper/default in either framework or device manifest.
07-06 11:05:23.925 W/Gralloc3(15981): mapper 3.x is not supported
07-06 11:05:23.930 I/GRALLOC (  657): getCallingPid=696, shrFd=11,fmt=0x1,intFmt=0x200000001,btStrd=4352,size=10399744,pid=657 
07-06 11:05:23.930 I/GRALLOC (  657): 	 yuv=2,w=1080,h=2340,Stride u=0 v=0,offset u=0 v=0 
07-06 11:05:23.930 I/GRALLOC (  657): 	 iova_size=10399744,conUsg=0xb00,proUsg=0xb00,	 strd=1088,[afbc]HdrStrd=1088 PyldStrd=69632 Scrmbl=2,ionhnd = 0 
07-06 11:05:23.937 I/GRALLOC (  657): getCallingPid=696, shrFd=13,fmt=0x1,intFmt=0x200000001,btStrd=4352,size=10399744,pid=657 
07-06 11:05:23.937 I/GRALLOC (  657): 	 yuv=2,w=1080,h=2340,Stride u=0 v=0,offset u=0 v=0 
07-06 11:05:23.937 I/GRALLOC (  657): 	 iova_size=10399744,conUsg=0xb00,proUsg=0xb00,	 strd=1088,[afbc]HdrStrd=1088 PyldStrd=69632 Scrmbl=2,ionhnd = 0 
07-06 11:05:23.942 E/        (15981): APS:IFLoad:importExternalFunctions, search function createNewHwApsUtils failed, dlsym err:undefined symbol: createNewHwApsUtils
07-06 11:05:23.942 D/        (15981): APS:importExternalFunctions OK
07-06 11:05:23.943 I/HwViewRootImpl(15981): removeInvalidNode jank list is null
07-06 11:05:23.949 V/WindowManager( 1429): removeIfPossible: Window{a4af8e1 u0 Splash Screen cn.carbs.wricheditor} callers=com.android.server.wm.WindowState.removeIfPossible:5505060 com.android.server.wm.WindowManagerService.removeWindow:5503048 android.view.ViewRootImpl.dispatchDetachedFromWindow:5943096 android.view.ViewRootImpl.doDie:5943772 android.view.ViewRootImpl$ViewRootHandler.handleMessage:7187460 
07-06 11:05:23.950 V/WindowManager( 1429): Not removing Window{a4af8e1 u0 Splash Screen cn.carbs.wricheditor EXITING} due to exit animation 
07-06 11:05:24.062 V/WindowManager( 1429): Exit animation finished in Window{a4af8e1 u0 Splash Screen cn.carbs.wricheditor EXITING}: remove=true
07-06 11:05:24.062 E/WindowManager( 1429): win=Window{a4af8e1 u0 Splash Screen cn.carbs.wricheditor EXITING} destroySurfaces: appStopped=false win.mWindowRemovalAllowed=true win.mRemoveOnExit=true
07-06 11:05:24.062 V/WindowManager( 1429): postWindowRemoveCleanupLocked: Window{a4af8e1 u0 Splash Screen cn.carbs.wricheditor}
07-06 11:05:24.062 V/WindowManager( 1429): Removing Window{a4af8e1 u0 Splash Screen cn.carbs.wricheditor} from AppWindowToken{a3e8d35 token=Token{a4e38d1 ActivityRecord{a0d1cb1 u0 cn.carbs.wricheditor/.MainActivity t782}}}
07-06 11:05:24.070 I/Pged-IPgedBinderService(  877): ****action is 2, pid num is 3***
07-06 11:05:24.070 I/Pged-Freezer(  877): thawPids
07-06 11:05:24.070 D/PgedBinderAdapter( 2895): unF_Z ok, pid: [28656, 14566]
07-06 11:05:24.120 W/ActivityTaskManager( 1429): Activity top resumed state loss timeout for ActivityRecord{a4e74e9 u0 cn.carbs.wricheditor/.TestLibActivity t-1 f}
07-06 11:05:24.149 D/AwareLog(  877): iawared: WorkingsetProcessCommand subCmd = 351, userId=11189, pid=15981, cn.carbs.wricheditor
07-06 11:05:24.149 D/AwareLog(  877): iawared: WorkingsetPause cn.carbs.wricheditor
07-06 11:05:24.172 I/audio_hw_primary(  668): usb_ext_get_parameters: check show hires (false)
07-06 11:05:24.363 W/migration/7(   53): type=1400 audit(0.0:10822711): avc: granted { setsched } for pid=53 scontext=u:r:kernel:s0 tcontext=u:r:kernel:s0 tclass=process
07-06 11:05:24.570 I/TrafficMonitor( 1429): update:rxPkts:1,txPkts:1,rxBytes:40,txBytes:40
07-06 11:05:24.571 I/TrafficMonitor( 1429): start expired. level:-1
07-06 11:05:24.571 I/TrafficMonitor( 1429): gettimer:interval=2000
07-06 11:05:24.899 I/HwPacketFilterBypass( 2840): isBypassAllowed not allowed reason: DATA_OFF
07-06 11:05:24.899 I/HwPacketFilterBypass( 2840): kernelAddTrackUid uid:11189 allowed:false
07-06 11:05:25.071 I/netd    (  635): trafficSwapActiveStatsMap() <14.43ms>
07-06 11:05:25.257 I/APwSendOutList( 2895): no wifi sleep list
07-06 11:05:25.257 I/PGConfigUpdateManager( 2895): clear wifi_apps_whitelist
07-06 11:05:25.257 I/PGConfigUpdateManager( 2895): clear wifi_sleep_list
07-06 11:05:25.565 I/TrafficMonitor( 1429): expired arrive. level:-1
07-06 11:05:25.565 I/TrafficMonitor( 1429): during_ms:2003,period_ms:2000
07-06 11:05:25.565 I/TrafficMonitor( 1429): count:87,rx_sum:1,tx_sum:1,rxBytes:40,during_ms:2003,rx_speed:19.9700449326011,tx_speed:19.9700449326011,rto:1.0
07-06 11:05:25.748 E/WifiHAL (  690): enter wifi_get_link_stats
07-06 11:05:25.759 E/WificondControl( 1429): Noise: 0, Snr: -94, Chload: 56
07-06 11:05:25.763 V/HwWifiServiceFactory( 1429): get AllImpl object = com.android.server.wifi.HwWifiServiceFactoryImpl@a22847d
07-06 11:05:25.770 D/TelephonyManager( 1429): getAllCellInfo calling app is android
07-06 11:05:25.771 W/PhoneInterfaceManager( 2908): shouldBlockLocation running ...
07-06 11:05:25.771 I/PhoneInterfaceManager( 2908): shouldBlockLocation  ret:false
07-06 11:05:25.898 D/ConnCureStateMonitor( 2840): handleMessage: msg[4]
07-06 11:05:25.899 D/ConnCureStateMonitor( 2840): canPerformConnCure: network is not in service.
07-06 11:05:26.559 I/netd    (  635): trafficSwapActiveStatsMap() <40.72ms>
07-06 11:05:26.573 I/TrafficMonitor( 1429): update:rxPkts:0,txPkts:0,rxBytes:0,txBytes:0
07-06 11:05:26.573 I/TrafficMonitor( 1429): start expired. level:-1
07-06 11:05:26.573 I/TrafficMonitor( 1429): gettimer:interval=2000
07-06 11:05:26.574 I/DownloadState( 2895): shareUid: 1000 com.huawei.systemmanager transmitting data speed : 16 bytes/s (rxB:40 txB:40 rxP:1 txP:1 iface:1) scroff: false
07-06 11:05:26.951 D/AwareLog(  877): iawared: WorkingsetProcessCommand subCmd = 357, userId=11189, pid=15981, cn.carbs.wricheditor
07-06 11:05:26.952 D/AwareLog(  877): iawared: WorkingsetPauseCollect cn.carbs.wricheditor
07-06 11:05:26.971 W/AwareLog( 1429): AwareMem_MemoryUtils: trim Memory illegal arg exception, proc:15888 userId:-2 level:40 fromIAware:true
