07-09 18:43:02.711 I/AppScope( 3766): [I/HMSCore/AppScope 3766:280 :576] checkPermission, appID:100170393, permission:com.huawei.android.hms.account.getCountry, accountIndex:null, checkExpiredTimeFlag:0
07-09 18:43:02.711 I/PermissionCheckUtil( 3766): [I/HwID_APK_log[5.0.0.304]/PermissionCheckUtil 3766:280 :106] checkPermission authResp.getRtnCode():0
07-09 18:43:02.711 I/PermissionCheckUtil( 3766): [I/HwID_APK_log[5.0.0.304]/PermissionCheckUtil 3766:280 :120] checkPermission awaitValue:true
07-09 18:43:02.711 I/RespDataHandler( 3766): [I/HwID_APK_log[5.0.0.304]/RespDataHandler 3766:280 :110] checkPropertyPermission start.
07-09 18:43:02.711 I/PermissionCheckUtil( 3766): [I/HwID_APK_log[5.0.0.304]/PermissionCheckUtil 3766:280 :56] checkPermission start.
07-09 18:43:02.711 I/ProcessUtil( 3766): [I/HMSCore/ProcessUtil 3766:280 :36] Process = com.huawei.hwid.core
07-09 18:43:02.711 I/AuthService( 3766): [I/HMSCore/AuthService 3766:280 :296] Enter checkPermission, appId: 100170393
07-09 18:43:02.711 I/AuthService( 3766): [I/HMSCore/AuthService 3766:280 :300] in scope manager process, local check permission
07-09 18:43:02.711 I/AppScope( 3766): [I/HMSCore/AppScope 3766:280 :576] checkPermission, appID:100170393, permission:com.huawei.android.hms.account.getBaseProfile, accountIndex:null, checkExpiredTimeFlag:0
07-09 18:43:02.711 I/PermissionCheckUtil( 3766): [I/HwID_APK_log[5.0.0.304]/PermissionCheckUtil 3766:280 :106] checkPermission authResp.getRtnCode():0
07-09 18:43:02.711 I/PermissionCheckUtil( 3766): [I/HwID_APK_log[5.0.0.304]/PermissionCheckUtil 3766:280 :120] checkPermission awaitValue:true
07-09 18:43:02.712 I/RespDataHandler( 3766): [I/HwID_APK_log[5.0.0.304]/RespDataHandler 3766:280 :110] checkPropertyPermission start.
07-09 18:43:02.712 I/RespDataHandler( 3766): [I/HwID_APK_log[5.0.0.304]/RespDataHandler 3766:280 :110] checkPropertyPermission start.
07-09 18:43:02.712 I/PermissionCheckUtil( 3766): [I/HwID_APK_log[5.0.0.304]/PermissionCheckUtil 3766:280 :56] checkPermission start.
07-09 18:43:02.712 I/ProcessUtil( 3766): [I/HMSCore/ProcessUtil 3766:280 :36] Process = com.huawei.hwid.core
07-09 18:43:02.712 I/AuthService( 3766): [I/HMSCore/AuthService 3766:280 :296] Enter checkPermission, appId: 100170393
07-09 18:43:02.712 I/AuthService( 3766): [I/HMSCore/AuthService 3766:280 :300] in scope manager process, local check permission
07-09 18:43:02.712 I/AppScope( 3766): [I/HMSCore/AppScope 3766:280 :576] checkPermission, appID:100170393, permission:com.huawei.android.hms.account.getBaseProfile, accountIndex:null, checkExpiredTimeFlag:0
07-09 18:43:02.712 I/PermissionCheckUtil( 3766): [I/HwID_APK_log[5.0.0.304]/PermissionCheckUtil 3766:280 :106] checkPermission authResp.getRtnCode():0
07-09 18:43:02.712 I/PermissionCheckUtil( 3766): [I/HwID_APK_log[5.0.0.304]/PermissionCheckUtil 3766:280 :120] checkPermission awaitValue:true
07-09 18:43:02.712 I/RespDataHandler( 3766): [I/HwID_APK_log[5.0.0.304]/RespDataHandler 3766:280 :110] checkPropertyPermission start.
07-09 18:43:02.712 D/LogWrite( 3766): wtf Exception
07-09 18:43:02.712 D/LogWrite( 3766): wtf Exception
07-09 18:43:02.712 I/PermissionCheckUtil( 3766): [I/HwID_APK_log[5.0.0.304]/PermissionCheckUtil 3766:280 :56] checkPermission start.
07-09 18:43:02.712 D/LogWrite( 3766): wtf Exception
07-09 18:43:02.712 D/LogWrite( 3766): wtf Exception
07-09 18:43:02.712 I/ProcessUtil( 3766): [I/HMSCore/ProcessUtil 3766:280 :36] Process = com.huawei.hwid.core
07-09 18:43:02.712 D/LogWrite( 3766): wtf Exception
07-09 18:43:02.712 D/LogWrite( 3766): wtf Exception
07-09 18:43:02.712 I/AuthService( 3766): [I/HMSCore/AuthService 3766:280 :296] Enter checkPermission, appId: 100170393
07-09 18:43:02.712 D/LogWrite( 3766): wtf Exception
07-09 18:43:02.712 D/AppLogManager( 3766): PrintWoker poll timeout , shutdown
07-09 18:43:02.712 I/AuthService( 3766): [I/HMSCore/AuthService 3766:280 :300] in scope manager process, local check permission
07-09 18:43:02.712 I/AppScope( 3766): [I/HMSCore/AppScope 3766:280 :576] checkPermission, appID:100170393, permission:com.huawei.hms.account.openid, accountIndex:null, checkExpiredTimeFlag:0
07-09 18:43:02.712 I/PermissionCheckUtil( 3766): [I/HwID_APK_log[5.0.0.304]/PermissionCheckUtil 3766:280 :106] checkPermission authResp.getRtnCode():0
07-09 18:43:02.712 I/PermissionCheckUtil( 3766): [I/HwID_APK_log[5.0.0.304]/PermissionCheckUtil 3766:280 :120] checkPermission awaitValue:true
07-09 18:43:02.712 I/RespDataHandler( 3766): [I/HwID_APK_log[5.0.0.304]/RespDataHandler 3766:280 :110] checkPropertyPermission start.
07-09 18:43:02.712 I/PermissionCheckUtil( 3766): [I/HwID_APK_log[5.0.0.304]/PermissionCheckUtil 3766:280 :56] checkPermission start.
07-09 18:43:02.712 I/RespDataHandler( 3766): [I/HwID_APK_log[5.0.0.304]/RespDataHandler 3766:280 :110] checkPropertyPermission start.
07-09 18:43:02.712 D/LogWrite( 3766): wtf Exception
07-09 18:43:02.712 D/LogWrite( 3766): wtf Exception
07-09 18:43:02.712 I/RespDataHandler( 3766): [I/HwID_APK_log[5.0.0.304]/RespDataHandler 3766:280 :110] checkPropertyPermission start.
07-09 18:43:02.712 D/LogWrite( 3766): wtf Exception
07-09 18:43:02.712 D/LogWrite( 3766): wtf Exception
07-09 18:43:02.712 I/PermissionCheckUtil( 3766): [I/HwID_APK_log[5.0.0.304]/PermissionCheckUtil 3766:280 :56] checkPermission start.
07-09 18:43:02.712 D/AppLogManager( 3766): PrintWoker poll timeout , shutdown
07-09 18:43:02.713 D/LogWrite( 3766): wtf Exception
07-09 18:43:02.713 D/LogWrite( 3766): wtf Exception
07-09 18:43:02.713 D/AppLogManager( 3766): PrintWoker poll timeout , shutdown
07-09 18:43:02.713 I/ProcessUtil( 3766): [I/HMSCore/ProcessUtil 3766:280 :36] Process = com.huawei.hwid.core
07-09 18:43:02.713 D/LogWrite( 3766): wtf Exception
07-09 18:43:02.713 D/AppLogManager( 3766): PrintWoker poll timeout , shutdown
07-09 18:43:02.713 I/UsageStatsService( 1709): User[0] Results: 67
07-09 18:43:02.714 D/LogWrite( 3766): wtf Exception
07-09 18:43:02.714 I/AuthService( 3766): [I/HMSCore/AuthService 3766:280 :296] Enter checkPermission, appId: 100170393
07-09 18:43:02.714 D/AppLogManager( 3766): PrintWoker poll timeout , shutdown
07-09 18:43:02.714 D/LogWrite( 3766): wtf Exception
07-09 18:43:02.714 D/AppLogManager( 3766): PrintWoker poll timeout , shutdown
07-09 18:43:02.714 I/AuthService( 3766): [I/HMSCore/AuthService 3766:280 :300] in scope manager process, local check permission
07-09 18:43:02.715 D/LogWrite( 3766): wtf Exception
07-09 18:43:02.715 I/AppScope( 3766): [I/HMSCore/AppScope 3766:280 :576] checkPermission, appID:100170393, permission:com.huawei.android.hms.account.getCountry, accountIndex:null, checkExpiredTimeFlag:0
07-09 18:43:02.715 D/AppLogManager( 3766): PrintWoker poll timeout , shutdown
07-09 18:43:02.715 D/LogWrite( 3766): wtf Exception
07-09 18:43:02.715 I/PermissionCheckUtil( 3766): [I/HwID_APK_log[5.0.0.304]/PermissionCheckUtil 3766:280 :106] checkPermission authResp.getRtnCode():0
07-09 18:43:02.715 D/AppLogManager( 3766): PrintWoker poll timeout , shutdown
07-09 18:43:02.715 D/LogWrite( 3766): wtf Exception
07-09 18:43:02.715 I/PermissionCheckUtil( 3766): [I/HwID_APK_log[5.0.0.304]/PermissionCheckUtil 3766:280 :120] checkPermission awaitValue:true
07-09 18:43:02.715 D/AppLogManager( 3766): PrintWoker poll timeout , shutdown
07-09 18:43:02.715 I/RespDataHandler( 3766): [I/HwID_APK_log[5.0.0.304]/RespDataHandler 3766:280 :110] checkPropertyPermission start.
07-09 18:43:02.715 D/LogWrite( 3766): wtf Exception
07-09 18:43:02.715 I/PermissionCheckUtil( 3766): [I/HwID_APK_log[5.0.0.304]/PermissionCheckUtil 3766:280 :56] checkPermission start.
07-09 18:43:02.715 D/AppLogManager( 3766): PrintWoker poll timeout , shutdown
07-09 18:43:02.715 D/LogWrite( 3766): wtf Exception
07-09 18:43:02.715 D/AppLogManager( 3766): PrintWoker poll timeout , shutdown
07-09 18:43:02.715 I/ProcessUtil( 3766): [I/HMSCore/ProcessUtil 3766:280 :36] Process = com.huawei.hwid.core
07-09 18:43:02.715 D/LogWrite( 3766): wtf Exception
07-09 18:43:02.715 D/AppLogManager( 3766): PrintWoker poll timeout , shutdown
07-09 18:43:02.715 I/AuthService( 3766): [I/HMSCore/AuthService 3766:280 :296] Enter checkPermission, appId: 100170393
07-09 18:43:02.715 D/LogWrite( 3766): wtf Exception
07-09 18:43:02.715 D/AppLogManager( 3766): PrintWoker poll timeout , shutdown
07-09 18:43:02.715 I/AuthService( 3766): [I/HMSCore/AuthService 3766:280 :300] in scope manager process, local check permission
07-09 18:43:02.715 D/LogWrite( 3766): wtf Exception
07-09 18:43:02.715 D/AppLogManager( 3766): PrintWoker poll timeout , shutdown
07-09 18:43:02.715 D/LogWrite( 3766): wtf Exception
07-09 18:43:02.715 D/AppLogManager( 3766): PrintWoker poll timeout , shutdown
07-09 18:43:02.715 I/AppScope( 3766): [I/HMSCore/AppScope 3766:280 :576] checkPermission, appID:100170393, permission:com.huawei.android.hms.account.getUID, accountIndex:null, checkExpiredTimeFlag:0
07-09 18:43:02.715 D/LogWrite( 3766): wtf Exception
07-09 18:43:02.715 I/PermissionCheckUtil( 3766): [I/HwID_APK_log[5.0.0.304]/PermissionCheckUtil 3766:280 :106] checkPermission authResp.getRtnCode():0
07-09 18:43:02.715 D/AppLogManager( 3766): PrintWoker poll timeout , shutdown
07-09 18:43:02.715 D/LogWrite( 3766): wtf Exception
07-09 18:43:02.715 I/PermissionCheckUtil( 3766): [I/HwID_APK_log[5.0.0.304]/PermissionCheckUtil 3766:280 :120] checkPermission awaitValue:true
07-09 18:43:02.715 D/AppLogManager( 3766): PrintWoker poll timeout , shutdown
07-09 18:43:02.715 D/LogWrite( 3766): wtf Exception
07-09 18:43:02.715 D/AppLogManager( 3766): PrintWoker poll timeout , shutdown
07-09 18:43:02.715 I/RespDataHandler( 3766): [I/HwID_APK_log[5.0.0.304]/RespDataHandler 3766:280 :110] checkPropertyPermission start.
07-09 18:43:02.715 D/LogWrite( 3766): wtf Exception
07-09 18:43:02.715 I/PermissionCheckUtil( 3766): [I/HwID_APK_log[5.0.0.304]/PermissionCheckUtil 3766:280 :56] checkPermission start.
07-09 18:43:02.715 D/AppLogManager( 3766): PrintWoker poll timeout , shutdown
07-09 18:43:02.715 D/LogWrite( 3766): wtf Exception
07-09 18:43:02.715 I/ProcessUtil( 3766): [I/HMSCore/ProcessUtil 3766:280 :36] Process = com.huawei.hwid.core
07-09 18:43:02.715 D/AppLogManager( 3766): PrintWoker poll timeout , shutdown
07-09 18:43:02.715 D/LogWrite( 3766): wtf Exception
07-09 18:43:02.715 I/AuthService( 3766): [I/HMSCore/AuthService 3766:280 :296] Enter checkPermission, appId: 100170393
07-09 18:43:02.715 D/AppLogManager( 3766): PrintWoker poll timeout , shutdown
07-09 18:43:02.715 D/LogWrite( 3766): wtf Exception
07-09 18:43:02.715 I/AuthService( 3766): [I/HMSCore/AuthService 3766:280 :300] in scope manager process, local check permission
07-09 18:43:02.715 D/AppLogManager( 3766): PrintWoker poll timeout , shutdown
07-09 18:43:02.716 D/LogWrite( 3766): wtf Exception
07-09 18:43:02.716 D/AppLogManager( 3766): PrintWoker poll timeout , shutdown
07-09 18:43:02.716 I/AppScope( 3766): [I/HMSCore/AppScope 3766:280 :576] checkPermission, appID:100170393, permission:com.huawei.hms.account.openid, accountIndex:null, checkExpiredTimeFlag:0
07-09 18:43:02.716 D/LogWrite( 3766): wtf Exception
07-09 18:43:02.716 I/PermissionCheckUtil( 3766): [I/HwID_APK_log[5.0.0.304]/PermissionCheckUtil 3766:280 :106] checkPermission authResp.getRtnCode():0
07-09 18:43:02.716 D/AppLogManager( 3766): PrintWoker poll timeout , shutdown
07-09 18:43:02.716 D/LogWrite( 3766): wtf Exception
07-09 18:43:02.716 I/PermissionCheckUtil( 3766): [I/HwID_APK_log[5.0.0.304]/PermissionCheckUtil 3766:280 :120] checkPermission awaitValue:true
07-09 18:43:02.716 D/AppLogManager( 3766): PrintWoker poll timeout , shutdown
07-09 18:43:02.716 D/LogWrite( 3766): wtf Exception
07-09 18:43:02.716 D/AppLogManager( 3766): PrintWoker poll timeout , shutdown
07-09 18:43:02.716 I/RespDataHandler( 3766): [I/HwID_APK_log[5.0.0.304]/RespDataHandler 3766:280 :110] checkPropertyPermission start.
07-09 18:43:02.716 D/LogWrite( 3766): wtf Exception
07-09 18:43:02.716 I/PermissionCheckUtil( 3766): [I/HwID_APK_log[5.0.0.304]/PermissionCheckUtil 3766:280 :56] checkPermission start.
07-09 18:43:02.716 D/AppLogManager( 3766): PrintWoker poll timeout , shutdown
07-09 18:43:02.716 D/LogWrite( 3766): wtf Exception
07-09 18:43:02.716 D/AppLogManager( 3766): PrintWoker poll timeout , shutdown
07-09 18:43:02.716 I/ProcessUtil( 3766): [I/HMSCore/ProcessUtil 3766:280 :36] Process = com.huawei.hwid.core
07-09 18:43:02.716 I/AuthService( 3766): [I/HMSCore/AuthService 3766:280 :296] Enter checkPermission, appId: 100170393
07-09 18:43:02.716 D/LogWrite( 3766): wtf Exception
07-09 18:43:02.716 D/AppLogManager( 3766): PrintWoker poll timeout , shutdown
07-09 18:43:02.716 I/AuthService( 3766): [I/HMSCore/AuthService 3766:280 :300] in scope manager process, local check permission
07-09 18:43:02.716 D/LogWrite( 3766): wtf Exception
07-09 18:43:02.716 D/AppLogManager( 3766): PrintWoker poll timeout , shutdown
07-09 18:43:02.716 I/AppScope( 3766): [I/HMSCore/AppScope 3766:280 :576] checkPermission, appID:100170393, permission:com.huawei.android.hms.account.getBaseProfile, accountIndex:null, checkExpiredTimeFlag:0
07-09 18:43:02.716 D/LogWrite( 3766): wtf Exception
07-09 18:43:02.716 D/AppLogManager( 3766): PrintWoker poll timeout , shutdown
07-09 18:43:02.716 D/LogWrite( 3766): wtf Exception
07-09 18:43:02.716 I/PermissionCheckUtil( 3766): [I/HwID_APK_log[5.0.0.304]/PermissionCheckUtil 3766:280 :106] checkPermission authResp.getRtnCode():0
07-09 18:43:02.716 D/AppLogManager( 3766): PrintWoker poll timeout , shutdown
07-09 18:43:02.716 D/LogWrite( 3766): wtf Exception
07-09 18:43:02.716 I/PermissionCheckUtil( 3766): [I/HwID_APK_log[5.0.0.304]/PermissionCheckUtil 3766:280 :120] checkPermission awaitValue:true
07-09 18:43:02.716 D/AppLogManager( 3766): PrintWoker poll timeout , shutdown
07-09 18:43:02.716 D/LogWrite( 3766): wtf Exception
07-09 18:43:02.716 I/RespDataHandler( 3766): [I/HwID_APK_log[5.0.0.304]/RespDataHandler 3766:280 :110] checkPropertyPermission start.
07-09 18:43:02.716 D/AppLogManager( 3766): PrintWoker poll timeout , shutdown
07-09 18:43:02.716 I/PermissionCheckUtil( 3766): [I/HwID_APK_log[5.0.0.304]/PermissionCheckUtil 3766:280 :56] checkPermission start.
07-09 18:43:02.716 D/LogWrite( 3766): wtf Exception
07-09 18:43:02.716 D/AppLogManager( 3766): PrintWoker poll timeout , shutdown
07-09 18:43:02.716 D/LogWrite( 3766): wtf Exception
07-09 18:43:02.717 D/AppLogManager( 3766): PrintWoker poll timeout , shutdown
07-09 18:43:02.717 I/ProcessUtil( 3766): [I/HMSCore/ProcessUtil 3766:280 :36] Process = com.huawei.hwid.core
07-09 18:43:02.717 I/AuthService( 3766): [I/HMSCore/AuthService 3766:280 :296] Enter checkPermission, appId: 100170393
07-09 18:43:02.717 I/AuthService( 3766): [I/HMSCore/AuthService 3766:280 :300] in scope manager process, local check permission
07-09 18:43:02.717 D/LogWrite( 3766): wtf Exception
07-09 18:43:02.717 D/LogWrite( 3766): wtf Exception
07-09 18:43:02.717 D/AppLogManager( 3766): PrintWoker poll timeout , shutdown
07-09 18:43:02.717 D/LogWrite( 3766): wtf Exception
07-09 18:43:02.717 D/AppLogManager( 3766): PrintWoker poll timeout , shutdown
07-09 18:43:02.717 I/AppScope( 3766): [I/HMSCore/AppScope 3766:280 :576] checkPermission, appID:100170393, permission:com.huawei.android.hms.account.getBaseProfile, accountIndex:null, checkExpiredTimeFlag:0
07-09 18:43:02.717 I/PermissionCheckUtil( 3766): [I/HwID_APK_log[5.0.0.304]/PermissionCheckUtil 3766:280 :106] checkPermission authResp.getRtnCode():0
07-09 18:43:02.717 I/PermissionCheckUtil( 3766): [I/HwID_APK_log[5.0.0.304]/PermissionCheckUtil 3766:280 :120] checkPermission awaitValue:true
07-09 18:43:02.717 W//system/bin/netd(  662): A binder object at 0x7ce3556d80 is being transacted on, however, this object is in the same process as its proxy. Transacting with this binder is expensive compared to just calling the corresponding functionality in the same process.
07-09 18:43:02.717 E/RespDataHandler( 3766): [E/HwID_APK_log[5.0.0.304]/RespDataHandler 3766:280 :168] Unsupported value Type
07-09 18:43:02.717 I/PreDnsController(  662): canPreDnsQuery,persist.sys.predns is false!
07-09 18:43:02.717 D/LogWrite( 3766): wtf Exception
07-09 18:43:02.717 D/LogWrite( 3766): wtf Exception
07-09 18:43:02.717 D/AppLogManager( 3766): PrintWoker poll timeout , shutdown
07-09 18:43:02.717 W//system/bin/netd(  662): A binder object at 0x7ce3556d80 is being transacted on, however, this object is in the same process as its proxy. Transacting with this binder is expensive compared to just calling the corresponding functionality in the same process.
07-09 18:43:02.717 I/PreDnsController(  662): canPreDnsQuery,persist.sys.predns is false!
07-09 18:43:02.717 D/LogWrite( 3766): wtf Exception
07-09 18:43:02.717 D/AppLogManager( 3766): PrintWoker poll timeout , shutdown
07-09 18:43:02.717 I/HiAnalyticsUtil( 3766): [I/HwID_APK_log[5.0.0.304]/HiAnalyticsUtil 3766:280 :500] Context == null
07-09 18:43:02.718 D/LogWrite( 3766): wtf Exception
07-09 18:43:02.718 I/[HUAWEIID]HwIDJsonResponse( 3766): [I/HwID_APK_log[5.0.0.304]/[HUAWEIID]HwIDJsonResponse 3766:280 :43] call json response:0
07-09 18:43:02.718 D/AppLogManager( 3766): PrintWoker poll timeout , shutdown
07-09 18:43:02.719 I/CloudAccountInnerAPI( 3766): [I/HwID_APK_log[5.0.0.304]/CloudAccountInnerAPI 3766:280 :1670] signin getIntentResult isBackend:false,retCode:0 at Hwid-Core-Pool2
07-09 18:43:02.719 D/LogWrite( 3766): wtf Exception
07-09 18:43:02.719 D/AppLogManager( 3766): PrintWoker poll timeout , shutdown
07-09 18:43:02.719 D/LogWrite( 3766): wtf Exception
07-09 18:43:02.719 D/AppLogManager( 3766): PrintWoker poll timeout , shutdown
07-09 18:43:02.719 I/SignInOpLogTool( 3766): [I/HwID_APK_log[5.0.0.304]/SignInOpLogTool 3766:280 :63]  requestTimeStamp is :20200709184302697
07-09 18:43:02.721 I/qvs-i   (23191): se.it
07-09 18:43:02.721 I/fwkit_kpms_dbwrapper( 3766): [I/fwkit/fwkit_kpms_dbwrapper 3766:1 DBAndCacheWrapper.java:1229] getValidPluginKey: valid plugin has found: com.huawei.hms.analytics
07-09 18:43:02.721 W/fwkit_breaker_utils( 3766): [W/fwkit/fwkit_breaker_utils 3766:1 BreakerUtils.java:172] isKitNeedBreakerPkg kitBreakerInfos is null or empty
07-09 18:43:02.721 D/LogWrite( 3766): wtf Exception
07-09 18:43:02.721 D/LogWrite( 3766): wtf Exception
07-09 18:43:02.721 D/AppLogManager( 3766): PrintWoker poll timeout , shutdown
07-09 18:43:02.721 I/fwkit_kams_scheduler( 3766): [I/fwkit/fwkit_kams_scheduler 3766:177 StubScheduler.java:306] getStubProcessNameByComponent: assign: com.huawei.hwid.container1
07-09 18:43:02.721 I/fwkit_kbct_dispatcher( 3766): [I/fwkit/fwkit_kbct_dispatcher 3766:177 KitBroadcastDispatcher.java:435] [ KAMS ] kitOnReceiver: broadcast action: android.intent.action.PACKAGE_REMOVED, receiver info: com.huawei.hms.analytics com.huawei.hms.analytics.receiver.HiAnalyticsSysEvtReceiver in com.huawei.hwid.container1
07-09 18:43:02.721 I/fwkit_kbct_dispatcher( 3766): [I/fwkit/fwkit_kbct_dispatcher 3766:177 KitBroadcastDispatcher.java:492] no need wait process kill:com.huawei.hwid.container1
07-09 18:43:02.721 D/LogWrite( 3766): wtf Exception
07-09 18:43:02.721 D/LogWrite( 3766): wtf Exception
07-09 18:43:02.721 D/AppLogManager( 3766): PrintWoker poll timeout , shutdown
07-09 18:43:02.722 I/BaseUtil( 3766): [I/HwID_APK_log[5.0.0.304]/BaseUtil 3766:280 :153] enter networkIsAvaiable
07-09 18:43:02.722 D/LogWrite( 3766): wtf Exception
07-09 18:43:02.722 D/AppLogManager( 3766): PrintWoker poll timeout , shutdown
07-09 18:43:02.723 I/fwkit_kac_kitloader(22822): [I/fwkit/fwkit_kac_kitloader 22822:3257 KitLoaderManager.java:175] Kit already exits, no need to reload 
07-09 18:43:02.723 I/HiAnalyticsKit(22822): HiAnalyticsSysEvtReceiver=> HiAnalyticsSysEvtReceiver onReceive is running..
07-09 18:43:02.723 D/LogWrite( 3766): wtf Exception
07-09 18:43:02.723 D/AppLogManager( 3766): PrintWoker poll timeout , shutdown
07-09 18:43:02.723 I/SiteCountryDataManager( 3766): [I/HwID_APK_log[5.0.0.304]/SiteCountryDataManager 3766:280 :945] enter innerInit
07-09 18:43:02.723 I/HiAnalyticsKit(22822): HiAnalyticsSysEvtReceiver=> intent.getPackage() pkg_name check failed
07-09 18:43:02.723 I/HiAnalyticsKit(22822): HiAnalyticsSysEvtReceiver=> intent.getData().getSchemeSpecificPart(): cn.carbs.wricheditor
07-09 18:43:02.723 D/LogWrite( 3766): wtf Exception
07-09 18:43:02.723 D/AppLogManager( 3766): PrintWoker poll timeout , shutdown
07-09 18:43:02.723 I/HiAnalyticsKit(22822): HiAnalyticsSysEvtReceiver=> app is remove
07-09 18:43:02.723 I/SiteCountryDataManager( 3766): [I/HwID_APK_log[5.0.0.304]/SiteCountryDataManager 3766:280 :951] out innerInit
07-09 18:43:02.723 I/HiAnalyticsKit(22822): EventReportTask=> readConfigFormCache is run
07-09 18:43:02.723 D/LogWrite( 3766): wtf Exception
07-09 18:43:02.723 D/AppLogManager( 3766): PrintWoker poll timeout , shutdown
07-09 18:43:02.723 I/SignInOpLogTool( 3766): [I/HwID_APK_log[5.0.0.304]/SignInOpLogTool 3766:280 :108] sample :false
07-09 18:43:02.723 D/LogWrite( 3766): wtf Exception
07-09 18:43:02.723 D/AppLogManager( 3766): PrintWoker poll timeout , shutdown
07-09 18:43:02.724 I/[HUAWEIID]CloudAccountInnerJsonAPI( 3766): [I/HwID_APK_log[5.0.0.304]/[HUAWEIID]CloudAccountInnerJsonAPI 3766:280 :163] onSignInedCallBack: 0
07-09 18:43:02.724 W/HiAnalyticsKit(22822): HiAnalyticsSysEvtReceiver=> cache config param is error.begin save sys evt in sp
07-09 18:43:02.725 D/LogWrite( 3766): wtf Exception
07-09 18:43:02.725 D/AppLogManager( 3766): PrintWoker poll timeout , shutdown
07-09 18:43:02.725 I/JosUserStorageManager( 3766): [I/HwJOS/JosUserStorageManager 3766:280 :920] save signIn date.
07-09 18:43:02.725 D/LogWrite( 3766): wtf Exception
07-09 18:43:02.725 D/AppLogManager( 3766): PrintWoker poll timeout , shutdown
07-09 18:43:02.725 I/JosUserStorageManager( 3766): [I/HwJOS/JosUserStorageManager 3766:280 :945] get signIn(true) status.
07-09 18:43:02.725 D/LogWrite( 3766): wtf Exception
07-09 18:43:02.725 D/AppLogManager( 3766): PrintWoker poll timeout , shutdown
07-09 18:43:02.725 W/HATracker( 3766): [W/HwJOS/HATracker 3766:280 :631] user experience not open, not allow report
07-09 18:43:02.725 D/AppLogManager(22822): PrintWoker poll timeout , shutdown
07-09 18:43:02.725 D/LogWrite( 3766): wtf Exception
07-09 18:43:02.725 D/AppLogManager( 3766): PrintWoker poll timeout , shutdown
07-09 18:43:02.725 I/GameServiceLiteCache( 3766): [I/HwJOS/GameServiceLiteCache 3766:280 :299] set cache app signIn random flag
07-09 18:43:02.726 D/LogWrite( 3766): wtf Exception
07-09 18:43:02.726 D/AppLogManager( 3766): PrintWoker poll timeout , shutdown
07-09 18:43:02.726 I/JosUserStorageManager( 3766): [I/HwJOS/JosUserStorageManager 3766:280 :1024] delete game service lite signIn date.
07-09 18:43:02.726 D/LogWrite( 3766): wtf Exception
07-09 18:43:02.726 D/AppLogManager( 3766): PrintWoker poll timeout , shutdown
07-09 18:43:02.726 I/SilentSignInRequest( 3766): [I/HwJOS/SilentSignInRequest 3766:280 :215] isSignInSuccess:true
07-09 18:43:02.726 I/SilentSignInRequest( 3766): [I/HwJOS/SilentSignInRequest 3766:280 :216] signIn resultCode:0
07-09 18:43:02.726 D/LogWrite( 3766): wtf Exception
07-09 18:43:02.726 D/AppLogManager( 3766): PrintWoker poll timeout , shutdown
07-09 18:43:02.726 I/qvs-i   (23191): se.it
07-09 18:43:02.726 D/LogWrite( 3766): wtf Exception
07-09 18:43:02.726 D/AppLogManager( 3766): PrintWoker poll timeout , shutdown
07-09 18:43:02.726 I/ProcessUtil( 3766): [I/HMSCore/ProcessUtil 3766:280 :36] Process = com.huawei.hwid.core
07-09 18:43:02.726 I/AuthServiceHelper( 3766): [I/HwJOS/AuthServiceHelper 3766:280 :50] Current Thread:before,name:Hwid-Core-Pool2
07-09 18:43:02.726 D/LogWrite( 3766): wtf Exception
07-09 18:43:02.726 D/AppLogManager( 3766): PrintWoker poll timeout , shutdown
07-09 18:43:02.726 I/AuthService( 3766): [I/HMSCore/AuthService 3766:280 :296] Enter checkPermission, appId: 100170393
07-09 18:43:02.726 D/LogWrite( 3766): wtf Exception
07-09 18:43:02.726 I/AuthService( 3766): [I/HMSCore/AuthService 3766:280 :300] in scope manager process, local check permission
07-09 18:43:02.726 D/LogWrite( 3766): wtf Exception
07-09 18:43:02.726 D/AppLogManager( 3766): PrintWoker poll timeout , shutdown
07-09 18:43:02.727 D/LogWrite( 3766): wtf Exception
07-09 18:43:02.727 D/AppLogManager( 3766): PrintWoker poll timeout , shutdown
07-09 18:43:02.727 I/AppScope( 3766): [I/HMSCore/AppScope 3766:280 :576] checkPermission, appID:100170393, permission:com.huawei.android.hms.common.jos.off, accountIndex:null, checkExpiredTimeFlag:1
07-09 18:43:02.727 D/LogWrite( 3766): wtf Exception
07-09 18:43:02.727 D/AppLogManager( 3766): PrintWoker poll timeout , shutdown
07-09 18:43:02.727 I/AuthServiceHelper( 3766): [I/HwJOS/AuthServiceHelper 3766:280 :54] Current Thread:after,name:Hwid-Core-Pool2
07-09 18:43:02.727 D/LogWrite( 3766): wtf Exception
07-09 18:43:02.727 D/AppLogManager( 3766): PrintWoker poll timeout , shutdown
07-09 18:43:02.727 I/SilentSignInRequest( 3766): [I/HwJOS/SilentSignInRequest 3766:280 :229] Gateway do not support jos.
07-09 18:43:02.727 I/HiAnalyticsKit(22822): HiAnalyticsSysEvtReceiver=> unInstall event,clear config
07-09 18:43:02.727 D/LogWrite( 3766): wtf Exception
07-09 18:43:02.727 D/AppLogManager( 3766): PrintWoker poll timeout , shutdown
07-09 18:43:02.727 I/JosUserStorageManager( 3766): [I/HwJOS/JosUserStorageManager 3766:280 :945] get signIn(true) status.
07-09 18:43:02.727 E/fwkit_kpms_impl( 3766): [E/fwkit/fwkit_kpms_impl 3766:272 KitPackageManagerImpl.java:646] callerPackage is not allowed empty!
07-09 18:43:02.727 D/LogWrite( 3766): wtf Exception
07-09 18:43:02.727 D/AppLogManager( 3766): PrintWoker poll timeout , shutdown
07-09 18:43:02.727 I/fwkit_kpms_dbwrapper( 3766): [I/fwkit/fwkit_kpms_dbwrapper 3766:272 DBAndCacheWrapper.java:1229] getValidPluginKey: valid plugin has found: com.huawei.hms.analytics
07-09 18:43:02.727 D/LogWrite( 3766): wtf Exception
07-09 18:43:02.727 D/AppLogManager( 3766): PrintWoker poll timeout , shutdown
07-09 18:43:02.728 D/LogWrite( 3766): wtf Exception
07-09 18:43:02.728 D/AppLogManager( 3766): PrintWoker poll timeout , shutdown
07-09 18:43:02.728 W/HATracker( 3766): [W/HwJOS/HATracker 3766:280 :631] user experience not open, not allow report
07-09 18:43:02.728 D/LogWrite( 3766): wtf Exception
07-09 18:43:02.728 D/AppLogManager( 3766): PrintWoker poll timeout , shutdown
07-09 18:43:02.728 I/JosUserStorageManager( 3766): [I/HwJOS/JosUserStorageManager 3766:280 :945] get signIn(true) status.
07-09 18:43:02.729 D/LogWrite( 3766): wtf Exception
07-09 18:43:02.729 D/AppLogManager( 3766): PrintWoker poll timeout , shutdown
07-09 18:43:02.729 W/HATracker( 3766): [W/HwJOS/HATracker 3766:280 :631] user experience not open, not allow report
07-09 18:43:02.729 D/LogWrite( 3766): wtf Exception
07-09 18:43:02.729 D/AppLogManager( 3766): PrintWoker poll timeout , shutdown
07-09 18:43:02.729 W/HATracker( 3766): [W/HwJOS/HATracker 3766:280 :381] not allow report MAINTENANCE
07-09 18:43:02.730 D/LogWrite( 3766): wtf Exception
07-09 18:43:02.730 D/AppLogManager( 3766): PrintWoker poll timeout , shutdown
07-09 18:43:02.730 W/HATracker( 3766): [W/HwJOS/HATracker 3766:280 :631] user experience not open, not allow report
07-09 18:43:02.730 D/LogWrite( 3766): wtf Exception
07-09 18:43:02.730 D/AppLogManager( 3766): PrintWoker poll timeout , shutdown
07-09 18:43:02.730 W/HATracker( 3766): [W/HwJOS/HATracker 3766:280 :381] not allow report MAINTENANCE
07-09 18:43:02.730 D/LogWrite( 3766): wtf Exception
07-09 18:43:02.730 D/AppLogManager( 3766): PrintWoker poll timeout , shutdown
07-09 18:43:02.730 I/AIDLResponseImpl( 3766): [I/HMSCore/AIDLResponseImpl 3766:280 :140] Response, uri: hwid.silentSignIn, statusCode: 0, errorCode: 0
07-09 18:43:02.731 D/LogWrite( 3766): wtf Exception
07-09 18:43:02.731 D/AppLogManager( 3766): PrintWoker poll timeout , shutdown
07-09 18:43:02.731 I/AbstractAIDLServiceInvoker( 3766): [I/HwID_APK_log[5.0.0.304]/AbstractAIDLServiceInvoker 3766:280 :104] TransID:32fe8b67-b511-419c-92de-fef40f2252d4|innerDisConnect.|mAPIName:silentSignIn
07-09 18:43:02.731 D/LogWrite( 3766): wtf Exception
07-09 18:43:02.731 D/AppLogManager( 3766): PrintWoker poll timeout , shutdown
07-09 18:43:02.731 I/AbstractAIDLServiceInvoker( 3766): [I/HwID_APK_log[5.0.0.304]/AbstractAIDLServiceInvoker 3766:280 :170] TransID:32fe8b67-b511-419c-92de-fef40f2252d4|unBindService.|mAPIName:silentSignIn
07-09 18:43:02.731 I/HMSSDK_PendingResultImpl(24410): setResult:0
07-09 18:43:02.732 I/CloudAccountInnerService( 3766): [I/HwID_APK_log[5.0.0.304]/CloudAccountInnerService 3766:1 :41] onDestory
07-09 18:43:02.732 I/HMSSDK_BaseAdapter(24410): baseCallBack.onComplete
07-09 18:43:02.732 D/LogWrite( 3766): wtf Exception
07-09 18:43:02.732 D/AppLogManager( 3766): PrintWoker poll timeout , shutdown
07-09 18:43:02.732 I/HMSSDK_HmsClient(24410): receive msg status_code:0, error_code0, api_name:hwid.silentSignIn, app_id:100170393|, pkg_name:com.huawei.gameassistant, session_id:*, transaction_id:100170393SignIn20200709184302620423336, resolution:null
07-09 18:43:02.733 I/HMSSDK_[HUAWEIIDSDK]SignInTaskApiCall(24410): ResponseErrorCode.status:0
07-09 18:43:02.733 I/qvs-i   (23191): se.it
07-09 18:43:02.733 I/HMSSDK_[HUAWEIIDSDK]SignInTaskApiCall(24410): signIn success
07-09 18:43:02.733 D/QVS_SDK_TAG(23191): [251859366]Scan onReady
07-09 18:43:02.733 I/qvs-i   (23191): mc.reset
07-09 18:43:02.734 I/HMSSDK_Util(24410): In getMetaDataCpId, Failed to read meta data for the CpId.
07-09 18:43:02.734 I/HMSSDK_HMSBIInitializer(24410): Builder->biInitFlag :false
07-09 18:43:02.735 I/HMSSDK_HMSBIInitializer(24410): Builder->biSetting :true
07-09 18:43:02.735 I/HMSSDK_SignInNoticeClientImpl(24410): request Jos Notice.
07-09 18:43:02.736 I/HwResolverManager( 1709): isMultiScreenCollaborationEnabled: Operate settings exception! 
07-09 18:43:02.737 I/HMSSDK_Util(24410): In getMetaDataCpId, Failed to read meta data for the CpId.
07-09 18:43:02.738 I/HMSSDK_HuaweiApiManager(24410): sendRequest
07-09 18:43:02.738 I/HMSSDK_HmsClient(24410): post msg api_name:core.getNoticeIntent, app_id:100170393|, pkg_name:com.huawei.gameassistant, sdk_version:40002300, session_id:*, transaction_id:100170393Intent20200709184302735181462, kitSdkVersion:0, apiLevel:1
07-09 18:43:02.738 I/HMSSDK_BaseAdapter(24410): in baseRequest + uri is :core.getNoticeIntent, transactionId is : 100170393Intent20200709184302735181462
07-09 18:43:02.739 I/HMSSDK_PendingResultImpl(24410): init uri:core.getNoticeIntent
07-09 18:43:02.739 I/HMSSDK_PendingResultImpl(24410): setResultCallback
07-09 18:43:02.739 I/HwGameAssistant-10.5.0.300-HmsSignInRequest(24410): signInHwAccount success
07-09 18:43:02.739 I/AIDLInvoke( 3766): [I/HMSCore/AIDLInvoke 3766:272 :94] Request, URI: core.getNoticeIntent
07-09 18:43:02.739 D/LogWrite( 3766): wtf Exception
07-09 18:43:02.739 D/AppLogManager( 3766): PrintWoker poll timeout , shutdown
07-09 18:43:02.739 I/PackageUtils( 3766): [I/HMSCore/PackageUtils 3766:272 :191] uid:10120, packageName:com.huawei.gameassistant
07-09 18:43:02.739 D/LogWrite( 3766): wtf Exception
07-09 18:43:02.739 D/AppLogManager( 3766): PrintWoker poll timeout , shutdown
07-09 18:43:02.740 I/AIDLInvoke( 3766): [I/HMSCore/AIDLInvoke 3766:272 :136] modifyAidlRouteInfo param,appId:100170393,SdkVersion:40002300
07-09 18:43:02.740 D/LogWrite( 3766): wtf Exception
07-09 18:43:02.740 D/AppLogManager( 3766): PrintWoker poll timeout , shutdown
07-09 18:43:02.740 I/HwGameAssistant-10.5.0.300-HmsAccInfoCache(24410): Sync requestAccessToken cost:128
07-09 18:43:02.740 I/KpmsUtils( 3766): [I/HMSCore/KpmsUtils 3766:272 :42] getRealApiLevel:1
07-09 18:43:02.740 D/LogWrite( 3766): wtf Exception
07-09 18:43:02.740 I/AIDLInvoke( 3766): [I/HMSCore/AIDLInvoke 3766:272 :476] core apiLevel: 1, request apiLevel: 1
07-09 18:43:02.740 D/AppLogManager( 3766): PrintWoker poll timeout , shutdown
07-09 18:43:02.740 D/LogWrite( 3766): wtf Exception
07-09 18:43:02.740 D/AppLogManager( 3766): PrintWoker poll timeout , shutdown
07-09 18:43:02.740 I/AIDLInvoke( 3766): [I/HMSCore/AIDLInvoke 3766:272 :234] Request, URI: core.getNoticeIntent, clientId: {appId: 100170393, hostAppID: 100170393, packageName: com.huawei.gameassistant, sdkVersion: 40002300, uid: 10120, transactionId: 100170393Intent20200709184302735181462, apiLevel: 1, uri: core.getNoticeIntent, kitSdkVersion: 0}
07-09 18:43:02.740 D/LogWrite( 3766): wtf Exception
07-09 18:43:02.740 D/AppLogManager( 3766): PrintWoker poll timeout , shutdown
07-09 18:43:02.740 W/ActivityManager( 1709): Receiver with filter android.content.IntentFilter@93cee99 already registered for pid 24410, callerPackage is com.huawei.gameassistant
07-09 18:43:02.741 I/HwAccInfoCache( 3766): [I/HwJOS/HwAccInfoCache 3766:272 :149] start reqHwServiceToken
07-09 18:43:02.741 I/HwAccInfoCache( 3766): [I/HwJOS/HwAccInfoCache 3766:272 :226] start getServiceTokenInfo
07-09 18:43:02.741 I/HwIDInnerService( 3766): [I/HwID_APK_log[5.0.0.304]/HwIDInnerService 3766:272 :116] Start new GetServiceToken for ThirdApp, transID:253b53f8-ac4a-43dd-bb09-8c2230dcc7a2
07-09 18:43:02.741 I/HwIDInnerService( 3766): [I/HwID_APK_log[5.0.0.304]/HwIDInnerService 3766:272 :87] GetServiceToken transID:253b53f8-ac4a-43dd-bb09-8c2230dcc7a2
07-09 18:43:02.741 I/InAppTransport( 3766): [I/HMSCore/InAppTransport 3766:272 :95] In-App Request, uri: hwid.inner.getServiceToken, clientIdentity: {appId: 10132067, hostAppID: 10132067, packageName: com.huawei.hwid, sdkVersion: 0, uid: 0, transactionId: , apiLevel: 0, uri: null, kitSdkVersion: 0}
07-09 18:43:02.741 D/LogWrite( 3766): wtf Exception
07-09 18:43:02.741 D/LogWrite( 3766): wtf Exception
07-09 18:43:02.741 D/AppLogManager( 3766): PrintWoker poll timeout , shutdown
07-09 18:43:02.742 E/PropertyUtils( 3766): [E/HwID_APK_log[5.0.0.304]/PropertyUtils 3766:272 :522] isPhoneStillInLockMode false
07-09 18:43:02.742 E/PropertyUtils( 3766): [E/HwID_APK_log[5.0.0.304]/PropertyUtils 3766:272 :525] Build.VERSION.SDK_INT : 29 isPhoneStillInLockMode false
07-09 18:43:02.742 I/GetServiceTokenRequest( 3766): [I/HwID_APK_log[5.0.0.304]/GetServiceTokenRequest 3766:272 :62] GetServiceToken onRequest, transID:253b53f8-ac4a-43dd-bb09-8c2230dcc7a2
07-09 18:43:02.742 D/LogWrite( 3766): wtf Exception
07-09 18:43:02.742 D/LogWrite( 3766): wtf Exception
07-09 18:43:02.742 D/AppLogManager( 3766): PrintWoker poll timeout , shutdown
07-09 18:43:02.742 I/GetServiceTokenRequest( 3766): [I/HwID_APK_log[5.0.0.304]/GetServiceTokenRequest 3766:272 :74] GetServiceToken getAccts Finish, transID:253b53f8-ac4a-43dd-bb09-8c2230dcc7a2
07-09 18:43:02.742 D/LogWrite( 3766): wtf Exception
07-09 18:43:02.742 D/AppLogManager( 3766): PrintWoker poll timeout , shutdown
07-09 18:43:02.742 I/APKAccountManager( 3766): [I/HwID_APK_log[5.0.0.304]/APKAccountManager 3766:272 :351] getHwAccount hasAccount Finish
07-09 18:43:02.743 D/LogWrite( 3766): wtf Exception
07-09 18:43:02.743 D/AppLogManager( 3766): PrintWoker poll timeout , shutdown
07-09 18:43:02.744 I/HwResolverManager( 1709): isMultiScreenCollaborationEnabled: Operate settings exception! 
07-09 18:43:02.745 D/LogWrite( 3766): wtf Exception
07-09 18:43:02.745 I/UPUtils ( 3766): [I/HwID_APK_log[5.0.0.304]/UPUtils 3766:272 :34] getCloudServiceToken init.
07-09 18:43:02.745 D/AppLogManager( 3766): PrintWoker poll timeout , shutdown
07-09 18:43:02.748 D/LogWrite( 3766): wtf Exception
07-09 18:43:02.748 I/APKAccountManager( 3766): [I/HwID_APK_log[5.0.0.304]/APKAccountManager 3766:272 :399] int getHwAccount VerifyFlag:0 is invalid
07-09 18:43:02.749 D/AppLogManager( 3766): PrintWoker poll timeout , shutdown
07-09 18:43:02.749 D/LogWrite( 3766): wtf Exception
07-09 18:43:02.749 I/APKAccountManager( 3766): [I/HwID_APK_log[5.0.0.304]/APKAccountManager 3766:272 :401] getHwAccount getUserData 0 Finish
07-09 18:43:02.749 D/AppLogManager( 3766): PrintWoker poll timeout , shutdown
07-09 18:43:02.749 I/Icing   ( 3075): IndexChimeraService.getServiceInterface callingPackage=com.google.android.gms componentName=null serviceId=30
07-09 18:43:02.752 D/LogWrite( 3766): wtf Exception
07-09 18:43:02.752 D/AppLogManager( 3766): PrintWoker poll timeout , shutdown
07-09 18:43:02.752 E/APKAccountManager( 3766): [E/HwID_APK_log[5.0.0.304]/APKAccountManager 3766:272 :1049] rsp homeZone Exception
07-09 18:43:02.752 D/LogWrite( 3766): wtf Exception
07-09 18:43:02.752 D/AppLogManager( 3766): PrintWoker poll timeout , shutdown
07-09 18:43:02.752 I/APKAccountManager( 3766): [I/HwID_APK_log[5.0.0.304]/APKAccountManager 3766:272 :410] getHwAccount getUserData 1 Finish
07-09 18:43:02.752 D/LogWrite( 3766): wtf Exception
07-09 18:43:02.752 D/AppLogManager( 3766): PrintWoker poll timeout , shutdown
07-09 18:43:02.752 I/APKAccountManager( 3766): [I/HwID_APK_log[5.0.0.304]/APKAccountManager 3766:272 :425] getHwAccount  Finish
07-09 18:43:02.753 I/GetServiceTokenRequest( 3766): [I/HwID_APK_log[5.0.0.304]/GetServiceTokenRequest 3766:272 :79] GetServiceToken getAcct Finish, transID:253b53f8-ac4a-43dd-bb09-8c2230dcc7a2
07-09 18:43:02.753 D/LogWrite( 3766): wtf Exception
07-09 18:43:02.753 D/AppLogManager( 3766): PrintWoker poll timeout , shutdown
07-09 18:43:02.753 D/LogWrite( 3766): wtf Exception
07-09 18:43:02.753 D/AppLogManager( 3766): PrintWoker poll timeout , shutdown
07-09 18:43:02.753 I/GetServiceTokenRequest( 3766): [I/HwID_APK_log[5.0.0.304]/GetServiceTokenRequest 3766:272 :114] GetServiceToken  finish. transID:253b53f8-ac4a-43dd-bb09-8c2230dcc7a2
07-09 18:43:02.753 I/InAppResponse( 3766): [I/HMSCore/InAppResponse 3766:272 :98] In-App Response, uri: hwid.inner.getServiceToken, statusCode: 0
07-09 18:43:02.753 D/LogWrite( 3766): wtf Exception
07-09 18:43:02.753 D/AppLogManager( 3766): PrintWoker poll timeout , shutdown
07-09 18:43:02.753 D/LogWrite( 3766): wtf Exception
07-09 18:43:02.753 D/AppLogManager( 3766): PrintWoker poll timeout , shutdown
07-09 18:43:02.753 I/Jos.getNotice( 3766): [I/HwJOS/Jos.getNotice 3766:272 :105] onRequest:1
07-09 18:43:02.753 D/LogWrite( 3766): wtf Exception
07-09 18:43:02.753 D/AppLogManager( 3766): PrintWoker poll timeout , shutdown
07-09 18:43:02.753 I/Jos.getNotice( 3766): [I/HwJOS/Jos.getNotice 3766:272 :255] no need to report start
07-09 18:43:02.754 D/LogWrite( 3766): wtf Exception
07-09 18:43:02.754 D/AppLogManager( 3766): PrintWoker poll timeout , shutdown
07-09 18:43:02.754 I/ProcessUtil( 3766): [I/HMSCore/ProcessUtil 3766:272 :36] Process = com.huawei.hwid.core
07-09 18:43:02.754 I/AuthServiceHelper( 3766): [I/HwJOS/AuthServiceHelper 3766:272 :50] Current Thread:before,name:Binder:3766_5
07-09 18:43:02.754 I/AuthService( 3766): [I/HMSCore/AuthService 3766:272 :296] Enter checkPermission, appId: 100170393
07-09 18:43:02.754 D/LogWrite( 3766): wtf Exception
07-09 18:43:02.754 D/LogWrite( 3766): wtf Exception
07-09 18:43:02.754 D/AppLogManager( 3766): PrintWoker poll timeout , shutdown
07-09 18:43:02.754 I/AuthService( 3766): [I/HMSCore/AuthService 3766:272 :300] in scope manager process, local check permission
07-09 18:43:02.754 D/LogWrite( 3766): wtf Exception
07-09 18:43:02.754 D/AppLogManager( 3766): PrintWoker poll timeout , shutdown
07-09 18:43:02.754 I/AppScope( 3766): [I/HMSCore/AppScope 3766:272 :576] checkPermission, appID:100170393, permission:com.huawei.android.hms.common.jos.off, accountIndex:null, checkExpiredTimeFlag:1
07-09 18:43:02.754 D/LogWrite( 3766): wtf Exception
07-09 18:43:02.754 D/AppLogManager( 3766): PrintWoker poll timeout , shutdown
07-09 18:43:02.754 I/AuthServiceHelper( 3766): [I/HwJOS/AuthServiceHelper 3766:272 :54] Current Thread:after,name:Binder:3766_5
07-09 18:43:02.754 D/LogWrite( 3766): wtf Exception
07-09 18:43:02.754 D/AppLogManager( 3766): PrintWoker poll timeout , shutdown
07-09 18:43:02.754 D/LogWrite( 3766): wtf Exception
07-09 18:43:02.754 D/AppLogManager( 3766): PrintWoker poll timeout , shutdown
07-09 18:43:02.754 W/Jos.getNotice( 3766): [W/HwJOS/Jos.getNotice 3766:272 :149] onRequestStop statusCode:8001
07-09 18:43:02.754 D/LogWrite( 3766): wtf Exception
07-09 18:43:02.754 D/AppLogManager( 3766): PrintWoker poll timeout , shutdown
07-09 18:43:02.754 I/AIDLResponseImpl( 3766): [I/HMSCore/AIDLResponseImpl 3766:272 :140] Response, uri: core.getNoticeIntent, statusCode: 0, errorCode: 8001
07-09 18:43:02.755 I/HMSSDK_PendingResultImpl(24410): setResult:0
07-09 18:43:02.756 I/HMSSDK_BaseAdapter(24410): baseCallBack.onComplete
07-09 18:43:02.757 I/HMSSDK_HmsClient(24410): receive msg status_code:0, error_code8001, api_name:core.getNoticeIntent, app_id:100170393|, pkg_name:com.huawei.gameassistant, session_id:*, transaction_id:100170393Intent20200709184302735181462, resolution:null
07-09 18:43:02.757 W/HMSSDK_NoticeTaskApiCall(24410): Jos Notice onResult failed:8001,ErrReason:
07-09 18:43:02.804 I/NetworkKit_AbstractLocalManager(24410): pool-6-thread-1 -->NetworkKit_GRS_GrsClient-Init_0|null|com.huawei.hms.framework.network.grs.local.a|a|16|load APP_CONFIG_FILE success.
07-09 18:43:02.813 I/SecureSSLSocketFactory(10396): createSocket: s , host , port , autoClose
07-09 18:43:02.813 I/SecureSSLSocketFactory(10396): set default tls and cipher
07-09 18:43:02.822 I/NetworkKit_AbstractLocalManager(24410): pool-6-thread-1 -->NetworkKit_GRS_GrsClient-Init_0|null|com.huawei.hms.framework.network.grs.local.a|a|63|load SDK_CONFIG_FILE sucess.
07-09 18:43:02.831 I/NetworkKit_a(24410): pool-6-thread-1|null|com.huawei.hms.framework.network.grs.a|a|22|get url from sp is not empty.
07-09 18:43:02.793 I/chatty  ( 1709): uid=1000(system) Binder:1709_3 identical 2 lines
07-09 18:43:02.804 I/HwResolverManager( 1709): isMultiScreenCollaborationEnabled: Operate settings exception! 
07-09 18:43:02.842 I/ConnectivityService( 1709): BLOCKED uid 10120
07-09 18:43:02.847 I/ConnectivityService( 1709): BLOCKED uid 10120
07-09 18:43:02.853 D/HwConnectivityServiceEx( 1709): set 1000 NULL value false
07-09 18:43:02.867 D/QVS_SDK_TAG(23191): [251859366]Scan Process
07-09 18:43:02.883 W/ContextImpl( 2810): Calling a method in the system process without a qualified user: android.app.ContextImpl.startService:1674 android.content.ContextWrapper.startService:669 com.huawei.systemmanager.spacecleanner.receiver.SpaceCleanReceiver.T:65 com.huawei.systemmanager.spacecleanner.receiver.SpaceCleanReceiver.doInBackground:89 java.lang.reflect.Method.invoke:-2 
07-09 18:43:02.884 E/HSM_Install_BG( 2810): AppCleanUpService:msg is 1
07-09 18:43:02.894 I/SecureX509TrustManager(10396): checkServerTrusted: begin , version : 113308
07-09 18:43:02.894 I/SecureX509TrustManager(10396): checkServerTrusted: check server i : 0
07-09 18:43:02.907 W//system/bin/netd(  662): A binder object at 0x7ce3556d80 is being transacted on, however, this object is in the same process as its proxy. Transacting with this binder is expensive compared to just calling the corresponding functionality in the same process.
07-09 18:43:02.907 I/PreDnsController(  662): canPreDnsQuery,persist.sys.predns is false!
07-09 18:43:02.935 I/SecureSSLSocketFactory(10396): createSocket: s , host , port , autoClose
07-09 18:43:02.936 I/SecureSSLSocketFactory(10396): set default tls and cipher
07-09 18:43:02.978 I/SecureX509TrustManager(10396): checkServerTrusted: begin , version : 113308
07-09 18:43:02.978 I/SecureX509TrustManager(10396): checkServerTrusted: check server i : 0
07-09 18:43:02.989 I/Icing   ( 3075): Usage reports ok 1, Failed Usage reports 0, indexed 0, rejected 0
07-09 18:43:03.013 I/HwResolverManager( 1709): isMultiScreenCollaborationEnabled: Operate settings exception! 
07-09 18:43:03.015 I/chatty  ( 1709): uid=1000(system) Binder:1709_3 identical 1 line
07-09 18:43:03.015 I/HwResolverManager( 1709): isMultiScreenCollaborationEnabled: Operate settings exception! 
07-09 18:43:03.016 E/PowerManagerService( 1709): Exception when search wack lock :java.lang.IllegalArgumentException: Wake lock not active: android.os.BinderProxy@9494a91 from uid 10039
07-09 18:43:03.021 I/SecureSSLSocketFactory(10396): createSocket: s , host , port , autoClose
07-09 18:43:03.021 I/SecureSSLSocketFactory(10396): set default tls and cipher
07-09 18:43:03.042 I/PackageChangeReceiver( 3766): [I/HMSCore/PackageChangeReceiver 3766:1 :32] oripackageName = package:cn.carbs.wricheditor
07-09 18:43:03.042 I/PackageChangeReceiver( 3766): [I/HMSCore/PackageChangeReceiver 3766:1 :34] packageName = cn.carbs.wricheditor
07-09 18:43:03.042 D/LogWrite( 3766): wtf Exception
07-09 18:43:03.042 D/LogWrite( 3766): wtf Exception
07-09 18:43:03.042 D/AppLogManager( 3766): PrintWoker poll timeout , shutdown
07-09 18:43:03.048 W/Icing   ( 3075): No valid account for uploading user actions
07-09 18:43:03.055 I/qvs-i   (23191): mc.task.done false
07-09 18:43:03.058 I/qvs-i   (23191): mc.taskq.fin
07-09 18:43:03.082 W/System  (10396): A resource failed to call close. 
07-09 18:43:03.083 I/HiAdKit.AppRemovedReceiver( 3967):  uninstallReceiver.onReceive, package:cn.carbs.wricheditor
07-09 18:43:03.091 I/SecureX509TrustManager(10396): checkServerTrusted: begin , version : 113308
07-09 18:43:03.091 I/SecureX509TrustManager(10396): checkServerTrusted: check server i : 0
07-09 18:43:03.109 W/HiAdKit.KitSpHandler( 3967):  channel info do not exist
07-09 18:43:03.109 I/HiAdKit.AppRemovedReceiver( 3967):  there is no channel info for:cn.carbs.wricheditor
07-09 18:43:03.120 I/Icing   ( 3075): Usage reports ok 0, Failed Usage reports 0, indexed 0, rejected 0
07-09 18:43:03.122 I/GamePackageRemoveReceiver( 3766): [I/HwJOS/GamePackageRemoveReceiver 3766:1 :39] GamePackageRemoveReceiver is Received
07-09 18:43:03.123 D/LogWrite( 3766): wtf Exception
07-09 18:43:03.123 D/AppLogManager( 3766): PrintWoker poll timeout , shutdown
07-09 18:43:03.151 D/SensorHub(  921): huawei Hal get step event
07-09 18:43:03.152 I/motion@1.0-service(  967): motion-hal Motion::readEvents motionType: 11
07-09 18:43:03.152 D/motion@1.0-service(  967): motion-hal Motion::ReadHwStepCounter motionType == MOTIONHUB_TYPE_HW_STEP_COUNTER
07-09 18:43:03.152 I/motion@1.0-service(  967): motion-hal Motiontest::get stepcount!
07-09 18:43:03.152 I/motion@1.0-service(  967): pollMotionResult g_pollResultReturn = 19
07-09 18:43:03.152 I/chatty  ( 1709): uid=1000(system) HWExtMotionServ expire 4 lines
07-09 18:43:03.152 D/        ( 2931): ALOGD: HWExtDeviceManager::notifyDeviceData  type: 1100 
07-09 18:43:03.152 D/        ( 2931): HWExtDeviceManager::notifyDeviceData handleEvent uniqueId : 110001
07-09 18:43:03.152 I/HWExtDeviceManager( 2931): trigger onDeviceDataChanged : mListener : com.huawei.systemserver.ihealth.manager.HwStepCounter$1@961ae14,type : 1100
07-09 18:43:03.152 D/HwStepCounter( 2931): onDeviceDataChanged
07-09 18:43:03.152 W/HwStepCounter( 2931): version : 1
07-09 18:43:03.152 I/HwStepCounter( 2931): dealReportData tm: 2020-07-09 18:43:03 steps_value[0] : 0 state_value[0]:0 level_value[0]:0
07-09 18:43:03.152 D/motion@1.0-service(  967): g_motionPollResultReady::unlock out
07-09 18:43:03.152 I/motion@1.0-service(  967): ActMotionCb motionClientVector.size = 0
07-09 18:43:03.152 I/motion@1.0-service(  967): ActMotionCb out
07-09 18:43:03.152 D/HwStepCounter( 2931): ReportProxy client : 1
07-09 18:43:03.152 I/StepCounterRemoteStub( 2931): Report client count 1
07-09 18:43:03.153 I/R_Step_ExtendStepCounter( 9600): 100100511|R|onExtend: 1594291383000 0 0 0 
07-09 18:43:03.153 I/R_Step_LSC( 9600): 100100511|R|onStandStepChanged 0
07-09 18:43:03.162 I/HiAdKit.SystemUtil( 3967):  isDeviceProvisioned: true
07-09 18:43:03.163 I/HwResolverManager( 1709): isMultiScreenCollaborationEnabled: Operate settings exception! 
07-09 18:43:03.165 I/HiAdKit.ACREntry( 3967):  oobe: false
07-09 18:43:03.165 I/HiAdKit.AppDataCollectionManager( 3967):  report other
07-09 18:43:03.169 I/HiAdKit.SystemUtil( 3967):  isDeviceProvisioned: true
07-09 18:43:03.170 I/HiAdKit.ConsentConfirmProcessor( 3967):  oobe: false
07-09 18:43:03.172 I/HiAdKit.SystemUtil( 3967):  process: com.huawei.hwid.persistent
07-09 18:43:03.244 I/fwkit_kpms_dbwrapper( 3766): [I/fwkit/fwkit_kpms_dbwrapper 3766:1 DBAndCacheWrapper.java:1229] getValidPluginKey: valid plugin has found: com.huawei.hms.nearby
07-09 18:43:03.244 D/LogWrite( 3766): wtf Exception
07-09 18:43:03.244 D/AppLogManager( 3766): PrintWoker poll timeout , shutdown
07-09 18:43:03.244 W/fwkit_breaker_utils( 3766): [W/fwkit/fwkit_breaker_utils 3766:1 BreakerUtils.java:172] isKitNeedBreakerPkg kitBreakerInfos is null or empty
07-09 18:43:03.244 D/LogWrite( 3766): wtf Exception
07-09 18:43:03.244 D/AppLogManager( 3766): PrintWoker poll timeout , shutdown
07-09 18:43:03.244 I/fwkit_kams_scheduler( 3766): [I/fwkit/fwkit_kams_scheduler 3766:177 StubScheduler.java:306] getStubProcessNameByComponent: assign: com.huawei.hwid.container1
07-09 18:43:03.244 I/fwkit_kbct_dispatcher( 3766): [I/fwkit/fwkit_kbct_dispatcher 3766:177 KitBroadcastDispatcher.java:435] [ KAMS ] kitOnReceiver: broadcast action: android.intent.action.PACKAGE_REMOVED, receiver info: com.huawei.hms.nearby com.huawei.hms.nearby.contactshield.NearbyContactMonitor in com.huawei.hwid.container1
07-09 18:43:03.244 I/fwkit_kbct_dispatcher( 3766): [I/fwkit/fwkit_kbct_dispatcher 3766:177 KitBroadcastDispatcher.java:492] no need wait process kill:com.huawei.hwid.container1
07-09 18:43:03.245 D/LogWrite( 3766): wtf Exception
07-09 18:43:03.245 D/LogWrite( 3766): wtf Exception
07-09 18:43:03.245 D/AppLogManager( 3766): PrintWoker poll timeout , shutdown
07-09 18:43:03.246 I/fwkit_kac_kitloader(22822): [I/fwkit/fwkit_kac_kitloader 22822:3257 KitLoaderManager.java:175] Kit already exits, no need to reload 
07-09 18:43:03.246 I/HmsNearbyKit_apk_NearbyContactMonitor(22822): remove app: package:cn.carbs.wricheditor
07-09 18:43:03.247 E/fwkit_kpms_impl( 3766): [E/fwkit/fwkit_kpms_impl 3766:272 KitPackageManagerImpl.java:646] callerPackage is not allowed empty!
07-09 18:43:03.247 I/fwkit_kpms_dbwrapper( 3766): [I/fwkit/fwkit_kpms_dbwrapper 3766:272 DBAndCacheWrapper.java:1229] getValidPluginKey: valid plugin has found: com.huawei.hms.nearby
07-09 18:43:03.247 D/AppLogManager(22822): PrintWoker poll timeout , shutdown
07-09 18:43:03.247 D/LogWrite( 3766): wtf Exception
