07-09 18:40:28.079 I/storaged(  910): storaged_t::event: storage_info refreshed.
07-09 18:40:28.168 D/HwConnectivityServiceEx( 1709): set 1000 wlan0 value false
07-09 18:40:29.995 I/AppEyeFwkBlock( 1709): do monitor
07-09 18:40:32.171 D/HwConnectivityServiceEx( 1709): set 1000 wlan0 value false
07-09 18:40:35.995 I/AppEyeFwkBlock( 1709): do monitor
07-09 18:40:36.172 D/HwConnectivityServiceEx( 1709): set 1000 wlan0 value false
07-09 18:40:36.845 D/HwConnectivityServiceEx( 1709): set 11194 wlan0 value false
07-09 18:40:40.172 D/HwConnectivityServiceEx( 1709): set 1000 wlan0 value false
07-09 18:40:41.995 I/AppEyeFwkBlock( 1709): do monitor
07-09 18:40:44.184 D/HwConnectivityServiceEx( 1709): set 1000 wlan0 value false
07-09 18:40:46.049 D/HwConnectivityServiceEx( 1709): set 11194 wlan0 value false
07-09 18:40:46.861 D/HwConnectivityServiceEx( 1709): set 11194 wlan0 value false
07-09 18:40:47.996 I/AppEyeFwkBlock( 1709): do monitor
07-09 18:40:48.184 D/HwConnectivityServiceEx( 1709): set 1000 wlan0 value false
07-09 18:40:49.097 D/HwConnectivityServiceEx( 1709): set 11194 wlan0 value false
07-09 18:40:49.099 D/HwConnectivityServiceEx( 1709): set 11194 NULL value false
07-09 18:40:52.184 D/HwConnectivityServiceEx( 1709): set 1000 wlan0 value false
07-09 18:40:53.996 I/AppEyeFwkBlock( 1709): do monitor
07-09 18:40:54.433 I/HwBatteryService( 1709): quick charge status : 0
07-09 18:40:54.433 D/HwBatteryService( 1709): onUEvent fcpStatus = 0
07-09 18:40:54.433 D/HwBatteryService( 1709): onUEvent scpStatus = 0 ,ovpStatus = 0
07-09 18:40:54.433 I/HwBatteryService( 1709): handleWirelessTxStatus
07-09 18:40:54.433 I/HwBatteryService( 1709): switch not open, return, mWirelessTxFlag : 0
07-09 18:40:54.433 W/HwBatteryService( 1709): need return. Invalid value: -1
07-09 18:40:54.433 D/HwBatteryService( 1709): setHwChargeTimeRemaining, time = -1 String time: -1
07-09 18:40:56.875 D/HwConnectivityServiceEx( 1709): set 11194 wlan0 value false
07-09 18:40:59.996 I/AppEyeFwkBlock( 1709): do monitor
07-09 18:41:01.848 I/ActivityManager( 1709): sendIntentSender target:PendingIntentRecord{94a231d com.huawei.hiaction startService}, intent:flg=0x4 hwFlg=0x810
07-09 18:41:01.852 D/HwConnectivityServiceEx( 1709): set 10012 wlan0 value false
07-09 18:41:04.195 D/HwConnectivityServiceEx( 1709): set 1000 wlan0 value false
07-09 18:41:05.997 I/AppEyeFwkBlock( 1709): do monitor
07-09 18:41:06.891 D/HwConnectivityServiceEx( 1709): set 11194 wlan0 value false
07-09 18:41:11.997 I/AppEyeFwkBlock( 1709): do monitor
07-09 18:41:16.049 D/HwConnectivityServiceEx( 1709): set 11194 wlan0 value false
07-09 18:41:16.906 D/HwConnectivityServiceEx( 1709): set 11194 wlan0 value false
07-09 18:41:17.997 I/AppEyeFwkBlock( 1709): do monitor
07-09 18:41:19.097 D/HwConnectivityServiceEx( 1709): set 11194 wlan0 value false
07-09 18:41:19.099 D/HwConnectivityServiceEx( 1709): set 11194 NULL value false
07-09 18:41:20.220 D/HwConnectivityServiceEx( 1709): set 1000 wlan0 value false
07-09 18:41:22.909 D/HwConnectivityServiceEx( 1709): set 1000 wlan0 value false
07-09 18:41:22.909 D/HwConnectivityServiceEx( 1709): set 1000 wlan0 value false
07-09 18:41:23.998 I/AppEyeFwkBlock( 1709): do monitor
07-09 18:41:25.153 I/HwBatteryService( 1709): quick charge status : 0
07-09 18:41:25.153 D/HwBatteryService( 1709): onUEvent fcpStatus = 0
07-09 18:41:25.153 D/HwBatteryService( 1709): onUEvent scpStatus = 0 ,ovpStatus = 0
07-09 18:41:25.153 I/HwBatteryService( 1709): handleWirelessTxStatus
07-09 18:41:25.153 I/HwBatteryService( 1709): switch not open, return, mWirelessTxFlag : 0
07-09 18:41:25.153 W/HwBatteryService( 1709): need return. Invalid value: -1
07-09 18:41:25.153 D/HwBatteryService( 1709): setHwChargeTimeRemaining, time = -1 String time: -1
07-09 18:41:26.921 D/HwConnectivityServiceEx( 1709): set 11194 wlan0 value false
07-09 18:41:28.080 I/storaged(  910): storaged_t::event: storage_info refreshed.
07-09 18:41:28.219 D/HwConnectivityServiceEx( 1709): set 1000 wlan0 value false
07-09 18:41:29.998 I/AppEyeFwkBlock( 1709): do monitor
07-09 18:41:32.232 D/HwConnectivityServiceEx( 1709): set 1000 wlan0 value false
07-09 18:41:35.998 I/AppEyeFwkBlock( 1709): do monitor
07-09 18:41:36.229 D/HwConnectivityServiceEx( 1709): set 1000 wlan0 value false
07-09 18:41:36.933 D/HwConnectivityServiceEx( 1709): set 11194 wlan0 value false
07-09 18:41:40.232 D/HwConnectivityServiceEx( 1709): set 1000 wlan0 value false
07-09 18:41:41.999 I/AppEyeFwkBlock( 1709): do monitor
07-09 18:41:44.245 D/HwConnectivityServiceEx( 1709): set 1000 wlan0 value false
07-09 18:41:46.049 D/HwConnectivityServiceEx( 1709): set 11194 wlan0 value false
07-09 18:41:46.949 D/HwConnectivityServiceEx( 1709): set 11194 wlan0 value false
07-09 18:41:47.999 I/AppEyeFwkBlock( 1709): do monitor
07-09 18:41:48.241 D/HwConnectivityServiceEx( 1709): set 1000 wlan0 value false
07-09 18:41:49.098 D/HwConnectivityServiceEx( 1709): set 11194 wlan0 value false
07-09 18:41:49.101 D/HwConnectivityServiceEx( 1709): set 11194 NULL value false
07-09 18:41:52.243 D/HwConnectivityServiceEx( 1709): set 1000 wlan0 value false
07-09 18:41:53.999 I/AppEyeFwkBlock( 1709): do monitor
07-09 18:41:55.868 I/HwBatteryService( 1709): quick charge status : 0
07-09 18:41:55.868 D/HwBatteryService( 1709): onUEvent fcpStatus = 0
07-09 18:41:55.868 D/HwBatteryService( 1709): onUEvent scpStatus = 0 ,ovpStatus = 0
07-09 18:41:55.868 I/HwBatteryService( 1709): handleWirelessTxStatus
07-09 18:41:55.868 I/HwBatteryService( 1709): switch not open, return, mWirelessTxFlag : 0
07-09 18:41:55.868 W/HwBatteryService( 1709): need return. Invalid value: -1
07-09 18:41:55.868 D/HwBatteryService( 1709): setHwChargeTimeRemaining, time = -1 String time: -1
07-09 18:41:56.961 D/HwConnectivityServiceEx( 1709): set 11194 wlan0 value false
07-09 18:41:58.669 I/ActivityManager( 1709): sendIntentSender target:PendingIntentRecord{96d4269 com.android.providers.contacts broadcastIntent}, intent:flg=0x4 hwFlg=0x810
07-09 18:41:58.671 I/ActivityManager( 1709): App 10013/com.android.providers.contacts targets O+, restricted
07-09 18:41:58.676 I/ActivityManager( 1709): sendIntentSender target:PendingIntentRecord{98401b9 com.huawei.systemmanager broadcastIntent}, intent:flg=0x4 hwFlg=0x810
07-09 18:41:58.681 V/BroadcastQueue( 1709): Finished with ordered broadcast BroadcastRecord{95a1823 u0 null}
07-09 18:41:58.696 V/BroadcastQueue( 1709): Finished with ordered broadcast BroadcastRecord{95a19a9 u0 com.huawei.hwsystemmanager.power.SCHEDULE_RECORD_REMAING_TIME_SCENE}
07-09 18:41:58.696 I/JobScheduler.Time( 1709): realNextDelayExpiredElapsedMillis: 99109640
07-09 18:42:00.000 I/AppEyeFwkBlock( 1709): do monitor
07-09 18:42:04.252 D/HwConnectivityServiceEx( 1709): set 1000 wlan0 value false
07-09 18:42:06.000 I/AppEyeFwkBlock( 1709): do monitor
07-09 18:42:06.973 D/HwConnectivityServiceEx( 1709): set 11194 wlan0 value false
07-09 18:42:08.264 D/HwConnectivityServiceEx( 1709): set 1000 wlan0 value false
07-09 18:42:11.247 I/UsageStatsService( 1709): User[0] Results: 250
07-09 18:42:11.314 I/UsageStatsService( 1709): User[0] Results: 2050
07-09 18:42:12.000 I/AppEyeFwkBlock( 1709): do monitor
07-09 18:42:12.265 D/HwConnectivityServiceEx( 1709): set 1000 wlan0 value false
07-09 18:42:16.049 D/HwConnectivityServiceEx( 1709): set 11194 wlan0 value false
07-09 18:42:16.264 D/HwConnectivityServiceEx( 1709): set 1000 wlan0 value false
07-09 18:42:16.985 D/HwConnectivityServiceEx( 1709): set 11194 wlan0 value false
07-09 18:42:18.001 I/AppEyeFwkBlock( 1709): do monitor
07-09 18:42:19.099 D/HwConnectivityServiceEx( 1709): set 11194 wlan0 value false
07-09 18:42:19.101 D/HwConnectivityServiceEx( 1709): set 11194 NULL value false
07-09 18:42:20.276 D/HwConnectivityServiceEx( 1709): set 1000 wlan0 value false
07-09 18:42:22.920 D/HwConnectivityServiceEx( 1709): set 1000 wlan0 value false
07-09 18:42:22.920 D/HwConnectivityServiceEx( 1709): set 1000 wlan0 value false
07-09 18:42:24.001 I/AppEyeFwkBlock( 1709): do monitor
07-09 18:42:26.593 I/HwBatteryService( 1709): quick charge status : 0
07-09 18:42:26.593 D/HwBatteryService( 1709): onUEvent fcpStatus = 0
07-09 18:42:26.593 D/HwBatteryService( 1709): onUEvent scpStatus = 0 ,ovpStatus = 0
07-09 18:42:26.593 I/HwBatteryService( 1709): handleWirelessTxStatus
07-09 18:42:26.593 I/HwBatteryService( 1709): switch not open, return, mWirelessTxFlag : 0
07-09 18:42:26.593 W/HwBatteryService( 1709): need return. Invalid value: -1
07-09 18:42:26.593 D/HwBatteryService( 1709): setHwChargeTimeRemaining, time = -1 String time: -1
07-09 18:42:26.997 D/HwConnectivityServiceEx( 1709): set 11194 wlan0 value false
07-09 18:42:28.081 I/storaged(  910): storaged_t::event: storage_info refreshed.
07-09 18:42:28.275 D/HwConnectivityServiceEx( 1709): set 1000 wlan0 value false
07-09 18:42:30.001 I/AppEyeFwkBlock( 1709): do monitor
07-09 18:42:32.289 D/HwConnectivityServiceEx( 1709): set 1000 wlan0 value false
07-09 18:42:36.002 I/AppEyeFwkBlock( 1709): do monitor
07-09 18:42:36.287 D/HwConnectivityServiceEx( 1709): set 1000 wlan0 value false
07-09 18:42:37.012 D/HwConnectivityServiceEx( 1709): set 11194 wlan0 value false
07-09 18:42:40.286 D/HwConnectivityServiceEx( 1709): set 1000 wlan0 value false
07-09 18:42:42.002 I/AppEyeFwkBlock( 1709): do monitor
07-09 18:42:44.300 D/HwConnectivityServiceEx( 1709): set 1000 wlan0 value false
07-09 18:42:46.049 D/HwConnectivityServiceEx( 1709): set 11194 wlan0 value false
07-09 18:42:47.026 D/HwConnectivityServiceEx( 1709): set 11194 wlan0 value false
07-09 18:42:48.002 I/AppEyeFwkBlock( 1709): do monitor
07-09 18:42:48.301 D/HwConnectivityServiceEx( 1709): set 1000 wlan0 value false
07-09 18:42:49.097 D/HwConnectivityServiceEx( 1709): set 11194 wlan0 value false
07-09 18:42:49.100 D/HwConnectivityServiceEx( 1709): set 11194 NULL value false
07-09 18:42:52.299 D/HwConnectivityServiceEx( 1709): set 1000 wlan0 value false
07-09 18:42:54.002 I/AppEyeFwkBlock( 1709): do monitor
07-09 18:42:56.311 D/HwConnectivityServiceEx( 1709): set 1000 wlan0 value false
07-09 18:42:57.041 D/HwConnectivityServiceEx( 1709): set 11194 wlan0 value false
07-09 18:42:57.309 I/HwBatteryService( 1709): quick charge status : 0
07-09 18:42:57.309 D/HwBatteryService( 1709): onUEvent fcpStatus = 0
07-09 18:42:57.309 D/HwBatteryService( 1709): onUEvent scpStatus = 0 ,ovpStatus = 0
07-09 18:42:57.309 I/HwBatteryService( 1709): handleWirelessTxStatus
07-09 18:42:57.309 I/HwBatteryService( 1709): switch not open, return, mWirelessTxFlag : 0
07-09 18:42:57.309 W/HwBatteryService( 1709): need return. Invalid value: -1
07-09 18:42:57.309 D/HwBatteryService( 1709): setHwChargeTimeRemaining, time = -1 String time: -1
07-09 18:42:58.223 I/ActivityManager( 1709): Force stopping cn.carbs.wricheditor appid=11189 user=0: from pid 24259by app
07-09 18:42:58.224 I/ActivityManager( 1709): Killing 22971:cn.carbs.wricheditor/u0a1189 (adj 0): stop cn.carbs.wricheditorfrom pid 24259by app
07-09 18:42:58.227 D/ActivityManager( 1709): cleanUpApplicationRecord app: 22971:cn.carbs.wricheditor/u0a1189, bad: false, restarting: false, allowRestart: true
07-09 18:42:58.227 I/HwAudioServiceEx( 1709): sendAppKilledIntentForKit, isKitPackageOnPause = false, isKitPackageKill = false, isKitPackageOnResume = false
07-09 18:42:58.228 I/HwPowerManagerService( 1709): appdie release wakelock, pid = 22971, uid = 11189
07-09 18:42:58.229 W/ActivityTaskManager( 1709): Force removing ActivityRecord{954b105 u0 cn.carbs.wricheditor/.MainActivity t1171 f}: app died, no saved state
07-09 18:42:58.233 I/WindowManager( 1709): Changing focus from Window{938dee1 u0 cn.carbs.wricheditor/cn.carbs.wricheditor.MainActivity} to null displayId=0 Callers=com.android.server.wm.RootWindowContainer.updateFocusedWindowLocked:4545952 com.android.server.wm.WindowManagerService.updateFocusedWindowLocked:4548172 com.android.server.wm.AppWindowToken.commitVisibility:3525156 com.android.server.wm.AppWindowToken.onRemovedFromDisplay:7354536 
07-09 18:42:58.234 I/WindowManager( 1709): navColorWin was set to default navbar color so should add SYSTEM_UI_FLAG_LIGHT_NAVIGATION_BAR 8018
07-09 18:42:58.242 W/WindowManager( 1709): Failed to take screenshot. No visible windows for {taskId=1171 appTokens=[AppWindowToken{93872d1 token=Token{9860c5e ActivityRecord{954b105 u0 cn.carbs.wricheditor/.MainActivity t1171}}}] mdr=false}
07-09 18:42:58.246 V/WindowManager( 1709): removeAppToken: AppWindowToken{93872d1 token=Token{9860c5e ActivityRecord{954b105 u0 cn.carbs.wricheditor/.MainActivity t1171}}} delayed=false Callers=com.android.server.wm.DisplayContent.removeAppToken:7295944 com.android.server.wm.ActivityRecord.removeWindowContainer:7298740 com.android.server.wm.ActivityStack.removeActivityFromHistoryLocked:7297860 com.android.server.wm.ActivityStack.removeHistoryRecordsForAppLocked:4625248 
07-09 18:42:58.247 I/WindowManager( 1709): removeIfPossible: Window{938dee1 u0 cn.carbs.wricheditor/cn.carbs.wricheditor.MainActivity} callers=com.android.server.wm.WindowState.removeIfPossible:1371784 com.android.server.wm.WindowToken.removeAllWindowsIfPossible:7356268 com.android.server.wm.AppWindowToken.removeIfPossible:7326108 com.android.server.wm.AppWindowToken.onRemovedFromDisplay:7355572 com.android.server.wm.DisplayContent.removeAppToken:7295944 
07-09 18:42:58.250 I/WindowManager( 1709): postWindowRemoveCleanupLocked: Window{938dee1 u0 cn.carbs.wricheditor/cn.carbs.wricheditor.MainActivity}
07-09 18:42:58.250 I/WindowManager( 1709): Removing Window{938dee1 u0 cn.carbs.wricheditor/cn.carbs.wricheditor.MainActivity} from AppWindowToken{93872d1 token=Token{9860c5e ActivityRecord{954b105 u0 cn.carbs.wricheditor/.MainActivity t1171}}}
07-09 18:42:58.257 V/ActivityTaskManager( 1709): positionChild stackId=0 to top.
07-09 18:42:58.257 I/HwMultiWindowSplitUI( 1709): removeSplit
07-09 18:42:58.266 V/ActivityTaskManager( 1709): removeChild: detaching stackId=156 from displayId=0
07-09 18:42:58.269 W/HwActivityTaskManagerServiceEx( 1709): setResumedActivityUncheckLocked start call, from: ActivityRecord{954b105 u0 cn.carbs.wricheditor/.MainActivity t-1 f}, to: ActivityRecord{945afc2 u0 com.huawei.android.launcher/.unihome.UniHomeLauncher t1016}
07-09 18:42:58.269 W/HwActivityTaskManagerServiceEx( 1709): appSwitch from: cn.carbs.wricheditor to: com.huawei.android.launcher
07-09 18:42:58.269 D/ActivityThread( 5848): Won't deliver top position change in state=5
07-09 18:42:58.270 D/HwGameAssistantController( 1709): UPDATE: mCurFgPkg=com.huawei.android.launcher, mCurFgPid=5848, mIsCurGame=false
07-09 18:42:58.273 V/WindowManager( 1709): notifyAppResumed: wasStopped=true AppWindowToken{94be2d1 token=Token{9786e40 ActivityRecord{945afc2 u0 com.huawei.android.launcher/.unihome.UniHomeLauncher t1016}}}
07-09 18:42:58.274 I/HwWindowManagerServiceEx( 1709): set app win exit info, bundle = Bundle[{isLandscape=false, launcherPkgName=com.huawei.android.launcher, iconWidth=170, pivotX=162.0, pivotY=830.0, iconHeight=170, flag=0}], iconBitmap = android.graphics.Bitmap@97d2c51
07-09 18:42:58.279 I/WindowManager( 1709): Checking 1 opening apps (frozen=false timeout=false)...
07-09 18:42:58.279 I/WindowManager( 1709): Check opening app=AppWindowToken{94be2d1 token=Token{9786e40 ActivityRecord{945afc2 u0 com.huawei.android.launcher/.unihome.UniHomeLauncher t1016}}}: allDrawn=false startingDisplayed=false startingMoved=false isRelaunching()=false startingWindow=null
07-09 18:42:58.299 I/WindowManager( 1709): Checking 1 opening apps (frozen=false timeout=false)...
07-09 18:42:58.299 I/WindowManager( 1709): Check opening app=AppWindowToken{94be2d1 token=Token{9786e40 ActivityRecord{945afc2 u0 com.huawei.android.launcher/.unihome.UniHomeLauncher t1016}}}: allDrawn=false startingDisplayed=false startingMoved=false isRelaunching()=false startingWindow=null
07-09 18:42:58.301 W/DE J DES( 1709): [effect] Unexpected scenc:28
07-09 18:42:58.302 I/WindowManager( 1709): Checking 1 opening apps (frozen=false timeout=false)...
07-09 18:42:58.303 I/WindowManager( 1709): Check opening app=AppWindowToken{94be2d1 token=Token{9786e40 ActivityRecord{945afc2 u0 com.huawei.android.launcher/.unihome.UniHomeLauncher t1016}}}: allDrawn=false startingDisplayed=false startingMoved=false isRelaunching()=false startingWindow=null
07-09 18:42:58.303 I/AlarmManager( 1709): UninstallReceiver onReceive action:android.intent.action.PACKAGE_RESTARTED
07-09 18:42:58.308 I/HwCoreAppHelperService( 2931): LocalReceiver receives:android.intent.action.PACKAGE_RESTARTED,pkg:cn.carbs.wricheditor,uid:11189
07-09 18:42:58.311 I/HwAudioServiceEx( 1709): ComponentInfo : className = com.huawei.android.launcher.unihome.UniHomeLauncher, flag=onResume, isHomeActivity=, isTop=true
07-09 18:42:58.312 I/HwAudioServiceEx( 1709): sendAppKilledIntentForKit, isKitPackageOnPause = false, isKitPackageKill = false, isKitPackageOnResume = false
07-09 18:42:58.316 I/HidataAppQoeP( 2931): foregroundUidRemove uid: 11189 name: cn.carbs.wricheditor
07-09 18:42:58.317 I/NetworkQoeChr( 2931): checkForegroundApp timer start
07-09 18:42:58.317 I/SmartDualCardConfig( 2931): getAppType,pkgName=cn.carbs.wricheditor,appType=-1
07-09 18:42:58.317 E/SmartDualCardConfig( 2931): isAppInBlackList false,items==null
07-09 18:42:58.317 I/SmartDualCardConfig( 2931): isAppInWhiteList false,uid=11189
07-09 18:42:58.317 I/WindowManager( 1709): Checking 1 opening apps (frozen=false timeout=false)...
07-09 18:42:58.318 I/WindowManager( 1709): Check opening app=AppWindowToken{94be2d1 token=Token{9786e40 ActivityRecord{945afc2 u0 com.huawei.android.launcher/.unihome.UniHomeLauncher t1016}}}: allDrawn=false startingDisplayed=false startingMoved=false isRelaunching()=false startingWindow=null
07-09 18:42:58.319 I/SmartDualCardConfig( 2931): getAppType,pkgName=com.huawei.android.launcher,appType=28
07-09 18:42:58.319 E/SmartDualCardConfig( 2931): isAppInBlackList false,items==null
07-09 18:42:58.319 I/SmartDualCardConfig( 2931): isAppInWhiteList false,uid=10093
07-09 18:42:58.320 I/WindowManager( 1709): Changing focus from null to Window{9473b29 u0 com.huawei.android.launcher/com.huawei.android.launcher.unihome.UniHomeLauncher} displayId=0 Callers=com.android.server.wm.RootWindowContainer.updateFocusedWindowLocked:4545952 com.android.server.wm.WindowManagerService.updateFocusedWindowLocked:4548172 com.android.server.wm.WindowManagerService.relayoutWindow:4703972 com.android.server.wm.Session.relayout:4697780 
07-09 18:42:58.320 V/HwPhoneWindowManager( 1709): updateSystemUiColorLw window=Window{9473b29 u0 com.huawei.android.launcher/com.huawei.android.launcher.unihome.UniHomeLauncher},EmuiStyle=-1,StatusBarColor=0x0,NavigationBarColor=0x0, mForceNotchStatusBar=false
07-09 18:42:58.320 D/HwActivityManagerServiceEx( 1709): notifyAppToTop pid:5848, enable:1
07-09 18:42:58.321 D/HwActivityManagerServiceEx( 1709): notifyAppToTop pid:22971, enable:0
07-09 18:42:58.321 I/WindowManager( 1709): navColorWin was set to default navbar color so should add SYSTEM_UI_FLAG_LIGHT_NAVIGATION_BAR 8718
07-09 18:42:58.321 E/HwActivityManagerServiceEx( 1709): Null app thread, notifyAppToTop failed: 22971
07-09 18:42:58.327 V/ActivityTaskManager( 1709): Activity idle: null
07-09 18:42:58.327 W/ActivityManager( 1709): setHasOverlayUi called on unknown pid: 22971
07-09 18:42:58.331 I/WindowManager( 1709): navColorWin was set to default navbar color so should add SYSTEM_UI_FLAG_LIGHT_NAVIGATION_BAR 8718
07-09 18:42:58.332 I/WindowManager( 1709): Checking 1 opening apps (frozen=false timeout=false)...
07-09 18:42:58.333 I/WindowManager( 1709): Check opening app=AppWindowToken{94be2d1 token=Token{9786e40 ActivityRecord{945afc2 u0 com.huawei.android.launcher/.unihome.UniHomeLauncher t1016}}}: allDrawn=false startingDisplayed=false startingMoved=false isRelaunching()=false startingWindow=null
07-09 18:42:58.334 V/ActivityManager( 1709): Successfully start provider ContentProviderRecord{944435f u0 com.android.systemui/.recents.HwRecentsLockProdiver} launchingApp=null caller pid= 5848
07-09 18:42:58.334 W/Looper  ( 1709): Slow dispatch took 110ms android.ui h=com.android.server.am.ActivityManagerService$UiHandler c=null m=53
07-09 18:42:58.335 I/HwMultiWindowSplitUI( 1709): mCoverLp is null
07-09 18:42:58.336 I/BoosterSwitchP( 2931): notifyUidState do nothing
07-09 18:42:58.336 I/DeepNoDisturbP( 2931): notifyUidState
07-09 18:42:58.336 I/BrowserChrP( 2931): notifyUidState
07-09 18:42:58.336 I/BoosterSwitchP( 2931): notifyUidState do nothing
07-09 18:42:58.336 I/DeepNoDisturbP( 2931): notifyUidState
07-09 18:42:58.336 I/BrowserChrP( 2931): notifyUidState
07-09 18:42:58.337 D/HwNetworkManagementService( 1709): code == CODE_SET_CHR_REPORT_APP_LIST
07-09 18:42:58.337 I/HwNetworkManagementService( 1709): chr appuid set succeeded
07-09 18:42:58.338 I/HwNetworkPolicy( 1709): onTransact, code = 203
07-09 18:42:58.339 I/HwNetworkPolicyManager( 2810): getHwUidPolicy uid = 10093 policy = 0
07-09 18:42:58.343 I/HwAudioService( 1709): now type = -1,reportForegroundAppType = 28,pkg = null,systemload = -1mVoipOptimizeInGameModefalse
07-09 18:42:58.350 I/WindowManager( 1709): New wallpaper target: Window{9473b29 u0 com.huawei.android.launcher/com.huawei.android.launcher.unihome.UniHomeLauncher} prevTarget: null
07-09 18:42:58.350 I/WindowManager( 1709): navColorWin was set to default navbar color so should add SYSTEM_UI_FLAG_LIGHT_NAVIGATION_BAR 8718
07-09 18:42:58.351 I/WindowManager( 1709): Checking 1 opening apps (frozen=false timeout=false)...
07-09 18:42:58.351 I/WindowManager( 1709): Check opening app=AppWindowToken{94be2d1 token=Token{9786e40 ActivityRecord{945afc2 u0 com.huawei.android.launcher/.unihome.UniHomeLauncher t1016}}}: allDrawn=true startingDisplayed=false startingMoved=false isRelaunching()=false startingWindow=null
07-09 18:42:58.351 I/WindowManager( 1709): Checking 0 opening apps (frozen=false timeout=false)...
07-09 18:42:58.352 I/HwWindowManagerServiceEx( 1709): closing apps count = 0
07-09 18:42:58.352 D/HwWindowManagerServiceEx( 1709): is app exit to launcher info: transit = 13, app = AppWindowToken{94be2d1 token=Token{9786e40 ActivityRecord{945afc2 u0 com.huawei.android.launcher/.unihome.UniHomeLauncher t1016}}}, window = Window{9473b29 u0 com.huawei.android.launcher/com.huawei.android.launcher.unihome.UniHomeLauncher}, mClosingApps = {}, topOpeningApp = AppWindowToken{94be2d1 token=Token{9786e40 ActivityRecord{945afc2 u0 com.huawei.android.launcher/.unihome.UniHomeLauncher t1016}}}, mExitIconBitmap = android.graphics.Bitmap@97d2c51, mExitIconHeight = 170, mExitIconWidth = 170
07-09 18:42:58.352 E/WindowManager( 1709): icon is null!!
07-09 18:42:58.353 I/HwWindowManagerServiceEx( 1709): {} is closing and {AppWindowToken{94be2d1 token=Token{9786e40 ActivityRecord{945afc2 u0 com.huawei.android.launcher/.unihome.UniHomeLauncher t1016}}}}is opening
07-09 18:42:58.354 I/HwWindowManagerServiceEx( 1709): exit info has been reset.
07-09 18:42:58.355 I/WindowManager( 1709): navColorWin was set to default navbar color so should add SYSTEM_UI_FLAG_LIGHT_NAVIGATION_BAR 8718
07-09 18:42:58.365 D/HwConnectivityServiceEx( 1709): set 10194 wlan0 value false
07-09 18:42:58.365 I/WindowManager( 1709): navColorWin was set to default navbar color so should add SYSTEM_UI_FLAG_LIGHT_NAVIGATION_BAR 8718
07-09 18:42:58.367 V/ActivityTaskManager( 1709): Activity idle: Token{9786e40 ActivityRecord{945afc2 u0 com.huawei.android.launcher/.unihome.UniHomeLauncher t1016}}
07-09 18:42:58.401 I/HwCommandQueue( 2645): updateBarBgColor
07-09 18:42:58.401 D/HwCommandQueue( 2645): CommandQueue, setBarBackgroundColor
07-09 18:42:58.401 I/StatusBarDisable( 1709): setFlags what=0 which=1 pkg=Window{9473b29 u0 com.huawei.android.launcher/com.huawei.android.launcher.unihome.UniHomeLauncher}
07-09 18:42:58.426 I/StatusBarDisable( 1709): setFlags what=0 which=1 pkg=Window{9473b29 u0 com.huawei.android.launcher/com.huawei.android.launcher.unihome.UniHomeLauncher}
07-09 18:42:58.427 I/WindowManager( 1709): dispatchResized : win = Window{9473b29 u0 com.huawei.android.launcher/com.huawei.android.launcher.unihome.UniHomeLauncher} drawState = HAS_DRAWN
07-09 18:42:58.437 D/HwConnectivityServiceEx( 1709): set 10194 wlan0 value true
07-09 18:42:58.437 I/ConnectivityService( 1709): BLOCKED uid 10194
07-09 18:42:58.437 I/ConnectivityService( 1709): Returning BLOCKED NetworkInfo to uid=10194
07-09 18:42:58.451 I/ConnectivityService( 1709): BLOCKED uid 10194
07-09 18:42:58.530 I/WindowManager( 1709): Exit animation finished in Window{98763b9 u0 InputMethod EXITING}: remove=false
07-09 18:42:58.559 V/ActivityManager( 1709): Successfully start provider ContentProviderRecord{943b43f u0 com.android.providers.settings/.hwext.HwSettingsProvider} launchingApp=null caller pid= 24293
07-09 18:42:58.583 I/TurboZone( 1709): TurboZone: apk install processing: tzenable 0
07-09 18:42:58.653 I/PackageInstallerSession( 1709): isInstallWithHwHepManager isHep:false,isContainHep:false
07-09 18:42:58.657 D/PackageInstallerSession( 1709): MergePlugin pkgInfo: PackageInfo{9680dd7 cn.carbs.wricheditor}
07-09 18:42:58.661 I/ActivityTaskManager( 1709): START u0 {act=android.content.pm.action.CONFIRM_INSTALL flg=0x10008000 hwFlg=0x10 pkg=com.android.packageinstaller cmp=com.android.packageinstaller/.InstallStart (has extras)} from uid 1000
07-09 18:42:58.661 I/ActivityTaskManager( 1709): ActivityRecord info: ActivityInfo{98215ab com.android.packageinstaller.InstallStart}
07-09 18:42:58.661 D/ActivityTaskManager( 1709): TaskLaunchParamsModifier:task=null activity=ActivityRecord{982db05 u0 com.android.packageinstaller/.InstallStart t-1} display-id=0 display-windowing-mode=1
07-09 18:42:58.662 D/ActivityTaskManager( 1709): TaskLaunchParamsModifier:task=null activity=ActivityRecord{982db05 u0 com.android.packageinstaller/.InstallStart t-1} display-id=0 display-windowing-mode=1 inherit-fullscreen non-freeform-display
07-09 18:42:58.664 V/ActivityTaskManager( 1709): addChild: attaching stackId=157 to displayId=0 position=3
07-09 18:42:58.664 V/ActivityTaskManager( 1709): positionChild stackId=157 to top.
07-09 18:42:58.664 D/ActivityTaskManager( 1709): TaskLaunchParamsModifier:task=TaskRecord{94a5e9d #1172 A=com.android.packageinstaller U=0 StackId=157 sz=0} activity=ActivityRecord{982db05 u0 com.android.packageinstaller/.InstallStart t-1} display-from-task=0 display-id=0 display-windowing-mode=1 inherit-fullscreen non-freeform-display
07-09 18:42:58.665 V/ActivityTaskManager( 1709): positionChild stackId=157 to top.
07-09 18:42:58.665 I/HwMultiWindowSplitUI( 1709): removeSplit
07-09 18:42:58.665 I/HwMultiWindowSplitUI( 1709): removeSplit, mIsAddedSplitBar:false windowMode:100,-1 mIsActionDown:false
07-09 18:42:58.666 V/ActivityTaskManager( 1709): addAppToken: AppWindowToken{923143b token=Token{94d65df ActivityRecord{982db05 u0 com.android.packageinstaller/.InstallStart t1172}}} task={taskId=1172 appTokens=[] mdr=false} at 2147483647
07-09 18:42:58.670 I/ActivityTaskManager( 1709): Making visible and scheduling visibility: ActivityRecord{982db05 u0 com.android.packageinstaller/.InstallStart t1172}
07-09 18:42:58.671 W/HwActivityTaskManagerServiceEx( 1709): appSwitch from: com.huawei.android.launcher to: com.android.packageinstaller
07-09 18:42:58.672 I/WindowManager( 1709): Changing focus from Window{9473b29 u0 com.huawei.android.launcher/com.huawei.android.launcher.unihome.UniHomeLauncher} to null displayId=0 Callers=com.android.server.wm.RootWindowContainer.updateFocusedWindowLocked:4545952 com.android.server.wm.WindowManagerService.updateFocusedWindowLocked:4548172 com.android.server.wm.ActivityDisplay.setFocusedApp:1243056 com.android.server.wm.ActivityTaskManagerService.setResumedActivityUncheckLocked:1353412 
07-09 18:42:58.674 I/WindowManager( 1709): Checking 1 opening apps (frozen=false timeout=false)...
07-09 18:42:58.674 I/WindowManager( 1709): Check opening app=AppWindowToken{923143b token=Token{94d65df ActivityRecord{982db05 u0 com.android.packageinstaller/.InstallStart t1172}}}: allDrawn=false startingDisplayed=false startingMoved=false isRelaunching()=false startingWindow=null
07-09 18:42:58.675 I/HwAudioServiceEx( 1709): ComponentInfo : className = com.huawei.android.launcher.unihome.UniHomeLauncher, flag=onPause, isHomeActivity=, isTop=false
07-09 18:42:58.675 D/HwGameAssistantController( 1709): UPDATE: mCurFgPkg=com.android.packageinstaller, mCurFgPid=22584, mIsCurGame=false
07-09 18:42:58.675 I/HwAudioServiceEx( 1709): sendAppKilledIntentForKit, isKitPackageOnPause = false, isKitPackageKill = false, isKitPackageOnResume = false
07-09 18:42:58.676 D/PackageInstallerSession( 1709): start PackageInstallerActivity success, close current install!
07-09 18:42:58.678 I/BoosterSwitchP( 2931): notifyUidState do nothing
07-09 18:42:58.678 I/DeepNoDisturbP( 2931): notifyUidState
07-09 18:42:58.678 I/BrowserChrP( 2931): notifyUidState
07-09 18:42:58.679 D/HwNetworkManagementService( 1709): code == CODE_SET_CHR_REPORT_APP_LIST
07-09 18:42:58.679 I/HwNetworkManagementService( 1709): chr appuid set succeeded
07-09 18:42:58.681 I/HwNetworkPolicy( 1709): onTransact, code = 203
07-09 18:42:58.681 V/ActivityThread(22584): callActivityOnCreate
07-09 18:42:58.681 I/HwNetworkPolicyManager( 2810): getHwUidPolicy uid = 10040 policy = 0
07-09 18:42:58.685 I/ActivityTaskManager( 1709): START u0 {act=android.content.pm.action.CONFIRM_INSTALL flg=0x2000000 hwFlg=0x10 pkg=com.android.packageinstaller cmp=com.android.packageinstaller/.PackageInstallerActivity (has extras)} from uid 10040
07-09 18:42:58.686 I/ActivityTaskManager( 1709): ActivityRecord info: ActivityInfo{9836a61 com.android.packageinstaller.PackageInstallerActivity}
07-09 18:42:58.686 D/ActivityTaskManager( 1709): TaskLaunchParamsModifier:task=null activity=ActivityRecord{982dbc2 u0 com.android.packageinstaller/.PackageInstallerActivity t-1} display-from-source=0 display-id=0 display-windowing-mode=1
07-09 18:42:58.686 D/ActivityTaskManager( 1709): TaskLaunchParamsModifier:task=null activity=ActivityRecord{982dbc2 u0 com.android.packageinstaller/.PackageInstallerActivity t-1} display-from-source=0 display-id=0 display-windowing-mode=1 activity-options-fullscreen=Rect(0, 0 - 0, 0) non-freeform-display maximized-bounds
07-09 18:42:58.686 V/ActivityTaskManager( 1709): positionChild stackId=157 to top.
07-09 18:42:58.687 V/ActivityTaskManager( 1709): addAppToken: AppWindowToken{94da5cb token=Token{95711e4 ActivityRecord{982dbc2 u0 com.android.packageinstaller/.PackageInstallerActivity t1172}}} task={taskId=1172 appTokens=[AppWindowToken{923143b token=Token{94d65df ActivityRecord{982db05 u0 com.android.packageinstaller/.InstallStart t1172}}}] mdr=false} at 2147483647
07-09 18:42:58.694 I/HwAudioService( 1709): now type = 28,reportForegroundAppType = 255,pkg = null,systemload = 28mVoipOptimizeInGameModefalse
07-09 18:42:58.695 D/ActivityThread(22584): add activity client record, r= ActivityRecord{54a1e4f token=android.os.BinderProxy@dc7a603 {com.android.packageinstaller/com.android.packageinstaller.InstallStart}} token= android.os.BinderProxy@dc7a603
07-09 18:42:58.701 I/WindowManager( 1709): addWindow: Window{938de99 u0 com.android.packageinstaller/com.android.packageinstaller.InstallStart}
07-09 18:42:58.703 I/ActivityTaskManager( 1709): Making visible and scheduling visibility: ActivityRecord{982dbc2 u0 com.android.packageinstaller/.PackageInstallerActivity t1172}
07-09 18:42:58.703 I/HwAudioServiceEx( 1709): ComponentInfo : className = com.android.packageinstaller.InstallStart, flag=onResume, isHomeActivity=, isTop=true
07-09 18:42:58.704 I/HwAudioServiceEx( 1709): sendAppKilledIntentForKit, isKitPackageOnPause = false, isKitPackageKill = false, isKitPackageOnResume = false
07-09 18:42:58.705 I/HidataAppQoeP( 2931): foregroundUidAdd uid: 10040 name: com.android.packageinstaller activity state: true
07-09 18:42:58.706 I/WindowManager( 1709): Checking 1 opening apps (frozen=false timeout=false)...
07-09 18:42:58.706 I/WindowManager( 1709): Check opening app=AppWindowToken{94da5cb token=Token{95711e4 ActivityRecord{982dbc2 u0 com.android.packageinstaller/.PackageInstallerActivity t1172}}}: allDrawn=false startingDisplayed=false startingMoved=false isRelaunching()=false startingWindow=null
07-09 18:42:58.706 E/BoosterUtil( 2931): convertSubIdToSlotId failed, subId:0, slotId:-1
07-09 18:42:58.706 E/BoosterUtil( 2931): getDefaultDataSlotId failed, invalid slotId:-1, subId:0
07-09 18:42:58.706 I/NetworkQoeChr( 2931): checkForegroundApp timer end
07-09 18:42:58.706 I/WindowManager( 1709): Checking 1 opening apps (frozen=false timeout=false)...
07-09 18:42:58.707 I/WindowManager( 1709): Check opening app=AppWindowToken{94da5cb token=Token{95711e4 ActivityRecord{982dbc2 u0 com.android.packageinstaller/.PackageInstallerActivity t1172}}}: allDrawn=false startingDisplayed=false startingMoved=false isRelaunching()=false startingWindow=null
07-09 18:42:58.707 I/HwAudioServiceEx( 1709): ComponentInfo : className = com.android.packageinstaller.InstallStart, flag=onPause, isHomeActivity=, isTop=false
07-09 18:42:58.707 I/SmartDualCardConfig( 2931): getAppType,pkgName=com.android.packageinstaller,appType=255
07-09 18:42:58.707 E/SmartDualCardConfig( 2931): isAppInBlackList false,items==null
07-09 18:42:58.707 I/SmartDualCardConfig( 2931): isAppInWhiteList false,uid=10040
07-09 18:42:58.708 V/ActivityTaskManager( 1709): Activity idle: null
07-09 18:42:58.708 V/ActivityTaskManager( 1709): Stopping ActivityRecord{945afc2 u0 com.huawei.android.launcher/.unihome.UniHomeLauncher t1016}: nowVisible=false animating=true finishing=false
07-09 18:42:58.708 V/ActivityTaskManager( 1709): Stopping ActivityRecord{982db05 u0 com.android.packageinstaller/.InstallStart t1172}: nowVisible=false animating=true finishing=false
07-09 18:42:58.708 V/ActivityTaskManager( 1709): Activity idle: null
07-09 18:42:58.708 V/ActivityTaskManager( 1709): Stopping ActivityRecord{945afc2 u0 com.huawei.android.launcher/.unihome.UniHomeLauncher t1016}: nowVisible=false animating=true finishing=false
07-09 18:42:58.708 V/ActivityTaskManager( 1709): Stopping ActivityRecord{982db05 u0 com.android.packageinstaller/.InstallStart t1172}: nowVisible=false animating=true finishing=false
07-09 18:42:58.710 I/HwAudioServiceEx( 1709): sendAppKilledIntentForKit, isKitPackageOnPause = false, isKitPackageKill = false, isKitPackageOnResume = false
07-09 18:42:58.713 V/ActivityTaskManager( 1709): Stopping ActivityRecord{945afc2 u0 com.huawei.android.launcher/.unihome.UniHomeLauncher t1016}: nowVisible=false animating=true finishing=false
07-09 18:42:58.713 V/ActivityTaskManager( 1709): Stopping ActivityRecord{982db05 u0 com.android.packageinstaller/.InstallStart t1172}: nowVisible=false animating=true finishing=false
07-09 18:42:58.714 I/WindowManager( 1709): Checking 1 opening apps (frozen=false timeout=false)...
07-09 18:42:58.714 I/WindowManager( 1709): Check opening app=AppWindowToken{94da5cb token=Token{95711e4 ActivityRecord{982dbc2 u0 com.android.packageinstaller/.PackageInstallerActivity t1172}}}: allDrawn=false startingDisplayed=false startingMoved=false isRelaunching()=false startingWindow=null
07-09 18:42:58.717 I/WindowManager( 1709): Checking 1 opening apps (frozen=false timeout=false)...
07-09 18:42:58.717 I/WindowManager( 1709): Check opening app=AppWindowToken{94da5cb token=Token{95711e4 ActivityRecord{982dbc2 u0 com.android.packageinstaller/.PackageInstallerActivity t1172}}}: allDrawn=false startingDisplayed=false startingMoved=false isRelaunching()=false startingWindow=null
07-09 18:42:58.725 I/WindowManager( 1709): Checking 1 opening apps (frozen=false timeout=false)...
07-09 18:42:58.725 I/WindowManager( 1709): Check opening app=AppWindowToken{94da5cb token=Token{95711e4 ActivityRecord{982dbc2 u0 com.android.packageinstaller/.PackageInstallerActivity t1172}}}: allDrawn=false startingDisplayed=false startingMoved=false isRelaunching()=false startingWindow=null
07-09 18:42:58.726 I/WindowManager( 1709): Checking 1 opening apps (frozen=false timeout=false)...
07-09 18:42:58.726 I/WindowManager( 1709): Check opening app=AppWindowToken{94da5cb token=Token{95711e4 ActivityRecord{982dbc2 u0 com.android.packageinstaller/.PackageInstallerActivity t1172}}}: allDrawn=false startingDisplayed=false startingMoved=false isRelaunching()=false startingWindow=null
07-09 18:42:58.727 V/ActivityThread(22584): callActivityOnCreate
07-09 18:42:58.731 I/WindowManager( 1709): Checking 1 opening apps (frozen=false timeout=false)...
07-09 18:42:58.731 I/WindowManager( 1709): Check opening app=AppWindowToken{94da5cb token=Token{95711e4 ActivityRecord{982dbc2 u0 com.android.packageinstaller/.PackageInstallerActivity t1172}}}: allDrawn=false startingDisplayed=false startingMoved=false isRelaunching()=false startingWindow=null
07-09 18:42:58.742 D/ActivityThread(22584): add activity client record, r= ActivityRecord{6583471 token=android.os.BinderProxy@7458847 {com.android.packageinstaller/com.android.packageinstaller.PackageInstallerActivity}} token= android.os.BinderProxy@7458847
07-09 18:42:58.748 I/WindowManager( 1709): Changing focus from null to Window{938df29 u0 com.android.packageinstaller/com.android.packageinstaller.PackageInstallerActivity} displayId=0 Callers=com.android.server.wm.RootWindowContainer.updateFocusedWindowLocked:4545952 com.android.server.wm.WindowManagerService.updateFocusedWindowLocked:4548172 com.android.server.wm.WindowManagerService.addWindow:4203368 com.android.server.wm.HwWindowManagerService.addWindow:2264580 
07-09 18:42:58.748 I/StatusBarDisable( 1709): setFlags what=0 which=1 pkg=Window{938df29 u0 com.android.packageinstaller/com.android.packageinstaller.PackageInstallerActivity}
07-09 18:42:58.748 D/HwActivityManagerServiceEx( 1709): notifyAppToTop pid:22584, enable:1
07-09 18:42:58.749 D/HwActivityManagerServiceEx( 1709): notifyAppToTop pid:5848, enable:0
07-09 18:42:58.749 I/WindowManager( 1709): addWindow: Window{938df29 u0 com.android.packageinstaller/com.android.packageinstaller.PackageInstallerActivity}
07-09 18:42:58.749 D/RtgSched( 5848): resetRtgSchedHandle failed enable:0
07-09 18:42:58.751 I/WindowManager( 1709): addWindow: Window{98762e1 u0 com.android.packageinstaller/com.android.packageinstaller.PackageInstallerActivity}
07-09 18:42:58.753 I/HwAudioServiceEx( 1709): ComponentInfo : className = com.android.packageinstaller.PackageInstallerActivity, flag=onResume, isHomeActivity=, isTop=true
07-09 18:42:58.755 I/HwAudioServiceEx( 1709): sendAppKilledIntentForKit, isKitPackageOnPause = false, isKitPackageKill = false, isKitPackageOnResume = false
07-09 18:42:58.766 I/StatusBarDisable( 1709): setFlags what=0 which=1 pkg=Window{938df29 u0 com.android.packageinstaller/com.android.packageinstaller.PackageInstallerActivity}
07-09 18:42:58.766 I/WindowManager( 1709): Checking 1 opening apps (frozen=false timeout=false)...
07-09 18:42:58.766 I/WindowManager( 1709): Check opening app=AppWindowToken{94da5cb token=Token{95711e4 ActivityRecord{982dbc2 u0 com.android.packageinstaller/.PackageInstallerActivity t1172}}}: allDrawn=false startingDisplayed=false startingMoved=false isRelaunching()=false startingWindow=null
07-09 18:42:58.778 I/WindowManager( 1709): Checking 1 opening apps (frozen=false timeout=false)...
07-09 18:42:58.778 I/WindowManager( 1709): Check opening app=AppWindowToken{94da5cb token=Token{95711e4 ActivityRecord{982dbc2 u0 com.android.packageinstaller/.PackageInstallerActivity t1172}}}: allDrawn=false startingDisplayed=false startingMoved=false isRelaunching()=false startingWindow=null
07-09 18:42:58.778 I/WindowManager( 1709): dispatchResized : win = Window{938df29 u0 com.android.packageinstaller/com.android.packageinstaller.PackageInstallerActivity} drawState = DRAW_PENDING
07-09 18:42:58.793 I/WindowManager( 1709): Checking 1 opening apps (frozen=false timeout=false)...
07-09 18:42:58.793 I/WindowManager( 1709): Check opening app=AppWindowToken{94da5cb token=Token{95711e4 ActivityRecord{982dbc2 u0 com.android.packageinstaller/.PackageInstallerActivity t1172}}}: allDrawn=true startingDisplayed=false startingMoved=false isRelaunching()=false startingWindow=null
07-09 18:42:58.793 I/WindowManager( 1709): Checking 0 opening apps (frozen=false timeout=false)...
07-09 18:42:58.793 I/HwWindowManagerServiceEx( 1709): closing apps count = 2
07-09 18:42:58.793 V/ActivityTaskManager( 1709): Stopping ActivityRecord{945afc2 u0 com.huawei.android.launcher/.unihome.UniHomeLauncher t1016}: nowVisible=false animating=true finishing=false
07-09 18:42:58.793 V/ActivityTaskManager( 1709): Stopping ActivityRecord{982db05 u0 com.android.packageinstaller/.InstallStart t1172}: nowVisible=false animating=true finishing=false
07-09 18:42:58.794 D/HwWindowManagerServiceEx( 1709): is app exit to launcher info: transit = 12, app = AppWindowToken{94be2d1 token=Token{9786e40 ActivityRecord{945afc2 u0 com.huawei.android.launcher/.unihome.UniHomeLauncher t1016}}}, window = Window{9473b29 u0 com.huawei.android.launcher/com.huawei.android.launcher.unihome.UniHomeLauncher}, mClosingApps = {AppWindowToken{923143b token=Token{94d65df ActivityRecord{982db05 u0 com.android.packageinstaller/.InstallStart t1172}}}, AppWindowToken{94be2d1 token=Token{9786e40 ActivityRecord{945afc2 u0 com.huawei.android.launcher/.unihome.UniHomeLauncher t1016}}}}, topOpeningApp = AppWindowToken{94da5cb token=Token{95711e4 ActivityRecord{982dbc2 u0 com.android.packageinstaller/.PackageInstallerActivity t1172}}}, mExitIconBitmap = null, mExitIconHeight = -1, mExitIconWidth = -1
07-09 18:42:58.794 E/WindowManager( 1709): icon is null!!
07-09 18:42:58.795 E/WindowManager( 1709): icon is null!!
07-09 18:42:58.795 D/HwWindowManagerServiceEx( 1709): is app exit to launcher info: transit = 12, app = AppWindowToken{94da5cb token=Token{95711e4 ActivityRecord{982dbc2 u0 com.android.packageinstaller/.PackageInstallerActivity t1172}}}, window = Window{98762e1 u0 com.android.packageinstaller/com.android.packageinstaller.PackageInstallerActivity}, mClosingApps = {AppWindowToken{923143b token=Token{94d65df ActivityRecord{982db05 u0 com.android.packageinstaller/.InstallStart t1172}}}, AppWindowToken{94be2d1 token=Token{9786e40 ActivityRecord{945afc2 u0 com.huawei.android.launcher/.unihome.UniHomeLauncher t1016}}}}, topOpeningApp = AppWindowToken{94da5cb token=Token{95711e4 ActivityRecord{982dbc2 u0 com.android.packageinstaller/.PackageInstallerActivity t1172}}}, mExitIconBitmap = null, mExitIconHeight = -1, mExitIconWidth = -1
07-09 18:42:58.795 E/WindowManager( 1709): icon is null!!
07-09 18:42:58.797 D/HwAppTransitionImpl( 1709): windowAnimations = 2060168 dose not come from system, not to override it.
07-09 18:42:58.798 I/WindowManager( 1709): dispatchResized : win = Window{98762e1 u0 com.android.packageinstaller/com.android.packageinstaller.PackageInstallerActivity} drawState = HAS_DRAWN
07-09 18:42:58.799 I/StatusBarDisable( 1709): setFlags what=0 which=1 pkg=Window{938df29 u0 com.android.packageinstaller/com.android.packageinstaller.PackageInstallerActivity}
07-09 18:42:58.800 I/StatusBarDisable( 1709): setFlags what=0 which=1 pkg=Window{938df29 u0 com.android.packageinstaller/com.android.packageinstaller.PackageInstallerActivity}
07-09 18:42:58.814 V/ActivityTaskManager( 1709): Activity idle: Token{95711e4 ActivityRecord{982dbc2 u0 com.android.packageinstaller/.PackageInstallerActivity t1172}}
07-09 18:42:58.815 V/ActivityTaskManager( 1709): Stopping ActivityRecord{945afc2 u0 com.huawei.android.launcher/.unihome.UniHomeLauncher t1016}: nowVisible=false animating=true finishing=false
07-09 18:42:58.815 V/ActivityTaskManager( 1709): Activity idle: Token{94d65df ActivityRecord{982db05 u0 com.android.packageinstaller/.InstallStart t1172}}
07-09 18:42:58.815 V/ActivityTaskManager( 1709): Stopping ActivityRecord{945afc2 u0 com.huawei.android.launcher/.unihome.UniHomeLauncher t1016}: nowVisible=false animating=true finishing=false
07-09 18:42:58.829 I/WindowManager( 1709): notifyAppStopped: AppWindowToken{923143b token=Token{94d65df ActivityRecord{982db05 u0 com.android.packageinstaller/.InstallStart t1172}}}
07-09 18:42:58.829 E/WindowManager( 1709): win=Window{938de99 u0 com.android.packageinstaller/com.android.packageinstaller.InstallStart} destroySurfaces: appStopped=true win.mWindowRemovalAllowed=false win.mRemoveOnExit=false
07-09 18:42:59.080 V/ActivityTaskManager( 1709): Activity idle: null
07-09 18:42:59.081 I/WindowManager( 1709): New wallpaper target: null prevTarget: Window{9473b29 u0 com.huawei.android.launcher/com.huawei.android.launcher.unihome.UniHomeLauncher}
07-09 18:42:59.085 I/SmartDualCardConfig( 2931): getAppType,pkgName=com.huawei.android.launcher,appType=28
07-09 18:42:59.085 E/SmartDualCardConfig( 2931): isAppInBlackList false,items==null
07-09 18:42:59.085 I/SmartDualCardConfig( 2931): isAppInWhiteList false,uid=10093
07-09 18:42:59.114 I/WindowManager( 1709): notifyAppStopped: AppWindowToken{94be2d1 token=Token{9786e40 ActivityRecord{945afc2 u0 com.huawei.android.launcher/.unihome.UniHomeLauncher t1016}}}
07-09 18:42:59.114 E/WindowManager( 1709): win=Window{9473b29 u0 com.huawei.android.launcher/com.huawei.android.launcher.unihome.UniHomeLauncher} destroySurfaces: appStopped=true win.mWindowRemovalAllowed=false win.mRemoveOnExit=false
07-09 18:42:59.117 I/BoosterSwitchP( 2931): notifyUidState do nothing
07-09 18:42:59.117 I/DeepNoDisturbP( 2931): notifyUidState
07-09 18:42:59.117 I/BrowserChrP( 2931): notifyUidState
07-09 18:42:59.118 D/HwConnectivityServiceEx( 1709): set 1000 wlan0 value false
07-09 18:42:59.190 D/ActivityThread(22584): Remove activity client record, r= ActivityRecord{54a1e4f token=android.os.BinderProxy@dc7a603 {com.android.packageinstaller/com.android.packageinstaller.InstallStart}} token= android.os.BinderProxy@dc7a603
07-09 18:42:59.191 I/WindowManager( 1709): removeIfPossible: Window{938de99 u0 com.android.packageinstaller/com.android.packageinstaller.InstallStart} callers=com.android.server.wm.WindowState.removeIfPossible:1371784 com.android.server.wm.WindowManagerService.removeWindow:1384364 android.view.IWindowSession$Stub.onTransact:3560452 com.android.server.wm.Session.onTransact:4761056 android.os.Binder.execTransactInternal:5520784 
07-09 18:42:59.191 I/WindowManager( 1709): postWindowRemoveCleanupLocked: Window{938de99 u0 com.android.packageinstaller/com.android.packageinstaller.InstallStart}
07-09 18:42:59.191 I/WindowManager( 1709): Removing Window{938de99 u0 com.android.packageinstaller/com.android.packageinstaller.InstallStart} from AppWindowToken{923143b token=Token{94d65df ActivityRecord{982db05 u0 com.android.packageinstaller/.InstallStart t1172}}}
07-09 18:42:59.193 V/WindowManager( 1709): removeAppToken: AppWindowToken{923143b token=Token{94d65df ActivityRecord{982db05 u0 com.android.packageinstaller/.InstallStart t1172}}} delayed=false Callers=com.android.server.wm.DisplayContent.removeAppToken:7295944 com.android.server.wm.ActivityRecord.removeWindowContainer:7298740 com.android.server.wm.ActivityStack.removeActivityFromHistoryLocked:7297860 com.android.server.wm.ActivityStack.activityDestroyedLocked:7278236 
07-09 18:43:00.004 I/AppEyeFwkBlock( 1709): do monitor
07-09 18:43:00.573 D/HwConnectivityServiceEx( 1709): set 10040 wlan0 value false
07-09 18:43:00.581 I/WindowManager( 1709): removeIfPossible: Window{938df29 u0 com.android.packageinstaller/com.android.packageinstaller.PackageInstallerActivity} callers=com.android.server.wm.WindowState.removeIfPossible:1371784 com.android.server.wm.WindowManagerService.removeWindow:1384364 android.view.IWindowSession$Stub.onTransact:3560452 com.android.server.wm.Session.onTransact:4761056 android.os.Binder.execTransactInternal:5520784 
07-09 18:43:00.581 D/HwAppTransitionImpl( 1709): windowAnimations = 2060168 dose not come from system, not to override it.
07-09 18:43:00.582 I/WindowManager( 1709): Not removing Window{938df29 u0 com.android.packageinstaller/com.android.packageinstaller.PackageInstallerActivity EXITING} due to exit animation 
07-09 18:43:00.583 I/WindowManager( 1709): Changing focus from Window{938df29 u0 com.android.packageinstaller/com.android.packageinstaller.PackageInstallerActivity EXITING} to Window{98762e1 u0 com.android.packageinstaller/com.android.packageinstaller.PackageInstallerActivity} displayId=0 Callers=com.android.server.wm.RootWindowContainer.updateFocusedWindowLocked:4545952 com.android.server.wm.WindowManagerService.updateFocusedWindowLocked:4548172 com.android.server.wm.WindowState.setupWindowForRemoveOnExit:6461892 com.android.server.wm.WindowState.removeIfPossible:1369804 
07-09 18:43:00.583 V/HwPhoneWindowManager( 1709): updateSystemUiColorLw window=Window{98762e1 u0 com.android.packageinstaller/com.android.packageinstaller.PackageInstallerActivity},EmuiStyle=1,StatusBarColor=0xffffffff,NavigationBarColor=0xffffffff, mForceNotchStatusBar=false
07-09 18:43:00.584 I/HwCommandQueue( 2645): updateBarBgColor
07-09 18:43:00.584 D/HwCommandQueue( 2645): CommandQueue, setBarBackgroundColor
07-09 18:43:00.584 I/StatusBarDisable( 1709): setFlags what=0 which=1 pkg=Window{98762e1 u0 com.android.packageinstaller/com.android.packageinstaller.PackageInstallerActivity}
07-09 18:43:00.587 I/StatusBarDisable( 1709): setFlags what=0 which=1 pkg=Window{98762e1 u0 com.android.packageinstaller/com.android.packageinstaller.PackageInstallerActivity}
07-09 18:43:00.588 V/ActivityManager( 1709): Successfully start provider ContentProviderRecord{95e1b68 u0 com.huawei.appmarket/.service.provider.CommonDataProvider} launchingApp=null caller pid= 22584
07-09 18:43:00.595 V/ActivityManager( 1709): Successfully start provider ContentProviderRecord{97d7409 u0 com.huawei.systemmanager/.optimize.smcs.SMCSProvider} launchingApp=null caller pid= 22584
07-09 18:43:00.603 V/ActivityManager( 1709): Successfully start provider ContentProviderRecord{97d1ccf u0 com.android.providers.downloads/.DownloadProvider} launchingApp=null caller pid= 22584
