07-07 16:00:00.901 I/Finsky  ( 9773): [1] kjj.a(7): SCH: Jobs in database: 1-1337 26-1414141414 35-44269 
07-07 16:00:00.902 I/Finsky  ( 9773): [1] kfm.a(58): SCH: ConstraintMapping: 1-1337,  -> L: 42241530ms, D: 85441530ms, C: false, I: false, N: 1
07-07 16:00:00.902 I/Finsky  ( 9773): [1] kfm.a(58): SCH: ConstraintMapping: 26-1414141414, 35-44269,  -> L: 13573314ms, D: 20739527ms, C: false, I: false, N: 0
07-07 16:00:00.904 I/Finsky  ( 9773): [1] kht.a(37): Cancelling existing jobscheduler jobs: 9003 
07-07 16:00:00.904 I/Finsky  ( 9773): [1] kht.a(30): Scheduling job Id: 9000, L: 42241530, D: 85441530, C: false, I: false, N: 1
07-07 16:00:00.906 I/Finsky  ( 9773): [1] kht.a(30): Scheduling job Id: 9001, L: 13573314, D: 20739527, C: false, I: false, N: 0
07-07 16:00:01.036 I/AwareLog(  877): iawared: Closing iaware client data connection dfd=34
07-07 16:00:01.036 I/AwareLog(  877): iawared: iaware client connected
07-07 16:00:01.207 I/AwareLog(  877): iawared: Closing iaware client data connection dfd=34
07-07 16:00:01.350 I/aptouch_daemon( 2788): filter_touch_detect, down, in: 1, out: 1
07-07 16:00:01.407 I/aptouch_daemon( 2788): filter_touch_detect, all_touch_up
07-07 16:00:01.411 D/fff     (31631): editor onFocusChanged focused : false direction : 0
07-07 16:00:01.411 D/eee     (31631): onEditorFocusChanged focused : false
07-07 16:00:01.413 D/HwAutofillHelper(31631): recordCurrentInfo:0
07-07 16:00:01.413 D/HwAutofillHelper(31631): inputType = 131073
07-07 16:00:01.413 D/fff     (31631): editor onFocusChanged focused : true direction : 130
07-07 16:00:01.413 D/eee     (31631): onEditorFocusChanged focused : true
07-07 16:00:01.431 W/migration/6(   47): type=1400 audit(0.0:11325996): avc: granted { setsched } for pid=47 scontext=u:r:kernel:s0 tcontext=u:r:kernel:s0 tclass=process
07-07 16:00:01.431 W/migration/7(   53): type=1400 audit(0.0:11325997): avc: granted { setsched } for pid=53 scontext=u:r:kernel:s0 tcontext=u:r:kernel:s0 tclass=process
07-07 16:00:01.454 W/TelephonyPermissions( 2908): reportAccessDeniedToReadIdentifiers:com.sohu.inputmethod.sogou:getSubscriberId:isPreinstalled=false:isPrivApp=false
07-07 16:00:01.461 I/HwViewRootImpl( 7479): removeInvalidNode all the node in jank list is out of time
07-07 16:00:01.467 I/chatty  ( 2895): uid=1000(system) sdk thread expire 16 lines
07-07 16:00:01.481 I/HwInputMethodManagerServiceEx( 1429): --- show navigation bar status: isEnableNavBar = true ,isGestureNavigation = false
07-07 16:00:01.571 W/migration/7(   53): type=1400 audit(0.0:11325998): avc: granted { setsched } for pid=53 scontext=u:r:kernel:s0 tcontext=u:r:kernel:s0 tclass=process
07-07 16:00:01.571 W/migration/6(   47): type=1400 audit(0.0:11325999): avc: granted { setsched } for pid=47 scontext=u:r:kernel:s0 tcontext=u:r:kernel:s0 tclass=process
07-07 16:00:01.912 I/aptouch_daemon( 2788): filter_touch_detect, down, in: 1, out: 1
07-07 16:00:01.919 I/chatty  (  682): uid=1000(system) HwBinder:682_3 expire 52 lines
07-07 16:00:01.986 I/aptouch_daemon( 2788): filter_touch_detect, all_touch_up
07-07 16:00:01.992 I/WindowManager( 1429): navColorWin was set to default navbar color so should add SYSTEM_UI_FLAG_LIGHT_NAVIGATION_BAR 8018
07-07 16:00:02.078 I/aptouch_daemon( 2788): filter_touch_detect, down, in: 1, out: 1
07-07 16:00:02.135 I/aptouch_daemon( 2788): filter_touch_detect, all_touch_up
07-07 16:00:02.144 I/aptouch_daemon( 2788): filter_touch_detect, down, in: 1, out: 1
07-07 16:00:02.226 I/aptouch_daemon( 2788): filter_touch_detect, all_touch_up
07-07 16:00:02.239 W/migration/6(   47): type=1400 audit(0.0:11326000): avc: granted { setsched } for pid=47 scontext=u:r:kernel:s0 tcontext=u:r:kernel:s0 tclass=process
07-07 16:00:02.351 I/aptouch_daemon( 2788): filter_touch_detect, down, in: 1, out: 1
07-07 16:00:02.433 I/aptouch_daemon( 2788): filter_touch_detect, all_touch_up
07-07 16:00:02.240 I/WindowManager( 1429): navColorWin was set to default navbar color so should add SYSTEM_UI_FLAG_LIGHT_NAVIGATION_BAR 8018
07-07 16:00:02.440 I/WindowManager( 1429): navColorWin was set to default navbar color so should add SYSTEM_UI_FLAG_LIGHT_NAVIGATION_BAR 8018
07-07 16:00:02.451 W/migration/7(   53): type=1400 audit(0.0:11326003): avc: granted { setsched } for pid=53 scontext=u:r:kernel:s0 tcontext=u:r:kernel:s0 tclass=process
07-07 16:00:02.533 I/aptouch_daemon( 2788): filter_touch_detect, down, in: 1, out: 1
07-07 16:00:02.551 W/migration/7(   53): type=1400 audit(0.0:11326004): avc: granted { setsched } for pid=53 scontext=u:r:kernel:s0 tcontext=u:r:kernel:s0 tclass=process
07-07 16:00:02.551 W/migration/6(   47): type=1400 audit(0.0:11326005): avc: granted { setsched } for pid=47 scontext=u:r:kernel:s0 tcontext=u:r:kernel:s0 tclass=process
07-07 16:00:02.623 I/aptouch_daemon( 2788): filter_touch_detect, all_touch_up
07-07 16:00:02.836 W/TelephonyPermissions( 2908): reportAccessDeniedToReadIdentifiers:com.sohu.inputmethod.sogou:getSubscriberId:isPreinstalled=false:isPrivApp=false
07-07 16:00:03.059 E/WifiHAL (  690): enter wifi_get_link_stats
07-07 16:00:03.067 W/PhoneInterfaceManager( 2908): shouldBlockLocation running ...
07-07 16:00:03.067 I/PhoneInterfaceManager( 2908): shouldBlockLocation  ret:false
07-07 16:00:03.095 I/netd    (  635): trafficSwapActiveStatsMap() <16.35ms>
07-07 16:00:03.097 I/chatty  ( 2895): uid=1000(system) traffic stats expire 12 lines
07-07 16:00:03.408 I/aptouch_daemon( 2788): filter_touch_detect, down, in: 1, out: 1
07-07 16:00:03.482 I/aptouch_daemon( 2788): filter_touch_detect, all_touch_up
07-07 16:00:02.878 I/WindowManager( 1429): navColorWin was set to default navbar color so should add SYSTEM_UI_FLAG_LIGHT_NAVIGATION_BAR 8018
07-07 16:00:03.490 I/WindowManager( 1429): navColorWin was set to default navbar color so should add SYSTEM_UI_FLAG_LIGHT_NAVIGATION_BAR 8018
07-07 16:00:03.507 I/WindowManager( 1429): navColorWin was set to default navbar color so should add SYSTEM_UI_FLAG_LIGHT_NAVIGATION_BAR 8018
07-07 16:00:03.590 I/aptouch_daemon( 2788): filter_touch_detect, down, in: 1, out: 1
07-07 16:00:03.596 E/Thermal-daemon(  870): [battery] temp_new :31  temp_old :30
07-07 16:00:03.596 I/chatty  ( 2895): uid=1000(system) Binder:2895_4 expire 2 lines
07-07 16:00:03.596 E/Thermal-daemon(  870): Report temperature: [battery] temp :31  report_threshold:1
07-07 16:00:03.639 I/aptouch_daemon( 2788): filter_touch_detect, all_touch_up
07-07 16:00:03.732 I/aptouch_daemon( 2788): filter_touch_detect, down, in: 1, out: 1
07-07 16:00:03.783 W/migration/6(   47): type=1400 audit(0.0:11326006): avc: granted { setsched } for pid=47 scontext=u:r:kernel:s0 tcontext=u:r:kernel:s0 tclass=process
07-07 16:00:03.783 W/migration/7(   53): type=1400 audit(0.0:11326007): avc: granted { setsched } for pid=53 scontext=u:r:kernel:s0 tcontext=u:r:kernel:s0 tclass=process
07-07 16:00:03.796 I/aptouch_daemon( 2788): filter_touch_detect, all_touch_up
07-07 16:00:03.675 I/WindowManager( 1429): navColorWin was set to default navbar color so should add SYSTEM_UI_FLAG_LIGHT_NAVIGATION_BAR 8018
07-07 16:00:03.814 D/HwConnectivityServiceEx( 1429): set cache by key is 10037 interfaceName iswlan0 value is false
07-07 16:00:03.815 D/ConnectivityService( 1429): get Network state from cache, cacheBlock is 0
07-07 16:00:03.823 I/WindowManager( 1429): navColorWin was set to default navbar color so should add SYSTEM_UI_FLAG_LIGHT_NAVIGATION_BAR 8018
07-07 16:00:03.931 W/migration/7(   53): type=1400 audit(0.0:11326008): avc: granted { setsched } for pid=53 scontext=u:r:kernel:s0 tcontext=u:r:kernel:s0 tclass=process
07-07 16:00:04.007 I/WindowManager( 1429): navColorWin was set to default navbar color so should add SYSTEM_UI_FLAG_LIGHT_NAVIGATION_BAR 8018
07-07 16:00:04.071 I/chatty  (   53): uid=0(root) migration/7 identical 2 lines
07-07 16:00:04.171 I/chatty  (   47): uid=0(root) migration/6 expire 1 line
07-07 16:00:04.405 I/chatty  ( 1429): uid=1000(system) HuaweiWifiWatch expire 14 lines
07-07 16:00:04.405 I/chatty  ( 1429): uid=1000 system_server expire 2 lines
07-07 16:00:04.406 I/chatty  ( 1429): uid=1000 system_server expire 3 lines
07-07 16:00:04.407 D/HwConnectivityServiceEx( 1429): set cache by key is 1000 interfaceName iswlan0 value is false
07-07 16:00:04.589 I/chatty  ( 2788): uid=0(root) /system/vendor/bin/aptouch_daemon expire 42 lines
07-07 16:00:04.673 I/WindowManager( 1429): navColorWin was set to default navbar color so should add SYSTEM_UI_FLAG_LIGHT_NAVIGATION_BAR 8018
07-07 16:00:04.873 I/WindowManager( 1429): navColorWin was set to default navbar color so should add SYSTEM_UI_FLAG_LIGHT_NAVIGATION_BAR 8018
07-07 16:00:04.908 I/WindowManager( 1429): navColorWin was set to default navbar color so should add SYSTEM_UI_FLAG_LIGHT_NAVIGATION_BAR 8018
07-07 16:00:05.074 I/WindowManager( 1429): navColorWin was set to default navbar color so should add SYSTEM_UI_FLAG_LIGHT_NAVIGATION_BAR 8018
07-07 16:00:05.183 I/HwBatteryService( 1429): quick charge status : 0
07-07 16:00:05.183 D/HwBatteryService( 1429): onUEvent fcpStatus = 0
07-07 16:00:05.183 D/HwBatteryService( 1429): onUEvent scpStatus = 0 ,ovpStatus = 0
07-07 16:00:05.183 I/HwBatteryService( 1429): handleWirelessTxStatus
07-07 16:00:05.183 I/HwBatteryService( 1429): switch not open, return, mWirelessTxFlag : 0
07-07 16:00:05.183 W/HwBatteryService( 1429): need return. Invalid value: -1
07-07 16:00:05.183 D/HwBatteryService( 1429): setHwChargeTimeRemaining, time = -1 String time: -1
07-07 16:00:05.183 I/HwUsbDeviceManager( 1429): water_intrused state= 0
07-07 16:00:05.190 I/WindowManager( 1429): navColorWin was set to default navbar color so should add SYSTEM_UI_FLAG_LIGHT_NAVIGATION_BAR 8018
07-07 16:00:05.858 I/WindowManager( 1429): navColorWin was set to default navbar color so should add SYSTEM_UI_FLAG_LIGHT_NAVIGATION_BAR 8018
07-07 16:00:05.956 I/WindowManager( 1429): navColorWin was set to default navbar color so should add SYSTEM_UI_FLAG_LIGHT_NAVIGATION_BAR 8018
07-07 16:00:06.069 E/WifiHAL (  690): enter wifi_get_link_stats
07-07 16:00:06.082 W/PhoneInterfaceManager( 2908): shouldBlockLocation running ...
07-07 16:00:06.082 I/PhoneInterfaceManager( 2908): shouldBlockLocation  ret:false
07-07 16:00:06.623 I/WindowManager( 1429): navColorWin was set to default navbar color so should add SYSTEM_UI_FLAG_LIGHT_NAVIGATION_BAR 8018
07-07 16:00:07.020 I/chatty  ( 1429): uid=1000(system) InputReader expire 26 lines
07-07 16:00:07.663 D/fff     (31631): editor onTextChanged text :  start : 0 lengthBefore : 0 lengthAfter : 2
07-07 16:00:07.663 D/lll     (31631): onTextChanged setSpan start : 0 lengthAfter : 2
07-07 16:00:07.664 D/qqq     (31631): editor onSelectionChanged selStart : 2 selEnd : 2
07-07 16:00:07.664 D/qqq     (31631): getEditableText().length() : 2  isCursorAutoChange : true
07-07 16:00:08.119 I/chatty  (  635): uid=0(root) Binder:635_3 expire 2 lines
07-07 16:00:08.501 V/AudioManager(31631): querySoundEffectsEnabled...
07-07 16:00:08.503 D/uuu     (31631): updateTextByRichTypeChanged() i : 0wRichEditor.hasFocus()  false
07-07 16:00:08.503 D/uuu     (31631): updateTextByRichTypeChanged() i : 1wRichEditor.hasFocus()  true
07-07 16:00:08.600 E/Thermal-daemon(  870): [shell_frame] temp_new :30  temp_old :29
07-07 16:00:08.600 E/Thermal-daemon(  870): Report temperature: [shell_frame] temp :30  report_threshold:1
07-07 16:00:08.807 I/chatty  ( 1429): uid=1000(system) android.ui expire 15 lines
07-07 16:00:08.822 I/HwViewRootImpl( 7479): removeInvalidNode all the node in jank list is out of time
07-07 16:00:09.086 E/WifiHAL (  690): enter wifi_get_link_stats
07-07 16:00:09.099 W/PhoneInterfaceManager( 2908): shouldBlockLocation running ...
07-07 16:00:09.099 I/PhoneInterfaceManager( 2908): shouldBlockLocation  ret:false
07-07 16:00:09.388 I/chatty  ( 1429): uid=1000(system) WifiService expire 37 lines
07-07 16:00:09.911 I/chatty  (   47): uid=0(root) migration/6 expire 6 lines
07-07 16:00:09.911 I/chatty  (   53): uid=0(root) migration/7 expire 8 lines
07-07 16:00:10.349 D/fff     (31631): editor onTextChanged text :  start : 2 lengthBefore : 0 lengthAfter : 2
07-07 16:00:10.349 D/lll     (31631): onTextChanged setSpan start : 2 lengthAfter : 2
07-07 16:00:10.352 D/qqq     (31631): editor onSelectionChanged selStart : 4 selEnd : 4
07-07 16:00:10.352 D/qqq     (31631): getEditableText().length() : 4  isCursorAutoChange : true
07-07 16:00:10.123 I/WindowManager( 1429): navColorWin was set to default navbar color so should add SYSTEM_UI_FLAG_LIGHT_NAVIGATION_BAR 8018
07-07 16:00:10.355 I/WindowManager( 1429): navColorWin was set to default navbar color so should add SYSTEM_UI_FLAG_LIGHT_NAVIGATION_BAR 8018
07-07 16:00:10.918 I/storaged(  869): storaged_t::event: storage_info refreshed.
07-07 16:00:11.222 I/HwInputMethodManagerServiceEx( 1429): NaviBar defValue = 1
07-07 16:00:11.223 I/HwInputMethodManagerServiceEx( 1429): --- show navigation bar status: isEnableNavBar = true ,isGestureNavigation = false
07-07 16:00:11.223 D/qqq     (31631): editor onSelectionChanged selStart : 1 selEnd : 1
07-07 16:00:11.223 D/qqq     (31631): richTypes size : 0
07-07 16:00:11.223 D/qqq     (31631): getEditableText().length() : 4  isCursorAutoChange : false
07-07 16:00:11.230 D/HwAutofillHelper(31631): recordCurrentInfo:0
07-07 16:00:11.230 D/HwAutofillHelper(31631): inputType = 131073
07-07 16:00:11.235 V/WindowManager( 1429): Adding Window{a468ce1 u0 PopupWindow:3dc9d8b} to Window{a029a51 u0 cn.carbs.wricheditor/cn.carbs.wricheditor.MainActivity}
07-07 16:00:11.236 V/WindowManager( 1429): addWindow: Window{a468ce1 u0 PopupWindow:3dc9d8b}
07-07 16:00:11.240 I/HwViewRootImpl(31631): removeInvalidNode all the node in jank list is out of time
07-07 16:00:11.242 D/OpenGLRenderer(31631): disableOutlineDraw is true
07-07 16:00:11.245 I/WindowManager( 1429): navColorWin was set to default navbar color so should add SYSTEM_UI_FLAG_LIGHT_NAVIGATION_BAR 8018
07-07 16:00:11.246 I/WindowManager( 1429): navColorWin was set to default navbar color so should add SYSTEM_UI_FLAG_LIGHT_NAVIGATION_BAR 8018
07-07 16:00:11.246 I/WindowManager( 1429): relayoutVisibleWindow: set isFormatChanged
07-07 16:00:11.250 D/mali_winsys(31631): EGLint new_window_surface(egl_winsys_display *, void *, EGLSurface, EGLConfig, egl_winsys_surface **, EGLBoolean) returns 0x3000
07-07 16:00:11.252 I/GRALLOC (  657): getCallingPid=696, shrFd=11,fmt=0x1,intFmt=0x1,btStrd=512,size=61440,pid=657 
07-07 16:00:11.252 I/GRALLOC (  657): 	 yuv=2,w=120,h=120,Stride u=0 v=0,offset u=0 v=0 
07-07 16:00:11.252 I/GRALLOC (  657): 	 iova_size=61440,conUsg=0xb00,proUsg=0xb00,	 strd=128,[afbc]HdrStrd=0 PyldStrd=0 Scrmbl=0,ionhnd = 0 
07-07 16:00:11.253 I/chatty  (  657): uid=1000(system) HwBinder:657_2 identical 10 lines
07-07 16:00:11.266 I/WindowManager( 1429): navColorWin was set to default navbar color so should add SYSTEM_UI_FLAG_LIGHT_NAVIGATION_BAR 8018
07-07 16:00:11.700 E/HwModemCapability( 2908): isCapabilitySupport java.lang.StringIndexOutOfBoundsException: length=7; index=7
07-07 16:00:12.017 D/mali_winsys(31631): EGLint new_window_surface(egl_winsys_display *, void *, EGLSurface, EGLConfig, egl_winsys_surface **, EGLBoolean) returns 0x3000
07-07 16:00:12.069 D/HwGalleryCacheManagerImpl(31631): mIsEffect:false
07-07 16:00:12.103 E/WifiHAL (  690): enter wifi_get_link_stats
07-07 16:00:12.112 I/chatty  ( 1429): uid=1000(system) ClientModeImpl expire 14 lines
07-07 16:00:12.116 W/PhoneInterfaceManager( 2908): shouldBlockLocation running ...
07-07 16:00:12.116 I/PhoneInterfaceManager( 2908): shouldBlockLocation  ret:false
07-07 16:00:12.229 D/qqq     (31631): editor onSelectionChanged selStart : 2 selEnd : 2
07-07 16:00:12.229 D/qqq     (31631): richTypes size : 1
07-07 16:00:12.229 D/qqq     (31631): getEditableText().length() : 4  isCursorAutoChange : false
07-07 16:00:11.355 I/chatty  ( 1429): uid=1000(system) android.anim identical 3 lines
07-07 16:00:11.373 I/WindowManager( 1429): navColorWin was set to default navbar color so should add SYSTEM_UI_FLAG_LIGHT_NAVIGATION_BAR 8018
07-07 16:00:12.247 I/WindowManager( 1429): navColorWin was set to default navbar color so should add SYSTEM_UI_FLAG_LIGHT_NAVIGATION_BAR 8018
07-07 16:00:12.404 I/chatty  ( 1429): uid=1000 system_server expire 2 lines
07-07 16:00:12.405 I/chatty  ( 1429): uid=1000 system_server expire 1 line
07-07 16:00:12.676 I/ClipboardService( 1429): callingPackage:cn.carbs.wricheditor, uid =11189, isFocusedWindow =true
07-07 16:00:12.677 I/chatty  ( 1429): uid=1000(system) Binder:1429_15 identical 1 line
07-07 16:00:12.678 I/ClipboardService( 1429): callingPackage:cn.carbs.wricheditor, uid =11189, isFocusedWindow =true
07-07 16:00:12.678 I/ClipboardService( 1429): getPrimaryClip pkg=cn.carbs.wricheditor, intendingUid=11189, isAccessAlowed=true
07-07 16:00:12.682 E/BufferQueueProducer(  696): [magnifier surface#0]:1338: disconnect: not connected (req=1)
07-07 16:00:12.682 W/libEGL  (31631): EGLNativeWindowType 0x7243423390 disconnect failed
07-07 16:00:12.753 V/WindowManager( 1429): Adding Window{a3041b9 u0 HwFloatingToolbar} to Window{a029a51 u0 cn.carbs.wricheditor/cn.carbs.wricheditor.MainActivity}
07-07 16:00:12.754 V/WindowManager( 1429): addWindow: Window{a3041b9 u0 HwFloatingToolbar}
07-07 16:00:12.756 D/OpenGLRenderer(31631): disableOutlineDraw is true
07-07 16:00:12.760 I/WindowManager( 1429): navColorWin was set to default navbar color so should add SYSTEM_UI_FLAG_LIGHT_NAVIGATION_BAR 8018
07-07 16:00:12.765 D/mali_winsys(31631): EGLint new_window_surface(egl_winsys_display *, void *, EGLSurface, EGLConfig, egl_winsys_surface **, EGLBoolean) returns 0x3000
07-07 16:00:12.761 I/chatty  ( 1429): uid=1000(system) Binder:1429_16 identical 1 line
07-07 16:00:12.773 I/WindowManager( 1429): navColorWin was set to default navbar color so should add SYSTEM_UI_FLAG_LIGHT_NAVIGATION_BAR 8018
07-07 16:00:12.783 I/WindowManager( 1429): navColorWin was set to default navbar color so should add SYSTEM_UI_FLAG_LIGHT_NAVIGATION_BAR 8018
07-07 16:00:12.786 I/WindowManager( 1429): navColorWin was set to default navbar color so should add SYSTEM_UI_FLAG_LIGHT_NAVIGATION_BAR 8018
07-07 16:00:12.786 D/HwAppTransitionImpl( 1429): windowAnimations = 0 dose not come from system, not to override it.
07-07 16:00:12.789 I/WindowManager( 1429): navColorWin was set to default navbar color so should add SYSTEM_UI_FLAG_LIGHT_NAVIGATION_BAR 8018
07-07 16:00:12.931 I/chatty  (   47): uid=0(root) migration/6 expire 1 line
07-07 16:00:13.159 I/chatty  (  635): uid=0(root) Binder:635_3 expire 1 line
07-07 16:00:13.224 I/chatty  ( 2788): uid=0(root) /system/vendor/bin/aptouch_daemon expire 2 lines
07-07 16:00:13.230 I/chatty  (  682): uid=1000(system) HwBinder:682_3 expire 10 lines
07-07 16:00:13.333 E/BufferQueueProducer(  696): [PopupWindow:3dc9d8b#0]:1338: disconnect: not connected (req=1)
07-07 16:00:13.333 W/libEGL  (31631): EGLNativeWindowType 0x7238c539d0 disconnect failed
07-07 16:00:13.334 V/WindowManager( 1429): removeIfPossible: Window{a468ce1 u0 PopupWindow:3dc9d8b} callers=com.android.server.wm.WindowState.removeIfPossible:5505060 com.android.server.wm.WindowManagerService.removeWindow:5503048 android.view.IWindowSession$Stub.onTransact:7509364 com.android.server.wm.Session.onTransact:6757216 android.os.Binder.execTransactInternal:8305204 
07-07 16:00:13.336 V/WindowManager( 1429): Not removing Window{a468ce1 u0 PopupWindow:3dc9d8b EXITING} due to exit animation 
07-07 16:00:13.336 I/WindowManager( 1429): navColorWin was set to default navbar color so should add SYSTEM_UI_FLAG_LIGHT_NAVIGATION_BAR 8018
07-07 16:00:13.339 D/fff     (31631): editor onTextChanged text :  start : 1 lengthBefore : 1 lengthAfter : 0
07-07 16:00:13.339 D/lll     (31631): onTextChanged setSpan start : 1 lengthAfter : 0
07-07 16:00:13.341 D/qqq     (31631): editor onSelectionChanged selStart : 1 selEnd : 1
07-07 16:00:13.341 D/qqq     (31631): richTypes size : 1
07-07 16:00:13.341 D/qqq     (31631): getEditableText().length() : 3  isCursorAutoChange : true
07-07 16:00:13.342 D/key     (31631): 00 keyCode : 67
07-07 16:00:13.351 I/chatty  (   47): uid=0(root) migration/6 expire 1 line
07-07 16:00:13.371 I/WindowManager( 1429): navColorWin was set to default navbar color so should add SYSTEM_UI_FLAG_LIGHT_NAVIGATION_BAR 8018
07-07 16:00:13.457 E/BufferQueueProducer(  696): [HwFloatingToolbar#0]:1338: disconnect: not connected (req=1)
07-07 16:00:13.457 W/libEGL  (31631): EGLNativeWindowType 0x72434220d0 disconnect failed
07-07 16:00:13.458 V/WindowManager( 1429): removeIfPossible: Window{a3041b9 u0 HwFloatingToolbar} callers=com.android.server.wm.WindowState.removeIfPossible:5505060 com.android.server.wm.WindowManagerService.removeWindow:5503048 android.view.IWindowSession$Stub.onTransact:7509364 com.android.server.wm.Session.onTransact:6757216 android.os.Binder.execTransactInternal:8305204 
07-07 16:00:13.458 D/HwAppTransitionImpl( 1429): windowAnimations = 0 dose not come from system, not to override it.
07-07 16:00:13.458 V/WindowManager( 1429): postWindowRemoveCleanupLocked: Window{a3041b9 u0 HwFloatingToolbar}
07-07 16:00:13.459 V/WindowManager( 1429): Removing Window{a3041b9 u0 HwFloatingToolbar} from AppWindowToken{a3bd03b token=Token{a1154e0 ActivityRecord{a449d21 u0 cn.carbs.wricheditor/.MainActivity t932}}}
07-07 16:00:13.459 I/WindowManager( 1429): navColorWin was set to default navbar color so should add SYSTEM_UI_FLAG_LIGHT_NAVIGATION_BAR 8018
07-07 16:00:13.471 I/chatty  (   53): uid=0(root) migration/7 expire 1 line
07-07 16:00:13.471 I/chatty  (   47): uid=0(root) migration/6 expire 1 line
07-07 16:00:13.512 V/WindowManager( 1429): Exit animation finished in Window{a468ce1 u0 PopupWindow:3dc9d8b EXITING}: remove=true
07-07 16:00:13.513 E/WindowManager( 1429): win=Window{a468ce1 u0 PopupWindow:3dc9d8b EXITING} destroySurfaces: appStopped=false win.mWindowRemovalAllowed=true win.mRemoveOnExit=true
07-07 16:00:13.513 V/WindowManager( 1429): postWindowRemoveCleanupLocked: Window{a468ce1 u0 PopupWindow:3dc9d8b}
07-07 16:00:13.513 V/WindowManager( 1429): Removing Window{a468ce1 u0 PopupWindow:3dc9d8b} from AppWindowToken{a3bd03b token=Token{a1154e0 ActivityRecord{a449d21 u0 cn.carbs.wricheditor/.MainActivity t932}}}
07-07 16:00:13.514 I/WindowManager( 1429): navColorWin was set to default navbar color so should add SYSTEM_UI_FLAG_LIGHT_NAVIGATION_BAR 8018
07-07 16:00:13.607 E/Thermal-daemon(  870): [ap] temp_new :33  temp_old :34
07-07 16:00:13.607 E/Thermal-daemon(  870): Report temperature: [ap] temp :33  report_threshold:1
07-07 16:00:13.737 I/chatty  ( 2788): uid=0(root) /system/vendor/bin/aptouch_daemon expire 3 lines
07-07 16:00:13.800 D/fff     (31631): editor onTextChanged text :  start : 0 lengthBefore : 1 lengthAfter : 0
07-07 16:00:13.800 D/lll     (31631): onTextChanged setSpan start : 0 lengthAfter : 0
07-07 16:00:13.802 D/qqq     (31631): editor onSelectionChanged selStart : 0 selEnd : 0
07-07 16:00:13.802 D/qqq     (31631): richTypes size : 1
07-07 16:00:13.802 D/qqq     (31631): getEditableText().length() : 2  isCursorAutoChange : true
07-07 16:00:13.803 D/key     (31631): 00 keyCode : 67
07-07 16:00:15.121 E/WifiHAL (  690): enter wifi_get_link_stats
07-07 16:00:15.142 W/PhoneInterfaceManager( 2908): shouldBlockLocation running ...
07-07 16:00:15.142 I/PhoneInterfaceManager( 2908): shouldBlockLocation  ret:false
07-07 16:00:15.470 I/HwNaturalBase( 3189): [CommonHandler]: 32432Kb ram is used.
07-07 16:00:17.713 E/HwModemCapability( 2908): isCapabilitySupport java.lang.StringIndexOutOfBoundsException: length=7; index=7
07-07 16:00:18.148 E/WifiHAL (  690): enter wifi_get_link_stats
07-07 16:00:18.168 W/PhoneInterfaceManager( 2908): shouldBlockLocation running ...
07-07 16:00:18.168 I/PhoneInterfaceManager( 2908): shouldBlockLocation  ret:false
07-07 16:00:18.195 I/chatty  (  635): uid=0(root) Binder:635_3 expire 2 lines
07-07 16:00:18.988 D/motion@1.0-service(  937): motion-hal Motion::readEvents motionType: 11
07-07 16:00:18.988 D/motion@1.0-service(  937): motion-hal Motion::ReadHwStepCounter motionType == MOTIONHUB_TYPE_HW_STEP_COUNTER
07-07 16:00:18.988 D/motion@1.0-service(  937): motion-hal Motiontest::get stepcount!
07-07 16:00:18.988 D/motion@1.0-service(  937): pollMotionResult g_pollResultReturn = 19
07-07 16:00:18.989 I/chatty  ( 2840): uid=1000(system) Binder:2840_B expire 10 lines
07-07 16:00:18.989 D/motion@1.0-service(  937): g_motionPollResultReady::unlock out
07-07 16:00:18.989 D/motion@1.0-service(  937): ActMotionCb motionClientVector.size = 0
07-07 16:00:18.989 D/motion@1.0-service(  937): ActMotionCb out
07-07 16:00:18.989 D/SensorHub(  912): huawei Hal get step event
07-07 16:00:18.997 I/R_Step_ExtendStepCounter(12969): 100100511|R|onExtend: 1594108820000 0 0 5 
07-07 16:00:18.997 I/R_Step_LSC(12969): 100100511|R|onStandStepChanged 5430
07-07 16:00:20.004 I/HwNaturalBase(29857): [CommonHandler]: 8220Kb ram is used.
07-07 16:00:20.044 I/AIModelInfo(30730): 360ai info: version: 2.0.0.1001 src[64,502,1] dst[1,1,2] timeout: 2000 softmax: false chipType: 980 labLen: 20 dAiRatio: 0.1mScoreExpre: D|S
07-07 16:00:20.045 I/AIModelInfo(30730): 360ai info: version: 2.0.0.1001 src[64,502,1] dst[1,1,2] timeout: 2000 softmax: false chipType: 980 labLen: 20 dAiRatio: 0.1mScoreExpre: D|S
07-07 16:00:20.426 I/chatty  ( 1429): uid=1000 system_server expire 2 lines
07-07 16:00:13.529 I/WindowManager( 1429): navColorWin was set to default navbar color so should add SYSTEM_UI_FLAG_LIGHT_NAVIGATION_BAR 8018
07-07 16:00:20.429 D/HwConnectivityServiceEx( 1429): set cache by key is 1000 interfaceName iswlan0 value is false
07-07 16:00:20.431 I/chatty  ( 1429): uid=1000 system_server expire 1 line
07-07 16:00:21.172 E/WifiHAL (  690): enter wifi_get_link_stats
07-07 16:00:21.183 W/PhoneInterfaceManager( 2908): shouldBlockLocation running ...
07-07 16:00:21.183 I/PhoneInterfaceManager( 2908): shouldBlockLocation  ret:false
07-07 16:00:21.405 I/chatty  ( 1429): uid=1000(system) WifiService expire 31 lines
07-07 16:00:22.693 I/aptouch_daemon( 2788): filter_touch_detect, all_touch_up
07-07 16:00:22.705 D/iii     (31631): WRichEditor index in mWRichEditorView is : 1
07-07 16:00:22.706 D/nnn     (31631): editable spannable ? true
07-07 16:00:22.707 D/fff     (31631): editor onFocusChanged focused : false direction : 0
07-07 16:00:22.707 D/eee     (31631): onEditorFocusChanged focused : false
07-07 16:00:22.709 D/HwAutofillHelper(31631): recordCurrentInfo:0
07-07 16:00:22.709 D/HwAutofillHelper(31631): inputType = 131073
07-07 16:00:22.709 D/fff     (31631): editor onFocusChanged focused : true direction : 130
07-07 16:00:22.709 D/eee     (31631): onEditorFocusChanged focused : true
07-07 16:00:22.709 D/nnn     (31631): removeView
07-07 16:00:22.709 D/xxx     (31631): addExtraEditable 0
07-07 16:00:22.711 D/fff     (31631): editor onTextChanged text :  start : 7 lengthBefore : 0 lengthAfter : 2
07-07 16:00:22.711 D/lll     (31631): onTextChanged setSpan start : 7 lengthAfter : 2
07-07 16:00:22.713 D/qqq     (31631): editor onSelectionChanged selStart : 9 selEnd : 9
07-07 16:00:22.713 D/qqq     (31631): getEditableText().length() : 9  isCursorAutoChange : false
07-07 16:00:22.713 D/qqq     (31631): editor onSelectionChanged selStart : 9 selEnd : 9
07-07 16:00:22.713 D/qqq     (31631): getEditableText().length() : 2  isCursorAutoChange : false
07-07 16:00:22.716 D/HwConnectivityServiceEx( 1429): set cache by key is 10194 interfaceName iswlan0 value is false
07-07 16:00:22.716 D/nnn     (31631): addExtraEditable 1 originalEditable now length : 9
07-07 16:00:22.716 D/iii     (31631): requestFocusAndPutCursorToTail()
07-07 16:00:22.717 D/key     (31631): 00 keyCode : 67
07-07 16:00:22.724 W/IInputConnectionWrapper(31631): getTextBeforeCursor on inactive InputConnection
07-07 16:00:22.724 W/IInputConnectionWrapper(31631): getTextAfterCursor on inactive InputConnection
07-07 16:00:22.748 D/ConnectivityService( 1429): get Network state from cache, cacheBlock is 0
07-07 16:00:22.754 W/TelephonyPermissions( 2908): reportAccessDeniedToReadIdentifiers:com.sohu.inputmethod.sogou:getSubscriberId:isPreinstalled=false:isPrivApp=false
07-07 16:00:22.760 I/HwViewRootImpl( 7479): removeInvalidNode all the node in jank list is out of time
07-07 16:00:22.775 I/HwInputMethodManagerServiceEx( 1429): NaviBar defValue = 1
07-07 16:00:22.775 I/HwInputMethodManagerServiceEx( 1429): --- show navigation bar status: isEnableNavBar = true ,isGestureNavigation = false
07-07 16:00:23.231 I/netd    (  635): trafficSwapActiveStatsMap() <9.12ms>
07-07 16:00:23.720 E/HwModemCapability( 2908): isCapabilitySupport java.lang.StringIndexOutOfBoundsException: length=7; index=7
07-07 16:00:23.746 W/System  ( 2908): A resource failed to call close. 
07-07 16:00:23.752 I/chatty  ( 2908): uid=1001(radio) FinalizerDaemon identical 2 lines
07-07 16:00:23.755 W/System  ( 2908): A resource failed to call close. 
07-07 16:00:24.188 E/WifiHAL (  690): enter wifi_get_link_stats
07-07 16:00:24.199 I/chatty  ( 1429): uid=1000(system) ClientModeImpl expire 13 lines
07-07 16:00:24.209 W/PhoneInterfaceManager( 2908): shouldBlockLocation running ...
07-07 16:00:24.210 I/PhoneInterfaceManager( 2908): shouldBlockLocation  ret:false
07-07 16:00:24.499 E/HwModemCapability( 2908): isCapabilitySupport java.lang.StringIndexOutOfBoundsException: length=7; index=7
07-07 16:00:25.050 V/TpProviderHw( 2908): query begin match = 7
07-07 16:00:25.135 I/chatty  ( 2908): uid=1001(radio) Binder:2908_E identical 6 lines
07-07 16:00:25.142 V/TpProviderHw( 2908): query begin match = 7
07-07 16:00:26.988 D/SensorHub(  912): huawei Hal get step event
07-07 16:00:26.988 D/motion@1.0-service(  937): motion-hal Motion::readEvents motionType: 11
07-07 16:00:26.988 D/motion@1.0-service(  937): motion-hal Motion::ReadHwStepCounter motionType == MOTIONHUB_TYPE_HW_STEP_COUNTER
07-07 16:00:26.988 D/motion@1.0-service(  937): motion-hal Motiontest::get stepcount!
07-07 16:00:26.989 D/motion@1.0-service(  937): pollMotionResult g_pollResultReturn = 19
07-07 16:00:26.989 D/motion@1.0-service(  937): g_motionPollResultReady::unlock out
07-07 16:00:26.989 D/motion@1.0-service(  937): ActMotionCb motionClientVector.size = 0
07-07 16:00:26.989 D/motion@1.0-service(  937): ActMotionCb out
07-07 16:00:26.997 I/R_Step_LSC(12969): 100100511|R|onStandStepChanged 5430
07-07 16:00:26.997 I/R_Step_ExtendStepCounter(12969): 100100511|R|onExtend: 1594108828000 0 0 0 
07-07 16:00:27.216 E/WifiHAL (  690): enter wifi_get_link_stats
07-07 16:00:27.239 W/PhoneInterfaceManager( 2908): shouldBlockLocation running ...
07-07 16:00:27.239 I/PhoneInterfaceManager( 2908): shouldBlockLocation  ret:false
07-07 16:00:28.255 I/netd    (  635): trafficSwapActiveStatsMap() <13.92ms>
07-07 16:00:28.432 I/chatty  ( 1429): uid=1000 system_server expire 2 lines
07-07 16:00:28.434 I/chatty  ( 1429): uid=1000 system_server expire 1 line
07-07 16:00:28.434 D/HwConnectivityServiceEx( 1429): set cache by key is 1000 interfaceName iswlan0 value is false
07-07 16:00:29.121 D/LogUtil_LogConfig(12969): getLogFile(): logFilePath = /data/data/com.huawei.health/files/com.huawei.health/com.huawei.health_DaemonService/
07-07 16:00:29.121 D/LogUtil_LogConfig(12969): obtainSavePath(): path = 1
07-07 16:00:29.122 D/LogUtil_LogConfig(12969): acquireMaxLogFileLengthContainsOffset describe: com.huawei.health:DaemonService result:5242880
07-07 16:00:30.231 I/netd    (  635): trafficSwapActiveStatsMap() <10.89ms>
07-07 16:00:30.243 E/WifiHAL (  690): enter wifi_get_link_stats
07-07 16:00:30.264 W/PhoneInterfaceManager( 2908): shouldBlockLocation running ...
07-07 16:00:30.264 I/PhoneInterfaceManager( 2908): shouldBlockLocation  ret:false
07-07 16:00:30.508 E/HwModemCapability( 2908): isCapabilitySupport java.lang.StringIndexOutOfBoundsException: length=7; index=7
07-07 16:00:31.803 I/aptouch_daemon( 2788): filter_touch_detect, down, in: 1, out: 1
07-07 16:00:31.804 I/chatty  ( 1429): uid=1000(system) InputReader expire 68 lines
07-07 16:00:31.867 I/aptouch_daemon( 2788): filter_touch_detect, all_touch_up
07-07 16:00:31.881 D/fff     (31631): editor onTextChanged text : 
07-07 16:00:31.881 D/fff     (31631):  start : 9 lengthBefore : 0 lengthAfter : 1
07-07 16:00:31.882 D/lll     (31631): onTextChanged setSpan start : 9 lengthAfter : 1
07-07 16:00:31.884 D/fff     (31631): editor onTextChanged text : 
07-07 16:00:31.884 D/fff     (31631):  start : 9 lengthBefore : 0 lengthAfter : 1
07-07 16:00:31.884 D/lll     (31631): onTextChanged setSpan start : 9 lengthAfter : 1
07-07 16:00:31.884 I/BlockMonitor(31631): dispatchingThrewException In MainThread
07-07 16:00:31.884 D/AndroidRuntime(31631): Shutting down VM
07-07 16:00:31.884 I/QarthLog(31631): [PatchStore] createDisableExceptionQarthFile
07-07 16:00:31.884 I/QarthLog(31631): [PatchStore] create disable file for cn.carbs.wricheditor uid is 11189
--------- beginning of crash
07-07 16:00:31.886 E/AndroidRuntime(31631): FATAL EXCEPTION: main
07-07 16:00:31.886 E/AndroidRuntime(31631): Process: cn.carbs.wricheditor, PID: 31631
07-07 16:00:31.886 E/AndroidRuntime(31631): java.lang.IndexOutOfBoundsException: setSpan (9 ... 10) ends beyond length 2
07-07 16:00:31.886 E/AndroidRuntime(31631): 	at android.text.SpannableStringBuilder.checkRange(SpannableStringBuilder.java:1333)
07-07 16:00:31.886 E/AndroidRuntime(31631): 	at android.text.SpannableStringBuilder.setSpan(SpannableStringBuilder.java:692)
07-07 16:00:31.886 E/AndroidRuntime(31631): 	at android.text.SpannableStringBuilder.setSpan(SpannableStringBuilder.java:684)
07-07 16:00:31.886 E/AndroidRuntime(31631): 	at cn.carbs.wricheditor.library.utils.SpanUtil.setSpan(SpanUtil.java:86)
07-07 16:00:31.886 E/AndroidRuntime(31631): 	at cn.carbs.wricheditor.library.WRichEditor.onTextChanged(WRichEditor.java:75)
07-07 16:00:31.886 E/AndroidRuntime(31631): 	at android.widget.TextView.handleTextChanged(TextView.java:10709)
07-07 16:00:31.886 E/AndroidRuntime(31631): 	at android.widget.TextView$ChangeWatcher.onTextChanged(TextView.java:13536)
07-07 16:00:31.886 E/AndroidRuntime(31631): 	at android.text.SpannableStringBuilder.sendTextChanged(SpannableStringBuilder.java:1275)
07-07 16:00:31.886 E/AndroidRuntime(31631): 	at android.text.SpannableStringBuilder.replace(SpannableStringBuilder.java:580)
07-07 16:00:31.886 E/AndroidRuntime(31631): 	at android.text.SpannableStringBuilder.replace(SpannableStringBuilder.java:507)
07-07 16:00:31.886 E/AndroidRuntime(31631): 	at android.text.SpannableStringBuilder.replace(SpannableStringBuilder.java:37)
07-07 16:00:31.886 E/AndroidRuntime(31631): 	at android.text.method.QwertyKeyListener.onKeyDown(QwertyKeyListener.java:228)
07-07 16:00:31.886 E/AndroidRuntime(31631): 	at android.text.method.TextKeyListener.onKeyDown(TextKeyListener.java:141)
07-07 16:00:31.886 E/AndroidRuntime(31631): 	at android.widget.TextView.doKeyDown(TextView.java:8511)
07-07 16:00:31.886 E/AndroidRuntime(31631): 	at android.widget.TextView.onKeyDown(TextView.java:8268)
07-07 16:00:31.886 E/AndroidRuntime(31631): 	at cn.carbs.wricheditor.library.WRichEditor.onKeyDown(WRichEditor.java:183)
07-07 16:00:31.886 E/AndroidRuntime(31631): 	at android.view.KeyEvent.dispatch(KeyEvent.java:2925)
07-07 16:00:31.886 E/AndroidRuntime(31631): 	at android.view.View.dispatchKeyEvent(View.java:13434)
07-07 16:00:31.886 E/AndroidRuntime(31631): 	at android.view.ViewGroup.dispatchKeyEvent(ViewGroup.java:1933)
07-07 16:00:31.886 E/AndroidRuntime(31631): 	at android.view.ViewGroup.dispatchKeyEvent(ViewGroup.java:1933)
07-07 16:00:31.886 E/AndroidRuntime(31631): 	at android.widget.ScrollView.dispatchKeyEvent(ScrollView.java:500)
07-07 16:00:31.886 E/AndroidRuntime(31631): 	at android.view.ViewGroup.dispatchKeyEvent(ViewGroup.java:1933)
07-07 16:00:31.886 E/AndroidRuntime(31631): 	at android.view.ViewGroup.dispatchKeyEvent(ViewGroup.java:1933)
07-07 16:00:31.886 E/AndroidRuntime(31631): 	at android.view.ViewGroup.dispatchKeyEvent(ViewGroup.java:1933)
07-07 16:00:31.886 E/AndroidRuntime(31631): 	at android.view.ViewGroup.dispatchKeyEvent(ViewGroup.java:1933)
07-07 16:00:31.886 E/AndroidRuntime(31631): 	at android.view.ViewGroup.dispatchKeyEvent(ViewGroup.java:1933)
07-07 16:00:31.886 E/AndroidRuntime(31631): 	at android.view.ViewGroup.dispatchKeyEvent(ViewGroup.java:1933)
07-07 16:00:31.886 E/AndroidRuntime(31631): 	at com.android.internal.policy.DecorView.superDispatchKeyEvent(DecorView.java:601)
07-07 16:00:31.886 E/AndroidRuntime(31631): 	at com.android.internal.policy.PhoneWindow.superDispatchKeyEvent(PhoneWindow.java:1923)
07-07 16:00:31.886 E/AndroidRuntime(31631): 	at android.app.Activity.dispatchKeyEvent(Activity.java:4087)
07-07 16:00:31.886 E/AndroidRuntime(31631): 	at androidx.core.app.ComponentActivity.superDispatchKeyEvent(ComponentActivity.java:115)
07-07 16:00:31.886 E/AndroidRuntime(31631): 	at androidx.core.view.KeyEventDispatcher.dispatchKeyEvent(KeyEventDispatcher.java:84)
07-07 16:00:31.886 E/AndroidRuntime(31631): 	at androidx.core.app.ComponentActivity.dispatchKeyEvent(ComponentActivity.java:133)
07-07 16:00:31.886 E/AndroidRuntime(31631): 	at androidx.appcompat.app.AppCompatActivity.dispatchKeyEvent(AppCompatActivity.java:558)
07-07 16:00:31.886 E/AndroidRuntime(31631): 	at androidx.appcompat.view.WindowCallbackWrapper.dispatchKeyEvent(WindowCallbackWrapper.java:59)
07-07 16:00:31.886 E/AndroidRuntime(31631): 	at androidx.appcompat.app.AppCompatDelegateImpl$AppCompatWindowCallback.dispatchKeyEvent(AppCompatDelegateImpl.java:2814)
07-07 16:00:31.886 E/AndroidRuntime(31631): 	at com.android.internal.policy.DecorView.dispatchKeyEvent(DecorView.java:454)
07-07 16:00:31.886 E/AndroidRuntime(31631): 	at android.view.ViewRootImpl$ViewPostImeInputStage.processKeyEvent(ViewRootImpl.java:5742)
07-07 16:00:31.886 E/AndroidRuntime(31631): 	at android.view.ViewRootImpl$ViewPostImeInputStage.onProcess(ViewRootImpl.java:5610)
07-07 16:00:31.886 E/AndroidRuntime(31631): 	at android.view.ViewRootImpl$InputStage.deliver(ViewRootImpl.java:5058)
07-07 16:00:31.886 E/AndroidRuntime(31631): 	at android.view.ViewRootImpl$InputStage.onDeliverToNext(ViewRootImpl.java:5111)
07-07 16:00:31.886 E/AndroidRuntime(31631): 	at android.view.ViewRootImpl$InputStage.forward(ViewRootImpl.java:5077)
07-07 16:00:31.886 E/AndroidRuntime(31631): 	at android.view.ViewRootImpl$AsyncInputStage.forward(ViewRootImpl.java:5234)
07-07 16:00:31.886 E/AndroidRuntime(31631): 	at android.view.ViewRootImpl$InputStage.apply(ViewRootImpl.java:5085)
07-07 16:00:31.886 E/AndroidRuntime(31631): 	at android.view.ViewRootImpl$AsyncInputStage.apply(ViewRootImpl.java:5291)
07-07 16:00:31.886 E/AndroidRuntime(31631): 	at android.view.ViewRootImpl$InputStage.deliver(ViewRootImpl.java:5058)
07-07 16:00:31.886 E/AndroidRuntime(31631): 	at android.view.ViewRootImpl$InputStage.onDeliverToNext(ViewRootImpl.java:5111)
07-07 16:00:31.886 E/AndroidRuntime(31631): 	at android.view.ViewRootImpl$InputStage.forward(ViewRootImpl.java:5077)
07-07 16:00:31.886 E/AndroidRuntime(31631): 	at android.view.ViewRootImpl$InputStage.apply(ViewRootImpl.java:5085)
07-07 16:00:31.886 E/AndroidRuntime(31631): 	at android.view.ViewRootImpl$InputStage.deliver(ViewRootImpl.java:5058)
07-07 16:00:31.886 E/AndroidRuntime(31631): 	at android.view.ViewRootImpl.deliverInputEvent(ViewRootImpl.java:7949)
07-07 16:00:31.886 E/AndroidRuntime(31631): 	at android.view.ViewRootImpl.doProcessInputEvents(ViewRootImpl.java:7900)
07-07 16:00:31.886 E/AndroidRuntime(31631): 	at android.view.ViewRootImpl.enqueueInputEvent(ViewRootImpl.java:7854)
07-07 16:00:31.886 E/AndroidRuntime(31631): 	at android.view.ViewRootImpl$ViewRootHandler.handleMessage(ViewRootImpl.java:4819)
07-07 16:00:31.886 E/AndroidRuntime(31631): 	at android.os.Handler.dispatchMessage(Handler.java:107)
07-07 16:00:31.886 E/AndroidRuntime(31631): 	at android.os.Looper.loop(Looper.java:213)
07-07 16:00:31.886 E/AndroidRuntime(31631): 	at android.app.ActivityThread.main(ActivityThread.java:8147)
07-07 16:00:31.886 E/AndroidRuntime(31631): 	at java.lang.reflect.Method.invoke(Native Method)
07-07 16:00:31.886 E/AndroidRuntime(31631): 	at com.android.internal.os.RuntimeInit$MethodAndArgsCaller.run(RuntimeInit.java:513)
07-07 16:00:31.886 E/AndroidRuntime(31631): 	at com.android.internal.os.ZygoteInit.main(ZygoteInit.java:1101)
07-07 16:00:31.889 W/ActivityTaskManager( 1429):   finishTopCrashedActivityLocked Force finishing activity cn.carbs.wricheditor/.MainActivity
07-07 16:00:31.887 W/FileLog-pool-th(27693): type=1400 audit(0.0:11326034): avc: granted { append } for pid=27693 name="HiAdKitLog.log" dev="sdcardfs" ino=74411 scontext=u:r:platform_app:s0:c512,c768 tcontext=u:object_r:sdcardfs:s0 tclass=file
07-07 16:00:31.887 W/FileLog-pool-th(27693): type=1400 audit(0.0:11326035): avc: granted { append open } for pid=27693 path="/storage/emulated/0/Android/data/com.huawei.hwid/files/Log/HiAdKitLog.log" dev="sdcardfs" ino=74411 scontext=u:r:platform_app:s0:c512,c768 tcontext=u:object_r:sdcardfs:s0 tclass=file
07-07 16:00:31.887 W/FileLog-pool-th(27693): type=1400 audit(0.0:11326036): avc: granted { append } for pid=27693 name="HiAdKitLog.log" dev="sdcardfs" ino=74411 scontext=u:r:platform_app:s0:c512,c768 tcontext=u:object_r:sdcardfs:s0 tclass=file
07-07 16:00:31.887 W/FileLog-pool-th(27693): type=1400 audit(0.0:11326037): avc: granted { append open } for pid=27693 path="/storage/emulated/0/Android/data/com.huawei.hwid/files/Log/HiAdKitLog.log" dev="sdcardfs" ino=74411 scontext=u:r:platform_app:s0:c512,c768 tcontext=u:object_r:sdcardfs:s0 tclass=file
07-07 16:00:31.891 W/FileLog-pool-th(27693): type=1400 audit(0.0:11326038): avc: granted { append } for pid=27693 name="HiAdKitLog.log" dev="sdcardfs" ino=74411 scontext=u:r:platform_app:s0:c512,c768 tcontext=u:object_r:sdcardfs:s0 tclass=file
07-07 16:00:31.891 W/FileLog-pool-th(27693): type=1400 audit(0.0:11326039): avc: granted { append open } for pid=27693 path="/storage/emulated/0/Android/data/com.huawei.hwid/files/Log/HiAdKitLog.log" dev="sdcardfs" ino=74411 scontext=u:r:platform_app:s0:c512,c768 tcontext=u:object_r:sdcardfs:s0 tclass=file
07-07 16:00:31.891 W/FileLog-pool-th(27693): type=1400 audit(0.0:11326040): avc: granted { append } for pid=27693 name="HiAdKitLog.log" dev="sdcardfs" ino=74411 scontext=u:r:platform_app:s0:c512,c768 tcontext=u:object_r:sdcardfs:s0 tclass=file
07-07 16:00:31.891 W/migration/6(   47): type=1400 audit(0.0:11326041): avc: granted { setsched } for pid=47 scontext=u:r:kernel:s0 tcontext=u:r:kernel:s0 tclass=process
07-07 16:00:31.890 V/ActivityTaskManager( 1429): positionChild stackId=935 to top.
07-07 16:00:31.890 W/HwActivityTaskManagerServiceEx( 1429): appSwitch from: cn.carbs.wricheditor to: com.android.packageinstaller
07-07 16:00:31.890 D/HwGameAssistantController( 1429): UPDATE: mCurFgPkg=com.android.packageinstaller, mCurFgPid=9389, mCurIsGame=false
07-07 16:00:31.890 I/WindowManager( 1429): navColorWin was set to default navbar color so should add SYSTEM_UI_FLAG_LIGHT_NAVIGATION_BAR 8018
07-07 16:00:31.890 I/DropBoxManagerService( 1429): add tag=data_app_crash isTagEnabled=true flags=0x2
07-07 16:00:31.891 I/HiAdKit.AppSwitchMonitor(27693):  call
07-07 16:00:31.892 I/WindowManager( 1429): navColorWin was set to default navbar color so should add SYSTEM_UI_FLAG_LIGHT_NAVIGATION_BAR 8018
07-07 16:00:31.892 I/HiAdKit.AppSwitchMonitor(27693):  fromPackage:cn.carbs.wricheditor,toPackage:com.android.packageinstaller
07-07 16:00:31.893 I/HiAdKit.ExSplashManager(27693):  do not request exsplash config
07-07 16:00:31.893 I/HiAdKit.KitStatisticsReport(27693):  do not report kit daily active
07-07 16:00:31.897 I/Process (31631): Sending signal. PID: 31631 SIG: 9
07-07 16:00:31.900 E/iMonitor(  921): FaultDetect: FaultEngineTracePrintf return.
07-07 16:00:31.900 E/iMonitor(  921): FaultDetect: DumptoolPrintf return.
07-07 16:00:31.901 I/chatty  ( 1429): uid=1000 system_server expire 1 line
07-07 16:00:31.901 I/chatty  ( 1429): uid=1000(system) OomAdjuster expire 1 line
07-07 16:00:31.901 E/AwareLog(  877): iawared: change_property_content open /proc/31631/task/31704/static_vip fail errno(2)!
07-07 16:00:31.905 E/iMonitor(  921): FaultDetect: DumptoolPrintf return.
07-07 16:00:31.905 E/iMonitor(  921): FaultDetect: DumptoolPrintf return.
07-07 16:00:31.907 E/iMonitor(  921): FaultDetect: DumptoolPrintf return.
07-07 16:00:31.907 E/iMonitor(  921): FaultDetect: FaultEngineTracePrintf return.
07-07 16:00:31.907 I/chatty  (  921): uid=0(root) RFD_TASK1 identical 1 line
07-07 16:00:31.907 E/iMonitor(  921): FaultDetect: FaultEngineTracePrintf return.
07-07 16:00:31.908 E/iMonitor(  921): FaultDetect: DumptoolPrintf return.
07-07 16:00:31.910 I/HwNetworkPolicy( 1429): onTransact, code = 203
07-07 16:00:31.911 I/HwNetworkPolicyManager(30730): getHwUidPolicy uid = 10040 policy = 0
07-07 16:00:31.912 I/chatty  (  921): uid=0(root) RFD_TASK2 identical 57 lines
07-07 16:00:31.912 E/iMonitor(  921): FaultDetect: DumptoolPrintf return.
07-07 16:00:31.929 V/BroadcastQueue( 1429): Finished with ordered broadcast BroadcastRecord{a4bdf75 u0 android.intent.action.DROPBOX_ENTRY_ADDED}
07-07 16:00:31.930 E/iMonitor(  921): FaultDetect: DumptoolPrintf return.
07-07 16:00:31.932 I/HwAudioService( 1429): now type = -1,reportForegroundAppType = 255,pkg = null,systemload = -1mVoipOptimizeInGameModefalse
07-07 16:00:31.947 E/iMonitor(  921): FaultDetect: DumptoolPrintf return.
07-07 16:00:31.947 I/chatty  ( 1429): uid=1000(system) InputDispatcher expire 3 lines
07-07 16:00:31.947 I/WindowManager( 1429): WINDOW DIED Window{a029a51 u0 cn.carbs.wricheditor/cn.carbs.wricheditor.MainActivity}
07-07 16:00:31.947 V/WindowManager( 1429): removeIfPossible: Window{a029a51 u0 cn.carbs.wricheditor/cn.carbs.wricheditor.MainActivity} callers=com.android.server.wm.WindowState.removeIfPossible:5505060 com.android.server.wm.InputManagerCallback.notifyInputChannelBroken:16360660 com.android.server.input.InputManagerService.notifyInputChannelBroken:18536052 <bottom of call stack> <bottom of call stack> 
07-07 16:00:31.947 E/iMonitor(  921): FaultDetect: DumptoolPrintf return.
07-07 16:00:31.947 V/WindowManager( 1429): Not removing Window{a029a51 u0 cn.carbs.wricheditor/cn.carbs.wricheditor.MainActivity EXITING} due to exit animation 
07-07 16:00:31.948 I/WindowManager( 1429): navColorWin was set to default navbar color so should add SYSTEM_UI_FLAG_LIGHT_NAVIGATION_BAR 8018
07-07 16:00:31.949 I/WindowManager( 1429): navColorWin was set to default navbar color so should add SYSTEM_UI_FLAG_LIGHT_NAVIGATION_BAR 8018
07-07 16:00:31.953 I/ActivityManager( 1429): Process cn.carbs.wricheditor (pid 31631) has died: vis+99 TOP 
07-07 16:00:31.953 E/iMonitor(  921): FaultDetect: DumptoolPrintf return.
07-07 16:00:31.953 D/ActivityManager( 1429): cleanUpApplicationRecord app: ProcessRecord{9ea8009 31631:cn.carbs.wricheditor/u0a1189}, app.bad: false, restarting: false, allowRestart: true
07-07 16:00:31.953 E/iMonitor(  921): FaultDetect: DumptoolPrintf return.
07-07 16:00:31.953 I/Zygote  (  636): Process 31631 exited due to signal 9 (Killed)
07-07 16:00:31.953 I/HwPowerManagerService( 1429): appdie release wakelock, pid = 31631, uid = 11189
07-07 16:00:31.954 E/iMonitor(  921): FaultDetect: DumptoolPrintf return.
07-07 16:00:31.954 I/WindowManager( 1429): WIN DEATH: Window{a029a51 u0 cn.carbs.wricheditor/cn.carbs.wricheditor.MainActivity EXITING}
07-07 16:00:31.954 V/WindowManager( 1429): removeIfPossible: Window{a029a51 u0 cn.carbs.wricheditor/cn.carbs.wricheditor.MainActivity EXITING} callers=com.android.server.wm.WindowState$DeathRecipient.binderDied:7857444 android.os.BinderProxy.sendDeathNotice:7373044 <bottom of call stack> <bottom of call stack> <bottom of call stack> 
07-07 16:00:31.954 V/WindowManager( 1429): Not removing Window{a029a51 u0 cn.carbs.wricheditor/cn.carbs.wricheditor.MainActivity EXITING} due to exit animation 
07-07 16:00:31.955 I/WindowManager( 1429): navColorWin was set to default navbar color so should add SYSTEM_UI_FLAG_LIGHT_NAVIGATION_BAR 8018
07-07 16:00:31.956 E/iMonitor(  921): FaultDetect: DumptoolPrintf return.
07-07 16:00:31.956 I/chatty  ( 2840): uid=1000(system) EmcomThread expire 18 lines
07-07 16:00:31.957 I/chatty  ( 2840): uid=1000(system) Binder:2840_B expire 3 lines
07-07 16:00:31.957 E/iMonitor(  921): FaultDetect: DumptoolPrintf return.
07-07 16:00:31.957 D/iTouchService(  845): itouch currentPackageName = cn.carbs.wricheditor
07-07 16:00:31.957 D/iTouchService(  845): itouch appType=-1 appState=0 gameMode=2
07-07 16:00:31.957 D/iTouchService(  845): g_itouch_reader_monitor empty
07-07 16:00:31.957 D/iTouchService(  845): g_itouch_reader_monitor Monitor::isReaderMonitorEnable()=0
07-07 16:00:31.957 D/iTouchService(  845): itouch getCurrentParmID tempPkg=cn.carbs.xxx
07-07 16:00:31.957 D/iTouchService(  845): itouch:app cn.carbs.wricheditor is  not game app
07-07 16:00:31.957 D/iTouchService(  845): itouch:app cn.carbs.wricheditor is  not in StylusPenList
07-07 16:00:31.957 D/iTouchService(  845): itouch:styluspen_switch is disable
07-07 16:00:31.957 D/iTouchService(  845): itouch:currentAppTypeName =|UNKNOWN|
07-07 16:00:31.958 E/iMonitor(  921): FaultDetect: FaultEngineTracePrintf return.
07-07 16:00:31.958 E/iMonitor(  921): FaultDetect: DumptoolPrintf return.
07-07 16:00:31.958 V/WindowManager( 1429): Exit animation finished in Window{a029a51 u0 cn.carbs.wricheditor/cn.carbs.wricheditor.MainActivity EXITING}: remove=true
07-07 16:00:31.958 E/WindowManager( 1429): win=Window{a029a51 u0 cn.carbs.wricheditor/cn.carbs.wricheditor.MainActivity EXITING} destroySurfaces: appStopped=false win.mWindowRemovalAllowed=true win.mRemoveOnExit=true
07-07 16:00:31.959 V/WindowManager( 1429): postWindowRemoveCleanupLocked: Window{a029a51 u0 cn.carbs.wricheditor/cn.carbs.wricheditor.MainActivity}
