07-07 15:59:47.155 I/Icing   (25925): Indexing com.google.android.gms-internal.3p:Event from com.google.android.gms
07-07 15:59:47.156 I/Icing   (25925): Indexing done com.google.android.gms-internal.3p:Event
07-07 15:59:47.156 I/Icing   (25925): Indexing com.google.android.gms-internal.3p:MusicRecording from com.google.android.gms
07-07 15:59:47.157 I/Icing   (25925): Indexing done com.google.android.gms-internal.3p:MusicRecording
07-07 15:59:47.185 I/PackageReceiver(27590): [I/HwLocation/PackageReceiver 27590:1 PackageReceiver.java:86] package_replace:cn.carbs.wricheditor
07-07 15:59:47.186 D/AppLogManager(27590): PrintWoker poll timeout , shutdown
07-07 15:59:47.285 D/RcsPackageManagerUtils(21359): onReceive action:android.intent.action.PACKAGE_ADDED
07-07 15:59:47.285 D/RcsPackageManagerUtils(21359): onReceive packageName:cn.carbs.wricheditor
07-07 15:59:47.286 D/RcsPackageManagerUtils(21359): not native rcs app added
07-07 15:59:47.355 I/chatty  ( 1429): uid=1000(system) WifiService expire 44 lines
07-07 15:59:47.466 I/HiBoard_11.0.2.306_PackageReceiver(16138): onReceive action android.intent.action.PACKAGE_ADDED
07-07 15:59:47.466 I/HiBoard_11.0.2.306_PackageReceiver(16138): onReceive ACTION_PACKAGE_ADDED packageName cn.carbs.wricheditor
07-07 15:59:47.467 E/HiBoard_11.0.2.306_InstantAccessUtil(16138): getShortCutsInLaunch enter
07-07 15:59:47.494 I/HiBoard_11.0.2.306_InstantAccessUtil(16138): getShortCutsInLaunch leave
07-07 15:59:47.495 I/HiBoard_11.0.2.306_GetInstalledTask(16138): getAllShortCut() size =67
07-07 15:59:47.515 I/HiBoard_11.0.2.306_GetInstalledTask(16138): getAllPacksInfo() size =257
07-07 15:59:47.526 I/HiAdSDK.AppDownloadDelegate(16138):  onReceive action: android.intent.action.PACKAGE_ADDED
07-07 15:59:47.529 I/HiAdSDK.AppDownloadDelegate(16138):   task is empty, name:cn.carbs.wricheditor
07-07 15:59:47.647 I/HiAdSDK.AppDownloadDelegate(16138):  onReceive action: android.intent.action.PACKAGE_REPLACED
07-07 15:59:47.643 W/pool-7-thread-5(16138): type=1400 audit(0.0:11325945): avc: granted { append } for pid=16138 name="HiAdSDKLog.log" dev="sdcardfs" ino=72174 scontext=u:r:platform_app:s0:c512,c768 tcontext=u:object_r:sdcardfs:s0 tclass=file
07-07 15:59:47.643 W/pool-7-thread-5(16138): type=1400 audit(0.0:11325946): avc: granted { append open } for pid=16138 path="/storage/emulated/0/Android/data/com.huawei.intelligent/files/Log/HiAdSDKLog.log" dev="sdcardfs" ino=72174 scontext=u:r:platform_app:s0:c512,c768 tcontext=u:object_r:sdcardfs:s0 tclass=file
07-07 15:59:47.959 I/netd    (  635): trafficSwapActiveStatsMap() <12.92ms>
07-07 15:59:47.963 E/WifiHAL (  690): enter wifi_get_link_stats
07-07 15:59:47.966 I/chatty  ( 2895): uid=1000(system) traffic stats expire 21 lines
07-07 15:59:47.973 I/chatty  ( 1429): uid=1000(system) ClientModeImpl expire 14 lines
07-07 15:59:47.984 W/PhoneInterfaceManager( 2908): shouldBlockLocation running ...
07-07 15:59:47.984 I/PhoneInterfaceManager( 2908): shouldBlockLocation  ret:false
07-07 15:59:48.382 I/chatty  ( 1429): uid=1000(system) HuaweiWifiWatch expire 12 lines
07-07 15:59:48.383 I/chatty  ( 1429): uid=1000 system_server expire 2 lines
07-07 15:59:48.385 I/chatty  ( 1429): uid=1000(system) MobileQosDetect expire 15 lines
07-07 15:59:48.386 I/chatty  ( 1429): uid=1000 system_server expire 7 lines
07-07 15:59:48.582 E/Thermal-daemon(  870): [charger_ic] temp_new :34  temp_old :33
07-07 15:59:48.583 E/Thermal-daemon(  870): Report temperature: [charger_ic] temp :34  report_threshold:1
07-07 15:59:48.583 E/Thermal-daemon(  870): [pa_0] temp_new :33  temp_old :32
07-07 15:59:48.584 E/Thermal-daemon(  870): Report temperature: [pa_0] temp :33  report_threshold:1
07-07 15:59:48.584 E/Thermal-daemon(  870): [ap] temp_new :34  temp_old :33
07-07 15:59:48.585 E/Thermal-daemon(  870): Report temperature: [ap] temp :34  report_threshold:1
07-07 15:59:48.661 E/HwModemCapability( 2908): isCapabilitySupport java.lang.StringIndexOutOfBoundsException: length=7; index=7
07-07 15:59:48.771 I/aptouch_daemon( 2788): filter_touch_detect, down, in: 1, out: 1
07-07 15:59:48.783 W/Settings(31631): Setting device_provisioned has moved from android.provider.Settings.Secure to android.provider.Settings.Global.
07-07 15:59:48.785 V/HiTouch_HiTouchSensor(31631): User setup is finished.
07-07 15:59:48.829 D/ScreemCommon(  921): <LOGMGR> <SceneEnd> [Entry]
07-07 15:59:48.829 D/ScreemCommon(  921): <LOGMGR> <SceneEnd> [scene status ok,status:1 lastId:499341325]
07-07 15:59:48.829 D/ScreemCommon(  921): <LOGMGR> <SceneClose> [Entry]
07-07 15:59:48.829 D/ScreemCommon(  921): <LOGMGR> <SceneClose> [scene status ok,status:2 lastId:499341325]
07-07 15:59:48.845 I/aptouch_daemon( 2788): filter_touch_detect, all_touch_up
07-07 15:59:48.856 V/AudioManager(31631): querySoundEffectsEnabled...
07-07 15:59:48.869 E/vendor.huawei.hardware.hwvibrator@1.1-service(  681): CheckHaptics: not support haptic effect
07-07 15:59:48.870 E/vendor.huawei.hardware.hwvibrator@1.1-service(  681): CheckHaptics: not support haptic effect
07-07 15:59:48.871 D/qqq     (31631): editor onSelectionChanged selStart : 0 selEnd : 0
07-07 15:59:48.871 D/qqq     (31631): getEditableText().length() : 0  isCursorAutoChange : true
07-07 15:59:48.881 D/fff     (31631): editor onTextChanged text :  start : 0 lengthBefore : 0 lengthAfter : 0
07-07 15:59:48.882 D/ppp     (31631): scroll addRichCell
07-07 15:59:48.882 D/ppp     (31631): editor setWRichEditorView mWRichEditorView == null ? false
07-07 15:59:48.969 I/aptouch_daemon( 2788): filter_touch_detect, down, in: 1, out: 1
07-07 15:59:49.060 I/aptouch_daemon( 2788): filter_touch_detect, all_touch_up
07-07 15:59:49.073 V/AudioManager(31631): querySoundEffectsEnabled...
07-07 15:59:49.076 D/qqq     (31631): editor onSelectionChanged selStart : 0 selEnd : 0
07-07 15:59:49.076 D/qqq     (31631): getEditableText().length() : 0  isCursorAutoChange : true
07-07 15:59:49.077 D/fff     (31631): editor onTextChanged text :  start : 0 lengthBefore : 0 lengthAfter : 0
07-07 15:59:49.077 D/ppp     (31631): scroll addRichCell
07-07 15:59:49.077 D/ppp     (31631): editor setWRichEditorView mWRichEditorView == null ? false
07-07 15:59:49.079 D/AwareLog(  877): iawared: WorkingsetProcessCommand subCmd = 357, userId=11189, pid=31631, cn.carbs.wricheditor
07-07 15:59:49.080 D/AwareLog(  877): iawared: WorkingsetPauseCollect cn.carbs.wricheditor
07-07 15:59:49.127 I/aptouch_daemon( 2788): filter_touch_detect, down, in: 1, out: 1
07-07 15:59:49.217 I/aptouch_daemon( 2788): filter_touch_detect, all_touch_up
07-07 15:59:49.233 I/qvs-i   ( 9767): mc.task.done false
07-07 15:59:49.240 V/AudioManager(31631): querySoundEffectsEnabled...
07-07 15:59:49.242 I/qvs-i   ( 9767): mc.taskq.fin
07-07 15:59:49.243 D/qqq     (31631): editor onSelectionChanged selStart : 0 selEnd : 0
07-07 15:59:49.244 D/qqq     (31631): getEditableText().length() : 0  isCursorAutoChange : true
07-07 15:59:49.244 D/fff     (31631): editor onTextChanged text :  start : 0 lengthBefore : 0 lengthAfter : 0
07-07 15:59:49.245 D/ppp     (31631): scroll addRichCell
07-07 15:59:49.245 D/ppp     (31631): editor setWRichEditorView mWRichEditorView == null ? false
07-07 15:59:49.462 I/qvs-i   ( 9767): mc.task.done false
07-07 15:59:49.462 I/qvs-i   ( 9767): mc.taskq.fin
07-07 15:59:49.477 D/QVS_SDK_TAG( 9767): [128580928]Scan Process
07-07 15:59:49.607 W/migration/7(   53): type=1400 audit(0.0:11325947): avc: granted { setsched } for pid=53 scontext=u:r:kernel:s0 tcontext=u:r:kernel:s0 tclass=process
07-07 15:59:49.607 W/migration/6(   47): type=1400 audit(0.0:11325948): avc: granted { setsched } for pid=47 scontext=u:r:kernel:s0 tcontext=u:r:kernel:s0 tclass=process
07-07 15:59:49.662 I/qvs-i   ( 9767): pm.fin
07-07 15:59:49.673 I/aptouch_daemon( 2788): filter_touch_detect, down, in: 1, out: 1
07-07 15:59:49.686 I/qvs-i   ( 9767): mc.fin com.qihoo.qvssdk.VirusScanCallback@7a9fd40
07-07 15:59:49.686 D/QVS_SDK_TAG( 9767): [128580928]Scan onFinished hasMore: false
07-07 15:59:49.686 D/QVS_SDK_TAG( 9767): [128580928]Scan consume time 3591ms from callerId 26339
07-07 15:59:49.687 I/QVS_SDK_TAG( 9767): [128580928]reset: called
07-07 15:59:49.687 D/QVS_SDK_TAG( 9767): in uninstall() curNum 0
07-07 15:59:49.687 D/QVS_SDK_TAG( 9767): uninstall()
07-07 15:59:49.687 D/QVS_SDK_TAG( 9767): ScanTask Cancel Sync Scan 14129631
07-07 15:59:49.687 I/QVS_SDK_TAG( 9767): [128580928]reset: called
07-07 15:59:49.687 I/qvs-i   ( 9767): mc.unreg
07-07 15:59:49.687 I/qvs-i   ( 9767): mc.unit 0
07-07 15:59:49.687 I/qvs-i   ( 9767): enum.eng.cl
07-07 15:59:49.687 I/qvs-i   ( 9767): tqm.cl
07-07 15:59:49.689 I/qvs-i   ( 9767): mc.taskq.cl
07-07 15:59:49.692 W/ContextImpl( 9767): Calling a method in the system process without a qualified user: android.app.ContextImpl.stopService:1686 android.content.ContextWrapper.stopService:679 com.qihoo.qvssdk.AntivirusEngineImpl.uninstall:41 com.qihoo.qvssdk.AntivirusProviderImpl.uninstall:40 com.huawei.securitycenter.antivirus.newengine.b$c.ST:7 
07-07 15:59:49.694 D/QVS_SDK_TAG( 9767): susiu
07-07 15:59:49.695 I/qvs-i   ( 9767): se.unit
07-07 15:59:49.698 I/qvs-i   ( 9767): Cancel handle: 490580157952
07-07 15:59:49.698 I/CloudHttpClient( 9767): Cancel called. id:112332709 cost:0
07-07 15:59:49.698 I/qvs-i   ( 9767): Destroy handle: 490580157952
07-07 15:59:49.698 I/CloudHttpClient( 9767): shutdown called. id:112332709 cost:0
07-07 15:59:49.717 E/HSM_Install_BG(30730): d:queryInner catch exception
07-07 15:59:49.738 I/aptouch_daemon( 2788): filter_touch_detect, all_touch_up
07-07 15:59:49.744 D/HwAutofillHelper(31631): recordCurrentInfo:0
07-07 15:59:49.744 D/HwAutofillHelper(31631): inputType = 131073
07-07 15:59:49.748 D/fff     (31631): editor onFocusChanged focused : true direction : 130
07-07 15:59:49.748 D/eee     (31631): onEditorFocusChanged focused : true
07-07 15:59:49.754 W/HSM_Install_BG(30730): PushFileProvider:file does not exist which uri is content://com.huawei.systemmanager.push.provider/HwSystemManager/hsm_virus_pkgs.xml
07-07 15:59:49.754 E/HSC_SEC ( 9767): VirusPkgParser:parse InputStream is null
07-07 15:59:49.762 I/chatty  ( 1429): uid=1000(system) Binder:1429_16 expire 6 lines
07-07 15:59:49.763 I/netd    (  635): firewallSetUidRule(2, 10194, 1) <0.03ms>
07-07 15:59:49.765 I/AssistStructure(31631): Flattened final assist data: 2500 bytes, containing 1 windows, 15 views
07-07 15:59:49.770 W/TelephonyPermissions( 2908): reportAccessDeniedToReadIdentifiers:com.sohu.inputmethod.sogou:getSubscriberId:isPreinstalled=false:isPrivApp=false
07-07 15:59:49.767 W/migration/6(   47): type=1400 audit(0.0:11325949): avc: granted { setsched } for pid=47 scontext=u:r:kernel:s0 tcontext=u:r:kernel:s0 tclass=process
07-07 15:59:49.767 W/migration/7(   53): type=1400 audit(0.0:11325950): avc: granted { setsched } for pid=53 scontext=u:r:kernel:s0 tcontext=u:r:kernel:s0 tclass=process
07-07 15:59:49.774 I/HwNaturalBase( 2819): [CommonHandler]: 15148Kb ram is used.
07-07 15:59:49.776 I/StatusBar/NavBarView( 2486): updateNavButtonIcons (b/113914868): home disabled=false mDisabledFlags=0
07-07 15:59:49.778 D/HwKeychain(29970): HwAutofillService:hasLockPassword: true
07-07 15:59:49.778 D/HwKeychain(29970): UserUtility:userid:0;0
07-07 15:59:49.778 D/HwKeychain(29970): HwAutofillService:isMainUser: true
07-07 15:59:49.779 I/HISEC   (  680): [SOCKETC   ] client >> cmd 2002, key 8, detail 0, history 0
07-07 15:59:49.779 I/HISEC   (  680): [SOCKETC   ] client << len 6, ret 0
07-07 15:59:49.780 D/HwKeychain(29970): HwAutofillService:isRoot: false
07-07 15:59:49.780 D/mali_winsys( 7479): EGLint new_window_surface(egl_winsys_display *, void *, EGLSurface, EGLConfig, egl_winsys_surface **, EGLBoolean) returns 0x3000
07-07 15:59:49.780 I/HwKeychain(29970): HwAutofillService:onFillRequest: package name: cn.carbs.wricheditor
07-07 15:59:49.780 D/HwKeychain(29970): AssistStructureUtility:handle viewnode = android.app.assist.AssistStructure$ViewNode@2c44235*********
07-07 15:59:49.780 D/HwKeychain(29970): AssistStructureUtility:inputtype = 131073
07-07 15:59:49.780 D/HwKeychain(29970): AssistStructureUtility:hint = CELL : 0
07-07 15:59:49.780 D/HwKeychain(29970): AssistStructureUtility:id = null
07-07 15:59:49.780 D/HwKeychain(29970): AssistStructureUtility:handle viewnode = android.app.assist.AssistStructure$ViewNode@3ba86ca*********
07-07 15:59:49.780 D/HwKeychain(29970): AssistStructureUtility:inputtype = 131073
07-07 15:59:49.780 D/HwKeychain(29970): AssistStructureUtility:hint = CELL : 1
07-07 15:59:49.780 D/HwKeychain(29970): AssistStructureUtility:id = null
07-07 15:59:49.780 D/HwKeychain(29970): AssistStructureUtility:handle viewnode = android.app.assist.AssistStructure$ViewNode@5b9203b*********
07-07 15:59:49.780 D/HwKeychain(29970): AssistStructureUtility:inputtype = 131073
07-07 15:59:49.780 D/HwKeychain(29970): AssistStructureUtility:hint = CELL : 2
07-07 15:59:49.780 D/HwKeychain(29970): AssistStructureUtility:id = null
07-07 15:59:49.780 D/HwKeychain(29970): HwAutofillService:onFillRequest:dict is invalid
07-07 15:59:49.794 I/HwViewRootImpl( 7479): removeInvalidNode all the node in jank list is out of time
07-07 15:59:49.804 W//system/bin/netd(  635): A binder object at 0x72eac17080 is being transacted on, however, this object is in the same process as its proxy. Transacting with this binder is expensive compared to just calling the corresponding functionality in the same process.
07-07 15:59:49.804 W/DnsProxyListener(  635): GetAddrInfoHandler::run: {175 786607 175 983215 1000 0}
07-07 15:59:49.804 W/getaddrinfo(  635): android_getaddrinfofornetcontext: explore_numeric: ai_family=10 ai_socktype=1 ai_protocol=6
07-07 15:59:49.804 W/getaddrinfo(  635): android_getaddrinfofornetcontext: explore_numeric: ai_family=2 ai_socktype=1 ai_protocol=6
07-07 15:59:49.804 I/PreDnsController(  635): canPreDnsQuery,persist.sys.predns is false!
07-07 15:59:49.804 W/res_mkquery(  635): res_nmkquery: (QUERY, IN, A)
07-07 15:59:49.804 W/res_send(  635): res_nsend
07-07 15:59:49.804 W/res_cache(  635): _resolv_cache_lookup: lookup
07-07 15:59:49.804 W/res_send(  635): res_nsend: Querying server (# 1) address = 172.22.1.253
07-07 15:59:49.804 W/res_send(  635): res_nsend: using send_dg
07-07 15:59:49.812 W/res_send(  635): res_nsend: got answer:
07-07 15:59:49.813 E/ResolverController(  635): No valid NAT64 prefix (175, <unspecified>/0)
07-07 15:59:49.947 W/migration/7(   53): type=1400 audit(0.0:11325951): avc: granted { setsched } for pid=53 scontext=u:r:kernel:s0 tcontext=u:r:kernel:s0 tclass=process
07-07 15:59:49.947 W/migration/6(   47): type=1400 audit(0.0:11325952): avc: granted { setsched } for pid=47 scontext=u:r:kernel:s0 tcontext=u:r:kernel:s0 tclass=process
07-07 15:59:49.991 D/AwareBitmapCacher(31541): handleInit disable com.huawei.parentcontrol:service
07-07 15:59:49.999 I/BehaviorCollectManager(31541): bindAnalyzerService: huawei.android.security.IAppBehaviorDataAnalyzer$Stub$Proxy@843231a pid:31541
07-07 15:59:50.115 I/netd    (  635): trafficSwapActiveStatsMap() <15.36ms>
07-07 15:59:50.323 W/System  (28656): A resource failed to call close. 
07-07 15:59:50.771 I/chatty  ( 2895): uid=1000(system) core expire 11 lines
07-07 15:59:50.815 I/meassistant:br(31662): Waiting for a blocking GC ProfileSaver
07-07 15:59:50.820 I/meassistant:br(31662): WaitForGcToComplete blocked ProfileSaver on AddRemoveAppImageSpace for 5.168ms
07-07 15:59:50.831 I/AwareBitmapCacher(31631): init lrucache size: 2097152 pid=31631
07-07 15:59:50.855 D/AwareBitmapCacher(31662): handleInit disable com.huawei.gameassistant:brd
07-07 15:59:50.949 I/aptouch_daemon( 2788): filter_touch_detect, down, in: 1, out: 1
07-07 15:59:50.954 I/chatty  (  682): uid=1000(system) HwBinder:682_3 expire 64 lines
07-07 15:59:50.987 E/WifiHAL (  690): enter wifi_get_link_stats
07-07 15:59:50.988 D/motion@1.0-service(  937): motion-hal Motion::readEvents motionType: 11
07-07 15:59:50.988 D/SensorHub(  912): huawei Hal get step event
07-07 15:59:50.988 D/motion@1.0-service(  937): motion-hal Motion::ReadHwStepCounter motionType == MOTIONHUB_TYPE_HW_STEP_COUNTER
07-07 15:59:50.988 D/motion@1.0-service(  937): motion-hal Motiontest::get stepcount!
07-07 15:59:50.989 D/motion@1.0-service(  937): pollMotionResult g_pollResultReturn = 19
07-07 15:59:50.989 I/chatty  ( 1429): uid=1000(system) HWExtMotionServ expire 12 lines
07-07 15:59:50.989 I/chatty  ( 2840): uid=1000(system) Binder:2840_6 expire 6 lines
07-07 15:59:50.989 D/motion@1.0-service(  937): g_motionPollResultReady::unlock out
07-07 15:59:50.989 D/motion@1.0-service(  937): ActMotionCb motionClientVector.size = 0
07-07 15:59:50.989 D/motion@1.0-service(  937): ActMotionCb out
07-07 15:59:50.992 I/chatty  ( 2840): uid=1000(system) HwStepCounterTh expire 4 lines
07-07 15:59:50.993 I/chatty  ( 2840): uid=1000(system) StepCounterRemo expire 4 lines
07-07 15:59:50.993 I/R_Step_ExtendStepCounter(12969): 100100511|R|onExtend: 1594108792000 0 0 0 
07-07 15:59:50.993 I/R_Step_LSC(12969): 100100511|R|onStandStepChanged 5430
07-07 15:59:51.003 W/PhoneInterfaceManager( 2908): shouldBlockLocation running ...
07-07 15:59:51.003 I/PhoneInterfaceManager( 2908): shouldBlockLocation  ret:false
07-07 15:59:51.006 I/aptouch_daemon( 2788): filter_touch_detect, all_touch_up
07-07 15:59:51.040 I/aptouch_daemon( 2788): filter_touch_detect, down, in: 1, out: 1
07-07 15:59:51.106 I/aptouch_daemon( 2788): filter_touch_detect, all_touch_up
07-07 15:59:51.115 I/aptouch_daemon( 2788): filter_touch_detect, down, in: 1, out: 1
07-07 15:59:51.127 W/migration/6(   47): type=1400 audit(0.0:11325953): avc: granted { setsched } for pid=47 scontext=u:r:kernel:s0 tcontext=u:r:kernel:s0 tclass=process
07-07 15:59:51.181 I/aptouch_daemon( 2788): filter_touch_detect, all_touch_up
07-07 15:59:51.207 W/migration/7(   53): type=1400 audit(0.0:11325954): avc: granted { setsched } for pid=53 scontext=u:r:kernel:s0 tcontext=u:r:kernel:s0 tclass=process
07-07 15:59:51.236 E/ChromeSync(25925): [Sync,SyncIntentOperation] Error handling the intent: Intent { act=android.intent.action.PACKAGE_ADDED dat=package:cn.carbs.wricheditor flg=0x4000010 cmp=com.google.android.gms/.chimera.GmsIntentOperationService (has extras) }.
07-07 15:59:51.239 I/Auth    (25925): [SupervisedAccountIntentOperation] onHandleIntent(): android.intent.action.PACKAGE_ADDED
07-07 15:59:51.239 I/ChromeSync(25925): [Sync,SyncIntentOperation] Handling the intent: Intent { act=android.intent.action.PACKAGE_ADDED dat=package:cn.carbs.wricheditor flg=0x4000010 cmp=com.google.android.gms/.chimera.GmsIntentOperationService (has extras) }.
07-07 15:59:51.240 I/AppsUpload(25925): Received intent with action android.intent.action.PACKAGE_ADDED
07-07 15:59:51.248 I/chatty  ( 1429): uid=1000(system) Binder:1429_A expire 6 lines
07-07 15:59:51.308 I/ChromeSync(25925): [Persistence,AffiliationManager] Fetching affiliations from the server.
07-07 15:59:51.314 W//system/bin/netd(  635): A binder object at 0x72eac17080 is being transacted on, however, this object is in the same process as its proxy. Transacting with this binder is expensive compared to just calling the corresponding functionality in the same process.
07-07 15:59:51.314 I/PreDnsController(  635): canPreDnsQuery,persist.sys.predns is false!
07-07 15:59:51.314 W/DnsProxyListener(  635): GetAddrInfoHandler::run: {175 786607 175 983215 10039 0}
07-07 15:59:51.314 W/getaddrinfo(  635): android_getaddrinfofornetcontext: explore_numeric: ai_family=10 ai_socktype=1 ai_protocol=6
07-07 15:59:51.314 W/getaddrinfo(  635): android_getaddrinfofornetcontext: explore_numeric: ai_family=2 ai_socktype=1 ai_protocol=6
07-07 15:59:51.315 W/res_mkquery(  635): res_nmkquery: (QUERY, IN, A)
07-07 15:59:51.315 W/res_send(  635): res_nsend
07-07 15:59:51.315 W/res_cache(  635): _resolv_cache_lookup: lookup
07-07 15:59:51.315 E/ResolverController(  635): No valid NAT64 prefix (175, <unspecified>/0)
07-07 15:59:51.392 I/subscribe(  921): onTransact: received NATIVE_HIVIEW_UPLOADREADY, content = [uploadReadyParam=1594108801391;10000;2]
07-07 15:59:51.392 I/subscribe(  921): handle_client_upload_ready, into
07-07 15:59:51.392 I/subscribe(  921): deadline_time is 1594108801391
07-07 15:59:51.392 I/subscribe(  921): wait_time_len is 10000
07-07 15:59:51.392 I/subscribe(  921): special_tag is 2
07-07 15:59:51.427 W/migration/7(   53): type=1400 audit(0.0:11325955): avc: granted { setsched } for pid=53 scontext=u:r:kernel:s0 tcontext=u:r:kernel:s0 tclass=process
07-07 15:59:51.427 W/migration/6(   47): type=1400 audit(0.0:11325956): avc: granted { setsched } for pid=47 scontext=u:r:kernel:s0 tcontext=u:r:kernel:s0 tclass=process
07-07 15:59:51.479 I/aptouch_daemon( 2788): filter_touch_detect, down, in: 1, out: 1
07-07 15:59:51.577 I/aptouch_daemon( 2788): filter_touch_detect, all_touch_up
07-07 15:59:51.710 I/aptouch_daemon( 2788): filter_touch_detect, down, in: 1, out: 1
07-07 15:59:51.784 I/aptouch_daemon( 2788): filter_touch_detect, all_touch_up
07-07 15:59:51.795 W/TelephonyPermissions( 2908): reportAccessDeniedToReadIdentifiers:com.sohu.inputmethod.sogou:getSubscriberId:isPreinstalled=false:isPrivApp=false
07-07 15:59:51.806 W//system/bin/netd(  635): A binder object at 0x72eac17080 is being transacted on, however, this object is in the same process as its proxy. Transacting with this binder is expensive compared to just calling the corresponding functionality in the same process.
07-07 15:59:51.806 I/PreDnsController(  635): canPreDnsQuery,persist.sys.predns is false!
07-07 15:59:51.806 W/DnsProxyListener(  635): GetAddrInfoHandler::run: {175 262319 175 983215 10194 0}
07-07 15:59:51.806 W/getaddrinfo(  635): android_getaddrinfofornetcontext: explore_numeric: ai_family=10 ai_socktype=1 ai_protocol=6
07-07 15:59:51.806 W/getaddrinfo(  635): android_getaddrinfofornetcontext: explore_numeric: ai_family=2 ai_socktype=1 ai_protocol=6
07-07 15:59:51.807 W/res_mkquery(  635): res_nmkquery: (QUERY, IN, A)
07-07 15:59:51.807 W/res_send(  635): res_nsend
07-07 15:59:51.807 W/res_cache(  635): _resolv_cache_lookup: lookup
07-07 15:59:51.807 E/ResolverController(  635): No valid NAT64 prefix (175, <unspecified>/0)
07-07 15:59:51.803 W/migration/6(   47): type=1400 audit(0.0:11325957): avc: granted { setsched } for pid=47 scontext=u:r:kernel:s0 tcontext=u:r:kernel:s0 tclass=process
07-07 15:59:51.807 W/migration/7(   53): type=1400 audit(0.0:11325958): avc: granted { setsched } for pid=53 scontext=u:r:kernel:s0 tcontext=u:r:kernel:s0 tclass=process
07-07 15:59:51.927 W/migration/7(   53): type=1400 audit(0.0:11325959): avc: granted { setsched } for pid=53 scontext=u:r:kernel:s0 tcontext=u:r:kernel:s0 tclass=process
07-07 15:59:51.994 W/TelephonyPermissions( 2908): reportAccessDeniedToReadIdentifiers:com.sohu.inputmethod.sogou:getSubscriberId:isPreinstalled=false:isPrivApp=false
07-07 15:59:52.099 I/aptouch_daemon( 2788): filter_touch_detect, down, in: 1, out: 1
07-07 15:59:52.173 I/aptouch_daemon( 2788): filter_touch_detect, all_touch_up
07-07 15:59:52.270 I/Icing   (25925): Indexing com.google.android.gms-apps from com.google.android.gms
07-07 15:59:52.281 I/aptouch_daemon( 2788): filter_touch_detect, down, in: 1, out: 1
07-07 15:59:52.285 I/Icing   (25925): Indexing done com.google.android.gms-apps
07-07 15:59:52.285 I/Icing   (25925): Indexing com.google.android.gms-internal.3p:MobileApplication from com.google.android.gms
07-07 15:59:52.289 I/Icing   (25925): Indexing com.google.android.gms-internal.3p:MusicGroup from com.google.android.gms
07-07 15:59:52.293 I/Icing   (25925): Indexing com.google.android.gms-internal.3p:MusicPlaylist from com.google.android.gms
07-07 15:59:52.296 I/Icing   (25925): Indexing com.google.android.gms-internal.3p:DigitalDocument from com.google.android.gms
07-07 15:59:52.299 I/Icing   (25925): Indexing com.google.android.gms-internal.3p:Message from com.google.android.gms
07-07 15:59:52.303 I/Icing   (25925): Indexing com.google.android.gms-internal.3p:Event from com.google.android.gms
07-07 15:59:52.306 I/Icing   (25925): Indexing com.google.android.gms-internal.3p:MusicRecording from com.google.android.gms
07-07 15:59:52.310 I/Icing   (25925): Indexing done com.google.android.gms-internal.3p:MobileApplication
07-07 15:59:52.312 I/Icing   (25925): Indexing done com.google.android.gms-internal.3p:MusicGroup
07-07 15:59:52.313 I/Icing   (25925): Indexing done com.google.android.gms-internal.3p:MusicPlaylist
07-07 15:59:52.316 I/Icing   (25925): Indexing done com.google.android.gms-internal.3p:DigitalDocument
07-07 15:59:52.317 I/Icing   (25925): Indexing done com.google.android.gms-internal.3p:Message
07-07 15:59:52.318 I/Icing   (25925): Indexing done com.google.android.gms-internal.3p:Event
07-07 15:59:52.320 I/Icing   (25925): Indexing done com.google.android.gms-internal.3p:MusicRecording
07-07 15:59:52.330 I/aptouch_daemon( 2788): filter_touch_detect, all_touch_up
07-07 15:59:52.430 I/aptouch_daemon( 2788): filter_touch_detect, down, in: 1, out: 1
07-07 15:59:52.487 I/aptouch_daemon( 2788): filter_touch_detect, all_touch_up
07-07 15:59:52.523 W/migration/6(   47): type=1400 audit(0.0:11325965): avc: granted { setsched } for pid=47 scontext=u:r:kernel:s0 tcontext=u:r:kernel:s0 tclass=process
07-07 15:59:52.523 W/migration/7(   53): type=1400 audit(0.0:11325966): avc: granted { setsched } for pid=53 scontext=u:r:kernel:s0 tcontext=u:r:kernel:s0 tclass=process
07-07 15:59:52.647 W/migration/7(   53): type=1400 audit(0.0:11325967): avc: granted { setsched } for pid=53 scontext=u:r:kernel:s0 tcontext=u:r:kernel:s0 tclass=process
07-07 15:59:52.647 W/migration/6(   47): type=1400 audit(0.0:11325968): avc: granted { setsched } for pid=47 scontext=u:r:kernel:s0 tcontext=u:r:kernel:s0 tclass=process
07-07 15:59:53.007 I/netd    (  635): trafficSwapActiveStatsMap() <18.91ms>
07-07 15:59:53.305 I/aptouch_daemon( 2788): filter_touch_detect, down, in: 1, out: 1
07-07 15:59:53.387 I/aptouch_daemon( 2788): filter_touch_detect, all_touch_up
07-07 15:59:53.520 I/aptouch_daemon( 2788): filter_touch_detect, down, in: 1, out: 1
07-07 15:59:53.594 I/aptouch_daemon( 2788): filter_touch_detect, all_touch_up
07-07 15:59:53.598 W/TelephonyPermissions( 2908): reportAccessDeniedToReadIdentifiers:com.sohu.inputmethod.sogou:getSubscriberId:isPreinstalled=false:isPrivApp=false
07-07 15:59:53.644 I/aptouch_daemon( 2788): filter_touch_detect, down, in: 1, out: 1
07-07 15:59:53.675 I/chatty  ( 2840): uid=1000(system) NetworkQoeCtrlT expire 1 line
07-07 15:59:53.751 I/aptouch_daemon( 2788): filter_touch_detect, all_touch_up
07-07 15:59:53.767 W/migration/6(   47): type=1400 audit(0.0:11325969): avc: granted { setsched } for pid=47 scontext=u:r:kernel:s0 tcontext=u:r:kernel:s0 tclass=process
07-07 15:59:53.868 I/aptouch_daemon( 2788): filter_touch_detect, down, in: 1, out: 1
07-07 15:59:53.867 W/migration/6(   47): type=1400 audit(0.0:11325970): avc: granted { setsched } for pid=47 scontext=u:r:kernel:s0 tcontext=u:r:kernel:s0 tclass=process
07-07 15:59:53.933 I/aptouch_daemon( 2788): filter_touch_detect, all_touch_up
07-07 15:59:54.008 E/WifiHAL (  690): enter wifi_get_link_stats
07-07 15:59:54.022 W/PhoneInterfaceManager( 2908): shouldBlockLocation running ...
07-07 15:59:54.022 I/PhoneInterfaceManager( 2908): shouldBlockLocation  ret:false
07-07 15:59:54.080 D/AwareLog(  877): iawared: WorkingsetProcessCommand subCmd = 352, userId=11189, pid=31631, cn.carbs.wricheditor
07-07 15:59:54.080 D/AwareLog(  877): iawared: WorkingsetStop cn.carbs.wricheditor
07-07 15:59:54.141 W/TelephonyPermissions( 2908): reportAccessDeniedToReadIdentifiers:com.sohu.inputmethod.sogou:getSubscriberId:isPreinstalled=false:isPrivApp=false
07-07 15:59:54.163 W/migration/6(   47): type=1400 audit(0.0:11325971): avc: granted { setsched } for pid=47 scontext=u:r:kernel:s0 tcontext=u:r:kernel:s0 tclass=process
07-07 15:59:54.163 W/migration/7(   53): type=1400 audit(0.0:11325972): avc: granted { setsched } for pid=53 scontext=u:r:kernel:s0 tcontext=u:r:kernel:s0 tclass=process
07-07 15:59:54.391 W/migration/7(   53): type=1400 audit(0.0:11325973): avc: granted { setsched } for pid=53 scontext=u:r:kernel:s0 tcontext=u:r:kernel:s0 tclass=process
07-07 15:59:54.422 I/aptouch_daemon( 2788): filter_touch_detect, down, in: 1, out: 1
07-07 15:59:54.451 W/migration/7(   53): type=1400 audit(0.0:11325974): avc: granted { setsched } for pid=53 scontext=u:r:kernel:s0 tcontext=u:r:kernel:s0 tclass=process
07-07 15:59:54.487 I/aptouch_daemon( 2788): filter_touch_detect, all_touch_up
07-07 15:59:54.579 I/aptouch_daemon( 2788): filter_touch_detect, down, in: 1, out: 1
07-07 15:59:54.645 I/aptouch_daemon( 2788): filter_touch_detect, all_touch_up
07-07 15:59:54.721 I/aptouch_daemon( 2788): filter_touch_detect, down, in: 1, out: 1
07-07 15:59:54.793 I/aptouch_daemon( 2788): filter_touch_detect, all_touch_up
07-07 15:59:54.807 I/ArHal   (  652): (ArDataNetlinkCb:915):cmd[2].length[72]
07-07 15:59:54.808 I/AR_impl (  652): ActChangedCb start count[3]
07-07 15:59:54.808 I/chatty  ( 2840): uid=1000(system) HwBinder:2840_1 expire 9 lines
07-07 15:59:54.809 D/ARMoudle.HwActivityRecognition( 2819): onActivityChanged_O...
07-07 15:59:54.810 E/DeviceStatusController( 5043): CAWARENESS: setStillToUserWakeupSleepEventManager() userWakeupSleepEventHandler == null 
07-07 15:59:54.810 E/DeviceStatusController( 5043): CAWARENESS: executeStatusSensorCallback() containsKey(deviceStatus) is false
07-07 15:59:54.810 E/DeviceStatusController( 5043): CAWARENESS: executeSensorCallback() containsKey(deviceStatus) is false
07-07 15:59:54.810 E/DeviceStatusController( 5043): CAWARENESS: setStillToUserWakeupSleepEventManager() userWakeupSleepEventHandler == null 
07-07 15:59:54.810 E/DeviceStatusController( 5043): CAWARENESS: executeStatusSensorCallback() containsKey(deviceStatus) is false
07-07 15:59:54.810 E/DeviceStatusController( 5043): CAWARENESS: executeSensorCallback() containsKey(deviceStatus) is false
07-07 15:59:54.810 E/DeviceStatusController( 5043): CAWARENESS: setStillToUserWakeupSleepEventManager() userWakeupSleepEventHandler == null 
07-07 15:59:54.810 E/DeviceStatusController( 5043): CAWARENESS: executeStatusSensorCallback() containsKey(deviceStatus) is false
07-07 15:59:54.810 E/DeviceStatusController( 5043): CAWARENESS: executeSensorCallback() containsKey(deviceStatus) is false
07-07 15:59:54.811 D/ARMoudle.HwActivityRecognition( 2819): onActivityChanged_O...
07-07 15:59:54.812 I/AR_impl (  652): able to onActivityChangedV1_1
07-07 15:59:54.812 I/AR_impl (  652): ActChangedCb end
07-07 15:59:54.812 E/SwingDetection( 5043): CAWARENESS: dealMovementStatusChangedEvent() mSwingListener == null
07-07 15:59:54.877 I/aptouch_daemon( 2788): filter_touch_detect, down, in: 1, out: 1
07-07 15:59:54.951 I/aptouch_daemon( 2788): filter_touch_detect, all_touch_up
07-07 15:59:55.005 W/HwParentControl(31541): ContentProviders - Kill service process
07-07 15:59:55.005 I/Process (31541): Sending signal. PID: 31541 SIG: 9
07-07 15:59:55.026 I/aptouch_daemon( 2788): filter_touch_detect, down, in: 1, out: 1
07-07 15:59:55.037 I/Zygote  (  636): Process 31541 exited due to signal 9 (Killed)
07-07 15:59:55.067 I/chatty  ( 1429): uid=1000(system) ActivityManager expire 4 lines
07-07 15:59:55.108 I/aptouch_daemon( 2788): filter_touch_detect, all_touch_up
07-07 15:59:55.193 I/aptouch_daemon( 2788): filter_touch_detect, down, in: 1, out: 1
07-07 15:59:55.211 W/migration/6(   47): type=1400 audit(0.0:11325977): avc: granted { setsched } for pid=47 scontext=u:r:kernel:s0 tcontext=u:r:kernel:s0 tclass=process
07-07 15:59:55.265 I/aptouch_daemon( 2788): filter_touch_detect, all_touch_up
07-07 15:59:55.291 W/migration/7(   53): type=1400 audit(0.0:11325978): avc: granted { setsched } for pid=53 scontext=u:r:kernel:s0 tcontext=u:r:kernel:s0 tclass=process
07-07 15:59:55.357 I/aptouch_daemon( 2788): filter_touch_detect, down, in: 1, out: 1
07-07 15:59:55.391 W/migration/7(   53): type=1400 audit(0.0:11325979): avc: granted { setsched } for pid=53 scontext=u:r:kernel:s0 tcontext=u:r:kernel:s0 tclass=process
07-07 15:59:55.391 W/migration/6(   47): type=1400 audit(0.0:11325980): avc: granted { setsched } for pid=47 scontext=u:r:kernel:s0 tcontext=u:r:kernel:s0 tclass=process
07-07 15:59:55.422 I/aptouch_daemon( 2788): filter_touch_detect, all_touch_up
07-07 15:59:55.525 I/audio_hw_primary(  668): usb_ext_get_parameters: check show hires (false)
07-07 15:59:56.352 I/HwGameAssistant-10.5.0.300-ReceiverController(31662): excute System.exit
07-07 15:59:56.354 I/meassistant:br(31662): System.exit called, status: 0
07-07 15:59:56.355 I/AndroidRuntime(31662): VM exiting with result code 0, cleanup skipped.
07-07 15:59:56.393 I/chatty  ( 1429): uid=1000 system_server expire 2 lines
07-07 15:59:56.395 I/chatty  ( 1429): uid=1000 system_server expire 2 lines
07-07 15:59:56.411 I/Zygote  (  636): Process 31662 exited cleanly (0)
07-07 15:59:56.413 I/chatty  ( 2840): uid=1000(system) Binder:2840_7 expire 14 lines
07-07 15:59:56.418 I/chatty  ( 2895): uid=1000(system) actions handler expire 7 lines
07-07 15:59:56.418 E/ChromeSync(25925): [Sync,SyncIntentOperation] Error handling the intent: Intent { act=android.intent.action.PACKAGE_ADDED dat=package:cn.carbs.wricheditor flg=0x4000010 cmp=com.google.android.gms/.chimera.GmsIntentOperationService (has extras) }.
07-07 15:59:56.839 W/StorageMonitorS(30730): type=1400 audit(0.0:11325981): avc: granted { getattr } for pid=30730 name="/" dev="sdcardfs" ino=111 scontext=u:r:system_app:s0 tcontext=u:object_r:sdcardfs:s0 tclass=filesystem
07-07 15:59:56.912 I/audio_hw_primary(  668): usb_ext_get_parameters: check show hires (false)
07-07 15:59:57.004 I/aptouch_daemon( 2788): filter_touch_detect, down, in: 1, out: 1
07-07 15:59:57.005 I/chatty  ( 1429): uid=1000(system) InputReader expire 66 lines
07-07 15:59:57.024 E/WifiHAL (  690): enter wifi_get_link_stats
07-07 15:59:57.033 W/PhoneInterfaceManager( 2908): shouldBlockLocation running ...
07-07 15:59:57.033 I/PhoneInterfaceManager( 2908): shouldBlockLocation  ret:false
07-07 15:59:57.134 W/        (  877): iawared: write t_pid = 31662 failed, errno = 3
07-07 15:59:57.235 I/aptouch_daemon( 2788): filter_touch_detect, all_touch_up
07-07 15:59:58.051 I/netd    (  635): trafficSwapActiveStatsMap() <17.08ms>
07-07 15:59:58.245 I/aptouch_daemon( 2788): filter_touch_detect, down, in: 1, out: 1
07-07 15:59:58.278 I/HwViewRootImpl( 7479): removeInvalidNode all the node in jank list is out of time
07-07 15:59:58.325 I/aptouch_daemon( 2788): filter_touch_detect, all_touch_up
07-07 15:59:58.350 I/aptouch_daemon( 2788): filter_touch_detect, down, in: 1, out: 1
07-07 15:59:58.355 I/chatty  ( 1429): uid=1000(system) android.ui expire 26 lines
07-07 15:59:58.364 I/chatty  ( 1429): uid=1000(system) WifiService expire 31 lines
07-07 15:59:58.499 I/aptouch_daemon( 2788): filter_touch_detect, all_touch_up
07-07 15:59:58.523 W/migration/6(   47): type=1400 audit(0.0:11325982): avc: granted { setsched } for pid=47 scontext=u:r:kernel:s0 tcontext=u:r:kernel:s0 tclass=process
07-07 15:59:58.523 W/migration/7(   53): type=1400 audit(0.0:11325983): avc: granted { setsched } for pid=53 scontext=u:r:kernel:s0 tcontext=u:r:kernel:s0 tclass=process
07-07 15:59:58.582 I/aptouch_daemon( 2788): filter_touch_detect, down, in: 1, out: 1
07-07 15:59:58.591 E/Thermal-daemon(  870): [charger_ic] temp_new :33  temp_old :34
07-07 15:59:58.592 E/Thermal-daemon(  870): Report temperature: [charger_ic] temp :33  report_threshold:1
07-07 15:59:58.631 W/migration/7(   53): type=1400 audit(0.0:11325984): avc: granted { setsched } for pid=53 scontext=u:r:kernel:s0 tcontext=u:r:kernel:s0 tclass=process
07-07 15:59:58.631 W/migration/6(   47): type=1400 audit(0.0:11325985): avc: granted { setsched } for pid=47 scontext=u:r:kernel:s0 tcontext=u:r:kernel:s0 tclass=process
07-07 15:59:58.665 I/aptouch_daemon( 2788): filter_touch_detect, all_touch_up
07-07 15:59:58.748 I/aptouch_daemon( 2788): filter_touch_detect, down, in: 1, out: 1
07-07 15:59:58.838 I/aptouch_daemon( 2788): filter_touch_detect, all_touch_up
07-07 15:59:58.847 I/aptouch_daemon( 2788): filter_touch_detect, down, in: 1, out: 1
07-07 15:59:58.929 I/aptouch_daemon( 2788): filter_touch_detect, all_touch_up
07-07 15:59:59.078 I/aptouch_daemon( 2788): filter_touch_detect, down, in: 1, out: 1
07-07 15:59:59.112 D/LogUtil_LogConfig(12969): getLogFile(): logFilePath = /data/data/com.huawei.health/files/com.huawei.health/com.huawei.health_DaemonService/
07-07 15:59:59.112 D/LogUtil_LogConfig(12969): obtainSavePath(): path = 1
07-07 15:59:59.113 D/LogUtil_LogConfig(12969): acquireMaxLogFileLengthContainsOffset describe: com.huawei.health:DaemonService result:5242880
07-07 15:59:59.144 I/aptouch_daemon( 2788): filter_touch_detect, all_touch_up
07-07 15:59:59.219 I/aptouch_daemon( 2788): filter_touch_detect, down, in: 1, out: 1
07-07 15:59:59.301 I/aptouch_daemon( 2788): filter_touch_detect, all_touch_up
07-07 15:59:59.327 I/aptouch_daemon( 2788): filter_touch_detect, down, in: 1, out: 1
07-07 15:59:59.423 W/migration/6(   47): type=1400 audit(0.0:11325986): avc: granted { setsched } for pid=47 scontext=u:r:kernel:s0 tcontext=u:r:kernel:s0 tclass=process
07-07 15:59:59.442 I/aptouch_daemon( 2788): filter_touch_detect, all_touch_up
07-07 15:59:59.467 I/aptouch_daemon( 2788): filter_touch_detect, down, in: 1, out: 1
07-07 15:59:59.533 I/aptouch_daemon( 2788): filter_touch_detect, all_touch_up
07-07 15:59:59.551 W/migration/7(   53): type=1400 audit(0.0:11325989): avc: granted { setsched } for pid=53 scontext=u:r:kernel:s0 tcontext=u:r:kernel:s0 tclass=process
07-07 15:59:59.583 I/aptouch_daemon( 2788): filter_touch_detect, down, in: 1, out: 1
07-07 15:59:59.657 I/aptouch_daemon( 2788): filter_touch_detect, all_touch_up
07-07 15:59:59.696 W/TelephonyPermissions( 2908): reportAccessDeniedToReadIdentifiers:com.sohu.inputmethod.sogou:getSubscriberId:isPreinstalled=false:isPrivApp=false
07-07 15:59:59.791 W/migration/7(   53): type=1400 audit(0.0:11325990): avc: granted { setsched } for pid=53 scontext=u:r:kernel:s0 tcontext=u:r:kernel:s0 tclass=process
07-07 15:59:59.791 W/migration/6(   47): type=1400 audit(0.0:11325991): avc: granted { setsched } for pid=47 scontext=u:r:kernel:s0 tcontext=u:r:kernel:s0 tclass=process
07-07 16:00:00.001 I/dubaid  (  850): [HourlyRoutine.cpp] HandleTimerExpired# Hourly routine start at 16 o'clock
07-07 16:00:00.004 I/HwDubaiService( 2784): Received buffered log, magic: 1
07-07 16:00:00.006 I/smartpakit(  668): smartpa_algo_control: enter, cmd = 5
07-07 16:00:00.014 W/ClockView1( 2486):  action android.intent.action.TIME_TICK
07-07 16:00:00.014 W/ClockView1( 2486):  action android.intent.action.TIME_TICK
07-07 16:00:00.015 E/DateView( 2486): DateView,mCurrentTime: 1594108800015
07-07 16:00:00.022 E/ndroid.systemu( 2486): No package ID ff found for ID 0xffffffff.
07-07 16:00:00.024 E/ndroid.systemu( 2486): No package ID ff found for ID 0xffffffff.
07-07 16:00:00.025 W/ClockView1( 2486): onreceive tz is Asia/Shanghai time:Tue Jul 07 16:00:00 GMT+08:00 2020 timezone:libcore.util.ZoneInfo[id="Asia/Shanghai",mRawOffset=28800000,mEarliestRawOffset=28800000,mUseDst=false,mDstSavings=0,transitions=26]
07-07 16:00:00.026 W/ClockView1( 2486): onreceive tz is Asia/Shanghai time:Tue Jul 07 16:00:00 GMT+08:00 2020 timezone:libcore.util.ZoneInfo[id="Asia/Shanghai",mRawOffset=28800000,mEarliestRawOffset=28800000,mUseDst=false,mDstSavings=0,transitions=26]
07-07 16:00:00.036 E/WifiHAL (  690): enter wifi_get_link_stats
07-07 16:00:00.047 I/netd    (  635): trafficSwapActiveStatsMap() <20.91ms>
07-07 16:00:00.048 I/chatty  ( 1429): uid=1000(system) ClientModeImpl expire 13 lines
07-07 16:00:00.049 I/dsp_codec_ctl(  668): codec_adsp_send_sync_cmd:ioctl ret=0
07-07 16:00:00.049 I/smartpakit(  668): get_power_consumption: result[1] is 0x0 result[0] is 0x0
07-07 16:00:00.049 I/smartpakit(  668): getSmartPAPOWER is pa1=0
07-07 16:00:00.053 D/pmomd   (  808): dubai_send_data# new inquires arrived, timestamp=1594108800053
07-07 16:00:00.053 D/pmomd   (  808): free_list# free list, count=0
07-07 16:00:00.054 D/pmomd   (  808): add_element# add element, count=1
07-07 16:00:00.054 D/pmomd   (  808): add_driver_data# add driver data
07-07 16:00:00.054 D/pmomd   (  808): add_element# add element, count=2
07-07 16:00:00.054 D/pmomd   (  808): add_1x_cas_data# add 1x cas data
07-07 16:00:00.054 D/pmomd   (  808): add_element# add element, count=3
07-07 16:00:00.054 D/pmomd   (  808): add_was_data# add was data modemId:10 fach:0 urapch:0 cellpch:0 dch:0 idle:10149
07-07 16:00:00.054 D/pmomd   (  808): add_element# add element, count=4
07-07 16:00:00.054 D/pmomd   (  808): add_was_data# add was data modemId:266 fach:0 urapch:0 cellpch:0 dch:0 idle:10149
07-07 16:00:00.054 D/pmomd   (  808): add_element# add element, count=5
07-07 16:00:00.054 D/pmomd   (  808): add_1x_cproc_data# add 1x cproc data
07-07 16:00:00.054 D/pmomd   (  808): send_data# send buffered log, buf_length=512, head_length=8, data_length=504
07-07 16:00:00.057 W/PhoneInterfaceManager( 2908): shouldBlockLocation running ...
07-07 16:00:00.057 I/PhoneInterfaceManager( 2908): shouldBlockLocation  ret:false
07-07 16:00:00.059 D/pmomd   (  808): free_list# free list, count=5
07-07 16:00:00.067 I/netd    (  635): trafficSwapActiveStatsMap() <16.28ms>
07-07 16:00:00.115 W/HwLockScreenPanel( 2486): Handle message: 133
07-07 16:00:00.115 D/dubaid  (  850): [DubaiStorage.cpp] DoFlushEntriesBuffer# Flush all entries into database
07-07 16:00:00.115 I/dubaid  (  850): [HourlyRoutine.cpp] HandleBalanceFinished# Blanace finished in the round(2020-07-07 16:00:00)
07-07 16:00:00.116 W/HwLockScreenPanel( 2486): Handle message: 133
07-07 16:00:00.126 E/dubaid  (  850): [SqlOperator.cpp] QueryEntries# Prepare statement error: no such table: detailed_applications_camera
07-07 16:00:00.126 E/dubaid  (  850): [DubaiStorage.cpp] QueryEntriesInner# Failed to query entries
07-07 16:00:00.126 E/dubaid  (  850): [DubaiStorage.cpp] QueryEntries# Failed to query entries: SELECT SUM(foreground_energy + background_energy), SUM(screen_on_energy), SUM(screen_off_energy) FROM detailed_applications_camera WHERE end_time > 1594105200000 AND end_time <= 1594108800000 AND charge = 0
07-07 16:00:00.126 E/dubaid  (  850): [DpmHandler.cpp] GetCameraEnergy# Failed to query camera energy
07-07 16:00:00.128 E/dubaid  (  850): [SqlOperator.cpp] QueryEntries# Prepare statement error: no such table: detailed_applications_camera
07-07 16:00:00.128 E/dubaid  (  850): [DubaiStorage.cpp] QueryEntriesInner# Failed to query entries
07-07 16:00:00.128 E/dubaid  (  850): [DubaiStorage.cpp] QueryEntries# Failed to query entries: SELECT SUM(foreground_energy + background_energy), SUM(screen_on_energy), SUM(screen_off_energy) FROM detailed_applications_camera WHERE end_time > 1594105200000 AND end_time <= 1594108800000 AND charge = 1
07-07 16:00:00.128 E/dubaid  (  850): [DpmHandler.cpp] GetCameraEnergy# Failed to query camera energy
07-07 16:00:00.151 I/netd    (  635): trafficSwapActiveStatsMap() <19.24ms>
07-07 16:00:00.183 W/migration/6(   47): type=1400 audit(0.0:11325992): avc: granted { setsched } for pid=47 scontext=u:r:kernel:s0 tcontext=u:r:kernel:s0 tclass=process
07-07 16:00:00.183 W/migration/7(   53): type=1400 audit(0.0:11325993): avc: granted { setsched } for pid=53 scontext=u:r:kernel:s0 tcontext=u:r:kernel:s0 tclass=process
07-07 16:00:00.195 D/dubaid  (  850): [DubaiStorage.cpp] DoFlushEntriesBuffer# Flush all entries into database
07-07 16:00:00.201 E/HwModemCapability( 2908): isCapabilitySupport java.lang.StringIndexOutOfBoundsException: length=7; index=7
07-07 16:00:00.207 D/dubaid  (  850): [DubaiStorage.cpp] DoFlushEntriesBuffer# Flush all entries into database
07-07 16:00:00.208 E/dubaid  (  850): [SqlOperator.cpp] QueryEntries# Prepare statement error: no such table: hourly_applications_camera
07-07 16:00:00.208 E/dubaid  (  850): [DubaiStorage.cpp] QueryEntriesInner# Failed to query entries
07-07 16:00:00.208 E/dubaid  (  850): [DubaiStorage.cpp] QueryEntries# Failed to query entries: SELECT name, 3, SUM(foreground_energy), SUM(background_energy), SUM(screen_on_energy), SUM(screen_off_energy), SUM(foreground_duration), SUM(background_duration), SUM(screen_on_duration), SUM(screen_off_duration) FROM hourly_applications_camera WHERE timestamp > 1594105200000 AND timestamp <= 1594108800000 AND camera_id = 1 GROUP BY name
07-07 16:00:00.208 E/dubaid  (  850): [AppsAccounting.cpp] LogCameraAppsAccounting# Failed to log camera[1] apps accouting
07-07 16:00:00.208 E/dubaid  (  850): [SqlOperator.cpp] QueryEntries# Prepare statement error: no such table: hourly_applications_camera
07-07 16:00:00.208 E/dubaid  (  850): [DubaiStorage.cpp] QueryEntriesInner# Failed to query entries
07-07 16:00:00.208 E/dubaid  (  850): [DubaiStorage.cpp] QueryEntries# Failed to query entries: SELECT name, 4, SUM(foreground_energy), SUM(background_energy), SUM(screen_on_energy), SUM(screen_off_energy), SUM(foreground_duration), SUM(background_duration), SUM(screen_on_duration), SUM(screen_off_duration) FROM hourly_applications_camera WHERE timestamp > 1594105200000 AND timestamp <= 1594108800000 AND camera_id = 0 GROUP BY name
07-07 16:00:00.209 E/dubaid  (  850): [AppsAccounting.cpp] LogCameraAppsAccounting# Failed to log camera[0] apps accouting
07-07 16:00:00.210 E/dubaid  (  850): [SqlOperator.cpp] QueryEntries# Prepare statement error: no such table: detailed_applications_ddr
07-07 16:00:00.210 E/dubaid  (  850): [DubaiStorage.cpp] QueryEntriesInner# Failed to query entries
07-07 16:00:00.210 E/dubaid  (  850): [DubaiStorage.cpp] QueryEntries# Failed to query entries: SELECT name, 12, SUM(foreground_energy), SUM(background_energy), SUM(screen_on_energy), SUM(screen_off_energy), 0, 0, 0, 0 FROM detailed_applications_ddr WHERE end_time > 1594105200000 AND end_time <= 1594108800000 AND charge = 0 GROUP BY name
07-07 16:00:00.210 E/dubaid  (  850): [AppsAccounting.cpp] LogDpmAppsAccounting# Failed to log dpm apps accouting
07-07 16:00:00.224 E/dubaid  (  850): [SqlOperator.cpp] QueryEntries# Prepare statement error: no such table: detailed_component_swing
07-07 16:00:00.224 E/dubaid  (  850): [DubaiStorage.cpp] QueryEntriesInner# Failed to query entries
07-07 16:00:00.224 E/dubaid  (  850): [DubaiStorage.cpp] QueryEntries# Failed to query entries: SELECT screen, name, SUM(duration), SUM(energy) FROM detailed_component_swing WHERE end_time > 1594105200000 AND end_time <= 1594108800000 AND charge = 0 GROUP BY screen, name
07-07 16:00:00.224 E/dubaid  (  850): [AppsAccounting.cpp] LogSwingAppsAccounting# Failed to query swing data
07-07 16:00:00.225 D/dubaid  (  850): [AbnormalityRoutine.cpp] CheckScreenOffAbnormality# Failed to find abnormality threshold
07-07 16:00:00.263 I/dubaid  (  850): [DataUploader.cpp] FormClassData# Content is empty
07-07 16:00:00.284 I/aptouch_daemon( 2788): filter_touch_detect, down, in: 1, out: 1
07-07 16:00:00.301 D/dubaid  (  850): [DubaiStorage.cpp] DoFlushEntriesBuffer# Flush all entries into database
07-07 16:00:00.303 D/dubaid  (  850): [HourlyRoutine.cpp] RoundFinished# Voting round of this hour(2020-07-07 16:00:00) of is finished
07-07 16:00:00.304 D/dubaid  (  850): [DubaiStorage.cpp] DoFlushEntriesBuffer# Flush all entries into database
07-07 16:00:00.325 I/aptouch_daemon( 2788): filter_touch_detect, all_touch_up
07-07 16:00:00.338 D/fff     (31631): editor onTextChanged text :  start : 0 lengthBefore : 0 lengthAfter : 7
07-07 16:00:00.338 D/lll     (31631): onTextChanged setSpan start : 0 lengthAfter : 7
07-07 16:00:00.339 D/qqq     (31631): editor onSelectionChanged selStart : 7 selEnd : 7
07-07 16:00:00.339 D/qqq     (31631): getEditableText().length() : 7  isCursorAutoChange : true
07-07 16:00:00.656 I/chatty  ( 1429): uid=1000(system) AlarmManager expire 2 lines
07-07 16:00:00.663 I/BigDataLog( 2784): BD.Scheduler:Hour task coming
07-07 16:00:00.681 I/Finsky  ( 9773): [1] JobSchedulerEngine$PhoneskyJobSchedulerJobService.onStartJob(5): SCH: onJobSchedulerWakeup with jobId 9002
07-07 16:00:00.685 I/Finsky  ( 9773): [1] kgm.a(19): Scheduling fallback job with id: 9034, and delay: 43200000 ms
07-07 16:00:00.687 I/AwareLog(  877): iawared: iaware client connected
07-07 16:00:00.693 I/Finsky  ( 9773): [1] kgm.a(5): Scheduling fallback in 64799994 (absolute: 2011182827)
07-07 16:00:00.754 I/Finsky  ( 9773): [1] kgv.handleMessage(10): SCH: DeviceState: DeviceState{currentTime=1594108800750, isCharging=true, isIdle=false, netAny=true, netNotRoaming=true, netUnmetered=true, batteryPercent=100.0}
07-07 16:00:00.760 I/Finsky  ( 9773): [4977] kjj.a(7): SCH: Jobs in database: 1-1337 12-1 26-1414141414 35-44269 
07-07 16:00:00.761 I/Finsky  ( 9773): [1] kgw.a(20): SCH: Running job: 12-1
07-07 16:00:00.762 I/Finsky  ( 9773): [1] ContentSyncJob.a(14): ContentSyncJob started
07-07 16:00:00.762 I/Finsky  ( 9773): [1] kgv.handleMessage(63): SCH: RunningQueue size: 1, PendingQueue size: 0
07-07 16:00:00.762 I/Finsky  ( 9773): [1] kgv.handleMessage(66): SCH: Running queue: 12-1 
07-07 16:00:00.859 I/chatty  ( 2895): uid=1000(system) AsyncTask #97 expire 3 lines
07-07 16:00:00.859 I/AwareLog(  877): iawared: Closing iaware client data connection dfd=34
07-07 16:00:00.863 I/AwareLog(  877): iawared: iaware client connected
07-07 16:00:00.890 I/Finsky  ( 9773): [4982] cva.a(29): Completed 0 account content syncs with 0 successful.
07-07 16:00:00.890 I/Finsky  ( 9773): [1] ContentSyncJob.a(12): Installation state replication succeeded.
07-07 16:00:00.891 I/Finsky  ( 9773): [1] kig.a(16): SCH: jobFinished: 12-1. TimeElapsed: 129ms.
07-07 16:00:00.891 I/Finsky  ( 9773): [1] kgw.a(37): SCH: Job 12-1 finished. Not rescheduling.
07-07 16:00:00.892 I/Finsky  ( 9773): [1] kgv.handleMessage(63): SCH: RunningQueue size: 0, PendingQueue size: 0
07-07 16:00:00.892 I/Finsky  ( 9773): [1] kgv.handleMessage(29): Executor finished
