07-09 18:43:02.074 E/LoadedApk( 1709): 	at dalvik.system.BaseDexClassLoader.findClass(libmaplecore-all.so:4009732)
07-09 18:43:02.074 E/LoadedApk( 1709): 	at java.lang.ClassLoader.loadClass(libmaplecore-all.so:4068584)
07-09 18:43:02.074 E/LoadedApk( 1709): 	at android.app.LoadedApk.createAppFactory(libmapleframework.so:3739492)
07-09 18:43:02.074 E/LoadedApk( 1709): 	at android.app.LoadedApk.updateApplicationInfo(libmapleframework.so:11563404)
07-09 18:43:02.074 E/LoadedApk( 1709): 	at android.app.ActivityThread.handleDispatchPackageBroadcast(libmapleframework.so:11527612)
07-09 18:43:02.074 E/LoadedApk( 1709): 	at android.app.ActivityThread$H.handleMessage(libmapleframework.so:3517100)
07-09 18:43:02.074 E/LoadedApk( 1709): 	at android.os.Handler.dispatchMessage(libmapleframework.so:5499640)
07-09 18:43:02.074 E/LoadedApk( 1709): 	at android.os.Looper.loop(libmapleframework.so:4048244)
07-09 18:43:02.074 E/LoadedApk( 1709): 	at com.android.server.SystemServer.run(libmapleservices.so:2342712)
07-09 18:43:02.074 E/LoadedApk( 1709): 	at com.android.server.SystemServer.main(libmapleservices.so:2521048)
07-09 18:43:02.074 E/LoadedApk( 1709): 	at java.lang.reflect.Method.invoke(libmaplecore-all.so:4099140)
07-09 18:43:02.074 E/LoadedApk( 1709): 	at com.android.internal.os.RuntimeInit$MethodAndArgsCaller.run(libmapleframework.so:541400)
07-09 18:43:02.074 E/LoadedApk( 1709): 	at com.android.internal.os.ZygoteInit.main(libmapleframework.so:1425360)
07-09 18:43:02.075 I/AppsUpload( 3075): Received intent with action android.intent.action.PACKAGE_REMOVED
07-09 18:43:02.076 D/Zygote  (  663): Forked child process 24430
07-09 18:43:02.078 I/HisiKeyMaster(  577): out_params_buffer_len = 32
07-09 18:43:02.078 I/HisiKeyMaster(  577): HisiKmBegin success
07-09 18:43:02.078 D/keymaster_worker(  883): Keystore begin hidl end
07-09 18:43:02.078 D/keymaster_worker(  883): Keystore begin end
07-09 18:43:02.077 E/LoadedApk( 1709): Unable to instantiate appComponentFactory
07-09 18:43:02.077 E/LoadedApk( 1709): java.lang.ClassNotFoundException: Didn't find class "androidx.core.app.CoreComponentFactory" on path: DexPathList[[],nativeLibraryDirectories=[/system/app/HwIAware/lib/arm64, /system/app/HwIAware/HwIAware.apk!/lib/arm64-v8a, /system/lib64, /hw_product/lib64, /system/product/lib64, /prets/lib64, /system/lib64, /hw_product/lib64, /system/product/lib64, /prets/lib64]]
07-09 18:43:02.077 E/LoadedApk( 1709): 	at dalvik.system.BaseDexClassLoader.findClass(libmaplecore-all.so:4009732)
07-09 18:43:02.077 E/LoadedApk( 1709): 	at java.lang.ClassLoader.loadClass(libmaplecore-all.so:4068584)
07-09 18:43:02.077 E/LoadedApk( 1709): 	at android.app.LoadedApk.createAppFactory(libmapleframework.so:3739492)
07-09 18:43:02.077 E/LoadedApk( 1709): 	at android.app.LoadedApk.updateApplicationInfo(libmapleframework.so:11563404)
07-09 18:43:02.077 E/LoadedApk( 1709): 	at android.app.ActivityThread.handleDispatchPackageBroadcast(libmapleframework.so:11527612)
07-09 18:43:02.077 E/LoadedApk( 1709): 	at android.app.ActivityThread$H.handleMessage(libmapleframework.so:3517100)
07-09 18:43:02.077 E/LoadedApk( 1709): 	at android.os.Handler.dispatchMessage(libmapleframework.so:5499640)
07-09 18:43:02.077 E/LoadedApk( 1709): 	at android.os.Looper.loop(libmapleframework.so:4048244)
07-09 18:43:02.077 E/LoadedApk( 1709): 	at com.android.server.SystemServer.run(libmapleservices.so:2342712)
07-09 18:43:02.077 E/LoadedApk( 1709): 	at com.android.server.SystemServer.main(libmapleservices.so:2521048)
07-09 18:43:02.077 E/LoadedApk( 1709): 	at java.lang.reflect.Method.invoke(libmaplecore-all.so:4099140)
07-09 18:43:02.077 E/LoadedApk( 1709): 	at com.android.internal.os.RuntimeInit$MethodAndArgsCaller.run(libmapleframework.so:541400)
07-09 18:43:02.077 E/LoadedApk( 1709): 	at com.android.internal.os.ZygoteInit.main(libmapleframework.so:1425360)
07-09 18:43:02.079 D/HwForceDarkModeConfig( 1709): do init
07-09 18:43:02.081 D/HwForceDarkModeConfig( 1709): end to init
07-09 18:43:02.082 D/keymaster_worker(  883): Keystore update
07-09 18:43:02.082 D/keymaster_worker(  883): Keystore update hidl
07-09 18:43:02.082 I/HisiKeyMaster(  577): HisiKmUpdate start
07-09 18:43:02.082 I/HisiKeyMaster(  577): Disable the enhanced crypto!
07-09 18:43:02.084 I/rbs.wrichedito(24430): Late-enabling -Xcheck:jni
07-09 18:43:02.086 I/HisiKeyMaster(  577): HisiKmUpdate success
07-09 18:43:02.086 W/ContextImpl( 3304): Calling a method in the system process without a qualified user: android.app.ContextImpl.bindService:1753 android.content.ContextWrapper.bindService:705 com.huawei.securityserver.ConnectRemoteServiceManager.connectRemoteService:131 com.huawei.securityserver.HandlerManager.bindService:89 com.huawei.securityserver.HandlerManager.access$000:20 
07-09 18:43:02.087 I/ActivityManager( 1709): Start proc 24430:cn.carbs.wricheditor/u0a1189 for activity {cn.carbs.wricheditor/cn.carbs.wricheditor.MainActivity}
07-09 18:43:02.087 E/ProcessInfoCollector( 1709): getProcessInfo: failed to find this proc 
07-09 18:43:02.088 D/ActivityThread(24410): Attach thread to application
07-09 18:43:02.088 D/AwareLog(  918): iawared: WorkingsetProcessCommand subCmd = 350, userId=11189, pid=24430, cn.carbs.wricheditor
07-09 18:43:02.089 D/keymaster_worker(  883): Keystore update hidl end
07-09 18:43:02.090 D/AwareLog(  918): iawared: WorkingsetStart cn.carbs.wricheditor in monitor0
07-09 18:43:02.091 D/keymaster_worker(  883): Keystore update end
07-09 18:43:02.093 D/keymaster_worker(  883): Keystore finish
07-09 18:43:02.093 D/keymaster_worker(  883): Keystore finish hidl
07-09 18:43:02.093 I/HisiKeyMaster(  577): HisiKmFinish start
07-09 18:43:02.093 I/HisiKeyMaster(  577): Disable the enhanced crypto!
07-09 18:43:02.094 I/Finsky  (23212): [700] dbm.a(15): Asset module broadcast after update successful for package cn.carbs.wricheditor. 0 sessions broadcast.
07-09 18:43:02.095 I/HisiKeyMaster(  577): output data size=16
07-09 18:43:02.095 I/HisiKeyMaster(  577): HisiKmFinish success
07-09 18:43:02.096 V/ActivityManager( 1709): startProcess: name=cn.carbs.wricheditor app=ProcessRecord{9473a51 24430:cn.carbs.wricheditor/u0a1189} knownToBeDead=false thread=null pid=24430 preloadStatus=0
07-09 18:43:02.096 D/keymaster_worker(  883): Keystore finish hidl end
07-09 18:43:02.096 D/keymaster_worker(  883): Keystore finish end
07-09 18:43:02.102 D/KeystoreService( 2931): IHwKeystoreService onTransact ASSETHANDLE_REQ was called
07-09 18:43:02.102 I/ASSET_BASE_SERVICE( 2931): HwAssetBaseService::Init Enter
07-09 18:43:02.102 I/ASSET_BASE_SERVICE( 2931): HwAssetBaseService::Init dbHandler member is not null
07-09 18:43:02.102 I/ASSET_SERVICE( 2931): HwAssetService::assetType is :6
07-09 18:43:02.102 D/ASSET_PUBLICKEY_SERVICE( 2931): HwAssetPublicKeyService::AssetHandleReq enter!
07-09 18:43:02.102 I/ASSET_PUBLICKEY_SERVICE( 2931): HwAssetPublicKeyService AssetHandleReq opCode:2
07-09 18:43:02.102 I/ASSET_BASE_SERVICE( 2931): HwAssetBaseService PreHandle Enter
07-09 18:43:02.102 E/PowerManagerService( 1709): Exception when search wack lock :java.lang.IllegalArgumentException: Wake lock not active: android.os.BinderProxy@9414d29 from uid 10039
07-09 18:43:02.104 I/ASSET_BASE_SERVICE( 2931): CheckIdentity ownPackageName is com.huawei.deviceauth : 
07-09 18:43:02.104 I/ASSET_BASE_SERVICE( 2931): GetPublicKeyByPid Enter
07-09 18:43:02.104 I/HwResolverManager( 1709): isMultiScreenCollaborationEnabled: Operate settings exception! 
07-09 18:43:02.106 D/ApplicationLoaders(24410): Returning zygote-cached class loader: /system/framework/android.hidl.base-V1.0-java.jar
07-09 18:43:02.106 D/ApplicationLoaders(24410): Returning zygote-cached class loader: /system/framework/android.hidl.manager-V1.0-java.jar
07-09 18:43:02.106 D/ApplicationLoaders(24410): Returning zygote-cached class loader: /system/framework/android.hidl.base-V1.0-java.jar
07-09 18:43:02.107 E/rbs.wrichedito(24430): Unknown bits set in runtime_flags: 0x8000
07-09 18:43:02.108 I/ASSET_BASE_SERVICE( 2931): no creator
07-09 18:43:02.108 I/ASSET_BASE_SERVICE( 2931): no owner
07-09 18:43:02.108 I/ASSET_DBBASE_SERVICE( 2931): HwAssetDBBaseService::OwnerLock enter!
07-09 18:43:02.108 I/ASSET_DBBASE_SERVICE( 2931): GetOwnerList enter
07-09 18:43:02.108 I/rbs.wrichedito(24430): Reinit property: dalvik.vm.checkjni= false
07-09 18:43:02.108 I/rbs.wrichedito(24430): ReInitProperties: persist.vm.debug.dumpapi= false
07-09 18:43:02.108 E/ASSET_DBBASE_SERVICE( 2931): HwAssetDBBaseService::GetOwnerList queryResults size is 0!
07-09 18:43:02.108 E/ASSET_DBBASE_SERVICE( 2931): HwAssetDBBaseService::GetOwnerList fail!
07-09 18:43:02.108 I/ASSET_DBBASE_SERVICE( 2931): HwAssetDBBaseService::OwnerUnLock enter:,{"Package":"com.huawei.deviceauth","Pubkey":"/ln9BYeF9U5hPtzksqUTepCpjFtJ6HcTYuDEUpIZzWA="}
07-09 18:43:02.108 I/ASSET_DBBASE_SERVICE( 2931): !
07-09 18:43:02.108 I/ASSET_DBBASE_SERVICE( 2931): GetOwnerList enter
07-09 18:43:02.108 E/ASSET_DBBASE_SERVICE( 2931): HwAssetDBBaseService::GetOwnerList queryResults size is 0!
07-09 18:43:02.108 E/ASSET_DBBASE_SERVICE( 2931): HwAssetDBBaseService::GetOwnerList fail!
07-09 18:43:02.108 E/ASSET_PUBLICKEY_SERVICE( 2931): HwAssetPublicKeyService::AssetHandleReq end unlock fail!
07-09 18:43:02.108 E/HwAssetManager(22901): assetHandleOutInfo opCode: 2, assetHandleReq failed!
07-09 18:43:02.109 I/meassistant:br(24410): The ClassLoaderContext is a special shared library.
07-09 18:43:02.105 I/HwResolverManager( 1709): isMultiScreenCollaborationEnabled: Operate settings exception! 
07-09 18:43:02.109 W/Looper  ( 1709): Slow delivery took 205ms android.fg h=android.os.Handler c=<recycled PooledLambda@975d98f> m=0
07-09 18:43:02.119 I/Finsky  (23212): [1] kjj.a(7): SCH: Jobs in database: 1-1337 12-1 26-1414141414 35-44269 
07-09 18:43:02.119 I/Finsky  (23212): [1] kfm.a(58): SCH: ConstraintMapping: 1-1337, 12-1,  -> L: 14807ms, D: 75660328ms, C: false, I: false, N: 1
07-09 18:43:02.120 I/Finsky  (23212): [1] kfm.a(58): SCH: ConstraintMapping: 26-1414141414, 35-44269,  -> L: 3952987ms, D: 16330607ms, C: false, I: false, N: 0
07-09 18:43:02.122 I/HwResolverManager( 1709): isMultiScreenCollaborationEnabled: Operate settings exception! 
07-09 18:43:02.123 D/HwFrameworkSecurityPartsFactory(24410): HwFrameworkSecurityPartsFactory in.
07-09 18:43:02.123 I/HwFrameworkSecurityPartsFactory(24410): add HwFrameworkSecurityPartsFactory to memory.
07-09 18:43:02.127 I/Finsky  (23212): [1] kht.a(37): Cancelling existing jobscheduler jobs: 9000 9002 
07-09 18:43:02.127 I/Finsky  (23212): [1] kht.a(30): Scheduling job Id: 9001, L: 14807, D: 75660328, C: false, I: false, N: 1
07-09 18:43:02.128 I/HwResolverManager( 1709): isMultiScreenCollaborationEnabled: Operate settings exception! 
07-09 18:43:02.128 D/HwConnectivityServiceEx( 1709): set 10039 wlan0 value false
07-09 18:43:02.128 I/ConnectivityService( 1709): HAware BLOCKED uid 10039 pid 2628
07-09 18:43:02.128 I/ConnectivityService( 1709): BLOCKED uid 10039
07-09 18:43:02.128 D/ActivityThread(24430): Attach thread to application
07-09 18:43:02.135 W/HwActivityTaskManagerServiceEx( 1709): appSwitch from: com.android.packageinstaller to: cn.carbs.wricheditor
07-09 18:43:02.135 I/Auth    ( 3075): [SupervisedAccountIntentOperation] onHandleIntent(): android.intent.action.PACKAGE_ADDED
07-09 18:43:02.136 D/HwGameAssistantController( 1709): UPDATE: mCurFgPkg=cn.carbs.wricheditor, mCurFgPid=24430, mIsCurGame=false
07-09 18:43:02.136 I/chatty  ( 3967): uid=10109(com.huawei.hwid) Binder:3967_4 expire 1 line
07-09 18:43:02.136 I/AssistantService-1030200( 2931): registerHwActivityNotifier call fromPackage:com.android.packageinstaller, toPackage:cn.carbs.wricheditor
07-09 18:43:02.136 D/AssistantService-1030200( 2931): handleMessage app switch fromPackage:com.android.packageinstaller, toPackage:cn.carbs.wricheditor
07-09 18:43:02.136 I/chatty  ( 3967): uid=10109(com.huawei.hwid) PPS-IO-pool-thr expire 2 lines
07-09 18:43:02.137 D/ScenarioService( 2975): front pkg : cn.carbs.wricheditor launcher: false
07-09 18:43:02.137 D/ScenarioService( 2975): new above launcher front pkgs: [com.android.packageinstaller, cn.carbs.wricheditor]
07-09 18:43:02.137 I/AppManager( 2975): handleAppFrontEvent: cn.carbs.wricheditor
07-09 18:43:02.137 I/PGServer( 2975): report state:10000 event type:2 pid:0 uid:0 pkg:com.android.packageinstaller to pid: 2931
07-09 18:43:02.137 I/PGServer( 2975): report state:10000 event type:2 pid:0 uid:0 pkg:com.android.packageinstaller to pid: 2975
07-09 18:43:02.137 I/SceneReceiver( 2975): state type: 10000 eventType:2 pid:0 uid:0 pkg:com.android.packageinstaller
07-09 18:43:02.137 I/PGServer( 2975): report state:10000 event type:2 pid:0 uid:0 pkg:com.android.packageinstaller to pid: 1709
07-09 18:43:02.137 I/PGServer( 2975): report state:10000 event type:1 pid:0 uid:0 pkg:cn.carbs.wricheditor to pid: 2931
07-09 18:43:02.137 I/PGServer( 2975): report state:10000 event type:1 pid:0 uid:0 pkg:cn.carbs.wricheditor to pid: 2975
07-09 18:43:02.137 I/ApsAppsTypeHandler( 2975): APS: APK: ApsAppsTypeHandler.getInstance, sInstance = com.huawei.android.hwaps.ApsAppsTypeHandler@8b171a4
07-09 18:43:02.138 D/HicomMonitor( 2931): notifyForegroundAppChanged: pkg:cn.carbs.wricheditor
07-09 18:43:02.138 D/SmartcareProc( 2931): onForegroundAppChanged, pkgName:cn.carbs.wricheditor
07-09 18:43:02.138 W/FIControl( 2931): Failed to find configuration for cn.carbs.wricheditor
07-09 18:43:02.138 D/Hicom_SysEnvMonitor( 2931): onForegroundAppChanged, pkgName: cn.carbs.wricheditor
07-09 18:43:02.138 D/Hicom_PolicyCenterService( 2931): policencenterservice receive handleMessage: 88
07-09 18:43:02.138 D/Hicom_PolicyCenterService( 2931): handleForegroundAppChanged new foreground app 11189
07-09 18:43:02.138 D/Hicom_AppLifeCycleManager( 2931): sAppAllSocketClosed NOT contain: 10040
07-09 18:43:02.138 D/Hicom_PolicyCenterService( 2931): mCurrentForegroundUid is not policy exist
07-09 18:43:02.139 D/Hicom_MpFlowDecisionSystem( 2931): handleForegroundAppChanged try start MPFlow for cur app: cn.carbs.wricheditor, uid:11189
07-09 18:43:02.139 E/Hicom_MpFlowDecisionSystem( 2931): getMultipathFlowByPkgName. multipathPolicy is illegal
07-09 18:43:02.139 E/Hicom_MpFlowDecisionSystem( 2931): startMpFlow. multipathFlow is illegal
07-09 18:43:02.139 I/HwResolverManager( 1709): isMultiScreenCollaborationEnabled: Operate settings exception! 
07-09 18:43:02.139 I/chatty  ( 3967): uid=10109(com.huawei.hwid) PPS-Cal-pool-th expire 1 line
07-09 18:43:02.139 I/PGServer( 2975): checkPkgType. calling pkg: com.huawei.iaware
07-09 18:43:02.148 E/NfcNci  ( 5760): NfcUtils error: APP do not have nfc permission
07-09 18:43:02.139 I/HwResolverManager( 1709): isMultiScreenCollaborationEnabled: Operate settings exception! 
07-09 18:43:02.149 I/BoosterSwitchP( 2931): notifyUidState do nothing
07-09 18:43:02.149 I/DeepNoDisturbP( 2931): notifyUidState
07-09 18:43:02.149 I/BrowserChrP( 2931): notifyUidState
07-09 18:43:02.149 D/HwActivityManagerServiceEx( 1709): notifyAppToTop pid:24430, enable:1
07-09 18:43:02.149 D/HwActivityManagerServiceEx( 1709): notifyAppToTop pid:22584, enable:0
07-09 18:43:02.149 D/HicomMonitor( 2931): notifyAppStarted: uid = 11189
07-09 18:43:02.149 D/HwNetworkManagementService( 1709): code == CODE_SET_CHR_REPORT_APP_LIST
07-09 18:43:02.150 I/AppStatisticProc( 2931): handleAppStarted: pkgName = cn.carbs.wricheditor is not apk supported in Smartcare
07-09 18:43:02.150 D/Hicom_SysEnvMonitor( 2931): onAppStarted, uid: 11189
07-09 18:43:02.150 D/Hicom_PolicyCenterService( 2931): policencenterservice receive handleMessage: 72
07-09 18:43:02.150 I/HwNetworkPolicy( 1709): onTransact, code = 203
07-09 18:43:02.150 I/HwNetworkPolicyManager( 2810): getHwUidPolicy uid = 11189 policy = 0
07-09 18:43:02.150 I/HwNetworkManagementService( 1709): chr appuid set succeeded
07-09 18:43:02.150 E/Hicom_PolicyCenterService( 2931): handleAppStarted. multipathPolicy is null
07-09 18:43:02.150 E/NfcNci  ( 5760): NfcUtils error: APP do not have nfc permission
07-09 18:43:02.150 D/RtgSched(22584): resetRtgSchedHandle failed enable:0
07-09 18:43:02.152 D/HwFrameworkSecurityPartsFactory(24430): HwFrameworkSecurityPartsFactory in.
07-09 18:43:02.152 I/HwFrameworkSecurityPartsFactory(24430): add HwFrameworkSecurityPartsFactory to memory.
07-09 18:43:02.153 D/BehaviorCollectManager(24430): hook process for AI virus second
07-09 18:43:02.154 I/BehaviorCollectManager(24430): bindAnalyzerService: huawei.android.security.IAppBehaviorDataAnalyzer$Stub$Proxy@7183084 pid:24430
07-09 18:43:02.155 I/ChromeSync( 3075): [Sync,SyncIntentOperation] Handling the intent: Intent { act=android.intent.action.PACKAGE_ADDED dat=package:cn.carbs.wricheditor flg=0x4000010 cmp=com.google.android.gms/.chimera.GmsIntentOperationService (has extras) }.
07-09 18:43:02.155 E/NfcNci  ( 5760): NfcUtils error: APP do not have nfc permission
07-09 18:43:02.155 D/HicomMonitor( 2931): notifyPackageChanged: pkgName:cn.carbs.wricheditor, actionId: 3
07-09 18:43:02.155 D/Hicom_SysEnvMonitor( 2931): onPackageChanged, actionId: 3, pkgName:cn.carbs.wricheditor
07-09 18:43:02.155 D/HicomdMessageAdapter( 2931): onPackageChanged, actionId: 3, pkgName:cn.carbs.wricheditor
07-09 18:43:02.155 D/Hicom_PolicyCenterService( 2931): policencenterservice receive handleMessage: 70
07-09 18:43:02.156 E/NfcNci  ( 5760): NfcUtils error: APP do not have nfc permission
07-09 18:43:02.156 I/chatty  ( 5760): uid=1027(nfc) com.android.nfc identical 1 line
07-09 18:43:02.156 E/NfcNci  ( 5760): NfcUtils error: APP do not have nfc permission
07-09 18:43:02.166 I/HiTraceC(24480): entered LogRegisterGetIdFun
07-09 18:43:02.166 I/HiTraceC(24480): entered HiTraceInit
07-09 18:43:02.169 I/AppsUpload( 3075): Received intent with action android.intent.action.PACKAGE_ADDED
07-09 18:43:02.170 I/HwResolverManager( 1709): isMultiScreenCollaborationEnabled: Operate settings exception! 
07-09 18:43:02.174 D/HwFaManagerService( 2931): uninstall package:cn.carbs.wricheditor
07-09 18:43:02.174 I/FaParser( 2931): onPackageRemoved cn.carbs.wricheditor
07-09 18:43:02.178 I/AppsUpload( 3075): Received intent with action android.intent.action.PACKAGE_REPLACED
07-09 18:43:02.175 I/HwResolverManager( 1709): isMultiScreenCollaborationEnabled: Operate settings exception! 
07-09 18:43:02.179 I/JobScheduler.Time( 1709): realNextDelayExpiredElapsedMillis: 98562056
07-09 18:43:02.180 I/Finsky  (23212): [1] kht.a(30): Scheduling job Id: 9003, L: 3952987, D: 16330607, C: false, I: false, N: 0
07-09 18:43:02.180 I/HwResolverManager( 1709): isMultiScreenCollaborationEnabled: Operate settings exception! 
07-09 18:43:02.183 I/FontsPackageChangeOp( 3075): Package cn.carbs.wricheditor has no metadata
07-09 18:43:02.183 I/HiTraceC(24483): entered LogRegisterGetIdFun
07-09 18:43:02.183 I/HiTraceC(24483): entered HiTraceInit
07-09 18:43:02.184 D/BehaviorCollectManager(24410): hook process for AI virus second
07-09 18:43:02.184 I/BehaviorCollectManager(24410): bindAnalyzerService: huawei.android.security.IAppBehaviorDataAnalyzer$Stub$Proxy@7183084 pid:24410
07-09 18:43:02.185 I/HwResolverManager( 1709): isMultiScreenCollaborationEnabled: Operate settings exception! 
07-09 18:43:02.185 W/Looper  ( 1709): Drained
07-09 18:43:02.186 I/HwResolverManager( 1709): isMultiScreenCollaborationEnabled: Operate settings exception! 
07-09 18:43:02.186 E/AwareLog(  918): iawared: GetFileContent read /proc/24483/task/24485/cpuset fail errno(3)!
07-09 18:43:02.187 W/        (  918): Failed to SetQos, ret=-1, tid=24485, qos=1
07-09 18:43:02.188 E/PowerManagerService( 1709): Exception when search wack lock :java.lang.IllegalArgumentException: Wake lock not active: android.os.BinderProxy@9414d29 from uid 10039
07-09 18:43:02.191 I/rbs.wrichedito(24430): QarthPatchMonintor::Init
07-09 18:43:02.191 I/rbs.wrichedito(24430): 
07-09 18:43:02.191 I/rbs.wrichedito(24430): QarthPatchMonintor::StartWatch
07-09 18:43:02.191 I/rbs.wrichedito(24430): 
07-09 18:43:02.191 I/rbs.wrichedito(24430): QarthPatchMonintor::WatchPackage: /data/hotpatch/fwkhotpatch/
07-09 18:43:02.191 I/rbs.wrichedito(24430): 
07-09 18:43:02.191 I/rbs.wrichedito(24430): QarthPatchMonintor::CheckAndWatchPatch: /data/hotpatch/fwkhotpatch/cn.carbs.wricheditor
07-09 18:43:02.191 I/rbs.wrichedito(24430): 
07-09 18:43:02.191 I/rbs.wrichedito(24430): QarthPatchMonintor::CheckAndWatchPatch: /data/hotpatch/fwkhotpatch/all
07-09 18:43:02.191 I/rbs.wrichedito(24430): 
07-09 18:43:02.191 I/rbs.wrichedito(24430): QarthPatchMonintor::Run
07-09 18:43:02.191 I/rbs.wrichedito(24430): 
07-09 18:43:02.191 I/HwLauncher( 5848): Model onPackageChanged packageName = cn.carbs.wricheditor user = UserHandle{0}
07-09 18:43:02.192 I/DPMS_PermissionChangeReceiver( 2931): package is replacing, ignoring intent
07-09 18:43:02.192 I/HwResourcesImpl( 5848): remove icon, packageName = cn.carbs.wricheditor
07-09 18:43:02.192 I/Icon_Cache( 5848): removeByPackageName: key = 2131427328#cn.carbs.wricheditor
07-09 18:43:02.193 I/rbs.wrichedito(24430): QarthPatchMonintor::Reading
07-09 18:43:02.193 I/rbs.wrichedito(24430): 
07-09 18:43:02.193 I/rbs.wrichedito(24430): QarthPatchMonintor::CheckNotifyEvent
07-09 18:43:02.193 I/rbs.wrichedito(24430): 
07-09 18:43:02.193 I/rbs.wrichedito(24430): QarthPatchMonintor::CheckNotifyEvent before read
07-09 18:43:02.193 I/rbs.wrichedito(24430): 
07-09 18:43:02.193 I/HwApiCacheMangerEx(24430): apicache path=/storage/emulated/0 state=mounted key=cn.carbs.wricheditor#11189#256
07-09 18:43:02.193 I/HwApiCacheMangerEx(24430): need clear apicache,because volumes changed,oldCnt=0 newCnt=1
07-09 18:43:02.194 I/HwLauncher( 5848): PowerSaveLauncherModel onPackageChanged packageName = cn.carbs.wricheditor user = UserHandle{0}
07-09 18:43:02.194 E/HwLauncher( 5848): PowerSaveLauncherModel onPackageChanged: not inPowerSaveLauncher 
07-09 18:43:02.194 I/HwLauncher( 5848): StreetModeLauncherModel onPackageChanged packageName = cn.carbs.wricheditor,user = UserHandle{0}
07-09 18:43:02.194 E/HwLauncher( 5848): StreetModeLauncherModel onPackageChanged: not inStreetModeLauncher 
07-09 18:43:02.195 I/HwResolverManager( 1709): isMultiScreenCollaborationEnabled: Operate settings exception! 
07-09 18:43:02.196 I/HwApiCacheMangerEx(24430): apicache path=/storage/emulated/0 state=mounted key=cn.carbs.wricheditor#11189#0
07-09 18:43:02.196 I/HwApiCacheMangerEx(24430): need clear apicache,because volumes changed,oldCnt=1 newCnt=1
07-09 18:43:02.195 I/HwResolverManager( 1709): isMultiScreenCollaborationEnabled: Operate settings exception! 
07-09 18:43:02.198 I/HwResolverManager( 1709): isMultiScreenCollaborationEnabled: Operate settings exception! 
07-09 18:43:02.198 I/HwResolverManager( 1709): isMultiScreenCollaborationEnabled: Operate settings exception! 
07-09 18:43:02.199 D/OpenGLRenderer(24430): disableOutlineDraw is true
07-09 18:43:02.204 E/PowerManagerService( 1709): Exception when search wack lock :java.lang.IllegalArgumentException: Wake lock not active: android.os.BinderProxy@9414d29 from uid 10039
07-09 18:43:02.207 I/AwareBitmapCacher(24430): init processName:cn.carbs.wricheditor pid=24430 uid=11189
07-09 18:43:02.209 E/AwareLog(24430): AtomicFileUtils: readFileLines file not exist: android.util.AtomicFile@a29d0f0
07-09 18:43:02.212 I/iGraphics(24430): [0020080c] pn: cn.carbs.wricheditor, p: 24430
07-09 18:43:02.212 I/iGraphics(24430): [0030080c] no spt app: cn.carbs.wricheditor
07-09 18:43:02.212 I/BroadcastProxy( 2931): handlePackageAddedOrRemoved AddOrRemove:0 isOk:true
07-09 18:43:02.212 D/BroadcastProxy( 2931): sendToMsgCenter event:moduleName:System Package::eventName:EVENT_SYSTEM_PACKAGE_REMOVED
07-09 18:43:02.212 I/OllieMsgCenter( 2931): handleMessage msg.what:2130968596moduleName:System Package::eventName:EVENT_SYSTEM_PACKAGE_REMOVED arg1:0 arg2:0 obj:null
07-09 18:43:02.212 I/SmartDualCardConfig( 2931): onPackageInstallStateUpdate uid=11189,appName=cn.carbs.wricheditor,packageAddFlag=0
07-09 18:43:02.212 I/AppInfoManager_ollie( 2931):  receive EVENT_SYSTEM_PACKAGE_REMOVED uid = 11189
07-09 18:43:02.214 V/ActivityManager( 1709): Successfully start provider ContentProviderRecord{9870af3 u0 com.huawei.dsdscardmanager/.database.provider.PriorityAppProvider} launchingApp=ProcessRecord{9563209 22873:com.huawei.dsdscardmanager/1001} caller pid= 2931
07-09 18:43:02.216 I/SettingProxy( 2931): clear size = 0
07-09 18:43:02.217 I/OllieMsgCenter( 2931): handleMessage msg.what:2134966275moduleName:Invalid Module::eventName:2134966275 arg1:11189 arg2:0 obj:null
07-09 18:43:02.222 I/RecoverableKeyStoreGms( 3075): [KeyRetrievalApi] KeyRetrievalApi is disabled by a flag.
07-09 18:43:02.223 V/ActivityManager( 1709): Successfully start provider ContentProviderRecord{943b43f u0 com.android.providers.settings/.hwext.HwSettingsProvider} launchingApp=null caller pid= 24430
07-09 18:43:02.225 I/ApsAppsTypeHandler( 2975): iAware App Type database changed !
07-09 18:43:02.225 I/ApsAppsTypeHandler( 2975): APS: APK: ApsAppsTypeHandler: handleAllIAwareApps. delay: 5000
07-09 18:43:02.225 I/PGServer( 2975): checkPkgType. calling pkg: com.huawei.iaware
07-09 18:43:02.225 I/AppsUsage( 2975): scnOff:false FgAPP:cn.carbs.wricheditor BgAPP:com.android.packageinstaller
07-09 18:43:02.226 D/AGPService(  868): itouch currentPackageName = cn.carbs.wricheditor
07-09 18:43:02.226 D/AGPService(  868): itouch appType=-1 appState=1 gameMode=2
07-09 18:43:02.226 D/AGPService(  868): itouchReaderMonitor empty
07-09 18:43:02.226 D/AGPService(  868): g_itouch_reader_monitor Monitor::IsReaderMonitorEnable()=0
07-09 18:43:02.226 D/AGPService(  868): itouch getCurrentParmID tempPkg=cn.carbs.xxx
07-09 18:43:02.226 D/AGPService(  868): itouch:app cn.carbs.wricheditor is  not game app
07-09 18:43:02.226 D/AGPService(  868): itouch:app cn.carbs.wricheditor is  not in StylusPenList
07-09 18:43:02.226 D/AGPService(  868): itouch:styluspen_switch is disable
07-09 18:43:02.226 D/AGPService(  868): itouch:currentAppTypeName =|UNKNOWN|
07-09 18:43:02.226 I/SceneReceiver( 2975): state type: 10000 eventType:1 pid:0 uid:0 pkg:cn.carbs.wricheditor
07-09 18:43:02.226 I/PGServer( 2975): report state:10000 event type:1 pid:0 uid:0 pkg:cn.carbs.wricheditor to pid: 1709
07-09 18:43:02.226 D/HwThermalStateManager( 2975): current foreapp pkg : cn.carbs.wricheditor
07-09 18:43:02.227 D/ThermalTrace_ThermalRaise( 2975): current pkg:com.android.packageinstaller
07-09 18:43:02.227 V/ActivityThread(24430): callActivityOnCreate
07-09 18:43:02.227 I/HwAudioService( 1709): now type = 255,reportForegroundAppType = -1,pkg = null,systemload = 255mVoipOptimizeInGameModefalse
07-09 18:43:02.229 E/PowerManagerService( 1709): Exception when search wack lock :java.lang.IllegalArgumentException: Wake lock not active: android.os.BinderProxy@95432a1 from uid 10039
07-09 18:43:02.229 I/HwResolverManager( 1709): isMultiScreenCollaborationEnabled: Operate settings exception! 
07-09 18:43:02.230 I/PGServer( 2975): checkPkgType. calling pkg: android
07-09 18:43:02.231 I/audio_hw_effect(  693): get streamType fail: -2
07-09 18:43:02.232 I/PGServer( 2975): getTopFrontApp. calling pkg: android
07-09 18:43:02.232 I/PushLog100101401( 4439): [main-1]action is android.intent.action.PACKAGE_REMOVED
07-09 18:43:02.233 I/PushLog100101401( 4439): [main-1]dispatchIntent over
07-09 18:43:02.234 I/ChromeSync( 3075): [Persistence,AffiliationManager] One of affiliation or grouping data for android://Ll0swVZlilCJV130wRJML95mDrOv9tXi6O9hLKr4htP42NRYw6J_TAFSoTqsePKObL1zAaKeSMXniRc05zy4bg==@cn.carbs.wricheditor/ was not found. Marking affiliation data as stale...
07-09 18:43:02.234 I/ScenarioService( 2975): app focus change from: com.android.packageinstaller to:cn.carbs.wricheditor
07-09 18:43:02.235 I/AppTypeRecogManager( 2975): iAware App Type database changed !
07-09 18:43:02.235 I/AppTypeRecogManager( 2975): get app type from iAware, pkg:com.huawei.search, iAware type is -1.
07-09 18:43:02.235 I/AppTypeRecogManager( 2975): get app type from iAware, pkg:io.github.mthli.knifedemo, iAware type is -1.
07-09 18:43:02.235 I/AppTypeRecogManager( 2975): get app type from iAware, pkg:com.huawei.tips, iAware type is -1.
07-09 18:43:02.235 I/AppTypeRecogManager( 2975): get app type from iAware, pkg:cn.carbs.wricheditor, iAware type is -1.
07-09 18:43:02.235 V/HwWidgetFactory(24430): : successes to get AllImpl object and return....
07-09 18:43:02.240 I/DecorView[](24430):  old windowMode:0 new windoMode:1
07-09 18:43:02.249 I/OverScrollerOptimization(24430): start init SmartSlideOverScroller and get the overscroller config
07-09 18:43:02.249 I/OverScrollerOptimization(24430): get the overscroller config
07-09 18:43:02.252 E/PowerManagerService( 1709): Exception when search wack lock :java.lang.IllegalArgumentException: Wake lock not active: android.os.BinderProxy@95432a1 from uid 10039
07-09 18:43:02.259 I/meassistant:br(24410): QarthPatchMonintor::Init
07-09 18:43:02.259 I/meassistant:br(24410): 
07-09 18:43:02.259 I/meassistant:br(24410): QarthPatchMonintor::StartWatch
07-09 18:43:02.259 I/meassistant:br(24410): 
07-09 18:43:02.259 I/meassistant:br(24410): QarthPatchMonintor::WatchPackage: /data/hotpatch/fwkhotpatch/
07-09 18:43:02.259 I/meassistant:br(24410): 
07-09 18:43:02.259 I/meassistant:br(24410): QarthPatchMonintor::CheckAndWatchPatch: /data/hotpatch/fwkhotpatch/com.huawei.gameassistant
07-09 18:43:02.259 I/meassistant:br(24410): 
07-09 18:43:02.259 I/meassistant:br(24410): QarthPatchMonintor::CheckAndWatchPatch: /data/hotpatch/fwkhotpatch/all
07-09 18:43:02.259 I/meassistant:br(24410): 
07-09 18:43:02.259 I/meassistant:br(24410): QarthPatchMonintor::Run
07-09 18:43:02.259 I/meassistant:br(24410): 
07-09 18:43:02.268 W/rbs.wrichedito(24430): Accessing hidden method Landroid/view/View;->computeFitSystemWindows(Landroid/graphics/Rect;Landroid/graphics/Rect;)Z (greylist, reflection, allowed)
07-09 18:43:02.268 W/rbs.wrichedito(24430): Accessing hidden method Landroid/view/ViewGroup;->makeOptionalFitsSystemWindows()V (greylist, reflection, allowed)
07-09 18:43:02.272 I/meassistant:br(24410): QarthPatchMonintor::Reading
07-09 18:43:02.272 I/meassistant:br(24410): 
07-09 18:43:02.272 I/meassistant:br(24410): QarthPatchMonintor::CheckNotifyEvent
07-09 18:43:02.272 I/meassistant:br(24410): 
07-09 18:43:02.272 I/meassistant:br(24410): QarthPatchMonintor::CheckNotifyEvent before read
07-09 18:43:02.272 I/meassistant:br(24410): 
07-09 18:43:02.281 I/netd    (  662): trafficSwapActiveStatsMap() <23.72ms>
07-09 18:43:02.282 I/HwGameAssistant-10.5.0.300-(24410): 
07-09 18:43:02.282 I/HwGameAssistant-10.5.0.300-(24410): ==================================================
07-09 18:43:02.282 I/HwGameAssistant-10.5.0.300-(24410): == Package: com.huawei.gameassistant
07-09 18:43:02.282 I/HwGameAssistant-10.5.0.300-(24410): == Version: 1005000300 : 10.5.0.300
07-09 18:43:02.282 I/HwGameAssistant-10.5.0.300-(24410): == Process: 24410 : com.huawei.gameassistant:brd
07-09 18:43:02.282 I/HwGameAssistant-10.5.0.300-(24410): == Time: 2020-07-09 18:43:02.281
07-09 18:43:02.282 I/HwGameAssistant-10.5.0.300-(24410): ==================================================
07-09 18:43:02.282 I/ApplicationContext(24410): ApplicationContext init
07-09 18:43:02.282 I/ApplicationContext(24410): ApplicationContext init ok
07-09 18:43:02.283 I/dubaid  (  876): [DubaiStorage.cpp] DoFlushEntriesBuffer# Flush all entries into database
07-09 18:43:02.283 I/HwGameAssistant-10.5.0.300-NetWorkLogic(24410): init
07-09 18:43:02.283 E/PowerManagerService( 1709): Exception when search wack lock :java.lang.IllegalArgumentException: Wake lock not active: android.os.BinderProxy@95432a1 from uid 10039
07-09 18:43:02.285 D/HwConnectivityServiceEx( 1709): set 10120 wlan0 value true
07-09 18:43:02.285 I/ConnectivityService( 1709): BLOCKED uid 10120
07-09 18:43:02.291 D/ActivityThread(24430): add activity client record, r= ActivityRecord{e734999 token=android.os.BinderProxy@e2d106d {cn.carbs.wricheditor/cn.carbs.wricheditor.MainActivity}} token= android.os.BinderProxy@e2d106d
07-09 18:43:02.300 I/HwApiCacheMangerEx(24410): apicache path=/storage/emulated/0 state=mounted key=com.huawei.gameassistant#10120#256
07-09 18:43:02.300 I/HwApiCacheMangerEx(24410): need clear apicache,because volumes changed,oldCnt=0 newCnt=1
07-09 18:43:02.301 I/HwApiCacheMangerEx(24410): apicache path=/storage/emulated/0 state=mounted key=com.huawei.gameassistant#10120#0
07-09 18:43:02.301 I/HwApiCacheMangerEx(24410): need clear apicache,because volumes changed,oldCnt=1 newCnt=1
07-09 18:43:02.302 D/HwActivityManagerServiceEx( 1709): notifyAppToTop pid:24430, enable:1
07-09 18:43:02.303 I/WindowManager( 1709): addWindow: Window{9473a99 u0 cn.carbs.wricheditor/cn.carbs.wricheditor.MainActivity}
07-09 18:43:02.306 I/RmeSchedManager(24430): init Rme, version is: v1.0
07-09 18:43:02.306 I/AppLifeChangeSensor( 7191): CAWARENESS: activityResumed componentName = ComponentInfo{cn.carbs.wricheditor/cn.carbs.wricheditor.MainActivity}
07-09 18:43:02.306 E/AppLifeChangeSensor( 7191): CAWARENESS: activityResumed mAppLifeChangeCallback is null 
07-09 18:43:02.306 D/OpenGLRenderer(24430): disableOutlineDraw is true
07-09 18:43:02.306 I/HwAudioServiceEx( 1709): ComponentInfo : className = cn.carbs.wricheditor.MainActivity, flag=onResume, isHomeActivity=, isTop=true
07-09 18:43:02.306 I/HwAudioServiceEx( 1709): sendAppKilledIntentForKit, isKitPackageOnPause = false, isKitPackageKill = false, isKitPackageOnResume = false
07-09 18:43:02.307 D/DollieActivityManagerAdapter( 2931): [Resumed] bg:true pid:24430 uid:11189 ComponentInfo{cn.carbs.wricheditor/cn.carbs.wricheditor.MainActivity}
07-09 18:43:02.307 E/DollieAdapterService( 2931): notifyActivityState pkg:cn.carbs.wricheditor/cn.carbs.wricheditor.MainActivity state:2 fg:true mUid:11189
07-09 18:43:02.307 I/OPCollectLog( 3284): AppChangeImpl:call onAppChange.
07-09 18:43:02.307 I/HidataAppQoeP( 2931): foregroundUidAdd uid: 11189 name: cn.carbs.wricheditor activity state: true
07-09 18:43:02.307 I/OPCollectLog( 3284): HwForegroundAppAction:handleMessage 
07-09 18:43:02.307 D/OPCollectLog( 3284): HwForegroundAppAction:FG executeWithArgs
07-09 18:43:02.307 I/OPCollectLog( 3284): OPCollectUtils:ODMF Api Version:2.15.3
07-09 18:43:02.307 I/ContentSensor_ContentSensorService( 5737): The ComponentName can not be autoGrabbed or allowed all text capture
07-09 18:43:02.307 I/OPCollectLog( 3284): Action:HwForegroundAppAction executed successfully
07-09 18:43:02.307 D/OPCollectLog( 3284): OdmfCollectScheduler:handleMessage msg: 4
07-09 18:43:02.307 I/OPCollectLog( 3284): OdmfHelper:opcollectCache 1
07-09 18:43:02.307 I/OPCollectLog( 3284): OdmfHelper:opcollectCache curTime: 98547415, interval: 390
07-09 18:43:02.308 E/BoosterUtil( 2931): convertSubIdToSlotId failed, subId:0, slotId:-1
07-09 18:43:02.308 E/BoosterUtil( 2931): getDefaultDataSlotId failed, invalid slotId:-1, subId:0
07-09 18:43:02.308 I/ConnCureStateMonitor( 2931): handleMessage: msg[2]
07-09 18:43:02.308 I/HwPacketFilterBypass( 2931): handleActivityUidStateChanged uid:11189 -1 foreground:1
07-09 18:43:02.308 I/NetworkQoeChr( 2931): checkForegroundApp timer end
07-09 18:43:02.308 I/OllieMsgCenter( 2931): handleMessage msg.what:2130771969moduleName:Ollie Aware::eventName:EVENT_OLLIE_ACTIVITY_UID_STATE_CHANGED arg1:0 arg2:0 obj:com.huawei.systemserver.booster.ollie.common.schedule.AwareProxy$ActivityUidInfo@2b21b2
07-09 18:43:02.308 I/OllieMsgCenter( 2931): handleMessage msg.what:2130771985moduleName:Ollie Aware::eventName:EVENT_OLLIE_ACTIVITY_CHANGED arg1:0 arg2:0 obj:com.huawei.systemserver.booster.ollie.common.schedule.AwareProxy$ActivityUidInfo@84dc503
07-09 18:43:02.308 I/SpeedTestNotifier( 2931): Speed test app is back Activity
07-09 18:43:02.309 I/SmartDualCardConfig( 2931): getAppType,pkgName=cn.carbs.wricheditor,appType=-1
07-09 18:43:02.309 E/SmartDualCardConfig( 2931): isAppInBlackList false,items==null
07-09 18:43:02.309 I/SmartDualCardConfig( 2931): isAppInWhiteList false,uid=11189
07-09 18:43:02.309 D/ForegroundDataOpt( 2931): is APK changed:true uid:11189 mBgLimitLevel:0
07-09 18:43:02.309 I/OllieMsgCenter( 2931): handleMessage msg.what:2134966274moduleName:Invalid Module::eventName:2134966274 arg1:1 arg2:0 obj:com.huawei.systemserver.booster.ollie.service.dollie.common.AppInfo@e75fc80
07-09 18:43:02.309 I/ForegroundDataOpt( 2931): mCurUid changed to 11189
07-09 18:43:02.309 D/DsduChr ( 2931): uid=11189, isTrafficFree=false, isUsingFreeTraffic=false
07-09 18:43:02.309 I/OPCollectLog( 3284): OdmfHelper:isCharging: true
07-09 18:43:02.312 V/ActivityManager( 1709): Successfully start provider ContentProviderRecord{943b43f u0 com.android.providers.settings/.hwext.HwSettingsProvider} launchingApp=null caller pid= 24410
07-09 18:43:02.312 I/PreDnsQuery( 2931): onReceive: intent = android.intent.action.PACKAGE_REMOVED
07-09 18:43:02.312 I/OPCollectLog( 3284): OdmfHelper:insert database success 
07-09 18:43:02.312 I/OPCollectLog( 3284): OdmfHelper:opcollectCache size: 1
07-09 18:43:02.312 I/OPCollectLog( 3284): OdmfHelper:opcollectCache lastTime: 98547420
07-09 18:43:02.317 D/HiTouch_PressGestureDetector(24430): onAttached, package=cn.carbs.wricheditor, windowType=1, mHiTouchRestricted=false
07-09 18:43:02.327 I/WindowManager( 1709): Changing focus from null to Window{9473a99 u0 cn.carbs.wricheditor/cn.carbs.wricheditor.MainActivity} displayId=0 Callers=com.android.server.wm.RootWindowContainer.updateFocusedWindowLocked:4545952 com.android.server.wm.WindowManagerService.updateFocusedWindowLocked:4548172 com.android.server.wm.WindowManagerService.relayoutWindow:4703972 com.android.server.wm.Session.relayout:4697780 
07-09 18:43:02.327 V/HwPhoneWindowManager( 1709): updateSystemUiColorLw window=Window{9473a99 u0 cn.carbs.wricheditor/cn.carbs.wricheditor.MainActivity},EmuiStyle=0,StatusBarColor=0xff3700b3,NavigationBarColor=0xfffcfcfc, mForceNotchStatusBar=false
07-09 18:43:02.327 I/chatty  ( 1709): uid=1000(system) android.ui expire 3 lines
07-09 18:43:02.327 I/HwCommandQueue( 2645): updateBarBgColor
07-09 18:43:02.327 D/HwCommandQueue( 2645): CommandQueue, setBarBackgroundColor
07-09 18:43:02.327 I/StatusBarDisable( 1709): setFlags what=0 which=1 pkg=Window{9473a99 u0 cn.carbs.wricheditor/cn.carbs.wricheditor.MainActivity}
07-09 18:43:02.329 D/mali_winsys(24430): EGLint new_window_surface(egl_winsys_display *, void *, EGLSurface, EGLConfig, egl_winsys_surface **, EGLBoolean) returns 0x3000
07-09 18:43:02.330 I/HwGameAssistant-10.5.0.300-GameassistantApplication(24410): exit superpower,current mode:2
07-09 18:43:02.332 I/HwGameAssistant-10.5.0.300-SecurityUtil(24410): init start
07-09 18:43:02.333 I/HwGameAssistant-10.5.0.300-SecurityUtil(24410): isInit is true
07-09 18:43:02.333 I/GRALLOC (  683): getCallingPid=723, shrFd=11,fmt=0x1,intFmt=0x200000001,btStrd=4352,size=10399744,pid=683 
07-09 18:43:02.333 I/GRALLOC (  683): 	 yuv=2,w=1080,h=2340,Stride u=0 v=0,offset u=0 v=0 
07-09 18:43:02.333 I/GRALLOC (  683): 	 iova_size=10399744,conUsg=0xb00,proUsg=0xb00,	 strd=1088,[afbc]HdrStrd=1088 PyldStrd=69632 Scrmbl=2, ionhnd = 0 
07-09 18:43:02.333 I/HwGameAssistant-10.5.0.300-SecurityUtil(24410): init KeyPair success.
07-09 18:43:02.334 I/ScenarioService( 2975): refresh visibleApp:[cn.carbs.wricheditor]
07-09 18:43:02.334 I/PGServer( 2975): report state:10022 event type:1 pid:-1 uid:-1 pkg:cn.carbs.wricheditor to pid: 2975
07-09 18:43:02.334 I/AGPService(  868): aps-info: focus pkgName - cn.carbs.wricheditor, with 0 more apps
07-09 18:43:02.334 I/AGPService(  868): aps-info: new pkgName - cn.carbs.wricheditor
07-09 18:43:02.334 I/AGPService(  868): fpscommon: this is non game, type -1
07-09 18:43:02.337 I/AwareBitmapCacher(24410): init processName:com.huawei.gameassistant:brd pid=24410 uid=10120
07-09 18:43:02.338 I/GRALLOC (  683): getCallingPid=723, shrFd=11,fmt=0x1,intFmt=0x200000001,btStrd=4352,size=10399744,pid=683 
07-09 18:43:02.338 I/GRALLOC (  683): 	 yuv=2,w=1080,h=2340,Stride u=0 v=0,offset u=0 v=0 
07-09 18:43:02.338 I/GRALLOC (  683): 	 iova_size=10399744,conUsg=0xb00,proUsg=0xb00,	 strd=1088,[afbc]HdrStrd=1088 PyldStrd=69632 Scrmbl=2, ionhnd = 0 
07-09 18:43:02.338 I/hwservicemanager(  492): getTransport: Cannot find entry android.hardware.graphics.mapper@3.0::IMapper/default in either framework or device manifest.
07-09 18:43:02.338 W/Gralloc3(24430): mapper 3.x is not supported
07-09 18:43:02.342 I/GRALLOC (  683): getCallingPid=723, shrFd=11,fmt=0x1,intFmt=0x200000001,btStrd=4352,size=10399744,pid=683 
07-09 18:43:02.342 I/GRALLOC (  683): 	 yuv=2,w=1080,h=2340,Stride u=0 v=0,offset u=0 v=0 
07-09 18:43:02.342 I/GRALLOC (  683): 	 iova_size=10399744,conUsg=0xb00,proUsg=0xb00,	 strd=1088,[afbc]HdrStrd=1088 PyldStrd=69632 Scrmbl=2, ionhnd = 0 
07-09 18:43:02.343 I/HwResolverManager( 1709): isMultiScreenCollaborationEnabled: Operate settings exception! 
07-09 18:43:02.348 E/Handler (24410): This is not main thread, and the caller should invoke Looper.prepare()  and Looper.loop()called byandroid.os.Handler.<init>:122 com.huawei.android.feature.split.hianalytics.HianalyticsHelper.report:140 com.huawei.android.feature.split.compat.FeatureCompat.install:20 com.huawei.android.dynamicfeature.plugin.language.LanguageFeatureCompat.install:45 com.huawei.android.dynamicfeature.plugin.language.LanguagePlugin.installllanguage:46 com.huawei.android.dynamicfeature.plugin.language.LanguagePlugin$1.run:59 java.lang.Thread.run:929 <bottom of call stack> 
07-09 18:43:02.349 I/HwGameAssistant-10.5.0.300-GameassistantApplication(24410): isFirstOpen:false
07-09 18:43:02.353 I/BoosterGameP( 2931): handleStateChanged reason=12
07-09 18:43:02.356 E/BoosterUtil( 2931): convertSubIdToSlotId failed, subId:0, slotId:-1
07-09 18:43:02.356 E/BoosterUtil( 2931): getDefaultDataSlotId failed, invalid slotId:-1, subId:0
07-09 18:43:02.356 I/BoosterVideoP( 2931): handleStateChanged reason=12
07-09 18:43:02.356 D/FeatureCompat(24410): FeatureCompat install
07-09 18:43:02.357 E/BoosterUtil( 2931): convertSubIdToSlotId failed, subId:0, slotId:-1
07-09 18:43:02.357 E/BoosterUtil( 2931): getDefaultDataSlotId failed, invalid slotId:-1, subId:0
07-09 18:43:02.357 D/HWFeatureCompat(24410): compat install
07-09 18:43:02.357 I/BoosterSwitchP( 2931): handleStateChanged reason=12
07-09 18:43:02.358 E/BoosterUtil( 2931): convertSubIdToSlotId failed, subId:0, slotId:-1
07-09 18:43:02.358 E/BoosterUtil( 2931): getDefaultDataSlotId failed, invalid slotId:-1, subId:0
07-09 18:43:02.358 V/ActivityManager( 1709): Successfully start provider ContentProviderRecord{9793f8c u0 com.huawei.hwid/.fingerprint.provider.HwIDProvider} launchingApp=ProcessRecord{926e699 3766:com.huawei.hwid.core/u0a109} caller pid= 24410
07-09 18:43:02.359 E/BoosterUtil( 2931): convertSubIdToSlotId failed, subId:0, slotId:-1
07-09 18:43:02.359 E/BoosterUtil( 2931): getDefaultDataSlotId failed, invalid slotId:-1, subId:0
07-09 18:43:02.359 I/DeepNoDisturbP( 2931): handleStateChanged reason=12
07-09 18:43:02.360 I/chatty  ( 3766): uid=10109(com.huawei.hwid) Binder:3766_5 expire 14 lines
07-09 18:43:02.360 I/chatty  ( 3766): uid=10109(com.huawei.hwid) Core-LogWrite expire 739 lines
07-09 18:43:02.361 W/HwGameAssistant-10.5.0.300-RemovePackageIntentReceiver(24410): is updating
07-09 18:43:02.362 I/ConnectivityService( 1709): BLOCKED uid 10120
07-09 18:43:02.363 I/chatty  ( 3766): uid=10109 com.huawei.hwid.core expire 15 lines
07-09 18:43:02.366 I/HwNaturalBase( 3013): [AppDataClearReceiver]: AppDataClearBroadcastReceiver: clear app data start 
07-09 18:43:02.367 W/ContextImpl( 3013): Calling a method in the system process without a qualified user: android.app.ContextImpl.startService:1674 android.content.ContextWrapper.startService:669 android.content.ContextWrapper.startService:669 com.huawei.nb.receiver.AppDataClearBroadcastReceiver$1.run:67 com.huawei.nb.scheduler.a.b.run:55 
07-09 18:43:02.367 E/BoosterUtil( 2931): convertSubIdToSlotId failed, subId:0, slotId:-1
07-09 18:43:02.367 E/BoosterUtil( 2931): getDefaultDataSlotId failed, invalid slotId:-1, subId:0
07-09 18:43:02.368 E/BoosterUtil( 2931): convertSubIdToSlotId failed, subId:0, slotId:-1
07-09 18:43:02.368 E/BoosterUtil( 2931): getDefaultDataSlotId failed, invalid slotId:-1, subId:0
07-09 18:43:02.368 I/HidataAppQoeP( 2931): handleStateChanged reason=12
07-09 18:43:02.369 D/FeatureInstallListenerRegistry(24410): forceRegister
07-09 18:43:02.369 D/TAG     (24410): updateRegistAction registerReceiver
07-09 18:43:02.372 E/BoosterUtil( 2931): convertSubIdToSlotId failed, subId:0, slotId:-1
07-09 18:43:02.372 E/BoosterUtil( 2931): getDefaultDataSlotId failed, invalid slotId:-1, subId:0
07-09 18:43:02.372 I/PreDnsQuery( 2931): handleStateChanged reason=12
07-09 18:43:02.373 I/HwNaturalBase( 3013): [main]: KvDataClearService:  KvDataClearService onCreate 0
07-09 18:43:02.373 I/HwNaturalBase( 3013): [main]: KvDataClearService: clearDataByOwner start
07-09 18:43:02.373 I/HwNaturalBase( 3013): [main]: Service not registered.
07-09 18:43:02.373 E/BoosterUtil( 2931): convertSubIdToSlotId failed, subId:0, slotId:-1
07-09 18:43:02.373 E/BoosterUtil( 2931): getDefaultDataSlotId failed, invalid slotId:-1, subId:0
07-09 18:43:02.373 I/PreDnsQuery( 2931): No need to handled!
07-09 18:43:02.373 I/BrowserChrP( 2931): handleStateChanged
07-09 18:43:02.374 I/HwResolverManager( 1709): isMultiScreenCollaborationEnabled: Operate settings exception! 
07-09 18:43:02.374 W/ContextImpl( 3013): Calling a method in the system process without a qualified user: android.app.ContextImpl.bindService:1753 android.content.ContextWrapper.bindService:705 com.huawei.nb.client.RemoteServiceConnection.open:132 com.huawei.nb.client.Proxy.connect:172 com.huawei.nb.client.DualProxy.connect:72 
07-09 18:43:02.374 I/HwNaturalBase( 3013): [AppDataClearReceiver]: AppDataClearBroadcastReceiver: onReceive clear app data pkg in KvDataClearService, pkg is cn.carbs.wricheditor ,userId is 0
07-09 18:43:02.378 D/HwNaturalBase( 3013): [main]: Succeed to open connection to NaturalBase Data Service.
07-09 18:43:02.378 I/HwNaturalBase( 3013): [main]: KvDataClearService:  KvDataClearService onStartCommand, pkgName is cn.carbs.wricheditor
07-09 18:43:02.379 I/HwNaturalBase( 3013): [main]: onServiceConnected invoke.
07-09 18:43:02.379 I/HwNaturalBase( 3013): [main]: Connection got remote is true
07-09 18:43:02.379 V/ActivityManager( 1709): Successfully start provider ContentProviderRecord{97d743f u0 com.huawei.systemmanager/.netassistant.db.traffic.TrafficDBProvider} launchingApp=null caller pid= 23097
07-09 18:43:02.379 I/HwNaturalBase( 3013): [main]: Succeed to connect to NaturalBase Data Service.
07-09 18:43:02.379 I/HwNaturalBase( 3013): [connectCallback]: Service not registered.
07-09 18:43:02.380 W/ContextImpl(23097): Calling a method in the system process without a qualified user: android.app.ContextImpl.startService:1674 android.content.ContextWrapper.startService:669 android.content.ContextWrapper.startService:669 com.huawei.securitycenter.antivirus.utils.c.s:44 com.huawei.securitycenter.antivirus.AntiVirusReceiver.q:11 
07-09 18:43:02.384 W/ContextImpl( 3013): Calling a method in the system process without a qualified user: android.app.ContextImpl.bindService:1753 android.content.ContextWrapper.bindService:705 com.huawei.nb.client.RemoteServiceConnection.open:132 com.huawei.nb.client.Proxy.connect:172 com.huawei.nb.client.DualProxy.access$101:28 
07-09 18:43:02.386 I/HwNaturalBase( 3013): [main]: onServiceConnected invoke.
07-09 18:43:02.386 I/HwNaturalBase( 3013): [main]: Connection got remote is true
07-09 18:43:02.386 I/HwNaturalBase( 3013): [main]: Succeed to connect to NaturalBase KV Service.
07-09 18:43:02.386 I/HwNaturalBase( 3013): [connectCallback]: KvDataClearService: kv Service is connected
07-09 18:43:02.386 D/HwNaturalBase( 3013): [connectCallback]: Succeed to open connection to NaturalBase KV Service.
07-09 18:43:02.387 I/HwNaturalBase( 3013): [connectCallback]: createKvDataManager userId is 0
07-09 18:43:02.387 I/HwNaturalBase( 3013): [connectCallback]: KvDatamanager KvStoreProxy getKvStore userId is 0
07-09 18:43:02.387 I/HwNaturalBase( 3013): [connectCallback]: KvDatamanager KvStoreProxy getKvStore userId is 0
07-09 18:43:02.387 D/HwNaturalBase( 3013): [connectCallback]: clearDataByOwner start
07-09 18:43:02.388 I/HwGameAssistant-10.5.0.300-HmsSignInManager(24410): query HwID login resultCode:1
07-09 18:43:02.390 I/HwGameAssistant-10.5.0.300-HmsSignInRequest(24410): mActivity is null
07-09 18:43:02.393 I/HwViewRootImpl(24430): removeInvalidNode jank list is null
07-09 18:43:02.395 I/WindowManager( 1709): dispatchResized : win = Window{9473a99 u0 cn.carbs.wricheditor/cn.carbs.wricheditor.MainActivity} drawState = READY_TO_SHOW
07-09 18:43:02.397 I/netd    (  662): trafficSwapActiveStatsMap() <20.38ms>
07-09 18:43:02.398 I/WindowManager( 1709): removeIfPossible: Window{9444a09 u0 Splash Screen cn.carbs.wricheditor} callers=com.android.server.wm.WindowState.removeIfPossible:1371784 com.android.server.wm.WindowManagerService.removeWindow:1384364 android.view.ViewRootImpl.dispatchDetachedFromWindow:4972624 android.view.ViewRootImpl.doDie:4973316 android.view.ViewRootImpl$ViewRootHandler.handleMessage:5301492 
07-09 18:43:02.399 I/WindowManager( 1709): Not removing Window{9444a09 u0 Splash Screen cn.carbs.wricheditor EXITING} due to exit animation 
07-09 18:43:02.409 D/DecorView(24430): showOrHideHighlightView: hasFocus=true; winMode=1; isMrgNull=true
07-09 18:43:02.410 W/InputMethodManager(24430): startInputReason = 1
07-09 18:43:02.412 I/netd    (  662): trafficSwapActiveStatsMap() <13.81ms>
07-09 18:43:02.414 I/AppUninstallReceiver( 2931): replaced = true dataRemoved = false
07-09 18:43:02.416 W/InputMethodManager(24430): startInputReason = 5
07-09 18:43:02.417 W/BufferQueueProducer(  723): [com.android.packageinstaller/com.android.packageinstaller.InstallSuccess#0]:1368: disconnect: not connected (req=1)
07-09 18:43:02.417 W/libEGL  (22584): EGLNativeWindowType 0x7582429c10 disconnect failed
