--------- beginning of system
06-22 15:51:49.957 I/AlarmManager( 1429): remove alarm:Alarm{a47cbcb type 1 when 1592841600000 PendingIntent{a1c5735: PendingIntentRecord{a21b1d1 android broadcastIntent}}android procName system} according to operation:a1c5735
06-22 15:51:49.961 D/DevicePolicyManager( 1429): updateSystemUpdateFreezePeriodsRecord
06-22 15:51:49.961 I/EyeProtectionControllerImpl( 1429): onReceive intent action = android.intent.action.TIME_SET
06-22 15:51:49.962 D/ConditionProviders.SCP( 1429): onReceive android.intent.action.TIME_SET
06-22 15:51:49.963 I/ActivityManager( 1429): App 10055/com.android.calendar targets O+, restricted
06-22 15:51:49.967 D/HwConnectivityServiceEx( 1429): set cache by key is 1000 interfaceName iswlan0 value is false
06-22 15:51:49.968 D/ConnectivityService( 1429): get Network state from cache, cacheBlock is 0
06-22 15:51:49.968 W/ProcBatteryStats( 1429): timer is running , not start, name: com.android.phone, uid: 1001, tag: *telephony-radio*
06-22 15:51:49.970 W/ProcBatteryStats( 1429): timer is running , not start, name: com.android.phone, uid: 1001, tag: *telephony-radio*
06-22 15:51:49.972 I/HwAlarmManagerService( 1429): hwSetAlarm listenerTag: TIME_TICK
06-22 15:51:49.974 I/AlarmManager( 1429): remove alarm:Alarm{a45d129 type 1 when 1593176400000 PendingIntent{a4c2df9: PendingIntentRecord{a401c69 com.huawei.android.totemweather broadcastIntent}}com.huawei.android.totemweather procName com.huawei.android.totemweather} according to operation:9fa826d
06-22 15:51:49.977 D/ConditionProviders.SCP( 1429): evaluateSubscriptionLocked cal=ScheduleCalendar[mDays={1, 7}, mSchedule=ScheduleInfo{days=[1, 7], startHour=22, startMinute=0, endHour=7, endMinute=0, exitAtAlarm=false, nextAlarm=Thu Jan 01 08:00:00 GMT+08:00 1970 (0)}], now=Mon Jun 22 15:51:49 GMT+08:00 2020 (1592812309962), nextUserAlarmTime=Thu Jan 01 08:00:00 GMT+08:00 1970 (0)
06-22 15:51:49.977 D/ConditionProviders.SCP( 1429): notifyCondition condition://android/schedule?days=1.7&start=22.0&end=7.0&exitAtAlarm=false STATE_FALSE reason=!meetsSchedule
06-22 15:51:49.978 I/AlarmManager( 1429): remove alarm:Alarm{a10cf05 type 0 when 1593180000000 PendingIntent{a2dcb25: PendingIntentRecord{a274a09 android broadcastIntent}}android procName system} according to operation:a4f1829
06-22 15:51:49.979 W/ProcBatteryStats( 1429): timer is not running , not stop, name: com.android.phone, uid: 1001, tag: *telephony-radio*
06-22 15:51:49.980 D/ConditionProviders.SCP( 1429): Scheduling evaluate for Mon Jun 22 22:00:00 GMT+08:00 2020 (1592834400000), in +6h8m10s38ms, now=Mon Jun 22 15:51:49 GMT+08:00 2020 (1592812309962)
06-22 15:51:49.982 D/DevicePolicyManager( 1429): updateSystemUpdateFreezePeriodsRecord
06-22 15:51:49.982 I/EyeProtectionControllerImpl( 1429): onReceive intent action = android.intent.action.TIME_SET
06-22 15:51:49.983 D/ConditionProviders.SCP( 1429): onReceive android.intent.action.TIME_SET
06-22 15:51:49.983 W/ProcBatteryStats( 1429): timer is not running , not stop, name: com.android.phone, uid: 1001, tag: *telephony-radio*
06-22 15:51:49.983 D/ConditionProviders.SCP( 1429): evaluateSubscriptionLocked cal=ScheduleCalendar[mDays={1, 7}, mSchedule=ScheduleInfo{days=[1, 7], startHour=22, startMinute=0, endHour=7, endMinute=0, exitAtAlarm=false, nextAlarm=Thu Jan 01 08:00:00 GMT+08:00 1970 (0)}], now=Mon Jun 22 15:51:49 GMT+08:00 2020 (1592812309983), nextUserAlarmTime=Thu Jan 01 08:00:00 GMT+08:00 1970 (0)
06-22 15:51:49.983 D/ConditionProviders.SCP( 1429): notifyCondition condition://android/schedule?days=1.7&start=22.0&end=7.0&exitAtAlarm=false STATE_FALSE reason=!meetsSchedule
06-22 15:51:49.984 I/UsageStatsService( 1429): Time changed in UsageStats by -345601 seconds
06-22 15:51:49.984 I/UsageStatsService( 1429): User[0] Flushing usage stats to disk
06-22 15:51:49.984 I/AlarmManager( 1429): remove alarm:Alarm{a447ccf type 0 when 1592834400000 PendingIntent{a4f1829: PendingIntentRecord{a274a09 android broadcastIntent}}android procName system} according to operation:9fa8265
06-22 15:51:49.986 V/ActivityManager( 1429): Successfully start provider ContentProviderRecord{a3f210e u0 com.android.providers.calendar/.CalendarProvider2} launchingApp=ProcessRecord{a34ad29 29201:com.android.providers.calendar/u0a9} caller pid= 1429
06-22 15:51:49.987 D/ConnectivityService( 1429): get Network state from cache, cacheBlock is 0
06-22 15:51:49.987 D/ConnectivityService( 1429): get Network state from cache, cacheBlock is 0
06-22 15:51:49.987 D/ConditionProviders.SCP( 1429): Scheduling evaluate for Mon Jun 22 22:00:00 GMT+08:00 2020 (1592834400000), in +6h8m10s17ms, now=Mon Jun 22 15:51:49 GMT+08:00 2020 (1592812309983)
06-22 15:51:49.989 I/AlarmManager( 1429): remove alarm:Alarm{a47ca75 type 1 when 1592830800000 PendingIntent{9fa826d: PendingIntentRecord{a401c69 com.huawei.android.totemweather broadcastIntent}}com.huawei.android.totemweather procName com.huawei.android.totemweather} according to operation:a4429e9
06-22 15:51:49.991 W/ProcBatteryStats( 1429): timer is running , not start, name: com.android.phone, uid: 1001, tag: *telephony-radio*
06-22 15:51:49.991 I/AlarmManager( 1429): remove alarm:Alarm{a47cb4d type 0 when 1592812319968 PendingIntent{a23a9e9: PendingIntentRecord{a4a4789 android broadcastIntent}}android procName com.huawei.android.pushagent.PushService} according to operation:a3c7a75
06-22 15:51:49.993 W/ProcBatteryStats( 1429): timer is running , not start, name: com.android.phone, uid: 1001, tag: *telephony-radio*
06-22 15:51:49.998 V/ActivityManager( 1429): Successfully start provider ContentProviderRecord{a3f210e u0 com.android.providers.calendar/.CalendarProvider2} launchingApp=ProcessRecord{a34ad29 29201:com.android.providers.calendar/u0a9} caller pid= 29174
06-22 15:51:49.998 W/ProcBatteryStats( 1429): timer is not running , not stop, name: com.android.phone, uid: 1001, tag: *telephony-radio*
06-22 15:51:49.999 I/AlarmManager( 1429): remove alarm:Alarm{a47ca75 type 0 when 1592812319987 PendingIntent{a3c7a75: PendingIntentRecord{a4a4789 android broadcastIntent}}android procName com.huawei.android.pushagent.PushService} according to operation:9deb635
06-22 15:51:49.999 W/ProcBatteryStats( 1429): timer is not running , not stop, name: com.android.phone, uid: 1001, tag: *telephony-radio*
06-22 15:51:50.001 I/AlarmManager( 1429): remove alarm:Alarm{a10ce09 type 0 when 1593228266035 PendingIntent{a27afdd: PendingIntentRecord{a264ff5 android broadcastIntent}}android procName system} according to operation:a42e3fd
06-22 15:51:50.004 I/AlarmManager( 1429): remove alarm:Alarm{a338e99 type 0 when 1593158119934 PendingIntent{a32363d: PendingIntentRecord{a268705 android broadcastIntent}}android procName com.huawei.android.pushagent.PushService} according to operation:a4f7c25
06-22 15:51:50.007 W/ProcBatteryStats( 1429): timer is running , not start, name: android, uid: 1000, tag: DispatcherLockTag
06-22 15:51:50.010 I/AlarmManager( 1429): remove alarm:Alarm{a3eefef type 1 when 1593159096135 PendingIntent{a0e6d41: PendingIntentRecord{a2a03f5 android broadcastIntent}}android procName com.huawei.android.pushagent.PushService} according to operation:9f10185
06-22 15:51:50.018 I/AlarmManager( 1429): remove alarm:Alarm{a47ca75 type 0 when 1592812610003 PendingIntent{a4f7c25: PendingIntentRecord{a268705 android broadcastIntent}}android procName com.huawei.android.pushagent.PushService} according to operation:a351269
06-22 15:51:50.021 I/ActivityManager( 1429): App 10055/com.android.calendar targets O+, restricted
06-22 15:51:50.021 I/AlarmManager( 1429): remove alarm:Alarm{a47cb4d type 0 when 1592898709983 PendingIntent{a42e3fd: PendingIntentRecord{a264ff5 android broadcastIntent}}android procName system} according to operation:9deb645
06-22 15:51:50.025 I/AlarmManager( 1429): remove alarm:Alarm{a338e99 type 1 when 1592813510009 PendingIntent{9f10185: PendingIntentRecord{a2a03f5 android broadcastIntent}}android procName com.huawei.android.pushagent.PushService} according to operation:a2dca6d
06-22 15:51:50.028 I/UsageStatsDatabase( 1429): Time changed by -4d0h0m1s482ms. files deleted: 0 files moved: 21
06-22 15:51:50.031 I/ActivityManager( 1429): App 10055/com.android.calendar targets O+, restricted
06-22 15:51:50.039 I/UsageStatsService( 1429): User[0] Rollover scheduled @ 2020-06-23 15:09:09(1592896149588)
06-22 15:51:50.046 I/ActivityManager( 1429): App 10084/com.android.deskclock targets O+, restricted
06-22 15:51:50.047 I/AlarmManager( 1429): remove alarm:Alarm{a3eee87 type 1 when 1593187200144 PendingIntent{a3d40a1: PendingIntentRecord{a37c439 com.android.calendar broadcastIntent}}com.android.calendar procName com.android.calendar} according to operation:a4c2d85
06-22 15:51:50.052 I/ActivityManager( 1429): App 10055/com.android.calendar targets O+, restricted
06-22 15:51:50.066 I/ActivityManager( 1429): App 10055/com.android.calendar targets O+, restricted
06-22 15:51:50.068 I/AlarmManager( 1429): remove alarm:Alarm{a3dac3f type 1 when 1593170904687 PendingIntent{9fb2bfd: PendingIntentRecord{a0cc875 com.huawei.android.hwouc broadcastIntent}}com.huawei.android.hwouc procName com.huawei.android.hwouc} according to operation:9df464d
06-22 15:51:50.070 V/BroadcastQueue( 1429): Finished with ordered broadcast BroadcastRecord{9d621dd u0 com.android.calendar.APPWIDGET_UPDATE}
06-22 15:51:50.070 I/ActivityManager( 1429): App 10055/com.android.calendar targets O+, restricted
06-22 15:51:50.072 V/BroadcastQueue( 1429): Finished with ordered broadcast BroadcastRecord{a02e78f u0 com.android.calendar.widget.UPDATE_WIDGET_STATUS}
06-22 15:51:50.141 D/HwConnectivityServiceEx( 1429): set cache by key is 10082 interfaceName isNULL value is false
06-22 15:51:50.141 D/HwConnectivityServiceEx( 1429): set cache by key is 10082 interfaceName iswlan0 value is false
06-22 15:51:50.141 D/ConnectivityService( 1429): get Network state from cache, cacheBlock is 0
06-22 15:51:50.142 I/chatty  ( 1429): uid=1000(system) Binder:1429_9 identical 22 lines
06-22 15:51:50.142 D/ConnectivityService( 1429): get Network state from cache, cacheBlock is 0
06-22 15:51:50.148 I/AlarmManager( 1429): remove alarm:Alarm{a25da99 type 1 when 1593426513360 PendingIntent{a43401d: PendingIntentRecord{a275f7d com.huawei.android.hwouc startService}}com.huawei.android.hwouc procName com.huawei.android.hwouc} according to operation:a44d8b1
06-22 15:51:50.167 I/ActivityManager( 1429): App 10116/com.microsoft.translator targets O+, restricted
06-22 15:51:50.171 I/AlarmManager( 1429): remove alarm:Alarm{a10cf17 type 1 when 1593229555761 PendingIntent{a34fff1: PendingIntentRecord{a320ef9 com.huawei.android.hwouc startService}}com.huawei.android.hwouc procName com.huawei.android.hwouc} according to operation:a250439
06-22 15:51:50.181 V/BroadcastQueue( 1429): Finished with ordered broadcast BroadcastRecord{a505e8b u-1 android.intent.action.TIME_SET}
06-22 15:51:50.182 I/ActivityManager( 1429): App 10055/com.android.calendar targets O+, restricted
06-22 15:51:50.189 V/ActivityManager( 1429): Successfully start provider ContentProviderRecord{a0091d4 u0 com.huawei.iaware/.CloudPushContentProvider} launchingApp=null caller pid= 26837
06-22 15:51:50.196 D/ConnectivityService( 1429): get Network state from cache, cacheBlock is 0
06-22 15:51:50.197 I/chatty  ( 1429): uid=1000(system) Binder:1429_3 identical 24 lines
06-22 15:51:50.197 D/ConnectivityService( 1429): get Network state from cache, cacheBlock is 0
06-22 15:51:50.199 I/HwGeneralService( 1429): readProtectArea: callingPid is 26837,callingUid is 10082
06-22 15:51:50.199 I/HwGeneralService( 1429): readProtectArea: callingPid is 26837,callingUid is 10082
06-22 15:51:50.206 I/ActivityManager( 1429): App 10055/com.android.calendar targets O+, restricted
06-22 15:51:50.207 W/ProcBatteryStats( 1429): timer is not running , not stop, name: android, uid: 1000, tag: DispatcherLockTag
06-22 15:51:50.216 V/ActivityManager( 1429): Successfully start provider ContentProviderRecord{a009171 u0 com.huawei.powergenie/.core.policy.PolicyProvider} launchingApp=null caller pid= 26837
06-22 15:51:50.220 I/HwGeneralService( 1429): readProtectArea: callingPid is 26837,callingUid is 10082
06-22 15:51:50.220 I/ActivityManager( 1429): App 10055/com.android.calendar targets O+, restricted
06-22 15:51:50.223 D/ContentProviderRecord( 1429): Install provider in app ui process, name:ComponentInfo{com.huawei.systemmanager/com.huawei.smartcharge.provider.SmartChargeProvider}
06-22 15:51:50.223 I/ActivityManager( 1429): Need to start process com.huawei.systemmanager:nightcharge for provider ContentProviderInfo{name=com.huawei.android.smartchargeprovider className=com.huawei.smartcharge.provider.SmartChargeProvider}, callerApp: ProcessRecord{a3874e1 26837:com.huawei.android.hwouc/u0a82}
06-22 15:51:50.223 V/ActivityManager( 1429): startProcess: name=com.huawei.systemmanager:nightcharge app=null knownToBeDead=false thread=null pid=-1
06-22 15:51:50.224 V/ActivityManager_MU( 1429): Waiting to start provider ContentProviderRecord{a3e30ea u0 com.huawei.systemmanager/com.huawei.smartcharge.provider.SmartChargeProvider} launchingApp=ProcessRecord{a02f451 0:com.huawei.systemmanager:nightcharge/1000} caller pid= 26837 for 20000 ms
06-22 15:51:50.224 I/ActivityManager( 1429): App 10084/com.android.deskclock targets O+, restricted
06-22 15:51:50.231 I/HwGeneralService( 1429): readProtectArea: callingPid is 26837,callingUid is 10082
06-22 15:51:50.231 I/AlarmManager( 1429): remove alarm:Alarm{a338e99 type 1 when 1592841600046 PendingIntent{a327de5: PendingIntentRecord{a37c439 com.android.calendar broadcastIntent}}com.android.calendar procName com.android.calendar} according to operation:a481969
06-22 15:51:50.239 I/ActivityManager( 1429): Start proc 29413:com.huawei.systemmanager:nightcharge/1000 for content provider {com.huawei.systemmanager/com.huawei.smartcharge.provider.SmartChargeProvider}
06-22 15:51:50.240 E/ProcessInfoCollector( 1429): getProcessInfo: failed to find this proc 
06-22 15:51:50.243 I/HwGeneralService( 1429): readProtectArea: callingPid is 26837,callingUid is 10082
06-22 15:51:50.245 I/ActivityManager( 1429): App 10055/com.android.calendar targets O+, restricted
06-22 15:51:50.254 V/BroadcastQueue( 1429): Finished with ordered broadcast BroadcastRecord{a1aad5b u0 com.android.calendar.widget.UPDATE_WIDGET_STATUS}
06-22 15:51:50.254 D/ActivityThread(29413): Attach thread to application
06-22 15:51:50.257 I/HwGeneralService( 1429): readProtectArea: callingPid is 26837,callingUid is 10082
06-22 15:51:50.270 I/HwGeneralService( 1429): readProtectArea: callingPid is 26837,callingUid is 10082
06-22 15:51:50.279 E/ActivityThread(26837): Failed to find provider info for service_oversea_rom
06-22 15:51:50.279 I/ActivityManager( 1429): Need to start process com.huawei.phoneservice for provider ContentProviderInfo{name=service_rom className=com.huawei.phoneservice.question.db.RomProvider}, callerApp: ProcessRecord{a3874e1 26837:com.huawei.android.hwouc/u0a82}
06-22 15:51:50.279 V/ActivityManager( 1429): startProcess: name=com.huawei.phoneservice app=null knownToBeDead=false thread=null pid=-1
06-22 15:51:50.279 I/HwGeneralService( 1429): writeProtectArea: callingPid is 26837,callingUid is 10082
06-22 15:51:50.280 V/ActivityManager_MU( 1429): Waiting to start provider ContentProviderRecord{a44947e u0 com.huawei.phoneservice/.question.db.RomProvider} launchingApp=ProcessRecord{a248499 0:com.huawei.phoneservice/u0a43} caller pid= 26837 for 20000 ms
06-22 15:51:50.292 I/HwGeneralService( 1429): writeProtectArea: callingPid is 26837,callingUid is 10082
06-22 15:51:50.294 I/ActivityManager( 1429): Start proc 29434:com.huawei.phoneservice/u0a43 for content provider {com.huawei.phoneservice/com.huawei.phoneservice.question.db.RomProvider}
06-22 15:51:50.294 E/ProcessInfoCollector( 1429): getProcessInfo: failed to find this proc 
06-22 15:51:50.299 I/AlarmManager( 1429): remove alarm:Alarm{a47ca75 type 1 when 1592827127984 PendingIntent{a348e8d: PendingIntentRecord{a0cc875 com.huawei.android.hwouc broadcastIntent}}com.huawei.android.hwouc procName com.huawei.android.hwouc} according to operation:a42c0a9
06-22 15:51:50.299 D/ConnectivityService( 1429): get Network state from cache, cacheBlock is 0
06-22 15:51:50.302 V/ActivityManager( 1429): Successfully start provider ContentProviderRecord{a3e30ea u0 com.huawei.systemmanager/com.huawei.smartcharge.provider.SmartChargeProvider} launchingApp=ProcessRecord{a02f451 29413:com.huawei.systemmanager:nightcharge/1000} caller pid= 26837
06-22 15:51:50.303 I/HwGeneralService( 1429): writeProtectArea: callingPid is 26837,callingUid is 10082
06-22 15:51:50.317 W/ContextImpl(29413): Calling a method in the system process without a qualified user: android.app.ContextImpl.startService:1674 android.content.ContextWrapper.startService:669 com.huawei.securitycenter.antivirus.AntivirusModule.startAntivirusService:35 com.huawei.securitycenter.antivirus.AntivirusModule.loadModule:23 com.huawei.securitycentersdk.SecurityCenterContext.loadModules:63 
06-22 15:51:50.318 D/ActivityThread(29434): Attach thread to application
06-22 15:51:50.319 W/ContextImpl(29413): Calling a method in the system process without a qualified user: android.app.ContextImpl.startService:1674 android.content.ContextWrapper.startService:669 com.huawei.securitycentersdk.SecurityCenterContext.startHwSecService:11 com.huawei.securitycentersdk.SecurityCenterContext.startServices:0 com.huawei.securitycentersdk.SecurityCenterContext.inject:9 
06-22 15:51:50.321 I/HwGeneralService( 1429): writeProtectArea: callingPid is 26837,callingUid is 10082
06-22 15:51:50.334 W/ContextImpl(29413): Calling a method in the system process without a qualified user: android.app.ContextImpl.bindService:1753 android.content.ContextWrapper.bindService:705 com.huawei.library.l.b.e.a:71 com.huawei.library.l.b.f.b:23 com.huawei.library.l.b.a$a.aS:77 
06-22 15:51:50.342 V/ActivityManager( 1429): Successfully start provider ContentProviderRecord{a074699 u0 com.huawei.systemserver/.carrierconfig.HwCarrierConfigProvider} launchingApp=null caller pid= 26837
06-22 15:51:50.365 V/ActivityManager( 1429): Successfully start provider ContentProviderRecord{9ddc5b0 u0 com.android.providers.settings/.hwext.HwSettingsProvider} launchingApp=null caller pid= 29434
06-22 15:51:50.374 V/ActivityManager( 1429): Successfully start provider ContentProviderRecord{a44947e u0 com.huawei.phoneservice/.question.db.RomProvider} launchingApp=ProcessRecord{a248499 29434:com.huawei.phoneservice/u0a43} caller pid= 26837
06-22 15:51:50.386 D/ConnectivityService( 1429): get Network state from cache, cacheBlock is 0
06-22 15:51:50.387 I/chatty  ( 1429): uid=1000(system) Binder:1429_C identical 17 lines
06-22 15:51:50.387 D/ConnectivityService( 1429): get Network state from cache, cacheBlock is 0
06-22 15:51:50.387 D/HwSecurityService( 1429): find this Resident Plugin
06-22 15:51:50.387 D/ConnectivityService( 1429): get Network state from cache, cacheBlock is 0
06-22 15:51:50.387 I/chatty  ( 1429): uid=1000(system) Binder:1429_C identical 5 lines
06-22 15:51:50.387 D/ConnectivityService( 1429): get Network state from cache, cacheBlock is 0
06-22 15:51:50.390 I/ActivityManager( 1429): App 10116/com.microsoft.translator targets O+, restricted
06-22 15:51:50.390 D/ConnectivityService( 1429): get Network state from cache, cacheBlock is 0
06-22 15:51:50.396 V/BroadcastQueue( 1429): Finished with ordered broadcast BroadcastRecord{a25dd27 u-1 android.intent.action.TIME_SET}
06-22 15:51:50.427 D/HwConnectivityServiceEx( 1429): set cache by key is 10043 interfaceName iswlan0 value is true
06-22 15:51:50.427 D/ConnectivityService( 1429): Network is BLOCKED, uid = 10043
06-22 15:51:50.455 V/ActivityManager( 1429): startProcess: name=com.huawei.hwdetectrepair app=null knownToBeDead=true thread=null pid=-1
06-22 15:51:50.468 I/ActivityManager( 1429): Start proc 29492:com.huawei.hwdetectrepair/1000 for service {com.huawei.hwdetectrepair/com.huawei.detectrepair.detectionengine.support.DetectionSupportService}
06-22 15:51:50.468 E/ProcessInfoCollector( 1429): getProcessInfo: failed to find this proc 
06-22 15:51:50.486 D/ActivityThread(29492): Attach thread to application
06-22 15:51:50.493 D/ConnectivityService( 1429): get Network state from cache, cacheBlock is 0
06-22 15:51:50.531 V/ActivityManager( 1429): startProcess: name=com.google.android.webview:webview_service app=null knownToBeDead=true thread=null pid=-1
06-22 15:51:50.541 D/ConnectivityService( 1429): get Network state from cache, cacheBlock is 1
06-22 15:51:50.541 D/ConnectivityService( 1429): Network is BLOCKED, uid = 10043
06-22 15:51:50.554 I/ActivityManager( 1429): Start proc 29525:com.google.android.webview:webview_service/u0a92 for service {com.google.android.webview/org.chromium.android_webview.services.VariationsSeedServer}
06-22 15:51:50.555 E/ProcessInfoCollector( 1429): getProcessInfo: failed to find this proc 
06-22 15:51:50.560 I/AlarmManager( 1429): remove alarm:Alarm{a4d55b9 type 1 when 1592841600230 PendingIntent{a4f1819: PendingIntentRecord{a37c439 com.android.calendar broadcastIntent}}com.android.calendar procName com.android.calendar} according to operation:a366ee5
06-22 15:51:50.566 I/ActivityManager( 1429): App 10055/com.android.calendar targets O+, restricted
06-22 15:51:50.570 D/ActivityThread(29525): Attach thread to application
06-22 15:51:50.577 V/BroadcastQueue( 1429): Finished with ordered broadcast BroadcastRecord{a13fbc3 u0 com.android.calendar.widget.UPDATE_WIDGET_STATUS}
06-22 15:51:50.643 D/HwConnectivityServiceEx( 1429): set cache by key is 10109 interfaceName iswlan0 value is false
06-22 15:51:50.644 D/ConnectivityService( 1429): get Network state from cache, cacheBlock is 0
06-22 15:51:50.654 I/chatty  ( 1429): uid=1000(system) Binder:1429_C identical 7 lines
06-22 15:51:50.655 D/ConnectivityService( 1429): get Network state from cache, cacheBlock is 0
06-22 15:51:50.655 D/ConnectivityService( 1429): get Network state from cache, cacheBlock is 0
06-22 15:51:50.657 D/ConnectivityService( 1429): get Network state from cache, cacheBlock is 0
06-22 15:51:50.657 D/ConnectivityService( 1429): get Network state from cache, cacheBlock is 0
06-22 15:51:50.657 D/ConnectivityService( 1429): get Network state from cache, cacheBlock is 0
06-22 15:51:50.659 D/ConnectivityService( 1429): get Network state from cache, cacheBlock is 0
06-22 15:51:50.659 D/ConnectivityService( 1429): get Network state from cache, cacheBlock is 0
06-22 15:51:50.660 D/ConnectivityService( 1429): get Network state from cache, cacheBlock is 0
06-22 15:51:50.664 D/ConnectivityService( 1429): get Network state from cache, cacheBlock is 0
06-22 15:51:50.670 D/ConnectivityService( 1429): get Network state from cache, cacheBlock is 0
06-22 15:51:50.670 D/ConnectivityService( 1429): get Network state from cache, cacheBlock is 0
06-22 15:51:50.811 I/chatty  ( 1429): uid=1000(system) Binder:1429_3 identical 22 lines
06-22 15:51:50.812 D/ConnectivityService( 1429): get Network state from cache, cacheBlock is 0
06-22 15:51:50.814 W/ContextImpl( 4574): Calling a method in the system process without a qualified user: android.app.ContextImpl.sendBroadcast:1144 android.content.ContextWrapper.sendBroadcast:448 ey.a:73 ey.i:73 jl.fZ:12 
06-22 15:51:50.815 D/ConnectivityService( 1429): get Network state from cache, cacheBlock is 0
06-22 15:51:50.824 I/chatty  ( 1429): uid=1000(system) Binder:1429_3 identical 10 lines
06-22 15:51:50.825 D/ConnectivityService( 1429): get Network state from cache, cacheBlock is 0
06-22 15:51:50.908 E/ActivityThread(26837): Failed to find provider info for service_oversea_rom
06-22 15:51:50.914 D/HwSecurityService( 1429): find this Resident Plugin
06-22 15:51:50.974 D/ConnectivityService( 1429): get Network state from cache, cacheBlock is 0
06-22 15:51:51.113 D/ConnectivityService( 1429): get Network state from cache, cacheBlock is 0
06-22 15:51:51.121 I/HwGeneralService( 1429): readProtectArea: callingPid is 26837,callingUid is 10082
06-22 15:51:51.131 I/HwGeneralService( 1429): readProtectArea: callingPid is 26837,callingUid is 10082
06-22 15:51:51.131 I/HwGeneralService( 1429): readProtectArea: callingPid is 26837,callingUid is 10082
06-22 15:51:51.140 I/HwGeneralService( 1429): readProtectArea: callingPid is 26837,callingUid is 10082
06-22 15:51:51.146 I/HwGeneralService( 1429): readProtectArea: callingPid is 26837,callingUid is 10082
06-22 15:51:51.152 D/HwSecurityService( 1429): find this Resident Plugin
06-22 15:51:51.155 I/chatty  ( 1429): uid=1000(system) Binder:1429_3 identical 3 lines
06-22 15:51:51.156 D/HwSecurityService( 1429): find this Resident Plugin
06-22 15:51:51.157 I/HwGeneralService( 1429): readProtectArea: callingPid is 26837,callingUid is 10082
06-22 15:51:51.162 D/HwSecurityService( 1429): find this Resident Plugin
06-22 15:51:51.166 I/chatty  ( 1429): uid=1000(system) Binder:1429_3 identical 5 lines
06-22 15:51:51.166 D/HwSecurityService( 1429): find this Resident Plugin
06-22 15:51:51.168 I/HwGeneralService( 1429): readProtectArea: callingPid is 26837,callingUid is 10082
06-22 15:51:51.178 I/chatty  ( 1429): uid=1000(system) Binder:1429_D identical 1 line
06-22 15:51:51.187 I/HwGeneralService( 1429): readProtectArea: callingPid is 26837,callingUid is 10082
06-22 15:51:51.194 D/HwSecurityService( 1429): find this Resident Plugin
06-22 15:51:51.197 I/chatty  ( 1429): uid=1000(system) Binder:1429_D identical 4 lines
06-22 15:51:51.197 D/HwSecurityService( 1429): find this Resident Plugin
06-22 15:51:51.204 E/ActivityThread(26837): Failed to find provider info for service_oversea_rom
06-22 15:51:51.211 D/HwSecurityService( 1429): find this Resident Plugin
06-22 15:51:51.216 D/HwGameAssistantController( 1429): Keycontrol mode is 1 for user 0
06-22 15:51:51.216 D/HwGameAssistantController( 1429): isGameForeground? false
06-22 15:51:51.286 D/ConnectivityService( 1429): get Network state from cache, cacheBlock is 0
06-22 15:51:51.307 D/HwGameAssistantController( 1429): Keycontrol mode is 1 for user 0
06-22 15:51:51.307 D/HwGameAssistantController( 1429): isGameForeground? false
06-22 15:51:51.317 E/HwActivityTaskManagerServiceEx( 1429): invalid ActivityRecord, error.
06-22 15:51:51.317 E/HwActivityTaskManagerServiceEx( 1429): parse activity info error.
06-22 15:51:51.317 V/WindowManager( 1429): notifyAppResumed: wasStopped=true AppWindowToken{a1a3f67 token=Token{a0b6f94 ActivityRecord{a4c1eb1 u0 com.android.settings/.HWSettings t383}}}
06-22 15:51:51.320 I/HwAudioServiceEx( 1429): ComponentInfo : className = com.android.settings.SubSettings, flag=onPause, isHomeActivity=, isTop=false
06-22 15:51:51.321 W/ContextImpl(19513): Calling a method in the system process without a qualified user: android.app.ContextImpl.sendBroadcast:1159 android.content.ContextWrapper.sendBroadcast:453 com.android.settings.HWSettings.onResume:283 android.app.Instrumentation.callActivityOnResume:1465 android.app.Activity.performResume:8203 
06-22 15:51:51.327 I/HwAudioServiceEx( 1429): ComponentInfo : className = com.android.settings.HWSettings, flag=onResume, isHomeActivity=, isTop=true
06-22 15:51:51.335 D/HwFingerprintService( 1429): CODE_IS_SUPPORT_DUAL_FINGERPRINT
06-22 15:51:51.336 D/HwFingerprintService( 1429): CODE_IS_SUPPORT_DUAL_FINGERPRINT
06-22 15:51:51.341 I/StatusBarDisable( 1429): setFlags what=0 which=1 pkg=Window{a029a09 u0 com.android.settings/com.android.settings.HWSettings}
06-22 15:51:51.374 I/HwWindowManagerServiceEx( 1429): closing apps count = 1
06-22 15:51:51.376 D/HwWindowManagerServiceEx( 1429): is app exit to launcher info: transit = 7, app = AppWindowToken{a4ffb99 token=Token{a4dead6 ActivityRecord{a475c79 u0 com.android.settings/.SubSettings t383}}}, window = Window{a30d451 u0 com.android.settings/com.android.settings.SubSettings}, mClosingApps = {AppWindowToken{a4ffb99 token=Token{a4dead6 ActivityRecord{a475c79 u0 com.android.settings/.SubSettings t383}}}}, topOpeningApp = AppWindowToken{a1a3f67 token=Token{a0b6f94 ActivityRecord{a4c1eb1 u0 com.android.settings/.HWSettings t383}}}, mExitIconBitmap = null, mExitIconHeight = -1, mExitIconWidth = -1
06-22 15:51:51.376 E/WindowManager( 1429): icon is null!!
06-22 15:51:51.379 D/HwWindowManagerServiceEx( 1429): is app exit to launcher info: transit = 7, app = AppWindowToken{a1a3f67 token=Token{a0b6f94 ActivityRecord{a4c1eb1 u0 com.android.settings/.HWSettings t383}}}, window = Window{a029a09 u0 com.android.settings/com.android.settings.HWSettings}, mClosingApps = {AppWindowToken{a4ffb99 token=Token{a4dead6 ActivityRecord{a475c79 u0 com.android.settings/.SubSettings t383}}}}, topOpeningApp = AppWindowToken{a1a3f67 token=Token{a0b6f94 ActivityRecord{a4c1eb1 u0 com.android.settings/.HWSettings t383}}}, mExitIconBitmap = null, mExitIconHeight = -1, mExitIconWidth = -1
06-22 15:51:51.379 E/WindowManager( 1429): icon is null!!
06-22 15:51:51.392 V/ActivityManager( 1429): Successfully start provider ContentProviderRecord{a4495b9 u0 com.huawei.parentcontrol/.provider.SettingsSearchSupportProvider} launchingApp=ProcessRecord{a3a1f71 29150:com.huawei.parentcontrol/u0a76} caller pid= 19513
06-22 15:51:51.397 V/ActivityManager( 1429): Successfully start provider ContentProviderRecord{a3428b4 u0 com.android.calendar/.provider.SettingProvider} launchingApp=ProcessRecord{a336499 29174:com.android.calendar/u0a55} caller pid= 19513
06-22 15:51:51.403 V/ActivityManager( 1429): Successfully start provider ContentProviderRecord{9fa9875 u0 com.android.gallery3d/.provider.GallerySettingsSearchProvider} launchingApp=ProcessRecord{a3d6a09 29216:com.android.gallery3d/u0a46} caller pid= 19513
06-22 15:51:51.555 D/ConnectivityService( 1429): get Network state from cache, cacheBlock is 0
06-22 15:51:51.706 E/HwActivityTaskManagerServiceEx( 1429): invalid ActivityRecord, error.
06-22 15:51:51.706 E/HwActivityTaskManagerServiceEx( 1429): parse activity info error.
07-07 15:16:18.733 I/BoosterSwitchP( 2840): notifyUidState do nothing
07-07 15:16:18.733 I/DeepNoDisturbP( 2840): notifyUidState
07-07 15:16:18.733 I/BrowserChrP( 2840): notifyUidState
07-07 15:16:33.984 I/chatty  ( 1429): uid=1000(system) UEventObserver expire 24 lines
07-07 15:16:44.012 I/chatty  ( 1429): uid=1000 system_server expire 14 lines
07-07 15:16:49.705 I/chatty  ( 1429): uid=1000(system) InputDispatcher expire 12 lines
07-07 15:16:50.780 D/ActivityThread(26567): Remove activity client record, r= ActivityRecord{8741831 token=android.os.BinderProxy@32b9ea9 {cn.carbs.wricheditor/cn.carbs.wricheditor.TestLibActivity}} token= android.os.BinderProxy@32b9ea9
07-07 15:16:50.782 I/chatty  ( 1429): uid=1000(system) Binder:1429_20 expire 25 lines
07-07 15:16:50.786 I/chatty  ( 1429): uid=1000(system) Binder:1429_F expire 12 lines
07-07 15:16:51.579 V/ActivityThread(26567): callActivityOnCreate
07-07 15:16:51.601 D/ActivityThread(26567): add activity client record, r= ActivityRecord{6dad774 token=android.os.BinderProxy@5227149 {cn.carbs.wricheditor/cn.carbs.wricheditor.TestLibActivity}} token= android.os.BinderProxy@5227149
07-07 15:16:51.607 I/chatty  ( 1429): uid=1000(system) Binder:1429_7 expire 11 lines
07-07 15:16:51.636 I/chatty  ( 1429): uid=1000(system) android.anim expire 43 lines
07-07 15:16:53.309 D/ActivityThread(26567): Remove activity client record, r= ActivityRecord{6dad774 token=android.os.BinderProxy@5227149 {cn.carbs.wricheditor/cn.carbs.wricheditor.TestLibActivity}} token= android.os.BinderProxy@5227149
07-07 15:16:53.558 I/chatty  ( 1429): uid=1000(system) Binder:1429_1A expire 16 lines
07-07 15:16:53.586 I/chatty  ( 1429): uid=1000(system) HwGameAssistant expire 10 lines
07-07 15:16:53.587 I/chatty  ( 1429): uid=1000(system) Binder:1429_17 expire 19 lines
07-07 15:16:53.626 I/HwNetworkPolicyManager(30730): getHwUidPolicy uid = 10093 policy = 0
07-07 15:16:53.627 I/UidCloseNrStateMachine( 2840): enter uidStateChanged, ForeGrountApp = com.huawei.android.launcher, mIsCallOn = false, mIsUsbPlugged = true
07-07 15:16:53.627 I/BoosterSwitchP( 2840): notifyUidState do nothing
07-07 15:16:53.627 I/DeepNoDisturbP( 2840): notifyUidState
07-07 15:16:53.627 I/BrowserChrP( 2840): notifyUidState
07-07 15:16:53.629 D/SmartDualCardConfig( 2840): getAppType,pkgName=com.huawei.android.launcher,appType=28
07-07 15:16:53.629 D/SmartDualCardSM( 2840): onUidStateUpdate isSkip,uid=10093,pkgName=com.huawei.android.launcher,pkgNameByComponentName=com.huawei.android.launcher
07-07 15:16:53.657 I/chatty  ( 1429): uid=1000(system) Binder:1429_8 expire 10 lines
07-07 15:16:53.701 I/HwCommandQueue( 2486): updateBarBgColor
07-07 15:16:53.701 D/HwCommandQueue( 2486): CommandQueue, setBarBackgroundColor
07-07 15:16:54.044 I/HidataAppQoeP( 2840): foregroundUidRemove uid: 11189 name: cn.carbs.wricheditor
07-07 15:16:54.045 D/SmartDualCardConfig( 2840): getAppType,pkgName=cn.carbs.wricheditor,appType=-1
07-07 15:16:54.045 D/SmartDualCardConfig( 2840): getAppType,pkgName=cn.carbs.wricheditor,appType=-1
07-07 15:16:54.045 E/SmartDualCardConfig( 2840): isAppInBlackList false,items==null
07-07 15:16:54.045 D/SmartDualCardSM( 2840): onUidStateUpdate,uid=11189,appName=cn.carbs.wricheditor,state=BACKGROUND
07-07 15:16:54.045 D/SmartDualCardConfig( 2840): removeAppFromList,after remove,size()=0,uid=11189
07-07 15:16:54.046 D/SmartDualCardConfig( 2840): getAppType,pkgName=cn.carbs.wricheditor,appType=-1
07-07 15:16:54.046 D/SmartDualCardSM( 2840): updateAppState mAppState=1
07-07 15:16:54.046 D/SmartDualCardSM( 2840): IdleState:got msg.what=EVENT_APP_MOVE_BACKGROUND
07-07 15:16:54.046 D/SmartDualCardSM( 2840): startAppBackgroundTimer
07-07 15:16:54.046 I/DollieChr( 2840): handleForegroundAppUpdateMsg,mAppState=2,scenes=1,mForegroundAppName=cn.carbs.wricheditor
07-07 15:16:54.091 I/BoosterSwitchP( 2840): notifyUidState do nothing
07-07 15:16:54.091 I/DeepNoDisturbP( 2840): notifyUidState
07-07 15:16:54.091 I/BrowserChrP( 2840): notifyUidState
07-07 15:16:54.424 I/chatty  ( 1429): uid=1000(system) MultiTaskManage expire 11 lines
07-07 15:16:54.427 I/chatty  ( 1429): uid=1000 system_server expire 9 lines
07-07 15:16:54.429 I/chatty  ( 1429): uid=1000(system) HwActivityTaskM expire 18 lines
07-07 15:16:54.444 I/BoosterSwitchP( 2840): notifyUidState do nothing
07-07 15:16:54.444 I/DeepNoDisturbP( 2840): notifyUidState
07-07 15:16:54.444 I/BrowserChrP( 2840): notifyUidState
07-07 15:16:54.447 I/HwCoreAppHelperService( 2840): LocalReceiver receives:android.intent.action.PACKAGE_RESTARTED,pkg:cn.carbs.wricheditor,uid:11189
07-07 15:16:54.486 I/chatty  ( 1429): uid=1000(system) android.display expire 11 lines
07-07 15:16:55.038 I/chatty  ( 1429): uid=1000(system) Binder:1429_2 expire 18 lines
07-07 15:16:55.061 I/HwCoreAppHelperService( 2840): LocalReceiver receives:android.intent.action.PACKAGE_RESTARTED,pkg:cn.carbs.wricheditor,uid:11189
07-07 15:16:56.184 I/chatty  ( 1429): uid=1000(system) Binder:1429_5 expire 27 lines
07-07 15:16:56.215 I/chatty  ( 1429): uid=1000(system) ActivityManager expire 11 lines
07-07 15:16:56.228 I/chatty  ( 1429): uid=1000(system) android.ui expire 14 lines
07-07 15:16:56.250 D/ActivityThread(26979): Attach thread to application
07-07 15:16:56.275 I/BoosterSwitchP( 2840): notifyUidState do nothing
07-07 15:16:56.275 I/DeepNoDisturbP( 2840): notifyUidState
07-07 15:16:56.275 I/BrowserChrP( 2840): notifyUidState
07-07 15:16:56.276 D/ActivityThread( 9389): Remove activity client record, r= ActivityRecord{808c122 token=android.os.BinderProxy@55bbd1f {com.android.packageinstaller/com.android.packageinstaller.InstallSuccess}} token= android.os.BinderProxy@55bbd1f
07-07 15:16:56.277 I/HwNetworkPolicyManager(30730): getHwUidPolicy uid = 11189 policy = 0
07-07 15:16:56.344 V/ActivityThread(26979): callActivityOnCreate
07-07 15:16:56.398 D/ActivityThread(26979): add activity client record, r= ActivityRecord{6de79da token=android.os.BinderProxy@5743ca4 {cn.carbs.wricheditor/cn.carbs.wricheditor.MainActivity}} token= android.os.BinderProxy@5743ca4
07-07 15:16:56.410 I/chatty  ( 1429): uid=1000(system) Binder:1429_14 expire 20 lines
07-07 15:16:56.413 I/HidataAppQoeP( 2840): foregroundUidAdd uid: 11189 name: cn.carbs.wricheditor activity state: true
07-07 15:16:56.415 E/BoosterUtil( 2840): convertSubIdToSlotId failed, subId:0, slotId:-1
07-07 15:16:56.415 E/BoosterUtil( 2840): getDefaultDataSlotId failed, invalid slotId:-1, subId:0
07-07 15:16:56.415 I/UidCloseNrStateMachine( 2840): enter uidStateChanged, ForeGrountApp = cn.carbs.wricheditor, mIsCallOn = false, mIsUsbPlugged = true
07-07 15:16:56.416 D/SmartDualCardConfig( 2840): getAppType,pkgName=cn.carbs.wricheditor,appType=-1
07-07 15:16:56.416 D/SmartDualCardConfig( 2840): getAppType,pkgName=cn.carbs.wricheditor,appType=-1
07-07 15:16:56.416 E/SmartDualCardConfig( 2840): isAppInBlackList false,items==null
07-07 15:16:56.416 D/SmartDualCardSM( 2840): onUidStateUpdate,uid=11189,appName=cn.carbs.wricheditor,state=FOREGROUND
07-07 15:16:56.416 D/SmartDualCardConfig( 2840): getAppType,pkgName=cn.carbs.wricheditor,appType=-1
07-07 15:16:56.416 D/SmartDualCardSM( 2840): updateAppState mAppState=2
07-07 15:16:56.416 D/SmartDualCardConfig( 2840): addForegroundAppToList,size()=1,uid=11189
07-07 15:16:56.416 I/BoosterUtil( 2840): getSlaveCardSubId slotId: 1, subId: -1
07-07 15:16:56.417 I/BoosterUtil( 2840): getSlaveCardSubId slotId: 1, subId: -1
07-07 15:16:56.417 E/BoosterUtil( 2840): convertSubIdToSlotId failed, subId:0, slotId:-1
07-07 15:16:56.417 E/BoosterUtil( 2840): getDefaultDataSlotId failed, invalid slotId:-1, subId:0
07-07 15:16:56.418 E/SmartDualCardSM( 2840): boosterDump failed, invalid param, default4GSlotId0
07-07 15:16:56.418 D/SmartDualCardSM( 2840): isNeedMonitorAppQoe return false
07-07 15:16:56.418 E/BoosterUtil( 2840): convertSubIdToSlotId failed, subId:0, slotId:-1
07-07 15:16:56.418 E/BoosterUtil( 2840): getDefaultDataSlotId failed, invalid slotId:-1, subId:0
07-07 15:16:56.418 D/SmartDualCardSM( 2840): resetAppQoeState
07-07 15:16:56.418 D/SmartDualCardSM( 2840): IdleState:got msg.what=EVENT_APP_MOVE_FOREGROUND
07-07 15:16:56.418 I/DollieChr( 2840): handleForegroundAppUpdateMsg,mAppState=1,scenes=2,mForegroundAppName=
07-07 15:16:56.421 E/BoosterUtil( 2840): convertSubIdToSlotId failed, subId:0, slotId:-1
07-07 15:16:56.421 E/BoosterUtil( 2840): getDefaultDataSlotId failed, invalid slotId:-1, subId:0
07-07 15:16:56.422 E/SmartDualCardSM( 2840): isNeedEnterHardSwitchingMode failed, invalid sub
07-07 15:16:56.431 I/HwCommandQueue( 2486): updateBarBgColor
07-07 15:16:56.431 D/HwCommandQueue( 2486): CommandQueue, setBarBackgroundColor
07-07 15:16:56.644 D/SmartDualCardConfig( 2840): getAppType,pkgName=com.huawei.android.launcher,appType=28
07-07 15:16:56.644 D/SmartDualCardSM( 2840): onUidStateUpdate isSkip,uid=10093,pkgName=com.huawei.android.launcher,pkgNameByComponentName=com.huawei.android.launcher
07-07 15:16:56.669 I/chatty  ( 1429): uid=1000(system) Binder:1429_16 expire 17 lines
07-07 15:16:56.673 I/BoosterSwitchP( 2840): notifyUidState do nothing
07-07 15:16:56.673 I/DeepNoDisturbP( 2840): notifyUidState
07-07 15:16:56.673 I/BrowserChrP( 2840): notifyUidState
07-07 15:16:56.674 I/chatty  ( 1429): uid=1000(system) sManagerService expire 10 lines
07-07 15:16:57.313 V/ActivityThread(26979): callActivityOnCreate
07-07 15:16:57.335 D/ActivityThread(26979): add activity client record, r= ActivityRecord{8741831 token=android.os.BinderProxy@32b9ea9 {cn.carbs.wricheditor/cn.carbs.wricheditor.TestLibActivity}} token= android.os.BinderProxy@32b9ea9
07-07 15:16:58.170 I/chatty  ( 1429): uid=1000(system) MobileQosDetect expire 19 lines
07-07 15:16:59.826 I/chatty  ( 1429): uid=1000(system) Binder:1429_10 expire 13 lines
07-07 15:17:00.002 I/chatty  ( 1429): uid=1000(system) AlarmManager expire 10 lines
07-07 15:17:09.877 I/storaged(  869): storaged_t::event: storage_info refreshed.
07-07 15:17:12.580 I/chatty  ( 1429): uid=1000(system) Binder:1429_10 expire 14 lines
07-07 15:17:12.582 I/chatty  ( 1429): uid=1000(system) Binder:1429_14 expire 19 lines
07-07 15:17:12.608 I/chatty  ( 1429): uid=1000(system) android.anim expire 13 lines
07-07 15:17:13.892 I/chatty  ( 1429): uid=1000(system) Binder:1429_5 expire 11 lines
07-07 15:17:27.003 I/chatty  ( 1429): uid=1000(system) batterystats-wo expire 4 lines
07-07 15:17:45.649 I/chatty  ( 1429): uid=1000(system) android.io expire 2 lines
07-07 15:17:53.144 I/chatty  ( 1429): uid=1000(system) InputDispatcher expire 16 lines
07-07 15:17:53.292 I/BoosterSwitchP( 2840): notifyUidState do nothing
07-07 15:17:53.292 I/DeepNoDisturbP( 2840): notifyUidState
07-07 15:17:53.292 I/BrowserChrP( 2840): notifyUidState
07-07 15:17:53.295 I/HwNetworkPolicyManager(30730): getHwUidPolicy uid = 10093 policy = 0
07-07 15:17:53.296 I/UidCloseNrStateMachine( 2840): enter uidStateChanged, ForeGrountApp = com.huawei.android.launcher, mIsCallOn = false, mIsUsbPlugged = true
07-07 15:17:53.297 D/SmartDualCardConfig( 2840): getAppType,pkgName=com.huawei.android.launcher,appType=28
07-07 15:17:53.297 D/SmartDualCardSM( 2840): onUidStateUpdate isSkip,uid=10093,pkgName=com.huawei.android.launcher,pkgNameByComponentName=com.huawei.android.launcher
07-07 15:17:53.303 I/chatty  ( 1429): uid=1000(system) Binder:1429_17 expire 26 lines
07-07 15:17:53.305 I/chatty  ( 1429): uid=1000(system) android.anim expire 14 lines
07-07 15:17:53.306 I/chatty  ( 1429): uid=1000(system) Binder:1429_10 expire 16 lines
07-07 15:17:53.357 I/HwCommandQueue( 2486): updateBarBgColor
07-07 15:17:53.357 D/HwCommandQueue( 2486): CommandQueue, setBarBackgroundColor
07-07 15:17:53.357 I/chatty  ( 1429): uid=1000(system) android.ui expire 11 lines
07-07 15:17:53.717 I/HidataAppQoeP( 2840): foregroundUidRemove uid: 11189 name: cn.carbs.wricheditor
07-07 15:17:53.720 D/SmartDualCardConfig( 2840): getAppType,pkgName=cn.carbs.wricheditor,appType=-1
07-07 15:17:53.721 D/SmartDualCardConfig( 2840): getAppType,pkgName=cn.carbs.wricheditor,appType=-1
07-07 15:17:53.721 E/SmartDualCardConfig( 2840): isAppInBlackList false,items==null
07-07 15:17:53.721 D/SmartDualCardSM( 2840): onUidStateUpdate,uid=11189,appName=cn.carbs.wricheditor,state=BACKGROUND
07-07 15:17:53.721 D/SmartDualCardConfig( 2840): removeAppFromList,after remove,size()=0,uid=11189
07-07 15:17:53.722 D/SmartDualCardConfig( 2840): getAppType,pkgName=cn.carbs.wricheditor,appType=-1
07-07 15:17:53.722 D/SmartDualCardSM( 2840): updateAppState mAppState=1
07-07 15:17:53.722 D/SmartDualCardSM( 2840): IdleState:got msg.what=EVENT_APP_MOVE_BACKGROUND
07-07 15:17:53.722 D/SmartDualCardSM( 2840): startAppBackgroundTimer
07-07 15:17:53.722 I/DollieChr( 2840): handleForegroundAppUpdateMsg,mAppState=2,scenes=1,mForegroundAppName=cn.carbs.wricheditor
07-07 15:17:53.756 I/BoosterSwitchP( 2840): notifyUidState do nothing
07-07 15:17:53.756 I/DeepNoDisturbP( 2840): notifyUidState
07-07 15:17:53.756 I/BrowserChrP( 2840): notifyUidState
07-07 15:17:56.421 D/SmartDualCardSM( 2840): IdleState:got msg.what=EVENT_HARD_SWITCH_CONDITION_CHECK
07-07 15:17:56.424 E/BoosterUtil( 2840): convertSubIdToSlotId failed, subId:0, slotId:-1
07-07 15:17:56.424 E/BoosterUtil( 2840): getDefaultDataSlotId failed, invalid slotId:-1, subId:0
07-07 15:17:56.424 E/SmartDualCardSM( 2840): isNeedEnterHardSwitchingMode failed, invalid sub
07-07 15:18:06.141 I/chatty  ( 1429): uid=1000(system) UEventObserver expire 16 lines
07-07 15:18:09.877 I/storaged(  869): storaged_t::event: storage_info refreshed.
07-07 15:18:49.753 I/DollieChr( 2840): handleReportStatInfoMsg enter
07-07 15:18:49.753 I/DollieChr( 2840): reportStatInfo enter
07-07 15:18:49.753 I/DollieChr( 2840): DolliChrStatisticsInfo: mSgameSwitchCount=0 mHyxdSwitchCount=0 mPubgmhdSwitchCount=0 mCfSwitchCount=0 mPubgmSwitchCount=0 mSpeedmobileSwitchCount=0 mHandoverCount=0 mSlaveCardDsWorkTime=0 mExpRecoveryCountOfGameScenes=0 mExpRecoveryCountOfCommonScenes=0 mExpRecoveryCountOfMediaScenes=0
07-07 15:18:49.755 I/DollieChr( 2840): ignoreChrReport, msgId:11, SmartDualCardSettingOff or slaveCardDeactived
07-07 15:18:49.755 I/DollieChr( 2840): startResetStatInfoTimer enter
07-07 15:18:49.755 I/DollieChr( 2840): startStatInfoReportTimer enter
07-07 15:18:50.756 I/DollieChr( 2840): DolliChrStatisticsInfo init
07-07 15:18:53.751 D/SmartDualCardSM( 2840): IdleState:got msg.what=EVENT_APP_BACKGROUND_TIMEOUT
07-07 15:18:56.423 D/SmartDualCardSM( 2840): IdleState:got msg.what=EVENT_HARD_SWITCH_CONDITION_CHECK
07-07 15:18:56.426 E/BoosterUtil( 2840): convertSubIdToSlotId failed, subId:0, slotId:-1
07-07 15:18:56.426 E/BoosterUtil( 2840): getDefaultDataSlotId failed, invalid slotId:-1, subId:0
07-07 15:18:56.427 E/SmartDualCardSM( 2840): isNeedEnterHardSwitchingMode failed, invalid sub
07-07 15:19:07.584 I/chatty  ( 1429): uid=1000(system) UEventObserver expire 16 lines
07-07 15:19:09.879 I/storaged(  869): storaged_t::event: storage_info refreshed.
07-07 15:19:24.328 W/ContextImpl( 2819): Calling a method in the system process without a qualified user: android.app.ContextImpl.bindService:1753 android.content.ContextWrapper.bindService:705 com.huawei.nb.client.RemoteServiceConnection.open:126 com.huawei.nb.client.Proxy.connect:166 com.huawei.nb.searchmanager.searchengine.service.DataServiceProxyManager.connectDataService:80 
07-07 15:19:30.319 I/chatty  ( 1429): uid=1000(system) MobileQosDetect expire 10 lines
07-07 15:19:56.483 D/SmartDualCardSM( 2840): IdleState:got msg.what=EVENT_HARD_SWITCH_CONDITION_CHECK
07-07 15:19:56.486 E/BoosterUtil( 2840): convertSubIdToSlotId failed, subId:0, slotId:-1
07-07 15:19:56.486 E/BoosterUtil( 2840): getDefaultDataSlotId failed, invalid slotId:-1, subId:0
07-07 15:19:56.487 E/SmartDualCardSM( 2840): isNeedEnterHardSwitchingMode failed, invalid sub
07-07 15:20:09.024 I/chatty  ( 1429): uid=1000(system) UEventObserver expire 16 lines
07-07 15:20:09.880 I/storaged(  869): storaged_t::event: Uidm reported.
07-07 15:20:09.901 I/storaged(  869): uid_monitor::update_curr_io_stats_locked: last_uid_io_stats_ size is 289
07-07 15:20:09.901 I/storaged(  869): uid_monitor::update_curr_io_stats_locked: curr_io_stats_ size is 289
07-07 15:20:09.901 I/storaged(  869): uid_monitor::update_uid_io_proto: io_history_ size is 1596
07-07 15:20:09.904 I/storaged(  869): storaged_t::event: storage_info refreshed.
07-07 15:20:09.905 I/storaged(  869): storaged_t::event: proto flushed.
07-07 15:20:39.982 I/chatty  ( 1429): uid=1000(system) Binder:1429_17 expire 25 lines
07-07 15:20:39.986 I/chatty  ( 1429): uid=1000(system) android.anim expire 32 lines
07-07 15:20:39.992 I/BoosterSwitchP( 2840): notifyUidState do nothing
07-07 15:20:39.992 I/DeepNoDisturbP( 2840): notifyUidState
07-07 15:20:39.992 I/BrowserChrP( 2840): notifyUidState
07-07 15:20:39.995 I/HwNetworkPolicyManager(30730): getHwUidPolicy uid = 11189 policy = 0
07-07 15:20:40.010 I/HidataAppQoeP( 2840): foregroundUidAdd uid: 11189 name: cn.carbs.wricheditor activity state: true
07-07 15:20:40.018 I/HwCommandQueue( 2486): updateBarBgColor
07-07 15:20:40.018 D/HwCommandQueue( 2486): CommandQueue, setBarBackgroundColor
07-07 15:20:40.023 E/BoosterUtil( 2840): convertSubIdToSlotId failed, subId:0, slotId:-1
07-07 15:20:40.023 E/BoosterUtil( 2840): getDefaultDataSlotId failed, invalid slotId:-1, subId:0
07-07 15:20:40.024 I/UidCloseNrStateMachine( 2840): enter uidStateChanged, ForeGrountApp = cn.carbs.wricheditor, mIsCallOn = false, mIsUsbPlugged = true
07-07 15:20:40.025 D/SmartDualCardConfig( 2840): getAppType,pkgName=cn.carbs.wricheditor,appType=-1
07-07 15:20:40.026 D/SmartDualCardConfig( 2840): getAppType,pkgName=cn.carbs.wricheditor,appType=-1
07-07 15:20:40.026 E/SmartDualCardConfig( 2840): isAppInBlackList false,items==null
07-07 15:20:40.026 D/SmartDualCardSM( 2840): onUidStateUpdate,uid=11189,appName=cn.carbs.wricheditor,state=FOREGROUND
07-07 15:20:40.026 D/SmartDualCardConfig( 2840): getAppType,pkgName=cn.carbs.wricheditor,appType=-1
07-07 15:20:40.026 D/SmartDualCardSM( 2840): updateAppState mAppState=2
07-07 15:20:40.026 D/SmartDualCardConfig( 2840): addForegroundAppToList,size()=1,uid=11189
07-07 15:20:40.031 I/BoosterUtil( 2840): getSlaveCardSubId slotId: 1, subId: -1
07-07 15:20:40.032 I/BoosterUtil( 2840): getSlaveCardSubId slotId: 1, subId: -1
07-07 15:20:40.033 E/BoosterUtil( 2840): convertSubIdToSlotId failed, subId:0, slotId:-1
07-07 15:20:40.033 E/BoosterUtil( 2840): getDefaultDataSlotId failed, invalid slotId:-1, subId:0
07-07 15:20:40.034 E/SmartDualCardSM( 2840): boosterDump failed, invalid param, default4GSlotId0
07-07 15:20:40.034 D/SmartDualCardSM( 2840): isNeedMonitorAppQoe return false
07-07 15:20:40.035 E/BoosterUtil( 2840): convertSubIdToSlotId failed, subId:0, slotId:-1
07-07 15:20:40.035 E/BoosterUtil( 2840): getDefaultDataSlotId failed, invalid slotId:-1, subId:0
07-07 15:20:40.035 D/SmartDualCardSM( 2840): resetAppQoeState
07-07 15:20:40.035 D/SmartDualCardSM( 2840): IdleState:got msg.what=EVENT_APP_MOVE_FOREGROUND
07-07 15:20:40.035 I/DollieChr( 2840): handleForegroundAppUpdateMsg,mAppState=1,scenes=2,mForegroundAppName=
07-07 15:20:40.036 E/BoosterUtil( 2840): convertSubIdToSlotId failed, subId:0, slotId:-1
07-07 15:20:40.036 E/BoosterUtil( 2840): getDefaultDataSlotId failed, invalid slotId:-1, subId:0
07-07 15:20:40.036 E/SmartDualCardSM( 2840): isNeedEnterHardSwitchingMode failed, invalid sub
07-07 15:20:40.223 D/SmartDualCardConfig( 2840): getAppType,pkgName=com.huawei.android.launcher,appType=28
07-07 15:20:40.223 D/SmartDualCardSM( 2840): onUidStateUpdate isSkip,uid=10093,pkgName=com.huawei.android.launcher,pkgNameByComponentName=com.huawei.android.launcher
07-07 15:20:40.251 I/chatty  ( 1429): uid=1000(system) Binder:1429_14 expire 17 lines
07-07 15:20:40.254 I/BoosterSwitchP( 2840): notifyUidState do nothing
07-07 15:20:40.254 I/DeepNoDisturbP( 2840): notifyUidState
07-07 15:20:40.254 I/BrowserChrP( 2840): notifyUidState
