--------- beginning of system
07-09 18:32:48.319 D/ActivityThread(22739): Attach thread to application
07-09 18:32:48.359 I/chatty  ( 1709): uid=1000(system) Binder:1709_8 expire 7 lines
07-09 18:32:48.367 I/chatty  ( 1709): uid=1000(system) Binder:1709_3 expire 26 lines
07-09 18:32:48.375 I/chatty  ( 1709): uid=1000(system) android.ui expire 4 lines
07-09 18:32:48.379 I/chatty  ( 1709): uid=1000(system) HwGameAssistant expire 2 lines
07-09 18:32:48.380 I/chatty  ( 1709): uid=1000(system) Binder:1709_5 expire 1 line
07-09 18:32:48.382 I/chatty  ( 1709): uid=1000(system) Binder:1709_9 expire 3 lines
07-09 18:32:48.390 I/chatty  ( 1709): uid=1000(system) HwActivityTaskM expire 3 lines
07-09 18:32:48.398 I/chatty  ( 1709): uid=1000(system) android.display expire 3 lines
07-09 18:32:48.400 I/chatty  ( 1709): uid=1000(system) Thread-8 expire 2 lines
07-09 18:32:48.406 I/chatty  ( 1709): uid=1000(system) android.anim expire 20 lines
07-09 18:32:48.411 V/ActivityThread(22584): callActivityOnCreate
07-09 18:32:48.431 D/ActivityThread(22584): add activity client record, r= ActivityRecord{a1a5a23 token=android.os.BinderProxy@89eb0b5 {com.android.packageinstaller/com.android.packageinstaller.InstallInstalling}} token= android.os.BinderProxy@89eb0b5
07-09 18:32:48.479 D/ActivityThread(22584): Remove activity client record, r= ActivityRecord{cca77ba token=android.os.BinderProxy@2b08750 {com.android.packageinstaller/com.android.packageinstaller.PackageInstallerActivity}} token= android.os.BinderProxy@2b08750
07-09 18:32:48.503 I/chatty  ( 1709): uid=1000(system) PackageManager expire 131 lines
07-09 18:32:48.507 I/chatty  ( 1709): uid=1000(system) ActivityManager expire 3 lines
07-09 18:32:48.720 I/chatty  ( 1709): uid=1000(system) PackageManager expire 39 lines
07-09 18:32:48.870 I/chatty  ( 1709): uid=1000(system) PackageInstalle expire 1 line
07-09 18:32:48.872 I/chatty  ( 1709): uid=1000(system) Binder:1709_E expire 11 lines
07-09 18:32:48.886 I/chatty  ( 1709): uid=1000(system) HwActivityTaskM expire 4 lines
07-09 18:32:48.887 I/chatty  ( 1709): uid=1000(system) Thread-8 expire 3 lines
07-09 18:32:48.888 I/chatty  ( 1709): uid=1000(system) android.anim expire 24 lines
07-09 18:32:48.888 V/ActivityThread(22584): callActivityOnCreate
07-09 18:32:48.895 I/chatty  ( 1709): uid=1000(system) Binder:1709_9 expire 1 line
07-09 18:32:48.906 I/BoosterGameP( 2931): handleStateChanged reason=12
07-09 18:32:48.907 E/BoosterUtil( 2931): convertSubIdToSlotId failed, subId:0, slotId:-1
07-09 18:32:48.907 E/BoosterUtil( 2931): getDefaultDataSlotId failed, invalid slotId:-1, subId:0
07-09 18:32:48.907 I/BoosterVideoP( 2931): handleStateChanged reason=12
07-09 18:32:48.907 I/chatty  ( 1709): uid=1000(system) Binder:1709_8 expire 19 lines
07-09 18:32:48.908 I/chatty  ( 1709): uid=1000(system) Binder:1709_5 expire 13 lines
07-09 18:32:48.908 E/BoosterUtil( 2931): convertSubIdToSlotId failed, subId:0, slotId:-1
07-09 18:32:48.908 E/BoosterUtil( 2931): getDefaultDataSlotId failed, invalid slotId:-1, subId:0
07-09 18:32:48.908 I/BoosterSwitchP( 2931): handleStateChanged reason=12
07-09 18:32:48.909 D/ActivityThread(22584): add activity client record, r= ActivityRecord{76bb08b token=android.os.BinderProxy@c3eea9b {com.android.packageinstaller/com.android.packageinstaller.InstallSuccess}} token= android.os.BinderProxy@c3eea9b
07-09 18:32:48.909 E/BoosterUtil( 2931): convertSubIdToSlotId failed, subId:0, slotId:-1
07-09 18:32:48.909 E/BoosterUtil( 2931): getDefaultDataSlotId failed, invalid slotId:-1, subId:0
07-09 18:32:48.911 E/BoosterUtil( 2931): convertSubIdToSlotId failed, subId:0, slotId:-1
07-09 18:32:48.911 E/BoosterUtil( 2931): getDefaultDataSlotId failed, invalid slotId:-1, subId:0
07-09 18:32:48.911 I/DeepNoDisturbP( 2931): handleStateChanged reason=12
07-09 18:32:48.912 I/HwKeystoreServiceImpl( 2931): package removed for update, packageName:cn.carbs.wricheditor appId:11189
07-09 18:32:48.912 E/BoosterUtil( 2931): convertSubIdToSlotId failed, subId:0, slotId:-1
07-09 18:32:48.912 E/BoosterUtil( 2931): getDefaultDataSlotId failed, invalid slotId:-1, subId:0
07-09 18:32:48.914 W/ContextImpl( 3304): Calling a method in the system process without a qualified user: android.app.ContextImpl.bindService:1753 android.content.ContextWrapper.bindService:705 com.huawei.securityserver.ConnectRemoteServiceManager.connectRemoteService:131 com.huawei.securityserver.HandlerManager.bindService:89 com.huawei.securityserver.HandlerManager.access$000:20 
07-09 18:32:48.916 E/BoosterUtil( 2931): convertSubIdToSlotId failed, subId:0, slotId:-1
07-09 18:32:48.916 E/BoosterUtil( 2931): getDefaultDataSlotId failed, invalid slotId:-1, subId:0
07-09 18:32:48.916 I/HidataAppQoeP( 2931): handleStateChanged reason=12
07-09 18:32:48.917 E/BoosterUtil( 2931): convertSubIdToSlotId failed, subId:0, slotId:-1
07-09 18:32:48.917 E/BoosterUtil( 2931): getDefaultDataSlotId failed, invalid slotId:-1, subId:0
07-09 18:32:48.917 I/PreDnsQuery( 2931): handleStateChanged reason=12
07-09 18:32:48.922 I/chatty  ( 1709): uid=1000(system) Binder:1709_11 expire 8 lines
07-09 18:32:48.923 I/PreDnsQuery( 2931): onReceive: intent = android.intent.action.PACKAGE_REMOVED
07-09 18:32:48.924 E/BoosterUtil( 2931): convertSubIdToSlotId failed, subId:0, slotId:-1
07-09 18:32:48.924 E/BoosterUtil( 2931): getDefaultDataSlotId failed, invalid slotId:-1, subId:0
07-09 18:32:48.924 I/PreDnsQuery( 2931): No need to handled!
07-09 18:32:48.924 I/BrowserChrP( 2931): handleStateChanged
07-09 18:32:48.924 I/SmartDualCardConfig( 2931): onPackageInstallStateUpdate uid=11189,appName=cn.carbs.wricheditor,packageAddFlag=0
07-09 18:32:48.926 I/chatty  ( 1709): uid=1000(system) Binder:1709_10 expire 5 lines
07-09 18:32:48.949 D/ActivityThread(22779): Attach thread to application
07-09 18:32:48.955 I/chatty  ( 1709): uid=1000(system) android.bg expire 8 lines
07-09 18:32:48.965 I/chatty  ( 1709): uid=1000(system) Binder:1709_12 expire 3 lines
07-09 18:32:48.981 I/chatty  ( 1709): uid=1000(system) Binder:1709_1E expire 6 lines
07-09 18:32:48.981 I/chatty  ( 1709): uid=1000(system) Binder:1709_B expire 3 lines
07-09 18:32:48.987 I/chatty  ( 1709): uid=1000(system) ActivityManager expire 8 lines
07-09 18:32:48.988 I/chatty  ( 1709): uid=1000(system) Binder:1709_6 expire 4 lines
07-09 18:32:48.992 W/ContextImpl( 2810): Calling a method in the system process without a qualified user: android.app.ContextImpl.startService:1674 android.content.ContextWrapper.startService:669 com.huawei.systemmanager.spacecleanner.receiver.SpaceCleanReceiver.T:65 com.huawei.systemmanager.spacecleanner.receiver.SpaceCleanReceiver.doInBackground:89 java.lang.reflect.Method.invoke:-2 
07-09 18:32:48.997 I/chatty  ( 1709): uid=1000(system) Binder:1709_1 expire 1 line
07-09 18:32:49.001 I/chatty  ( 1709): uid=1000(system) Binder:1709_C expire 2 lines
07-09 18:32:49.008 I/chatty  ( 1709): uid=1000(system) Binder:1709_3 expire 12 lines
07-09 18:32:49.030 I/chatty  ( 1709): uid=1000(system) Binder:1709_16 expire 1 line
07-09 18:32:49.032 I/chatty  ( 1709): uid=1000(system) Binder:1709_1D expire 1 line
07-09 18:32:49.035 I/chatty  ( 1709): uid=1000(system) MultiTaskManage expire 8 lines
07-09 18:32:49.037 I/chatty  ( 1709): uid=1000(system) android.ui expire 4 lines
07-09 18:32:49.043 I/chatty  ( 1709): uid=1000 system_server expire 14 lines
07-09 18:32:49.043 W/ContextImpl( 2685): Calling a method in the system process without a qualified user: android.app.ContextImpl.startService:1674 android.content.ContextWrapper.startService:669 android.content.ContextWrapper.startService:669 com.android.settings.applications.BlackListReceiver.onReceive:45 android.app.ActivityThread.handleReceiver:4462 
07-09 18:32:49.061 D/ActivityThread(22822): Attach thread to application
07-09 18:32:49.083 I/chatty  ( 1709): uid=1000(system) android.display expire 13 lines
07-09 18:32:49.083 D/ActivityThread(22843): Attach thread to application
07-09 18:32:49.089 D/ActivityThread(22584): Remove activity client record, r= ActivityRecord{a1a5a23 token=android.os.BinderProxy@89eb0b5 {com.android.packageinstaller/com.android.packageinstaller.InstallInstalling}} token= android.os.BinderProxy@89eb0b5
07-09 18:32:49.089 I/chatty  ( 1709): uid=1000(system) Binder:1709_A expire 9 lines
07-09 18:32:49.123 I/chatty  ( 1709): uid=1000(system) Binder:1709_1F expire 2 lines
07-09 18:32:49.123 I/BoosterSwitchP( 2931): notifyUidState do nothing
07-09 18:32:49.123 I/DeepNoDisturbP( 2931): notifyUidState
07-09 18:32:49.123 I/BrowserChrP( 2931): notifyUidState
07-09 18:32:49.158 D/ActivityThread(22873): Attach thread to application
07-09 18:32:49.158 I/chatty  ( 1709): uid=1000(system) Binder:1709_20 expire 1 line
07-09 18:32:49.176 D/ActivityThread(22901): Attach thread to application
07-09 18:32:49.180 I/chatty  ( 1709): uid=1000(system) android.fg expire 1 line
07-09 18:32:49.183 D/ActivityThread(22938): Attach thread to application
07-09 18:32:49.238 I/BoosterGameP( 2931): handleStateChanged reason=12
07-09 18:32:49.239 E/BoosterUtil( 2931): convertSubIdToSlotId failed, subId:0, slotId:-1
07-09 18:32:49.239 E/BoosterUtil( 2931): getDefaultDataSlotId failed, invalid slotId:-1, subId:0
07-09 18:32:49.239 I/BoosterVideoP( 2931): handleStateChanged reason=12
07-09 18:32:49.241 E/BoosterUtil( 2931): convertSubIdToSlotId failed, subId:0, slotId:-1
07-09 18:32:49.241 E/BoosterUtil( 2931): getDefaultDataSlotId failed, invalid slotId:-1, subId:0
07-09 18:32:49.241 I/BoosterSwitchP( 2931): handleStateChanged reason=12
07-09 18:32:49.242 E/BoosterUtil( 2931): convertSubIdToSlotId failed, subId:0, slotId:-1
07-09 18:32:49.242 E/BoosterUtil( 2931): getDefaultDataSlotId failed, invalid slotId:-1, subId:0
07-09 18:32:49.243 E/BoosterUtil( 2931): convertSubIdToSlotId failed, subId:0, slotId:-1
07-09 18:32:49.243 E/BoosterUtil( 2931): getDefaultDataSlotId failed, invalid slotId:-1, subId:0
07-09 18:32:49.243 I/DeepNoDisturbP( 2931): handleStateChanged reason=12
07-09 18:32:49.244 E/BoosterUtil( 2931): convertSubIdToSlotId failed, subId:0, slotId:-1
07-09 18:32:49.244 E/BoosterUtil( 2931): getDefaultDataSlotId failed, invalid slotId:-1, subId:0
07-09 18:32:49.245 E/BoosterUtil( 2931): convertSubIdToSlotId failed, subId:0, slotId:-1
07-09 18:32:49.245 E/BoosterUtil( 2931): getDefaultDataSlotId failed, invalid slotId:-1, subId:0
07-09 18:32:49.245 I/HidataAppQoeP( 2931): handleStateChanged reason=12
07-09 18:32:49.248 E/BoosterUtil( 2931): convertSubIdToSlotId failed, subId:0, slotId:-1
07-09 18:32:49.248 E/BoosterUtil( 2931): getDefaultDataSlotId failed, invalid slotId:-1, subId:0
07-09 18:32:49.248 I/PreDnsQuery( 2931): handleStateChanged reason=12
07-09 18:32:49.249 E/BoosterUtil( 2931): convertSubIdToSlotId failed, subId:0, slotId:-1
07-09 18:32:49.249 E/BoosterUtil( 2931): getDefaultDataSlotId failed, invalid slotId:-1, subId:0
07-09 18:32:49.249 I/PreDnsQuery( 2931): No need to handled!
07-09 18:32:49.250 I/BrowserChrP( 2931): handleStateChanged
07-09 18:32:49.250 I/HidataAppQoeP( 2931): foregroundUidRemove uid: 10040 name: com.android.packageinstaller
07-09 18:32:49.251 I/SmartDualCardConfig( 2931): getAppType,pkgName=com.android.packageinstaller,appType=255
07-09 18:32:49.251 E/SmartDualCardConfig( 2931): isAppInBlackList false,items==null
07-09 18:32:49.251 I/SmartDualCardConfig( 2931): isAppInWhiteList false,uid=10040
07-09 18:32:49.264 D/ActivityThread(22971): Attach thread to application
07-09 18:32:49.269 D/ActivityThread(22995): Attach thread to application
07-09 18:32:49.270 I/chatty  ( 1709): uid=1000(system) HwGameAssistant expire 1 line
07-09 18:32:49.278 I/chatty  ( 1709): uid=1000(system) sManagerService expire 3 lines
07-09 18:32:49.280 D/RtgSched(22584): resetRtgSchedHandle failed enable:0
07-09 18:32:49.287 I/BoosterSwitchP( 2931): notifyUidState do nothing
07-09 18:32:49.287 I/DeepNoDisturbP( 2931): notifyUidState
07-09 18:32:49.287 I/BrowserChrP( 2931): notifyUidState
07-09 18:32:49.287 I/HwNetworkPolicyManager( 2810): getHwUidPolicy uid = 11189 policy = 0
07-09 18:32:49.288 I/chatty  ( 1709): uid=1000(system) Binder:1709_10 expire 10 lines
07-09 18:32:49.290 I/chatty  ( 1709): uid=1000(system) Binder:1709_A expire 13 lines
07-09 18:32:49.309 I/chatty  ( 1709): uid=1000(system) Binder:1709_3 expire 88 lines
07-09 18:32:49.313 I/SmartDualCardConfig( 2931): onPackageInstallStateUpdate uid=11189,appName=cn.carbs.wricheditor,packageAddFlag=1
07-09 18:32:49.356 V/ActivityThread(22971): callActivityOnCreate
07-09 18:32:49.361 I/PreDnsQuery( 2931): onReceive: intent = android.intent.action.PACKAGE_ADDED
07-09 18:32:49.390 I/chatty  ( 1709): uid=1000(system) android.bg expire 4 lines
07-09 18:32:49.391 I/chatty  ( 1709): uid=1000(system) android.fg expire 1 line
07-09 18:32:49.408 E/SmartDualCardConfig( 2931): getApkConfig fail,end
07-09 18:32:49.408 I/SmartDualCardConfig( 2931): isAppInXml,return false
07-09 18:32:49.408 E/SmartDualCardConfig( 2931): onPackageInstallStateUpdate fail
07-09 18:32:49.423 D/ActivityThread(22971): add activity client record, r= ActivityRecord{e734999 token=android.os.BinderProxy@e2d106d {cn.carbs.wricheditor/cn.carbs.wricheditor.MainActivity}} token= android.os.BinderProxy@e2d106d
07-09 18:32:49.439 I/chatty  ( 1709): uid=1000(system) HwActivityTaskM expire 1 line
07-09 18:32:49.439 I/chatty  ( 1709): uid=1000(system) Thread-8 expire 1 line
07-09 18:32:49.440 I/HidataAppQoeP( 2931): foregroundUidAdd uid: 11189 name: cn.carbs.wricheditor activity state: true
07-09 18:32:49.441 E/BoosterUtil( 2931): convertSubIdToSlotId failed, subId:0, slotId:-1
07-09 18:32:49.441 E/BoosterUtil( 2931): getDefaultDataSlotId failed, invalid slotId:-1, subId:0
07-09 18:32:49.441 I/NetworkQoeChr( 2931): checkForegroundApp timer end
07-09 18:32:49.442 I/SmartDualCardConfig( 2931): getAppType,pkgName=cn.carbs.wricheditor,appType=-1
07-09 18:32:49.442 E/SmartDualCardConfig( 2931): isAppInBlackList false,items==null
07-09 18:32:49.442 I/SmartDualCardConfig( 2931): isAppInWhiteList false,uid=11189
07-09 18:32:49.459 I/HwCommandQueue( 2645): updateBarBgColor
07-09 18:32:49.459 D/HwCommandQueue( 2645): CommandQueue, setBarBackgroundColor
07-09 18:32:49.460 I/chatty  ( 1709): uid=1000(system) android.ui expire 2 lines
07-09 18:32:49.467 I/chatty  ( 1709): uid=1000(system) Binder:1709_C expire 17 lines
07-09 18:32:49.528 W/ContextImpl( 3013): Calling a method in the system process without a qualified user: android.app.ContextImpl.startService:1674 android.content.ContextWrapper.startService:669 android.content.ContextWrapper.startService:669 com.huawei.nb.receiver.AppDataClearBroadcastReceiver$1.run:67 com.huawei.nb.scheduler.a.b.run:55 
07-09 18:32:49.533 I/chatty  ( 1709): uid=1000(system) android.anim expire 11 lines
07-09 18:32:49.536 W/ContextImpl( 3013): Calling a method in the system process without a qualified user: android.app.ContextImpl.bindService:1753 android.content.ContextWrapper.bindService:705 com.huawei.nb.client.RemoteServiceConnection.open:132 com.huawei.nb.client.Proxy.connect:172 com.huawei.nb.client.DualProxy.connect:72 
07-09 18:32:49.545 W/ContextImpl( 3013): Calling a method in the system process without a qualified user: android.app.ContextImpl.bindService:1753 android.content.ContextWrapper.bindService:705 com.huawei.nb.client.RemoteServiceConnection.open:132 com.huawei.nb.client.Proxy.connect:172 com.huawei.nb.client.DualProxy.access$101:28 
07-09 18:32:49.556 I/chatty  ( 1709): uid=1000(system) ActivityManager expire 5 lines
07-09 18:32:49.557 I/chatty  ( 1709): uid=1000(system) MultiTaskManage expire 5 lines
07-09 18:32:49.559 I/chatty  ( 1709): uid=1000(system) Binder:1709_8 expire 10 lines
07-09 18:32:49.570 D/ActivityThread(23097): Attach thread to application
07-09 18:32:49.684 W/ContextImpl( 2810): Calling a method in the system process without a qualified user: android.app.ContextImpl.startService:1674 android.content.ContextWrapper.startService:669 com.huawei.systemmanager.spacecleanner.receiver.SpaceCleanReceiver.T:65 com.huawei.systemmanager.spacecleanner.receiver.SpaceCleanReceiver.doInBackground:89 java.lang.reflect.Method.invoke:-2 
07-09 18:32:49.692 W/ContextImpl(23097): Calling a method in the system process without a qualified user: android.app.ContextImpl.startService:1674 android.content.ContextWrapper.startService:669 com.huawei.securitycenter.antivirus.AntivirusModule.startAntivirusService:35 com.huawei.securitycenter.antivirus.AntivirusModule.loadModule:23 com.huawei.securitycentersdk.SecurityCenterContext.loadModules:63 
07-09 18:32:49.694 W/ContextImpl(23097): Calling a method in the system process without a qualified user: android.app.ContextImpl.startService:1674 android.content.ContextWrapper.startService:669 com.huawei.securitycentersdk.SecurityCenterContext.startHwSecService:11 com.huawei.securitycentersdk.SecurityCenterContext.startServices:0 com.huawei.securitycentersdk.SecurityCenterContext.inject:9 
07-09 18:32:49.712 W/ContextImpl(23097): Calling a method in the system process without a qualified user: android.app.ContextImpl.startService:1674 android.content.ContextWrapper.startService:669 com.huawei.systemmanager.SystemManagerApplication.ajm:21 com.huawei.systemmanager.SystemManagerApplication.ajl:41 com.huawei.systemmanager.SystemManagerApplication.onCreate:202 
07-09 18:32:49.714 I/chatty  ( 1709): uid=1000(system) ActivityManager expire 8 lines
07-09 18:32:49.714 W/ContextImpl(23097): Calling a method in the system process without a qualified user: android.app.ContextImpl.startService:1674 android.content.ContextWrapper.startService:669 com.huawei.systemmanager.SystemManagerApplication.ajq:7 com.huawei.systemmanager.SystemManagerApplication.ajl:44 com.huawei.systemmanager.SystemManagerApplication.onCreate:202 
07-09 18:32:49.716 W/ContextImpl(23097): Calling a method in the system process without a qualified user: android.app.ContextImpl.startService:1674 android.content.ContextWrapper.startService:669 com.huawei.systemmanager.SystemManagerApplication.ajt:7 com.huawei.systemmanager.SystemManagerApplication.ajl:53 com.huawei.systemmanager.SystemManagerApplication.onCreate:202 
07-09 18:32:49.717 W/ContextImpl(23097): Calling a method in the system process without a qualified user: android.app.ContextImpl.startService:1674 android.content.ContextWrapper.startService:669 com.huawei.systemmanager.SystemManagerApplication.aju:7 com.huawei.systemmanager.SystemManagerApplication.ajl:56 com.huawei.systemmanager.SystemManagerApplication.onCreate:202 
07-09 18:32:49.718 W/ContextImpl(23097): Calling a method in the system process without a qualified user: android.app.ContextImpl.startService:1674 android.content.ContextWrapper.startService:669 com.huawei.systemmanager.SystemManagerApplication.ajv:7 com.huawei.systemmanager.SystemManagerApplication.ajl:59 com.huawei.systemmanager.SystemManagerApplication.onCreate:202 
07-09 18:32:49.719 W/ContextImpl(23097): Calling a method in the system process without a qualified user: android.app.ContextImpl.startService:1674 android.content.ContextWrapper.startService:669 com.huawei.systemmanager.SystemManagerApplication.ajw:7 com.huawei.systemmanager.SystemManagerApplication.ajl:62 com.huawei.systemmanager.SystemManagerApplication.onCreate:202 
07-09 18:32:49.727 W/ContextImpl(23097): Calling a method in the system process without a qualified user: android.app.ContextImpl.startService:1674 android.content.ContextWrapper.startService:669 com.huawei.systemmanager.SystemManagerApplication.ajp:7 com.huawei.systemmanager.SystemManagerApplication.ajl:68 com.huawei.systemmanager.SystemManagerApplication.onCreate:202 
07-09 18:32:49.729 W/ContextImpl(23097): Calling a method in the system process without a qualified user: android.app.ContextImpl.startService:1674 android.content.ContextWrapper.startService:669 com.huawei.systemmanager.SystemManagerApplication.ajn:28 com.huawei.systemmanager.SystemManagerApplication.ajl:71 com.huawei.systemmanager.SystemManagerApplication.onCreate:202 
07-09 18:32:49.753 W/ContextImpl(23097): Calling a method in the system process without a qualified user: android.app.ContextImpl.bindService:1753 android.content.ContextWrapper.bindService:705 com.huawei.library.l.b.e.a:71 com.huawei.library.l.b.f.b:23 com.huawei.library.l.b.a$a.aS:77 
07-09 18:32:49.769 W/ContextImpl(23097): Calling a method in the system process without a qualified user: android.app.ContextImpl.startService:1674 android.content.ContextWrapper.startService:669 android.content.ContextWrapper.startService:669 com.huawei.securitycenter.antivirus.utils.c.s:44 com.huawei.securitycenter.antivirus.AntiVirusReceiver.q:11 
07-09 18:32:49.822 I/chatty  ( 1709): uid=1000(system) Binder:1709_16 expire 12 lines
07-09 18:32:49.830 W/ContextImpl( 2685): Calling a method in the system process without a qualified user: android.app.ContextImpl.startService:1674 android.content.ContextWrapper.startService:669 android.content.ContextWrapper.startService:669 com.android.settings.applications.BlackListReceiver.onReceive:45 android.app.ActivityThread.handleReceiver:4462 
07-09 18:32:49.871 W/ContextImpl(23097): Calling a method in the system process without a qualified user: android.app.ContextImpl.startService:1674 android.content.ContextWrapper.startService:669 android.content.ContextWrapper.startService:669 com.huawei.securitycenter.antivirus.utils.c.r:73 com.huawei.securitycenter.antivirus.AntiVirusReceiver.onReceive:46 
07-09 18:32:49.872 W/ContextImpl( 2810): Calling a method in the system process without a qualified user: android.app.ContextImpl.startService:1674 android.content.ContextWrapper.startService:669 com.huawei.securitycenter.antivirus.AntiVirusService.s:33 com.huawei.securitycenter.antivirus.AntiVirusService.onStartCommand:72 android.app.ActivityThread.handleServiceArgs:4776 
07-09 18:32:49.910 D/ActivityThread(23191): Attach thread to application
07-09 18:32:49.930 D/ActivityThread(23212): Attach thread to application
07-09 18:32:49.942 W/ContextImpl(23191): Calling a method in the system process without a qualified user: android.app.ContextImpl.startService:1674 android.content.ContextWrapper.startService:669 com.huawei.securitycenter.antivirus.AntivirusModule.startAntivirusService:35 com.huawei.securitycenter.antivirus.AntivirusModule.loadModule:23 com.huawei.securitycentersdk.SecurityCenterContext.loadModules:63 
07-09 18:32:49.943 W/ContextImpl(23191): Calling a method in the system process without a qualified user: android.app.ContextImpl.startService:1674 android.content.ContextWrapper.startService:669 com.huawei.securitycentersdk.SecurityCenterContext.startHwSecService:11 com.huawei.securitycentersdk.SecurityCenterContext.startServices:0 com.huawei.securitycentersdk.SecurityCenterContext.inject:9 
07-09 18:32:49.953 W/ContextImpl(23191): Calling a method in the system process without a qualified user: android.app.ContextImpl.bindService:1753 android.content.ContextWrapper.bindService:705 com.huawei.library.l.b.e.a:71 com.huawei.library.l.b.f.b:23 com.huawei.library.l.b.a$a.aS:77 
07-09 18:32:49.953 W/ContextImpl(23191): Calling a method in the system process without a qualified user: android.app.ContextImpl.bindService:1753 android.content.ContextWrapper.bindService:705 com.huawei.securitycenter.antivirus.ai.g.RV:66 com.huawei.securitycenter.antivirus.ai.g.RR:46 com.huawei.securitycenter.antivirus.AntiVirusScanService.onCreate:28 
07-09 18:32:49.999 D/ActivityThread(23257): Attach thread to application
07-09 18:32:50.034 W/ContextImpl(23191): Calling a method in the system process without a qualified user: android.app.ContextImpl.bindService:1753 android.content.ContextWrapper.bindService:705 com.qihoo.qvssdk.AntivirusEngineImpl.install:44 com.qihoo.qvssdk.AntivirusProviderImpl.install:213 com.huawei.securitycenter.antivirus.newengine.b$c.call:118 
07-09 18:32:50.111 W/ContextImpl(23191): Calling a method in the system process without a qualified user: android.app.ContextImpl.bindService:1753 android.content.ContextWrapper.bindService:705 tmsdkobf.gu.be:41 tmsdk.common.TMSDKContext.init:63 com.huawei.library.sdk.tmsdk.TMSdkEngine.init:29 
07-09 18:32:50.262 W/ContextImpl(23191): Calling a method in the system process without a qualified user: android.app.ContextImpl.startService:1674 android.content.ContextWrapper.startService:669 tmsdk.common.TMSDKContext.init:214 com.huawei.library.sdk.tmsdk.TMSdkEngine.init:29 com.huawei.library.sdk.tmsdk.TMSdkEngine.initTMSDK:0 
07-09 18:32:50.772 D/HwCustConnectivityManagerImpl(23212): isBlockNetworkRequestByNonAis, INVALID_SUBSCRIPTION_ID
07-09 18:32:50.775 I/chatty  ( 1709): uid=1000(system) ConnectivitySer expire 47 lines
07-09 18:32:50.779 D/HwCustConnectivityManagerImpl(23212): isBlockNetworkRequestByNonAis, INVALID_SUBSCRIPTION_ID
07-09 18:32:50.779 D/Telephony-AccountEntry( 3329): isEmergencyPreferredAccount: subId=-1, activeData=-1
07-09 18:32:50.779 D/Telephony-AccountEntry( 3329): isEmergencyPreferredAccount: Device does not require preference.
07-09 18:32:50.779 D/Telephony-AccountEntry( 3329): isEmergencyPreferredAccount: subId=-1, activeData=-1
07-09 18:32:50.779 D/Telephony-AccountEntry( 3329): isEmergencyPreferredAccount: Device does not require preference.
07-09 18:32:50.779 D/Telephony-AccountEntry( 3329): isEmergencyPreferredAccount: subId=-1, activeData=-1
07-09 18:32:50.779 D/Telephony-AccountEntry( 3329): isEmergencyPreferredAccount: Device does not require preference.
07-09 18:32:50.780 D/Telephony-AccountEntry( 3329): isEmergencyPreferredAccount: subId=-1, activeData=-1
07-09 18:32:50.780 D/Telephony-AccountEntry( 3329): isEmergencyPreferredAccount: Device does not require preference.
07-09 18:32:50.789 D/SystemConfig(23191): Removed unavailable feature android.hardware.sensor.barometer
07-09 18:32:50.789 D/SystemConfig(23191): Removed unavailable feature android.hardware.sensor.stepdetector
07-09 18:32:50.858 W/HwApsManager(22971): HwApsManagerService, registerCallback, start !
07-09 18:32:50.883 W/SystemConfig(23191): No directory /product_services/etc/sysconfig, skipping
07-09 18:32:50.883 W/SystemConfig(23191): No directory /product_services/etc/permissions, skipping
07-09 18:32:50.884 W/SystemConfig(23191): No directory /system/emui/base/sysconfig, skipping
07-09 18:32:50.885 W/SystemConfig(23191): No directory /system/emui/china/sysconfig, skipping
07-09 18:32:50.886 W/SystemConfig(23191): No directory /system/emui/china_honor/sysconfig, skipping
07-09 18:32:50.886 D/SystemConfig(23191): Removed unavailable feature com.huawei.software.features.huawei
07-09 18:32:50.887 W/SystemConfig(23191): No directory /vendor/etc/sysconfig, skipping
07-09 18:32:50.926 D/SystemConfig(23191): Removed unavailable feature android.hardware.sensor.barometer
07-09 18:32:50.928 D/SystemConfig(23191): Removed unavailable feature android.hardware.sensor.stepdetector
07-09 18:32:50.983 W/SystemConfig(23191): No directory /odm/cust/all/cn/sysconfig, skipping
07-09 18:32:50.983 W/SystemConfig(23191): No directory /odm/cust/all/cn/permissions, skipping
07-09 18:32:50.983 W/SystemConfig(23191): No directory /odm/etc/sysconfig, skipping
07-09 18:32:50.987 W/SystemConfig(23191): No directory /odm/hw_odm/TNY-AL00/sysconfig, skipping
07-09 18:32:50.987 W/SystemConfig(23191): No directory /odm/hw_odm/TNY-AL00/permissions, skipping
07-09 18:32:50.987 W/SystemConfig(23191): No directory /hw_product/etc/sysconfig, skipping
07-09 18:32:51.060 W/SystemConfig(23191): No directory /hw_product/region_comm/china/sysconfig, skipping
07-09 18:32:51.062 W/SystemConfig(23191): No directory /preas/china/sysconfig, skipping
07-09 18:32:51.117 W/SystemConfig(23191): No directory /hw_product/hw_oem/TNY-AL00/sysconfig, skipping
07-09 18:32:51.117 W/SystemConfig(23191): No directory /hw_product/hw_oem/TNY-AL00/permissions, skipping
07-09 18:32:51.117 W/SystemConfig(23191): No directory /preload/TNY-AL00/all/cn/sysconfig, skipping
07-09 18:32:51.118 W/SystemConfig(23191): No directory /cust/global/sysconfig, skipping
07-09 18:32:51.118 W/SystemConfig(23191): No directory /cust/global/permissions, skipping
07-09 18:32:51.118 W/SystemConfig(23191): No directory /cust/hw/cn/sysconfig, skipping
07-09 18:32:51.119 W/SystemConfig(23191): No directory /cust/hw/cn/permissions, skipping
07-09 18:32:51.119 W/SystemConfig(23191): No directory /version/cust/all/cn/sysconfig, skipping
07-09 18:32:51.120 W/SystemConfig(23191): No directory /version/special_cust/TNY-AL00/all/cn/sysconfig, skipping
07-09 18:32:51.120 W/SystemConfig(23191): No directory /version/special_cust/TNY-AL00/all/cn/permissions, skipping
07-09 18:32:51.177 W/SystemConfig(23191): No directory /cust/cotalite/sysconfig, skipping
07-09 18:32:51.177 W/SystemConfig(23191): No directory /cust/cotalite/permissions, skipping
07-09 18:32:51.177 W/SystemConfig(23191): No directory /cust/ecota/sysconfig, skipping
07-09 18:32:51.178 W/SystemConfig(23191): No directory /cust/ecota/permissions, skipping
07-09 18:32:51.498 W/ContextImpl( 2685): Calling a method in the system process without a qualified user: android.app.ContextImpl.startService:1674 android.content.ContextWrapper.startService:669 android.content.ContextWrapper.startService:669 com.android.settings.applications.BlackListReceiver.onReceive:45 android.app.ActivityThread.handleReceiver:4462 
07-09 18:32:52.928 I/chatty  ( 1709): uid=1000 system_server expire 2 lines
07-09 18:32:52.936 I/chatty  ( 1709): uid=1000(system) Binder:1709_11 expire 4 lines
07-09 18:32:52.958 D/ActivityThread(23440): Attach thread to application
07-09 18:32:52.962 I/chatty  ( 1709): uid=1000(system) Binder:1709_6 expire 10 lines
07-09 18:32:53.015 W/ContextImpl(23191): Calling a method in the system process without a qualified user: android.app.ContextImpl.stopService:1686 android.content.ContextWrapper.stopService:679 com.qihoo.qvssdk.AntivirusEngineImpl.uninstall:41 com.qihoo.qvssdk.AntivirusProviderImpl.uninstall:40 com.huawei.securitycenter.antivirus.newengine.b$c.ST:7 
07-09 18:32:53.476 I/chatty  ( 1709): uid=1000(system) Binder:1709_3 expire 13 lines
07-09 18:32:53.970 I/chatty  ( 1709): uid=1000(system) monitor thread expire 5 lines
07-09 18:32:54.073 I/chatty  ( 1709): uid=1000(system) Binder:1709_C expire 4 lines
07-09 18:32:55.726 I/chatty  ( 1709): uid=1000(system) MobileQosDetect expire 7 lines
07-09 18:32:56.368 I/chatty  ( 1709): uid=1000(system) Binder:1709_11 expire 20 lines
07-09 18:32:58.394 I/chatty  ( 1709): uid=1000(system) HwActivityTaskM expire 4 lines
07-09 18:32:58.394 I/chatty  ( 1709): uid=1000(system) Thread-8 expire 4 lines
07-09 18:32:58.398 I/BoosterSwitchP( 2931): notifyUidState do nothing
07-09 18:32:58.398 I/DeepNoDisturbP( 2931): notifyUidState
07-09 18:32:58.398 I/BrowserChrP( 2931): notifyUidState
07-09 18:32:58.795 I/chatty  ( 1709): uid=1000(system) Binder:1709_10 expire 18 lines
07-09 18:32:59.966 I/BoosterSwitchP( 2931): notifyUidState do nothing
07-09 18:32:59.966 I/DeepNoDisturbP( 2931): notifyUidState
07-09 18:32:59.966 I/BrowserChrP( 2931): notifyUidState
07-09 18:33:02.772 I/chatty  ( 1709): uid=1000(system) ActivityManager expire 1 line
07-09 18:33:02.772 I/chatty  ( 1709): uid=1000(system) MultiTaskManage expire 1 line
07-09 18:33:02.795 D/ActivityThread(23514): Attach thread to application
07-09 18:33:02.897 D/HwCustConnectivityManagerImpl(23514): isBlockNetworkRequestByNonAis, INVALID_SUBSCRIPTION_ID
07-09 18:33:02.899 I/chatty  ( 1709): uid=1000(system) ConnectivitySer expire 25 lines
07-09 18:33:02.905 D/Telephony-AccountEntry( 3329): isEmergencyPreferredAccount: subId=-1, activeData=-1
07-09 18:33:02.905 D/Telephony-AccountEntry( 3329): isEmergencyPreferredAccount: Device does not require preference.
07-09 18:33:02.905 D/Telephony-AccountEntry( 3329): isEmergencyPreferredAccount: subId=-1, activeData=-1
07-09 18:33:02.905 D/Telephony-AccountEntry( 3329): isEmergencyPreferredAccount: Device does not require preference.
07-09 18:33:02.905 D/Telephony-AccountEntry( 3329): isEmergencyPreferredAccount: subId=-1, activeData=-1
07-09 18:33:02.905 D/Telephony-AccountEntry( 3329): isEmergencyPreferredAccount: Device does not require preference.
07-09 18:33:02.905 D/Telephony-AccountEntry( 3329): isEmergencyPreferredAccount: subId=-1, activeData=-1
07-09 18:33:02.905 D/Telephony-AccountEntry( 3329): isEmergencyPreferredAccount: Device does not require preference.
07-09 18:33:04.210 I/chatty  ( 1709): uid=1000 system_server expire 3 lines
07-09 18:33:05.038 I/chatty  ( 1709): uid=1000(system) ActivityManager expire 1 line
07-09 18:33:08.663 D/TextClassifierService(22971): No configured system TextClassifierService
07-09 18:33:08.669 D/TextClassifierService(22971): No configured system TextClassifierService
07-09 18:33:08.672 D/TextClassifierService(22971): No configured system TextClassifierService
07-09 18:33:08.866 D/TextClassifierService(22971): No configured system TextClassifierService
07-09 18:33:09.451 I/chatty  ( 1709): uid=1000(system) android.anim expire 43 lines
07-09 18:33:09.467 I/chatty  ( 1709): uid=1000(system) Binder:1709_11 expire 40 lines
07-09 18:33:13.552 D/TextClassifierService(22971): No configured system TextClassifierService
07-09 18:33:13.554 D/TextClassifierService(22971): No configured system TextClassifierService
07-09 18:33:13.563 I/chatty  ( 1709): uid=1000(system) Binder:1709_3 expire 25 lines
07-09 18:33:13.622 I/chatty  ( 1709): uid=1000(system) UEventObserver expire 7 lines
07-09 18:33:13.646 I/chatty  ( 1709): uid=1000(system) Binder:1709_10 expire 1 line
07-09 18:33:19.806 I/chatty  ( 1709): uid=1000(system) InputDispatcher expire 4 lines
07-09 18:33:19.912 I/chatty  ( 1709): uid=1000(system) android.ui expire 1 line
07-09 18:33:20.175 I/chatty  ( 1709): uid=1000(system) HwGameAssistant expire 1 line
07-09 18:33:20.183 D/ActivityThread(22584): Won't deliver top position change in state=5
07-09 18:33:20.186 I/chatty  ( 1709): uid=1000(system) Binder:1709_11 expire 2 lines
07-09 18:33:20.188 I/chatty  ( 1709): uid=1000(system) android.anim expire 2 lines
07-09 18:33:20.191 I/chatty  ( 1709): uid=1000(system) android.display expire 2 lines
07-09 18:33:20.195 I/chatty  ( 1709): uid=1000(system) Binder:1709_6 expire 2 lines
07-09 18:33:20.198 I/chatty  ( 1709): uid=1000(system) Binder:1709_8 expire 14 lines
07-09 18:33:20.199 I/BoosterSwitchP( 2931): notifyUidState do nothing
07-09 18:33:20.199 I/DeepNoDisturbP( 2931): notifyUidState
07-09 18:33:20.199 I/BrowserChrP( 2931): notifyUidState
07-09 18:33:20.199 I/HidataAppQoeP( 2931): foregroundUidAdd uid: 10040 name: com.android.packageinstaller activity state: true
07-09 18:33:20.199 I/chatty  ( 1709): uid=1000(system) Binder:1709_16 expire 1 line
07-09 18:33:20.199 I/HwNetworkPolicyManager( 2810): getHwUidPolicy uid = 10040 policy = 0
07-09 18:33:20.202 E/BoosterUtil( 2931): convertSubIdToSlotId failed, subId:0, slotId:-1
07-09 18:33:20.202 E/BoosterUtil( 2931): getDefaultDataSlotId failed, invalid slotId:-1, subId:0
07-09 18:33:20.202 I/NetworkQoeChr( 2931): checkForegroundApp timer end
07-09 18:33:20.206 I/chatty  ( 1709): uid=1000(system) Binder:1709_C expire 7 lines
07-09 18:33:20.206 I/chatty  ( 1709): uid=1000(system) Binder:1709_10 expire 17 lines
07-09 18:33:20.207 I/SmartDualCardConfig( 2931): getAppType,pkgName=com.android.packageinstaller,appType=255
07-09 18:33:20.207 E/SmartDualCardConfig( 2931): isAppInBlackList false,items==null
07-09 18:33:20.207 I/SmartDualCardConfig( 2931): isAppInWhiteList false,uid=10040
07-09 18:33:20.208 I/chatty  ( 1709): uid=1000(system) sManagerService expire 5 lines
07-09 18:33:20.208 D/RtgSched(22971): resetRtgSchedHandle failed enable:0
07-09 18:33:20.209 I/HwCommandQueue( 2645): updateBarBgColor
07-09 18:33:20.209 D/HwCommandQueue( 2645): CommandQueue, setBarBackgroundColor
07-09 18:33:20.210 I/chatty  ( 1709): uid=1000(system) android.ui expire 6 lines
07-09 18:33:20.221 I/chatty  ( 1709): uid=1000(system) android.anim expire 11 lines
07-09 18:33:20.591 I/chatty  ( 1709): uid=1000(system) android.display expire 6 lines
07-09 18:33:20.597 I/BoosterSwitchP( 2931): notifyUidState do nothing
07-09 18:33:20.597 I/DeepNoDisturbP( 2931): notifyUidState
07-09 18:33:20.597 I/BrowserChrP( 2931): notifyUidState
07-09 18:33:20.601 I/HidataAppQoeP( 2931): foregroundUidRemove uid: 11189 name: cn.carbs.wricheditor
07-09 18:33:20.605 I/SmartDualCardConfig( 2931): getAppType,pkgName=cn.carbs.wricheditor,appType=-1
07-09 18:33:20.605 E/SmartDualCardConfig( 2931): isAppInBlackList false,items==null
07-09 18:33:20.605 I/SmartDualCardConfig( 2931): isAppInWhiteList false,uid=11189
07-09 18:33:20.629 D/ActivityThread(22971): Remove activity client record, r= ActivityRecord{e734999 token=android.os.BinderProxy@e2d106d {cn.carbs.wricheditor/cn.carbs.wricheditor.MainActivity}} token= android.os.BinderProxy@e2d106d
07-09 18:33:20.636 I/chatty  ( 1709): uid=1000(system) Binder:1709_11 expire 21 lines
07-09 18:33:23.971 I/chatty  ( 1709): uid=1000(system) monitor thread expire 11 lines
07-09 18:33:27.747 I/chatty  ( 1709): uid=1000(system) MobileQosDetect expire 14 lines
07-09 18:33:28.073 I/storaged(  910): storaged_t::event: storage_info refreshed.
07-09 18:33:38.670 I/chatty  ( 1709): uid=1000 system_server expire 2 lines
07-09 18:33:44.357 I/chatty  ( 1709): uid=1000(system) UEventObserver expire 14 lines
07-09 18:34:01.820 I/chatty  ( 1709): uid=1000(system) AlarmManager expire 1 line
07-09 18:34:28.074 I/storaged(  910): storaged_t::event: storage_info refreshed.
07-09 18:34:29.975 I/chatty  ( 1709): uid=1000(system) monitor thread expire 6 lines
07-09 18:34:31.807 I/chatty  ( 1709): uid=1000(system) MobileQosDetect expire 6 lines
07-09 18:34:36.349 I/chatty  ( 1709): uid=1000(system) Binder:1709_11 expire 19 lines
07-09 18:34:45.794 I/chatty  ( 1709): uid=1000(system) UEventObserver expire 7 lines
07-09 18:34:59.967 I/chatty  ( 1709): uid=1000(system) HwGameAssistant expire 2 lines
07-09 18:34:59.967 I/chatty  ( 1709): uid=1000(system) Binder:1709_10 expire 1 line
07-09 18:34:59.977 I/chatty  ( 1709): uid=1000(system) Binder:1709_3 expire 15 lines
07-09 18:34:59.978 D/ActivityThread( 5848): Won't deliver top position change in state=5
07-09 18:34:59.982 I/chatty  ( 1709): uid=1000(system) HwActivityTaskM expire 5 lines
07-09 18:34:59.988 I/chatty  ( 1709): uid=1000(system) Thread-8 expire 4 lines
07-09 18:35:00.009 I/NetworkQoeChr( 2931): checkForegroundApp timer start
07-09 18:35:00.010 I/SmartDualCardConfig( 2931): getAppType,pkgName=com.huawei.android.launcher,appType=28
07-09 18:35:00.010 E/SmartDualCardConfig( 2931): isAppInBlackList false,items==null
07-09 18:35:00.010 I/SmartDualCardConfig( 2931): isAppInWhiteList false,uid=10093
07-09 18:35:00.013 I/chatty  ( 1709): uid=1000(system) Binder:1709_6 expire 19 lines
07-09 18:35:00.022 I/chatty  ( 1709): uid=1000(system) android.anim expire 21 lines
07-09 18:35:00.023 I/SmartDualCardConfig( 2931): getAppType,pkgName=com.huawei.android.launcher,appType=28
07-09 18:35:00.023 E/SmartDualCardConfig( 2931): isAppInBlackList false,items==null
07-09 18:35:00.023 I/SmartDualCardConfig( 2931): isAppInWhiteList false,uid=10093
07-09 18:35:00.038 I/chatty  ( 1709): uid=1000(system) Binder:1709_11 expire 20 lines
07-09 18:35:00.041 I/BoosterSwitchP( 2931): notifyUidState do nothing
07-09 18:35:00.041 I/DeepNoDisturbP( 2931): notifyUidState
07-09 18:35:00.041 I/BrowserChrP( 2931): notifyUidState
07-09 18:35:00.042 I/BoosterSwitchP( 2931): notifyUidState do nothing
07-09 18:35:00.042 I/DeepNoDisturbP( 2931): notifyUidState
07-09 18:35:00.042 I/BrowserChrP( 2931): notifyUidState
07-09 18:35:00.042 I/HwNetworkPolicyManager( 2810): getHwUidPolicy uid = 10093 policy = 0
07-09 18:35:00.042 V/ActivityThread(22971): callActivityOnCreate
07-09 18:35:00.043 I/HwNetworkPolicyManager( 2810): getHwUidPolicy uid = 11189 policy = 0
07-09 18:35:00.061 I/BoosterSwitchP( 2931): notifyUidState do nothing
07-09 18:35:00.061 I/DeepNoDisturbP( 2931): notifyUidState
07-09 18:35:00.061 I/BrowserChrP( 2931): notifyUidState
07-09 18:35:00.075 D/ActivityThread(22971): add activity client record, r= ActivityRecord{18e68e1 token=android.os.BinderProxy@135d46e {cn.carbs.wricheditor/cn.carbs.wricheditor.MainActivity}} token= android.os.BinderProxy@135d46e
07-09 18:35:00.085 I/HidataAppQoeP( 2931): foregroundUidAdd uid: 11189 name: cn.carbs.wricheditor activity state: true
07-09 18:35:00.086 E/BoosterUtil( 2931): convertSubIdToSlotId failed, subId:0, slotId:-1
07-09 18:35:00.087 E/BoosterUtil( 2931): getDefaultDataSlotId failed, invalid slotId:-1, subId:0
07-09 18:35:00.087 I/NetworkQoeChr( 2931): checkForegroundApp timer end
07-09 18:35:00.087 I/SmartDualCardConfig( 2931): getAppType,pkgName=cn.carbs.wricheditor,appType=-1
07-09 18:35:00.087 E/SmartDualCardConfig( 2931): isAppInBlackList false,items==null
07-09 18:35:00.087 I/SmartDualCardConfig( 2931): isAppInWhiteList false,uid=11189
07-09 18:35:00.099 D/RtgSched(22584): resetRtgSchedHandle failed enable:0
07-09 18:35:00.100 I/HwCommandQueue( 2645): updateBarBgColor
07-09 18:35:00.100 D/HwCommandQueue( 2645): CommandQueue, setBarBackgroundColor
07-09 18:35:00.378 I/BoosterSwitchP( 2931): notifyUidState do nothing
07-09 18:35:00.378 I/DeepNoDisturbP( 2931): notifyUidState
07-09 18:35:00.378 I/BrowserChrP( 2931): notifyUidState
07-09 18:35:00.379 I/HidataAppQoeP( 2931): foregroundUidRemove uid: 10040 name: com.android.packageinstaller
07-09 18:35:00.379 I/SmartDualCardConfig( 2931): getAppType,pkgName=com.android.packageinstaller,appType=255
07-09 18:35:00.379 E/SmartDualCardConfig( 2931): isAppInBlackList false,items==null
07-09 18:35:00.379 I/SmartDualCardConfig( 2931): isAppInWhiteList false,uid=10040
07-09 18:35:00.400 D/ActivityThread(22584): Remove activity client record, r= ActivityRecord{76bb08b token=android.os.BinderProxy@c3eea9b {com.android.packageinstaller/com.android.packageinstaller.InstallSuccess}} token= android.os.BinderProxy@c3eea9b
07-09 18:35:03.840 I/chatty  ( 1709): uid=1000(system) MobileQosDetect expire 9 lines
07-09 18:35:03.881 I/chatty  ( 1709): uid=1000(system) Binder:1709_C expire 9 lines
07-09 18:35:04.114 I/chatty  ( 1709): uid=1000(system) Binder:1709_6 expire 14 lines
07-09 18:35:04.547 I/chatty  ( 1709): uid=1000(system) Binder:1709_8 expire 6 lines
07-09 18:35:05.978 I/chatty  ( 1709): uid=1000(system) monitor thread expire 7 lines
07-09 18:35:06.393 I/chatty  ( 1709): uid=1000(system) Binder:1709_3 expire 10 lines
07-09 18:35:09.359 I/chatty  ( 1709): uid=1000(system) android.anim expire 13 lines
07-09 18:35:16.501 I/chatty  ( 1709): uid=1000(system) UEventObserver expire 12 lines
07-09 18:35:28.074 I/storaged(  910): storaged_t::event: storage_info refreshed.
07-09 18:35:36.433 I/chatty  ( 1709): uid=1000(system) Binder:1709_6 expire 17 lines
07-09 18:35:41.923 I/chatty  ( 1709): uid=1000(system) InputDispatcher expire 6 lines
07-09 18:35:42.017 I/chatty  ( 1709): uid=1000(system) android.ui expire 6 lines
07-09 18:35:42.123 I/chatty  ( 1709): uid=1000(system) android.anim expire 44 lines
07-09 18:35:42.179 I/chatty  ( 1709): uid=1000(system) Binder:1709_11 expire 7 lines
07-09 18:35:42.184 I/chatty  ( 1709): uid=1000(system) HwGameAssistant expire 2 lines
07-09 18:35:42.194 I/chatty  ( 1709): uid=1000(system) HwActivityTaskM expire 5 lines
07-09 18:35:42.195 I/chatty  ( 1709): uid=1000(system) android.display expire 6 lines
07-09 18:35:42.195 I/chatty  ( 1709): uid=1000(system) Thread-8 expire 4 lines
07-09 18:35:42.200 D/ActivityThread( 5848): Won't deliver top position change in state=5
07-09 18:35:42.205 I/BoosterSwitchP( 2931): notifyUidState do nothing
07-09 18:35:42.205 I/DeepNoDisturbP( 2931): notifyUidState
07-09 18:35:42.205 I/BrowserChrP( 2931): notifyUidState
07-09 18:35:42.209 I/HwNetworkPolicyManager( 2810): getHwUidPolicy uid = 10093 policy = 0
07-09 18:35:42.211 I/NetworkQoeChr( 2931): checkForegroundApp timer start
07-09 18:35:42.211 I/SmartDualCardConfig( 2931): getAppType,pkgName=com.huawei.android.launcher,appType=28
07-09 18:35:42.211 E/SmartDualCardConfig( 2931): isAppInBlackList false,items==null
07-09 18:35:42.212 I/SmartDualCardConfig( 2931): isAppInWhiteList false,uid=10093
07-09 18:35:42.213 I/chatty  ( 1709): uid=1000(system) sManagerService expire 6 lines
07-09 18:35:42.214 D/RtgSched(22971): resetRtgSchedHandle failed enable:0
07-09 18:35:42.227 I/chatty  ( 1709): uid=1000(system) Binder:1709_16 expire 7 lines
07-09 18:35:42.273 I/HwCommandQueue( 2645): updateBarBgColor
07-09 18:35:42.273 D/HwCommandQueue( 2645): CommandQueue, setBarBackgroundColor
07-09 18:35:42.594 I/BoosterSwitchP( 2931): notifyUidState do nothing
07-09 18:35:42.594 I/DeepNoDisturbP( 2931): notifyUidState
07-09 18:35:42.594 I/BrowserChrP( 2931): notifyUidState
07-09 18:35:42.595 I/HidataAppQoeP( 2931): foregroundUidRemove uid: 11189 name: cn.carbs.wricheditor
07-09 18:35:42.596 I/SmartDualCardConfig( 2931): getAppType,pkgName=cn.carbs.wricheditor,appType=-1
07-09 18:35:42.596 E/SmartDualCardConfig( 2931): isAppInBlackList false,items==null
07-09 18:35:42.596 I/SmartDualCardConfig( 2931): isAppInWhiteList false,uid=11189
07-09 18:35:42.623 D/ActivityThread(22971): Remove activity client record, r= ActivityRecord{18e68e1 token=android.os.BinderProxy@135d46e {cn.carbs.wricheditor/cn.carbs.wricheditor.MainActivity}} token= android.os.BinderProxy@135d46e
07-09 18:35:42.630 I/chatty  ( 1709): uid=1000(system) Binder:1709_10 expire 21 lines
07-09 18:35:43.005 V/ActivityThread(22971): callActivityOnCreate
07-09 18:35:43.006 I/BoosterSwitchP( 2931): notifyUidState do nothing
07-09 18:35:43.006 I/DeepNoDisturbP( 2931): notifyUidState
07-09 18:35:43.006 I/BrowserChrP( 2931): notifyUidState
07-09 18:35:43.008 I/HwNetworkPolicyManager( 2810): getHwUidPolicy uid = 11189 policy = 0
07-09 18:35:43.028 D/ActivityThread(22971): add activity client record, r= ActivityRecord{470ad79 token=android.os.BinderProxy@9643be0 {cn.carbs.wricheditor/cn.carbs.wricheditor.MainActivity}} token= android.os.BinderProxy@9643be0
07-09 18:35:43.037 I/HidataAppQoeP( 2931): foregroundUidAdd uid: 11189 name: cn.carbs.wricheditor activity state: true
07-09 18:35:43.039 E/BoosterUtil( 2931): convertSubIdToSlotId failed, subId:0, slotId:-1
07-09 18:35:43.039 E/BoosterUtil( 2931): getDefaultDataSlotId failed, invalid slotId:-1, subId:0
07-09 18:35:43.039 I/NetworkQoeChr( 2931): checkForegroundApp timer end
07-09 18:35:43.039 I/SmartDualCardConfig( 2931): getAppType,pkgName=cn.carbs.wricheditor,appType=-1
07-09 18:35:43.039 E/SmartDualCardConfig( 2931): isAppInBlackList false,items==null
07-09 18:35:43.039 I/SmartDualCardConfig( 2931): isAppInWhiteList false,uid=11189
07-09 18:35:43.056 I/chatty  ( 1709): uid=1000(system) Binder:1709_3 expire 10 lines
07-09 18:35:43.056 D/RtgSched( 5848): resetRtgSchedHandle failed enable:0
07-09 18:35:43.056 I/HwCommandQueue( 2645): updateBarBgColor
07-09 18:35:43.056 D/HwCommandQueue( 2645): CommandQueue, setBarBackgroundColor
07-09 18:35:43.441 I/SmartDualCardConfig( 2931): getAppType,pkgName=com.huawei.android.launcher,appType=28
07-09 18:35:43.441 E/SmartDualCardConfig( 2931): isAppInBlackList false,items==null
07-09 18:35:43.441 I/SmartDualCardConfig( 2931): isAppInWhiteList false,uid=10093
07-09 18:35:43.469 I/BoosterSwitchP( 2931): notifyUidState do nothing
07-09 18:35:43.469 I/DeepNoDisturbP( 2931): notifyUidState
07-09 18:35:43.469 I/BrowserChrP( 2931): notifyUidState
07-09 18:35:46.341 I/chatty  ( 1709): uid=1000 system_server expire 2 lines
07-09 18:35:47.223 I/chatty  ( 1709): uid=1000(system) UEventObserver expire 2 lines
07-09 18:35:47.251 I/chatty  ( 1709): uid=1000(system) Binder:1709_3 expire 11 lines
07-09 18:35:47.317 I/chatty  ( 1709): uid=1000(system) Binder:1709_10 expire 11 lines
07-09 18:35:47.467 I/chatty  ( 1709): uid=1000(system) Binder:1709_16 expire 42 lines
07-09 18:35:47.885 I/chatty  ( 1709): uid=1000(system) MobileQosDetect expire 3 lines
07-09 18:35:47.980 I/chatty  ( 1709): uid=1000(system) monitor thread expire 3 lines
07-09 18:35:48.778 I/chatty  ( 1709): uid=1000(system) Binder:1709_6 expire 32 lines
07-09 18:35:50.048 I/chatty  ( 1709): uid=1000(system) GestureNavManag expire 2 lines
07-09 18:35:50.111 I/chatty  ( 1709): uid=1000(system) Binder:1709_C expire 23 lines
07-09 18:35:50.174 I/chatty  ( 1709): uid=1000(system) android.anim expire 39 lines
07-09 18:35:59.093 I/chatty  ( 1709): uid=1000(system) InputDispatcher expire 6 lines
07-09 18:35:59.343 I/chatty  ( 1709): uid=1000(system) android.ui expire 6 lines
07-09 18:35:59.464 I/chatty  ( 1709): uid=1000(system) HwGameAssistant expire 2 lines
07-09 18:35:59.471 D/ActivityThread( 5848): Won't deliver top position change in state=5
07-09 18:35:59.477 I/chatty  ( 1709): uid=1000(system) HwActivityTaskM expire 5 lines
07-09 18:35:59.477 I/chatty  ( 1709): uid=1000(system) Thread-8 expire 4 lines
07-09 18:35:59.478 I/chatty  ( 1709): uid=1000(system) android.display expire 6 lines
07-09 18:35:59.483 I/BoosterSwitchP( 2931): notifyUidState do nothing
07-09 18:35:59.483 I/DeepNoDisturbP( 2931): notifyUidState
07-09 18:35:59.483 I/BrowserChrP( 2931): notifyUidState
07-09 18:35:59.486 I/HwNetworkPolicyManager( 2810): getHwUidPolicy uid = 10093 policy = 0
07-09 18:35:59.495 I/NetworkQoeChr( 2931): checkForegroundApp timer start
07-09 18:35:59.495 I/SmartDualCardConfig( 2931): getAppType,pkgName=com.huawei.android.launcher,appType=28
07-09 18:35:59.495 E/SmartDualCardConfig( 2931): isAppInBlackList false,items==null
07-09 18:35:59.495 I/SmartDualCardConfig( 2931): isAppInWhiteList false,uid=10093
07-09 18:35:59.506 I/chatty  ( 1709): uid=1000(system) sManagerService expire 6 lines
07-09 18:35:59.506 D/RtgSched(22971): resetRtgSchedHandle failed enable:0
07-09 18:35:59.531 I/chatty  ( 1709): uid=1000(system) Binder:1709_16 expire 8 lines
07-09 18:35:59.557 I/HwCommandQueue( 2645): updateBarBgColor
07-09 18:35:59.557 D/HwCommandQueue( 2645): CommandQueue, setBarBackgroundColor
07-09 18:35:59.887 I/BoosterSwitchP( 2931): notifyUidState do nothing
