07-07 16:00:31.959 V/WindowManager( 1429): Removing Window{a029a51 u0 cn.carbs.wricheditor/cn.carbs.wricheditor.MainActivity} from AppWindowToken{a3bd03b token=Token{a1154e0 ActivityRecord{a449d21 u0 cn.carbs.wricheditor/.MainActivity t932}}}
07-07 16:00:31.959 E/iMonitor(  921): FaultDetect: DumptoolPrintf return.
07-07 16:00:31.959 I/        (  921): PrivacyPolicy::queryPName()
07-07 16:00:31.959 D/        (  921): External::GetAppType Begin
07-07 16:00:31.960 D/        (  921): External::GetAppType End
07-07 16:00:31.960 I/        (  921): PrivacyPolicy: name cn.carbs.wricheditor :: mask 0
07-07 16:00:31.960 I/        (  921): PrivacyPolicy:cn.carbs.wricheditor is not PreloadedApp
07-07 16:00:31.960 E/iMonitor(  921): FaultDetect: DumptoolPrintf return.
07-07 16:00:31.960 E/iMonitor(  921): FaultDetect: FaultEngineTracePrintf return.
07-07 16:00:31.960 E/iMonitor(  921): FaultDetect: DumptoolPrintf return.
07-07 16:00:31.960 E/iMonitor(  921): FaultDetect: DumptoolPrintf return.
07-07 16:00:31.960 I/iMonitor(  921): create: 901001004
07-07 16:00:31.961 E/iMonitor(  921): FaultDetect: DumptoolPrintf return.
07-07 16:00:31.961 V/WindowManager( 1429): removeAppToken: AppWindowToken{a3bd03b token=Token{a1154e0 ActivityRecord{a449d21 u0 cn.carbs.wricheditor/.MainActivity t932}}} delayed=true Callers=com.android.server.wm.DisplayContent.removeAppToken:8163868 com.android.server.wm.ActivityRecord.removeWindowContainer:8165540 com.android.server.wm.ActivityStack.removeActivityFromHistoryLocked:8162968 com.android.server.wm.ActivityStack.removeHistoryRecordsForAppLocked:6808492 
07-07 16:00:31.963 V/ActivityTaskManager( 1429): removeChild: detaching stackId=936 from displayId=0
07-07 16:00:31.965 V/WindowManager( 1429): notifyAppResumed: wasStopped=true AppWindowToken{a3bd135 token=Token{a4da521 ActivityRecord{a449ce9 u0 com.android.packageinstaller/.InstallSuccess t931}}}
07-07 16:00:31.967 I/iMonitor(  921): send: 901001004
07-07 16:00:31.967 E/iMonitor(  921): FaultDetect: DumptoolPrintf return.
07-07 16:00:31.967 E/iMonitor(  921): FaultDetect: DumptoolPrintf return.
07-07 16:00:31.970 W/ActivityManager( 1429): setHasOverlayUi called on unknown pid: 31631
07-07 16:00:31.970 E/iMonitor(  921): FaultDetect: FaultEngineTracePrintf return.
07-07 16:00:31.970 E/iMonitor(  921): FaultDetect: FaultEngineTracePrintf return.
07-07 16:00:31.971 I/chatty  ( 2840): uid=1000(system) DollieAdapter expire 9 lines
07-07 16:00:31.972 I/chatty  ( 2840): uid=1000(system) DollieAdapter expire 1 line
07-07 16:00:31.972 I/System.out.cpp(  921): getFinalPath finalPath=event_id
07-07 16:00:31.972 I/chatty  ( 2840): uid=1000(system) com.huawei.systemserver expire 8 lines
07-07 16:00:31.973 I/chatty  ( 2840): uid=1000(system) DollieChrTh expire 1 line
07-07 16:00:31.973 I/chatty  ( 2840): uid=1000(system) com.huawei.systemserver expire 1 line
07-07 16:00:31.976 D/subscribe(  921): start run callback for subscriber Jank
07-07 16:00:31.976 D/subscribe(  921): end run callback for subscriber Jank
07-07 16:00:31.976 D/ScreemCommon(  921): <LOGMGR> <SceneStart> [Entry]
07-07 16:00:31.976 D/ScreemCommon(  921): <LOGMGR> <SceneStart> [new scene start 499387849]
07-07 16:00:31.980 D/ZrHung.AppEyeUiProbe( 9389): restart watching
07-07 16:00:31.981 I/HwAudioServiceEx( 1429): ComponentInfo : className = com.android.packageinstaller.InstallSuccess, flag=onResume, isHomeActivity=, isTop=true
07-07 16:00:31.981 I/OPCollectLog( 2784): AppChangeImpl:call onAppChange.
07-07 16:00:31.982 I/OPCollectLog( 2784): HwForegroundAppAction:handleMessage 
07-07 16:00:31.982 D/OPCollectLog( 2784): HwForegroundAppAction:FG executeWithArgs
07-07 16:00:31.982 I/OPCollectLog( 2784): OPCollectUtils:ODMF Api Version:2.14.1
07-07 16:00:31.982 I/OPCollectLog( 2784): Action:HwForegroundAppAction executed successfully
07-07 16:00:31.982 D/OPCollectLog( 2784): OdmfCollectScheduler:handleMessage msg: 4
07-07 16:00:31.982 I/OPCollectLog( 2784): OdmfHelper:opcollectCache 1
07-07 16:00:31.982 I/OPCollectLog( 2784): OdmfHelper:opcollectCache curTime: 1946414123, interval: 46038
07-07 16:00:31.983 I/OPCollectLog( 2784): OdmfHelper:isCharging: true
07-07 16:00:31.985 I/chatty  ( 2840): uid=1000(system) DollieAdapter expire 3 lines
07-07 16:00:31.986 I/chatty  ( 2840): uid=1000(system) OllieMain expire 1 line
07-07 16:00:31.988 I/chatty  ( 2840): uid=1000(system) com.huawei.systemserver expire 3 lines
07-07 16:00:31.988 D/SmartDualCardSM( 2840): onUidStateUpdate,uid=10040,appName=com.android.packageinstaller,state=FOREGROUND
07-07 16:00:31.989 D/SmartDualCardConfig( 2840): getAppType,pkgName=com.android.packageinstaller,appType=255
07-07 16:00:31.989 D/SmartDualCardSM( 2840): updateAppState mAppState=2
07-07 16:00:31.989 D/SmartDualCardConfig( 2840): addForegroundAppToList,size()=1,uid=10040
07-07 16:00:31.989 I/OPCollectLog( 2784): OdmfHelper:insert database success 
07-07 16:00:31.989 I/OPCollectLog( 2784): OdmfHelper:opcollectCache size: 1
07-07 16:00:31.989 I/OPCollectLog( 2784): OdmfHelper:opcollectCache lastTime: 1946414130
07-07 16:00:31.989 I/BoosterUtil( 2840): getSlaveCardSubId slotId: 1, subId: -1
07-07 16:00:31.990 I/BoosterUtil( 2840): getSlaveCardSubId slotId: 1, subId: -1
07-07 16:00:31.990 E/BoosterUtil( 2840): convertSubIdToSlotId failed, subId:0, slotId:-1
07-07 16:00:31.990 E/BoosterUtil( 2840): getDefaultDataSlotId failed, invalid slotId:-1, subId:0
07-07 16:00:31.991 E/SmartDualCardSM( 2840): boosterDump failed, invalid param, default4GSlotId0
07-07 16:00:31.991 D/SmartDualCardSM( 2840): isNeedMonitorAppQoe return false
07-07 16:00:31.991 E/BoosterUtil( 2840): convertSubIdToSlotId failed, subId:0, slotId:-1
07-07 16:00:31.991 E/BoosterUtil( 2840): getDefaultDataSlotId failed, invalid slotId:-1, subId:0
07-07 16:00:31.991 D/SmartDualCardSM( 2840): resetAppQoeState
07-07 16:00:31.992 D/SmartDualCardSM( 2840): IdleState:got msg.what=EVENT_APP_MOVE_FOREGROUND
07-07 16:00:31.992 I/DollieChr( 2840): handleForegroundAppUpdateMsg,mAppState=1,scenes=2,mForegroundAppName=
07-07 16:00:31.992 D/HwConnectivityServiceEx( 1429): set cache by key is 1000 interfaceName iswlan0 value is false
07-07 16:00:31.992 E/BoosterUtil( 2840): convertSubIdToSlotId failed, subId:0, slotId:-1
07-07 16:00:31.992 E/BoosterUtil( 2840): getDefaultDataSlotId failed, invalid slotId:-1, subId:0
07-07 16:00:31.993 E/SmartDualCardSM( 2840): isNeedEnterHardSwitchingMode failed, invalid sub
07-07 16:00:31.996 V/HwPhoneWindowManager( 1429): updateSystemUiColorLw window=Window{a468c09 u0 com.android.packageinstaller/com.android.packageinstaller.InstallSuccess},EmuiStyle=1,StatusBarColor=0xffffffff,NavigationBarColor=0xffffffff, mForceNotchStatusBar=false
07-07 16:00:31.996 I/WindowManager( 1429): navColorWin was set to default navbar color so should add SYSTEM_UI_FLAG_LIGHT_NAVIGATION_BAR ad18
07-07 16:00:31.997 I/HwCommandQueue( 2486): updateBarBgColor
07-07 16:00:31.997 D/HwCommandQueue( 2486): CommandQueue, setBarBackgroundColor
07-07 16:00:31.997 I/StatusBarDisable( 1429): setFlags what=0 which=1 pkg=Window{a468c09 u0 com.android.packageinstaller/com.android.packageinstaller.InstallSuccess}
07-07 16:00:31.998 D/mali_winsys( 9389): EGLint new_window_surface(egl_winsys_display *, void *, EGLSurface, EGLConfig, egl_winsys_surface **, EGLBoolean) returns 0x3000
07-07 16:00:32.008 D/ScreemCommon(  921): <LOGMGR> <complete_pm> [Entry]
07-07 16:00:32.008 E/ScreemCommon(  921): <LOGMGR> <logCaptureFilter> [the special scene]
07-07 16:00:32.008 D/ScreemCommon(  921): <LOGMGR> <logCaptureFilter> [filterReason:32]
07-07 16:00:32.008 D/ScreemCommon(  921): <LOGMGR> <complete_pm> [type:1 Level:3 filter:32]
07-07 16:00:32.008 D/ScreemCommon(  921): <LOGMGR> <reportImmediately> [entry]
07-07 16:00:32.009 I/WindowManager( 1429): navColorWin was set to default navbar color so should add SYSTEM_UI_FLAG_LIGHT_NAVIGATION_BAR ad18
07-07 16:00:32.010 I/HwWindowManagerServiceEx( 1429): closing apps count = 0
07-07 16:00:32.011 D/HwWindowManagerServiceEx( 1429): is app exit to launcher info: transit = 26, app = AppWindowToken{a3bd135 token=Token{a4da521 ActivityRecord{a449ce9 u0 com.android.packageinstaller/.InstallSuccess t931}}}, window = Window{a468c09 u0 com.android.packageinstaller/com.android.packageinstaller.InstallSuccess}, mClosingApps = {}, topOpeningApp = AppWindowToken{a3bd135 token=Token{a4da521 ActivityRecord{a449ce9 u0 com.android.packageinstaller/.InstallSuccess t931}}}, mExitIconBitmap = null, mExitIconHeight = -1, mExitIconWidth = -1
07-07 16:00:32.011 E/WindowManager( 1429): icon is null!!
07-07 16:00:32.012 I/WindowManager( 1429): navColorWin was set to default navbar color so should add SYSTEM_UI_FLAG_LIGHT_NAVIGATION_BAR ad18
07-07 16:00:32.016 I/StatusBarDisable( 1429): setFlags what=0 which=1 pkg=Window{a468c09 u0 com.android.packageinstaller/com.android.packageinstaller.InstallSuccess}
07-07 16:00:32.017 I/netd    (  635): firewallSetUidRule(2, 10194, 2) <0.03ms>
07-07 16:00:32.017 D/HwConnectivityServiceEx( 1429): set cache by key is 10194 interfaceName iswlan0 value is true
07-07 16:00:32.017 D/ConnectivityService( 1429): Network is BLOCKED, uid = 10194
07-07 16:00:32.017 D/ConnectivityService( 1429): Returning BLOCKED NetworkInfo to uid=10194
07-07 16:00:32.019 I/chatty  ( 1429): uid=1000(system) Binder:1429_4 expire 11 lines
07-07 16:00:32.020 I/iMonitor(  921): create: 902610000
07-07 16:00:32.021 I/WindowManager( 1429): navColorWin was set to default navbar color so should add SYSTEM_UI_FLAG_LIGHT_NAVIGATION_BAR ad18
07-07 16:00:32.024 I/chatty  (  657): uid=1000(system) HwBinder:657_3 expire 5 lines
07-07 16:00:32.024 I/chatty  ( 2895): uid=1000(system) sdk thread expire 10 lines
07-07 16:00:32.026 I/StatusBar/NavBarView( 2486): updateNavButtonIcons (b/113914868): home disabled=false mDisabledFlags=0
07-07 16:00:32.041 E/ScreemCommon(  921): Failed to get thermalPath[2].
07-07 16:00:32.046 I/iMonitor(  921): send: 902610000
07-07 16:00:32.060 E/BufferQueueProducer(  696): [InputMethod#0]:1338: disconnect: not connected (req=1)
07-07 16:00:32.060 W/libEGL  ( 7479): EGLNativeWindowType 0xc4f15d48 disconnect failed
07-07 16:00:32.063 D/ScreemCommon(  921): <LOGMGR> <complete_pm> [Entry]
07-07 16:00:32.063 I/StatusBarDisable( 1429): setFlags what=0 which=1 pkg=Window{a468c09 u0 com.android.packageinstaller/com.android.packageinstaller.InstallSuccess}
07-07 16:00:32.071 D/HwConnectivityServiceEx( 1429): set cache by key is 10194 interfaceName iswlan0 value is true
07-07 16:00:32.071 D/ConnectivityService( 1429): Network is BLOCKED, uid = 10194
07-07 16:00:32.107 D/ScreemCommon(  921): <LOGMGR> <SceneEnd> [Entry]
07-07 16:00:32.107 D/ScreemCommon(  921): <LOGMGR> <SceneEnd> [scene status ok,status:1 lastId:499387849]
07-07 16:00:32.107 D/ScreemCommon(  921): <LOGMGR> <SceneClose> [Entry]
07-07 16:00:32.107 D/ScreemCommon(  921): <LOGMGR> <SceneClose> [scene status ok,status:2 lastId:499387849]
07-07 16:00:32.177 V/WindowManager( 1429): Exit animation finished in Window{9e128e1 u0 InputMethod EXITING}: remove=false
07-07 16:00:32.243 I/netd    (  635): trafficSwapActiveStatsMap() <14.90ms>
07-07 16:00:32.259 I/netd    (  635): trafficSwapActiveStatsMap() <14.38ms>
07-07 16:00:32.391 W/ActivityTaskManager( 1429): Activity top resumed state loss timeout for ActivityRecord{a449d21 u0 cn.carbs.wricheditor/.MainActivity t-1 f}
07-07 16:00:32.455 I/audio_hw_primary(  668): usb_ext_get_parameters: check show hires (false)
07-07 16:00:32.617 W/System.err( 7479): java.lang.InterruptedException
07-07 16:00:32.618 W/System.err( 7479): 	at java.lang.Thread.sleep(Native Method)
07-07 16:00:32.618 W/System.err( 7479): 	at java.lang.Thread.sleep(Thread.java:443)
07-07 16:00:32.618 W/System.err( 7479): 	at java.lang.Thread.sleep(Thread.java:359)
07-07 16:00:32.618 W/System.err( 7479): 	at clr.run(SogouSource:119)
07-07 16:00:32.830 I/ActivityManager( 1429): Force stopping cn.carbs.wricheditor appid=11189 user=0: from pid 31982by app
07-07 16:00:32.841 I/AlarmManager( 1429): UninstallReceiver onReceive action:android.intent.action.PACKAGE_RESTARTED
07-07 16:00:32.845 I/HwCoreAppHelperService( 2840): LocalReceiver receives:android.intent.action.PACKAGE_RESTARTED,pkg:cn.carbs.wricheditor,uid:11189
07-07 16:00:32.847 D/CarrierSvcBindHelper( 2908): No carrier app for: 0
07-07 16:00:32.847 E/NfcNci  ( 4300): NfcUtils error: APP do not have nfc permission
07-07 16:00:32.847 E/NfcNci  ( 4300): NfcUtils error: APP do not have nfc permission
07-07 16:00:32.847 D/CarrierSvcBindHelper( 2908): No carrier app for: 1
07-07 16:00:33.268 E/WifiHAL (  690): enter wifi_get_link_stats
07-07 16:00:33.289 W/PhoneInterfaceManager( 2908): shouldBlockLocation running ...
07-07 16:00:33.289 I/PhoneInterfaceManager( 2908): shouldBlockLocation  ret:false
07-07 16:00:33.295 I/netd    (  635): trafficSwapActiveStatsMap() <13.25ms>
07-07 16:00:33.428 I/chatty  ( 1429): uid=1000(system) WifiService expire 44 lines
07-07 16:00:33.988 W/adbd    (19228): timeout expired while flushing socket, closing
07-07 16:00:35.896 I/HwBatteryService( 1429): quick charge status : 0
07-07 16:00:35.896 D/HwBatteryService( 1429): onUEvent fcpStatus = 0
07-07 16:00:35.896 D/HwBatteryService( 1429): onUEvent scpStatus = 0 ,ovpStatus = 0
07-07 16:00:35.896 I/HwBatteryService( 1429): handleWirelessTxStatus
07-07 16:00:35.896 I/HwBatteryService( 1429): switch not open, return, mWirelessTxFlag : 0
07-07 16:00:35.896 W/HwBatteryService( 1429): need return. Invalid value: -1
07-07 16:00:35.896 D/HwBatteryService( 1429): setHwChargeTimeRemaining, time = -1 String time: -1
07-07 16:00:35.897 I/HwUsbDeviceManager( 1429): water_intrused state= 0
07-07 16:00:36.295 E/WifiHAL (  690): enter wifi_get_link_stats
07-07 16:00:36.305 I/chatty  ( 1429): uid=1000(system) ClientModeImpl expire 17 lines
07-07 16:00:36.315 W/PhoneInterfaceManager( 2908): shouldBlockLocation running ...
07-07 16:00:36.315 I/PhoneInterfaceManager( 2908): shouldBlockLocation  ret:false
07-07 16:00:36.430 I/chatty  ( 1429): uid=1000(system) HuaweiWifiWatch expire 14 lines
07-07 16:00:36.431 I/chatty  ( 1429): uid=1000 system_server expire 2 lines
07-07 16:00:36.433 D/HwConnectivityServiceEx( 1429): set cache by key is 1000 interfaceName iswlan0 value is false
07-07 16:00:36.433 I/chatty  ( 1429): uid=1000 system_server expire 2 lines
07-07 16:00:36.512 E/HwModemCapability( 2908): isCapabilitySupport java.lang.StringIndexOutOfBoundsException: length=7; index=7
07-07 16:00:36.988 D/SensorHub(  912): huawei Hal get step event
07-07 16:00:36.988 D/motion@1.0-service(  937): motion-hal Motion::readEvents motionType: 11
07-07 16:00:36.988 D/motion@1.0-service(  937): motion-hal Motion::ReadHwStepCounter motionType == MOTIONHUB_TYPE_HW_STEP_COUNTER
07-07 16:00:36.988 D/motion@1.0-service(  937): motion-hal Motiontest::get stepcount!
07-07 16:00:36.989 D/motion@1.0-service(  937): pollMotionResult g_pollResultReturn = 19
07-07 16:00:36.989 I/chatty  ( 1429): uid=1000(system) HWExtMotionServ expire 4 lines
07-07 16:00:36.989 I/chatty  ( 2840): uid=1000(system) Binder:2840_8 expire 6 lines
07-07 16:00:36.990 D/motion@1.0-service(  937): g_motionPollResultReady::unlock out
07-07 16:00:36.990 D/motion@1.0-service(  937): ActMotionCb motionClientVector.size = 0
07-07 16:00:36.990 D/motion@1.0-service(  937): ActMotionCb out
07-07 16:00:36.990 I/chatty  ( 2840): uid=1000(system) com.huawei.systemserver expire 7 lines
07-07 16:00:36.997 I/R_Step_ExtendStepCounter(12969): 100100511|R|onExtend: 1594108838000 0 0 5 
07-07 16:00:36.997 I/R_Step_LSC(12969): 100100511|R|onStandStepChanged 5430
07-07 16:00:38.315 I/netd    (  635): trafficSwapActiveStatsMap() <6.50ms>
07-07 16:00:39.321 E/WifiHAL (  690): enter wifi_get_link_stats
07-07 16:00:39.342 W/PhoneInterfaceManager( 2908): shouldBlockLocation running ...
07-07 16:00:39.342 I/PhoneInterfaceManager( 2908): shouldBlockLocation  ret:false
07-07 16:00:40.263 I/netd    (  635): trafficSwapActiveStatsMap() <15.48ms>
07-07 16:00:42.075 W/putmethod.sogou( 7479): type=1400 audit(0.0:11326048): avc: granted { read append } for pid=7479 name="activity.txt" dev="sdcardfs" ino=68511 scontext=u:r:untrusted_app_27:s0:c194,c256,c512,c768 tcontext=u:object_r:sdcardfs:s0 tclass=file
07-07 16:00:42.075 W/putmethod.sogou( 7479): type=1400 audit(0.0:11326049): avc: granted { read append open } for pid=7479 path="/storage/emulated/0/sogou/corelog/activity.txt" dev="sdcardfs" ino=68511 scontext=u:r:untrusted_app_27:s0:c194,c256,c512,c768 tcontext=u:object_r:sdcardfs:s0 tclass=file
07-07 16:00:42.075 W/putmethod.sogou( 7479): type=1400 audit(0.0:11326050): avc: granted { read append } for pid=7479 name="activity_mini.txt" dev="sdcardfs" ino=68577 scontext=u:r:untrusted_app_27:s0:c194,c256,c512,c768 tcontext=u:object_r:sdcardfs:s0 tclass=file
07-07 16:00:42.075 W/putmethod.sogou( 7479): type=1400 audit(0.0:11326051): avc: granted { read append open } for pid=7479 path="/storage/emulated/0/sogou/corelog/activity_mini.txt" dev="sdcardfs" ino=68577 scontext=u:r:untrusted_app_27:s0:c194,c256,c512,c768 tcontext=u:object_r:sdcardfs:s0 tclass=file
07-07 16:00:42.119 W/putmethod.sogou( 7479): type=1400 audit(0.0:11326052): avc: granted { read append } for pid=7479 name="activity.txt" dev="sdcardfs" ino=68511 scontext=u:r:untrusted_app_27:s0:c194,c256,c512,c768 tcontext=u:object_r:sdcardfs:s0 tclass=file
07-07 16:00:42.347 E/WifiHAL (  690): enter wifi_get_link_stats
07-07 16:00:42.361 W/PhoneInterfaceManager( 2908): shouldBlockLocation running ...
07-07 16:00:42.362 I/PhoneInterfaceManager( 2908): shouldBlockLocation  ret:false
07-07 16:00:42.520 E/HwModemCapability( 2908): isCapabilitySupport java.lang.StringIndexOutOfBoundsException: length=7; index=7
07-07 16:00:42.525 I/chatty  ( 1429): uid=1000(system) Binder:1429_5 expire 5 lines
07-07 16:00:43.339 I/netd    (  635): trafficSwapActiveStatsMap() <9.01ms>
07-07 16:00:44.450 I/chatty  ( 1429): uid=1000 system_server expire 2 lines
07-07 16:00:44.452 D/HwConnectivityServiceEx( 1429): set cache by key is 1000 interfaceName iswlan0 value is false
07-07 16:00:44.453 I/chatty  ( 1429): uid=1000 system_server expire 1 line
07-07 16:00:45.365 E/WifiHAL (  690): enter wifi_get_link_stats
07-07 16:00:45.376 W/PhoneInterfaceManager( 2908): shouldBlockLocation running ...
07-07 16:00:45.376 I/PhoneInterfaceManager( 2908): shouldBlockLocation  ret:false
07-07 16:00:46.376 D/HwWifiCHRStateManager( 2784): handleMessage : 1121
07-07 16:00:46.376 E/HwCHRWifiRSSIGroupSummery( 2784): updatArpSummery mRSSI:-1  HwCHRWifiRSSIGroup [rssi_index=4, rtt_tcp_packets=0, rtt_tcp_duration=0, rtt_lan_duration=77869, rtt_lan_failures=6, rtt_lan_succ=3853, rtt_lan_max=503, rtt_lan_min=2,same_area_frequency=1,adjacent_area_frequency=1]
07-07 16:00:46.463 E/Thermal-daemon(  870): device current too high (0), during charging or current std is invalid
07-07 16:00:46.463 E/Thermal-daemon(  870): latest temp 24168 at 2020/7/7, 8h:0m:46s
07-07 16:00:46.992 I/ActivityManager( 1429): Killing 28259:com.android.contacts/u0a87 (adj 995): empty for 1800s
07-07 16:00:47.020 D/ActivityManager( 1429): cleanUpApplicationRecord app: ProcessRecord{a304051 28259:com.android.contacts/u0a87}, app.bad: false, restarting: false, allowRestart: true
07-07 16:00:47.021 I/HwPowerManagerService( 1429): appdie release wakelock, pid = 28259, uid = 10087
07-07 16:00:47.024 I/Zygote  (  636): Process 28259 exited due to signal 9 (Killed)
07-07 16:00:47.024 I/BoosterSwitchP( 2840): notifyUidState do nothing
07-07 16:00:47.024 I/DeepNoDisturbP( 2840): notifyUidState
07-07 16:00:47.024 I/BrowserChrP( 2840): notifyUidState
07-07 16:00:47.059 D/HwConnectivityServiceEx( 1429): set cache by key is 10194 interfaceName iswlan0 value is true
07-07 16:00:47.060 D/ConnectivityService( 1429): Network is BLOCKED, uid = 10194
07-07 16:00:47.451 I/chatty  ( 1429): uid=1000(system) WifiService expire 25 lines
07-07 16:00:47.521 I/audio_hw_primary(  668): usb_ext_get_parameters: check show hires (false)
07-07 16:00:48.355 D/HwConnectivityServiceEx( 1429): set cache by key is 1000 interfaceName iswlan0 value is false
07-07 16:00:48.356 D/ConnectivityService( 1429): get Network state from cache, cacheBlock is 0
07-07 16:00:48.367 I/netd    (  635): trafficSwapActiveStatsMap() <15.10ms>
07-07 16:00:48.380 E/WifiHAL (  690): enter wifi_get_link_stats
07-07 16:00:48.399 W/PhoneInterfaceManager( 2908): shouldBlockLocation running ...
07-07 16:00:48.400 I/PhoneInterfaceManager( 2908): shouldBlockLocation  ret:false
07-07 16:00:48.528 E/HwModemCapability( 2908): isCapabilitySupport java.lang.StringIndexOutOfBoundsException: length=7; index=7
07-07 16:00:49.850 I/HwNaturalBase( 2819): [CommonHandler]: 15320Kb ram is used.
07-07 16:00:50.287 I/netd    (  635): trafficSwapActiveStatsMap() <13.93ms>
07-07 16:00:50.381 I/Finsky  ( 9773): [4645] fja.run(3): Stats for Executor: BlockingExecutor fkv@d2fc5b7[Running, pool size = 1, active threads = 0, queued tasks = 0, completed tasks = 121]
07-07 16:00:50.381 I/Finsky  ( 9773): [4645] fja.run(3): Stats for Executor: LightweightExecutor fkv@e1f2124[Running, pool size = 4, active threads = 0, queued tasks = 0, completed tasks = 69]
07-07 16:00:50.466 I/Finsky  ( 9773): [4645] fja.run(3): Stats for Executor: bgExecutor fkv@532448d[Running, pool size = 4, active threads = 0, queued tasks = 0, completed tasks = 297]
07-07 16:00:51.406 E/WifiHAL (  690): enter wifi_get_link_stats
07-07 16:00:51.417 I/chatty  ( 1429): uid=1000(system) ClientModeImpl expire 14 lines
07-07 16:00:51.427 W/PhoneInterfaceManager( 2908): shouldBlockLocation running ...
07-07 16:00:51.427 I/PhoneInterfaceManager( 2908): shouldBlockLocation  ret:false
07-07 16:00:52.457 I/chatty  ( 1429): uid=1000 system_server expire 2 lines
07-07 16:00:52.460 D/HwConnectivityServiceEx( 1429): set cache by key is 1000 interfaceName iswlan0 value is false
07-07 16:00:52.460 I/chatty  ( 1429): uid=1000 system_server expire 1 line
07-07 16:00:53.394 I/netd    (  635): trafficSwapActiveStatsMap() <13.49ms>
07-07 16:00:54.432 E/WifiHAL (  690): enter wifi_get_link_stats
07-07 16:00:54.452 W/PhoneInterfaceManager( 2908): shouldBlockLocation running ...
07-07 16:00:54.452 I/PhoneInterfaceManager( 2908): shouldBlockLocation  ret:false
07-07 16:00:54.537 E/HwModemCapability( 2908): isCapabilitySupport java.lang.StringIndexOutOfBoundsException: length=7; index=7
07-07 16:00:54.542 I/chatty  ( 1429): uid=1000(system) Binder:1429_2 expire 10 lines
07-07 16:00:55.220 E/HwModemCapability( 2908): isCapabilitySupport java.lang.StringIndexOutOfBoundsException: length=7; index=7
07-07 16:00:56.883 W/StorageMonitorS(30730): type=1400 audit(0.0:11326060): avc: granted { getattr } for pid=30730 name="/" dev="sdcardfs" ino=111 scontext=u:r:system_app:s0 tcontext=u:object_r:sdcardfs:s0 tclass=filesystem
07-07 16:00:57.459 E/WifiHAL (  690): enter wifi_get_link_stats
07-07 16:00:57.472 I/chatty  ( 1429): uid=1000(system) WifiService expire 69 lines
07-07 16:00:57.479 W/PhoneInterfaceManager( 2908): shouldBlockLocation running ...
07-07 16:00:57.480 I/PhoneInterfaceManager( 2908): shouldBlockLocation  ret:false
07-07 16:00:58.431 I/netd    (  635): trafficSwapActiveStatsMap() <21.62ms>
07-07 16:00:58.647 E/Thermal-daemon(  870): [pa_0] temp_new :32  temp_old :33
07-07 16:00:58.648 E/Thermal-daemon(  870): Report temperature: [pa_0] temp :32  report_threshold:1
07-07 16:00:59.152 D/LogUtil_LogConfig(12969): getLogFile(): logFilePath = /data/data/com.huawei.health/files/com.huawei.health/com.huawei.health_DaemonService/
07-07 16:00:59.152 D/LogUtil_LogConfig(12969): obtainSavePath(): path = 1
07-07 16:00:59.152 D/LogUtil_LogConfig(12969): acquireMaxLogFileLengthContainsOffset describe: com.huawei.health:DaemonService result:5242880
07-07 16:01:00.006 I/HwAlarmManagerService( 1429): hwSetAlarm listenerTag: TIME_TICK
07-07 16:01:00.015 W/ClockView1( 2486):  action android.intent.action.TIME_TICK
07-07 16:01:00.016 W/ClockView1( 2486):  action android.intent.action.TIME_TICK
07-07 16:01:00.016 E/DateView( 2486): DateView,mCurrentTime: 1594108860016
07-07 16:01:00.022 E/ndroid.systemu( 2486): No package ID ff found for ID 0xffffffff.
07-07 16:01:00.024 E/ndroid.systemu( 2486): No package ID ff found for ID 0xffffffff.
07-07 16:01:00.025 W/ClockView1( 2486): onreceive tz is Asia/Shanghai time:Tue Jul 07 16:01:00 GMT+08:00 2020 timezone:libcore.util.ZoneInfo[id="Asia/Shanghai",mRawOffset=28800000,mEarliestRawOffset=28800000,mUseDst=false,mDstSavings=0,transitions=26]
07-07 16:01:00.026 W/ClockView1( 2486): onreceive tz is Asia/Shanghai time:Tue Jul 07 16:01:00 GMT+08:00 2020 timezone:libcore.util.ZoneInfo[id="Asia/Shanghai",mRawOffset=28800000,mEarliestRawOffset=28800000,mUseDst=false,mDstSavings=0,transitions=26]
07-07 16:01:00.116 W/HwLockScreenPanel( 2486): Handle message: 133
07-07 16:01:00.117 W/HwLockScreenPanel( 2486): Handle message: 133
07-07 16:01:00.319 I/netd    (  635): trafficSwapActiveStatsMap() <14.56ms>
07-07 16:01:00.340 E/HwModemCapability( 2908): isCapabilitySupport java.lang.StringIndexOutOfBoundsException: length=7; index=7
07-07 16:01:00.464 I/chatty  ( 1429): uid=1000(system) HuaweiWifiWatch expire 16 lines
07-07 16:01:00.465 I/chatty  ( 1429): uid=1000 system_server expire 2 lines
07-07 16:01:00.467 D/HwConnectivityServiceEx( 1429): set cache by key is 1000 interfaceName iswlan0 value is false
07-07 16:01:00.468 I/chatty  ( 1429): uid=1000 system_server expire 1 line
07-07 16:01:00.482 E/WifiHAL (  690): enter wifi_get_link_stats
07-07 16:01:00.492 W/PhoneInterfaceManager( 2908): shouldBlockLocation running ...
07-07 16:01:00.493 I/PhoneInterfaceManager( 2908): shouldBlockLocation  ret:false
07-07 16:01:03.483 I/netd    (  635): trafficSwapActiveStatsMap() <37.98ms>
07-07 16:01:03.496 E/WifiHAL (  690): enter wifi_get_link_stats
07-07 16:01:03.507 I/chatty  ( 1429): uid=1000(system) ClientModeImpl expire 23 lines
07-07 16:01:03.515 W/PhoneInterfaceManager( 2908): shouldBlockLocation running ...
07-07 16:01:03.515 I/PhoneInterfaceManager( 2908): shouldBlockLocation  ret:false
07-07 16:01:05.395 D/HwWifiStatStore( 2784): writeWifiStatToDataBase
07-07 16:01:05.395 D/HwWifiStatStore( 2784): updateDFT2StabilityParam mSsidStatList size is .1
07-07 16:01:05.401 D/NcWifiDftManager( 2784): handled event 1000
07-07 16:01:05.401 D/NcWifiDftManager( 2784): HwWifiDFTEventConst.EID_STABILITYSTAT2
07-07 16:01:05.401 D/WifiDftDataBaseManager( 2784): addOrUpdateStatisticsRecord enter
07-07 16:01:05.401 D/WifiDftDataBaseManager( 2784): checkIfStatisticsRecordExist enter
07-07 16:01:05.404 D/WifiDftDataBaseManager( 2784): checkIfStatisticsRecordExist read from:WifiStatistics, get record: 1
07-07 16:01:05.405 D/WifiDftDataBaseManager( 2784): updateStatisticsRecord enter
07-07 16:01:05.408 D/HwWifiStatStore( 2784): clearStatInfo enter
07-07 16:01:05.409 D/HwWifiStatStore( 2784): setAPSSID: "Baidu_WiFi"
07-07 16:01:05.409 D/HwWifiStatStore( 2784): setAPKActionName mCurApkAction is null: android
07-07 16:01:05.409 I/NetworkStats( 1429): openSessionForUsageStats, pid = 2784, pkg = com.huawei.hiview
07-07 16:01:05.409 I/NetworkStats( 1429): openSessionInternal,pid = 2784
07-07 16:01:05.410 D/WifiDftDataBaseManager( 2784): updateStatisticsRecord update succ, rowChg=1
07-07 16:01:05.410 D/NcWifiDftManager( 2784): handled event 1000
07-07 16:01:05.411 D/WifiDftDataBaseManager( 2784): addOrUpdateSSIDStatisticsRecord enter
07-07 16:01:05.411 D/WifiDftDataBaseManager( 2784): checkIfSSIDStatisticsRcdExist enter
07-07 16:01:05.411 I/NetworkStats( 1429): performPollLocked, pid = 1429
07-07 16:01:05.413 D/WifiDftDataBaseManager( 2784): checkIfSSIDStatisticsRcdExist read from:WifiSSIDStatistics, get record: 1
07-07 16:01:05.413 D/WifiDftDataBaseManager( 2784): updateSSIDStatisticsRecord enter
07-07 16:01:05.420 D/WifiDftDataBaseManager( 2784): updateSSIDStatisticsRecord update succ, rowChg=1
07-07 16:01:05.420 D/NcWifiDftManager( 2784):  HwWifiDFTEventConst.EID_STABILITYSSIDSTAT2
07-07 16:01:05.420 D/NcWifiDftManager( 2784): handled event 1000
07-07 16:01:05.420 D/NcWifiDftManager( 2784):  HwWifiDFTEventConst.EID_WIFIAPK_ACION
07-07 16:01:05.420 E/NcWifiDftManager( 2784): WifiDftAPKActionRcd's , mApkName :android mDSCPCnt[i] = 0
07-07 16:01:05.420 I/chatty  ( 2784): uid=1000(system) NcWifiDFTManage identical 13 lines
07-07 16:01:05.435 I/netd    (  635): trafficSwapActiveStatsMap() <23.03ms>
07-07 16:01:05.437 W/IptablesRestoreController(  635): command: *filter
07-07 16:01:05.437 W/IptablesRestoreController(  635): -nvx -L tetherctrl_counters
07-07 16:01:05.437 W/IptablesRestoreController(  635): COMMIT
07-07 16:01:05.437 W/IptablesRestoreController(  635): .
07-07 16:01:05.456 I/        (31996): iptables cmd:iptables-restore
07-07 16:01:05.457 W/IptablesRestoreController(  635): command: *filter
07-07 16:01:05.457 W/IptablesRestoreController(  635): -nvx -L tetherctrl_counters
07-07 16:01:05.457 W/IptablesRestoreController(  635): COMMIT
07-07 16:01:05.457 W/IptablesRestoreController(  635): .
07-07 16:01:05.471 I/        (31997): iptables cmd:ip6tables-restore
07-07 16:01:05.472 I/netd    (  635): tetherGetStats() <35.05ms>
07-07 16:01:05.485 D/HwNetworkStatsService( 1429): hwRecordUidAndProcSnapshotLocked currentTime = 1594108863227
07-07 16:01:05.495 I/HwNetworkManagementService( 1429): request swap success.
07-07 16:01:05.495 I/NetworkStatsFactoryEx( 1429): Request swap successful.
07-07 16:01:05.495 I/NetworkStatsFactoryEx( 1429): vars recycled successful.
07-07 16:01:05.506 D/HwNetworkStatsService( 1429): hwMaybeUidAndProcPersistLocked currentTime = 1594108863227
07-07 16:01:05.528 W/HSM_Install_BG(30730): TrafficNotifyDelegate:Current data imsi is null, so return.
07-07 16:01:05.543 I/NetworkStats( 1429): openSessionForUsageStats, pid = 2784, pkg = com.huawei.hiview
07-07 16:01:05.543 I/NetworkStats( 1429): openSessionInternal,pid = 2784
07-07 16:01:05.545 I/NetworkStats( 1429): performPollLocked, pid = 1429
07-07 16:01:05.555 I/netd    (  635): trafficSwapActiveStatsMap() <8.23ms>
07-07 16:01:05.557 W/IptablesRestoreController(  635): command: *filter
07-07 16:01:05.557 W/IptablesRestoreController(  635): -nvx -L tetherctrl_counters
07-07 16:01:05.557 W/IptablesRestoreController(  635): COMMIT
07-07 16:01:05.557 W/IptablesRestoreController(  635): .
07-07 16:01:05.558 W/IptablesRestoreController(  635): command: *filter
07-07 16:01:05.558 W/IptablesRestoreController(  635): -nvx -L tetherctrl_counters
07-07 16:01:05.558 W/IptablesRestoreController(  635): COMMIT
07-07 16:01:05.558 W/IptablesRestoreController(  635): .
07-07 16:01:05.559 I/netd    (  635): tetherGetStats() <1.48ms>
07-07 16:01:05.567 D/HwNetworkStatsService( 1429): hwRecordUidAndProcSnapshotLocked currentTime = 1594108863362
07-07 16:01:05.579 I/HwNetworkManagementService( 1429): request swap success.
07-07 16:01:05.580 I/NetworkStatsFactoryEx( 1429): Request swap successful.
07-07 16:01:05.580 I/NetworkStatsFactoryEx( 1429): vars recycled successful.
07-07 16:01:05.586 D/HwNetworkStatsService( 1429): hwMaybeUidAndProcPersistLocked currentTime = 1594108863362
07-07 16:01:06.345 E/HwModemCapability( 2908): isCapabilitySupport java.lang.StringIndexOutOfBoundsException: length=7; index=7
07-07 16:01:06.520 E/WifiHAL (  690): enter wifi_get_link_stats
07-07 16:01:06.540 W/PhoneInterfaceManager( 2908): shouldBlockLocation running ...
07-07 16:01:06.541 I/PhoneInterfaceManager( 2908): shouldBlockLocation  ret:false
07-07 16:01:06.624 I/HwBatteryService( 1429): quick charge status : 0
07-07 16:01:06.624 D/HwBatteryService( 1429): onUEvent fcpStatus = 0
07-07 16:01:06.624 D/HwBatteryService( 1429): onUEvent scpStatus = 0 ,ovpStatus = 0
07-07 16:01:06.624 I/HwBatteryService( 1429): handleWirelessTxStatus
07-07 16:01:06.624 I/HwBatteryService( 1429): switch not open, return, mWirelessTxFlag : 0
07-07 16:01:06.624 W/HwBatteryService( 1429): need return. Invalid value: -1
07-07 16:01:06.624 D/HwBatteryService( 1429): setHwChargeTimeRemaining, time = -1 String time: -1
07-07 16:01:06.625 I/HwUsbDeviceManager( 1429): water_intrused state= 0
07-07 16:01:08.468 I/chatty  ( 1429): uid=1000 system_server expire 2 lines
07-07 16:01:08.470 D/HwConnectivityServiceEx( 1429): set cache by key is 1000 interfaceName iswlan0 value is false
07-07 16:01:08.471 I/chatty  ( 1429): uid=1000 system_server expire 1 line
07-07 16:01:08.506 I/netd    (  635): trafficSwapActiveStatsMap() <10.02ms>
07-07 16:01:09.544 E/WifiHAL (  690): enter wifi_get_link_stats
07-07 16:01:09.564 W/PhoneInterfaceManager( 2908): shouldBlockLocation running ...
07-07 16:01:09.564 I/PhoneInterfaceManager( 2908): shouldBlockLocation  ret:false
07-07 16:01:10.347 I/netd    (  635): trafficSwapActiveStatsMap() <10.47ms>
07-07 16:01:10.919 I/storaged(  869): storaged_t::event: storage_info refreshed.
07-07 16:01:12.358 E/HwModemCapability( 2908): isCapabilitySupport java.lang.StringIndexOutOfBoundsException: length=7; index=7
07-07 16:01:12.569 E/WifiHAL (  690): enter wifi_get_link_stats
07-07 16:01:12.589 W/PhoneInterfaceManager( 2908): shouldBlockLocation running ...
07-07 16:01:12.589 I/PhoneInterfaceManager( 2908): shouldBlockLocation  ret:false
07-07 16:01:13.535 I/netd    (  635): trafficSwapActiveStatsMap() <14.98ms>
07-07 16:01:15.530 I/HwNaturalBase( 3189): [CommonHandler]: 32498Kb ram is used.
07-07 16:01:15.596 E/WifiHAL (  690): enter wifi_get_link_stats
07-07 16:01:15.618 W/PhoneInterfaceManager( 2908): shouldBlockLocation running ...
07-07 16:01:15.618 I/PhoneInterfaceManager( 2908): shouldBlockLocation  ret:false
07-07 16:01:16.472 I/chatty  ( 1429): uid=1000 system_server expire 2 lines
07-07 16:01:16.475 D/HwConnectivityServiceEx( 1429): set cache by key is 1000 interfaceName iswlan0 value is false
07-07 16:01:16.475 I/chatty  ( 1429): uid=1000 system_server expire 1 line
07-07 16:01:18.363 E/HwModemCapability( 2908): isCapabilitySupport java.lang.StringIndexOutOfBoundsException: length=7; index=7
07-07 16:01:18.567 I/netd    (  635): trafficSwapActiveStatsMap() <17.93ms>
07-07 16:01:18.623 E/WifiHAL (  690): enter wifi_get_link_stats
07-07 16:01:18.637 D/ConnectivityService( 1429): notifyType CALLBACK_CAP_CHANGED for NetworkAgentInfo [WIFI () - 175]
07-07 16:01:18.639 D/HwConnectivityServiceEx( 1429): set cache by key is 10368 interfaceName iswlan0 value is true
07-07 16:01:18.639 D/ConnectivityService( 1429): ActiveNetwork is blocked, uid = 10368, ignoreBlocked = false
07-07 16:01:18.639 D/HwConnectivityServiceEx( 1429): set cache by key is 10100 interfaceName iswlan0 value is false
07-07 16:01:18.640 D/ConnectivityService( 1429): get Network state from cache, cacheBlock is 0
07-07 16:01:18.640 D/HwConnectivityServiceEx( 1429): set cache by key is 10043 interfaceName iswlan0 value is false
07-07 16:01:18.640 D/ConnectivityService( 1429): get Network state from cache, cacheBlock is 0
07-07 16:01:18.640 D/HwConnectivityServiceEx( 1429): set cache by key is 10039 interfaceName iswlan0 value is false
07-07 16:01:18.640 D/ConnectivityService( 1429): get Network state from cache, cacheBlock is 0
07-07 16:01:18.640 D/HwConnectivityServiceEx( 1429): set cache by key is 10037 interfaceName iswlan0 value is false
07-07 16:01:18.640 D/HwConnectivityServiceEx( 1429): set cache by key is 1000 interfaceName iswlan0 value is false
07-07 16:01:18.640 D/ConnectivityService( 1429): get Network state from cache, cacheBlock is 0
07-07 16:01:18.643 I/chatty  ( 2840): uid=1000(system) EmcomThread expire 11 lines
07-07 16:01:18.644 I/chatty  ( 1429): uid=1000(system) wifipro_feature expire 7 lines
07-07 16:01:18.645 D/ConnectivityService( 1429): get Network state from cache, cacheBlock is 0
07-07 16:01:18.647 I/chatty  ( 2784): uid=1000(system) HwWifiCHRStateM expire 10 lines
07-07 16:01:18.648 D/HwConnectivityServiceEx( 1429): set cache by key is 10020 interfaceName iswlan0 value is false
07-07 16:01:18.648 D/ConnectivityService( 1429): get Network state from cache, cacheBlock is 0
07-07 16:01:18.649 I/chatty  ( 1429): uid=1000(system) ConnectivityThr identical 1 line
07-07 16:01:18.649 D/ConnectivityService( 1429): get Network state from cache, cacheBlock is 0
07-07 16:01:18.649 D/HwConnectivityServiceEx( 1429): set cache by key is 1001 interfaceName iswlan0 value is false
07-07 16:01:18.650 D/ConnectivityService( 1429): get Network state from cache, cacheBlock is 0
07-07 16:01:18.650 I/chatty  ( 1429): uid=1000(system) HwWifiConnectiv expire 6 lines
07-07 16:01:18.651 I/chatty  ( 1429): uid=1000(system) ConnectivityThr identical 9 lines
07-07 16:01:18.651 D/ConnectivityService( 1429): get Network state from cache, cacheBlock is 0
07-07 16:01:18.652 I/chatty  ( 2840): uid=1000(system) ConnectivityThr expire 6 lines
07-07 16:01:18.652 W/PhoneInterfaceManager( 2908): shouldBlockLocation running ...
07-07 16:01:18.652 I/PhoneInterfaceManager( 2908): shouldBlockLocation  ret:false
07-07 16:01:18.656 D/ConnectivityService( 1429): get Network state from cache, cacheBlock is 0
07-07 16:01:18.657 D/ConnectivityService( 1429): get Network state from cache, cacheBlock is 0
07-07 16:01:18.658 D/ConnectivityService( 1429): get Network state from cache, cacheBlock is 0
07-07 16:01:18.658 D/ConnectivityService( 1429): get Network state from cache, cacheBlock is 0
07-07 16:01:18.659 D/ConnectivityService( 1429): get Network state from cache, cacheBlock is 0
07-07 16:01:18.662 I/chatty  ( 1429): uid=1000(system) Binder:1429_1B identical 2 lines
07-07 16:01:18.664 D/ConnectivityService( 1429): get Network state from cache, cacheBlock is 0
07-07 16:01:19.444 I/PushLog100101401(19254): [main-1]action is com.huawei.push.alarm.HEARTBEAT
07-07 16:01:19.446 I/PushLog100101401(19254): [main-1]dispatchIntent over
07-07 16:01:19.448 I/PushLog100101401(19254): [ReceiverDispatcher-18815]com.huawei.push.alarm.HEARTBEAT alarm trigger, expectTriggerTime:1594108879441, current trigger time:1594108879447
07-07 16:01:19.448 I/PushLog100101401(19254): [ReceiverDispatcher-18815]heartbeatArrive
07-07 16:01:19.448 I/PushLog100101401(19254): [ReceiverDispatcher-18815]heartbeatArrive, send heart beat
07-07 16:01:19.448 V/BroadcastQueue( 1429): Finished with ordered broadcast BroadcastRecord{a5b98f3 u0 com.huawei.push.alarm.HEARTBEAT}
07-07 16:01:19.448 I/PushLog100101401(19254): [ReceiverDispatcher-18815] get charging true
07-07 16:01:19.448 I/PushLog100101401(19254): [ReceiverDispatcher-18815]enter AlarmTools:setExactAlarm(intent:Intent { act=com.huawei.android.push.intent.HEARTBEAT_RSP_TIMEOUT pkg=android } interval:10000ms
07-07 16:01:19.449 I/PushLog100101401(19254): [ReceiverDispatcher-18815]setExactAlarm expectTriggerTime:1594108889449
07-07 16:01:19.455 I/PushLog100101401(19254): [ReceiverDispatcher-18815]next Heartbeat timeout for push server is: 5 min , curHeartBeatInterval: 300000
07-07 16:01:19.455 I/PushLog100101401(19254): [ReceiverDispatcher-18815]process cmdid to send to pushSrv:46, subCmdId:FF
07-07 16:01:19.456 I/PushLog100101401(19254): [ReceiverDispatcher-18815]send msg to remote srv success
07-07 16:01:19.484 I/PushLog100101401(19254): [SocketRead_14:34:27-18961]enter cancelAlarm(Action=com.huawei.android.push.intent.RESPONSE_FAIL
07-07 16:01:19.485 I/PushLog100101401(19254): [SocketRead_14:34:27-18961]process cmdid to receive from pushSrv:47, subCmdId:FF
07-07 16:01:19.485 I/PushLog100101401(19254): [SocketRead_14:34:27-18961]enter cancelAlarm(Action=com.huawei.android.push.intent.HEARTBEAT_RSP_TIMEOUT
07-07 16:01:19.486 I/AlarmManager( 1429): remove alarm:Alarm{9e11099 type 0 when 1594108889449 PendingIntent{9f73f19: PendingIntentRecord{a4f2e81 android broadcastIntent}}android procName com.huawei.android.pushagent.PushService} according to operation:a221529
07-07 16:01:19.491 I/PushLog100101401(19254): [SocketRead_14:34:27-18961]enter adjustHeartBeat:(findHeartBeat:true,RspTimeOut:false,beatInterval:300000,bestHBSuccessCount:2,range:[180000,300000])
07-07 16:01:19.492 I/PushLog100101401(19254): [SocketRead_14:34:27-18961]judgeFindBestHB and isBestHBTimeOut: falseisOffset: false
07-07 16:01:19.492 I/PushLog100101401(19254): [SocketRead_14:34:27-18961] get charging true
07-07 16:01:19.492 I/PushLog100101401(19254): [SocketRead_14:34:27-18961]after delayHeartBeatReq, is charging, nextHeartBeatTime will be 180000ms later
07-07 16:01:19.492 I/PushLog100101401(19254): [SocketRead_14:34:27-18961]enter AlarmTools:setExactAlarm(intent:Intent { act=com.huawei.push.alarm.HEARTBEAT pkg=android } interval:180000ms
07-07 16:01:19.492 I/PushLog100101401(19254): [SocketRead_14:34:27-18961]setExactAlarm expectTriggerTime:1594109059492
07-07 16:01:19.497 I/PushLog100101401(19254): [SocketRead_14:34:27-18961]dispatchIntent over
07-07 16:01:19.498 I/PushLog100101401(19254): [ReceiverDispatcher-18815]process push message cmdid from pushSrv:47, subCmdId:FF
07-07 16:01:19.498 I/PushLog100101401(19254): [ReceiverDispatcher-18815]enter AlarmTools:setInexactAlarm(intent:Intent { act=com.huawei.action.push.intent.CHECK_CHANNEL_CYCLE pkg=android } interval:1200000ms
07-07 16:01:19.501 I/AlarmManager( 1429): remove alarm:Alarm{a5ba971 type 1 when 1594109899444 PendingIntent{a666469: PendingIntentRecord{a2a03f5 android broadcastIntent}}android procName com.huawei.android.pushagent.PushService} according to operation:a50f731
07-07 16:01:20.077 I/HwNaturalBase(29857): [CommonHandler]: 8263Kb ram is used.
07-07 16:01:20.391 I/netd    (  635): trafficSwapActiveStatsMap() <27.72ms>
07-07 16:01:21.657 E/WifiHAL (  690): enter wifi_get_link_stats
07-07 16:01:21.672 D/ConnectivityService( 1429): notifyType CALLBACK_CAP_CHANGED for NetworkAgentInfo [WIFI () - 175]
07-07 16:01:21.675 D/HwConnectivityServiceEx( 1429): set cache by key is 1000 interfaceName iswlan0 value is false
07-07 16:01:21.676 D/HwConnectivityServiceEx( 1429): set cache by key is 10368 interfaceName iswlan0 value is true
07-07 16:01:21.676 D/ConnectivityService( 1429): ActiveNetwork is blocked, uid = 10368, ignoreBlocked = false
07-07 16:01:21.676 D/HwConnectivityServiceEx( 1429): set cache by key is 10100 interfaceName iswlan0 value is false
07-07 16:01:21.677 D/ConnectivityService( 1429): get Network state from cache, cacheBlock is 0
07-07 16:01:21.679 D/HwConnectivityServiceEx( 1429): set cache by key is 10043 interfaceName iswlan0 value is false
07-07 16:01:21.679 D/ConnectivityService( 1429): get Network state from cache, cacheBlock is 0
07-07 16:01:21.683 D/HwConnectivityServiceEx( 1429): set cache by key is 10039 interfaceName iswlan0 value is false
07-07 16:01:21.684 D/ConnectivityService( 1429): get Network state from cache, cacheBlock is 0
07-07 16:01:21.684 D/HwConnectivityServiceEx( 1429): set cache by key is 10037 interfaceName iswlan0 value is false
07-07 16:01:21.684 D/ConnectivityService( 1429): get Network state from cache, cacheBlock is 0
07-07 16:01:21.685 D/ConnectivityService( 1429): get Network state from cache, cacheBlock is 0
07-07 16:01:21.685 D/HwConnectivityServiceEx( 1429): set cache by key is 10020 interfaceName iswlan0 value is false
07-07 16:01:21.685 D/HwConnectivityServiceEx( 1429): set cache by key is 10020 interfaceName iswlan0 value is false
07-07 16:01:21.685 D/ConnectivityService( 1429): get Network state from cache, cacheBlock is 0
07-07 16:01:21.685 I/chatty  ( 1429): uid=1000(system) ConnectivityThr identical 1 line
07-07 16:01:21.685 D/ConnectivityService( 1429): get Network state from cache, cacheBlock is 0
07-07 16:01:21.686 D/HwConnectivityServiceEx( 1429): set cache by key is 1001 interfaceName iswlan0 value is false
07-07 16:01:21.686 D/ConnectivityService( 1429): get Network state from cache, cacheBlock is 0
07-07 16:01:21.687 I/chatty  ( 1429): uid=1000(system) ConnectivityThr identical 9 lines
07-07 16:01:21.687 D/ConnectivityService( 1429): get Network state from cache, cacheBlock is 0
07-07 16:01:21.687 D/ConnectivityService( 1429): get Network state from cache, cacheBlock is 0
07-07 16:01:21.689 D/ConnectivityService( 1429): get Network state from cache, cacheBlock is 0
07-07 16:01:21.689 D/ConnectivityService( 1429): get Network state from cache, cacheBlock is 0
07-07 16:01:21.691 W/PhoneInterfaceManager( 2908): shouldBlockLocation running ...
07-07 16:01:21.691 I/PhoneInterfaceManager( 2908): shouldBlockLocation  ret:false
07-07 16:01:21.692 I/chatty  ( 1429): uid=1000(system) Binder:1429_4 identical 2 lines
07-07 16:01:21.693 D/ConnectivityService( 1429): get Network state from cache, cacheBlock is 0
07-07 16:01:21.695 D/ConnectivityService( 1429): get Network state from cache, cacheBlock is 0
07-07 16:01:23.381 E/HwModemCapability( 2908): isCapabilitySupport java.lang.StringIndexOutOfBoundsException: length=7; index=7
07-07 16:01:23.498 I/chatty  ( 1429): uid=1000(system) WifiService expire 42 lines
07-07 16:01:23.599 I/netd    (  635): trafficSwapActiveStatsMap() <18.19ms>
07-07 16:01:24.481 I/chatty  ( 1429): uid=1000(system) ClientModeImpl expire 14 lines
07-07 16:01:24.485 I/chatty  ( 1429): uid=1000 system_server expire 2 lines
07-07 16:01:24.488 D/HwConnectivityServiceEx( 1429): set cache by key is 1000 interfaceName iswlan0 value is false
07-07 16:01:24.488 I/chatty  ( 1429): uid=1000 system_server expire 2 lines
07-07 16:01:24.694 E/WifiHAL (  690): enter wifi_get_link_stats
07-07 16:01:24.704 W/PhoneInterfaceManager( 2908): shouldBlockLocation running ...
07-07 16:01:24.704 I/PhoneInterfaceManager( 2908): shouldBlockLocation  ret:false
07-07 16:01:27.710 E/WifiHAL (  690): enter wifi_get_link_stats
07-07 16:01:27.725 D/ConnectivityService( 1429): notifyType CALLBACK_CAP_CHANGED for NetworkAgentInfo [WIFI () - 175]
07-07 16:01:27.731 D/HwConnectivityServiceEx( 1429): set cache by key is 1000 interfaceName iswlan0 value is false
07-07 16:01:27.732 D/HwConnectivityServiceEx( 1429): set cache by key is 10368 interfaceName iswlan0 value is true
07-07 16:01:27.733 D/ConnectivityService( 1429): ActiveNetwork is blocked, uid = 10368, ignoreBlocked = false
07-07 16:01:27.733 D/HwConnectivityServiceEx( 1429): set cache by key is 10100 interfaceName iswlan0 value is false
07-07 16:01:27.733 D/ConnectivityService( 1429): get Network state from cache, cacheBlock is 0
07-07 16:01:27.734 D/HwConnectivityServiceEx( 1429): set cache by key is 10043 interfaceName iswlan0 value is false
07-07 16:01:27.734 D/ConnectivityService( 1429): get Network state from cache, cacheBlock is 0
07-07 16:01:27.734 D/HwConnectivityServiceEx( 1429): set cache by key is 10039 interfaceName iswlan0 value is false
07-07 16:01:27.734 D/ConnectivityService( 1429): get Network state from cache, cacheBlock is 0
07-07 16:01:27.735 D/HwConnectivityServiceEx( 1429): set cache by key is 10037 interfaceName iswlan0 value is false
07-07 16:01:27.735 D/ConnectivityService( 1429): get Network state from cache, cacheBlock is 0
07-07 16:01:27.735 D/ConnectivityService( 1429): get Network state from cache, cacheBlock is 0
07-07 16:01:27.735 D/HwConnectivityServiceEx( 1429): set cache by key is 10020 interfaceName iswlan0 value is false
07-07 16:01:27.736 D/ConnectivityService( 1429): get Network state from cache, cacheBlock is 0
07-07 16:01:27.736 I/chatty  ( 1429): uid=1000(system) ConnectivityThr identical 1 line
07-07 16:01:27.736 D/ConnectivityService( 1429): get Network state from cache, cacheBlock is 0
07-07 16:01:27.737 D/HwConnectivityServiceEx( 1429): set cache by key is 1001 interfaceName iswlan0 value is false
07-07 16:01:27.737 D/ConnectivityService( 1429): get Network state from cache, cacheBlock is 0
07-07 16:01:27.738 I/chatty  ( 1429): uid=1000(system) ConnectivityThr identical 9 lines
07-07 16:01:27.739 D/ConnectivityService( 1429): get Network state from cache, cacheBlock is 0
07-07 16:01:27.739 W/PhoneInterfaceManager( 2908): shouldBlockLocation running ...
07-07 16:01:27.739 I/PhoneInterfaceManager( 2908): shouldBlockLocation  ret:false
07-07 16:01:27.740 D/ConnectivityService( 1429): get Network state from cache, cacheBlock is 0
07-07 16:01:27.743 D/ConnectivityService( 1429): get Network state from cache, cacheBlock is 0
07-07 16:01:27.743 D/ConnectivityService( 1429): get Network state from cache, cacheBlock is 0
07-07 16:01:27.744 D/ConnectivityService( 1429): get Network state from cache, cacheBlock is 0
07-07 16:01:27.744 D/ConnectivityService( 1429): get Network state from cache, cacheBlock is 0
07-07 16:01:27.746 D/ConnectivityService( 1429): get Network state from cache, cacheBlock is 0
07-07 16:01:27.747 I/chatty  ( 1429): uid=1000(system) Binder:1429_1B identical 1 line
07-07 16:01:27.749 D/ConnectivityService( 1429): get Network state from cache, cacheBlock is 0
07-07 16:01:28.647 I/netd    (  635): trafficSwapActiveStatsMap() <34.42ms>
07-07 16:01:29.386 E/HwModemCapability( 2908): isCapabilitySupport java.lang.StringIndexOutOfBoundsException: length=7; index=7
07-07 16:01:30.419 I/netd    (  635): trafficSwapActiveStatsMap() <12.07ms>
07-07 16:01:30.744 E/WifiHAL (  690): enter wifi_get_link_stats
07-07 16:01:30.758 D/ConnectivityService( 1429): notifyType CALLBACK_CAP_CHANGED for NetworkAgentInfo [WIFI () - 175]
07-07 16:01:30.760 D/HwConnectivityServiceEx( 1429): set cache by key is 10368 interfaceName iswlan0 value is true
07-07 16:01:30.760 D/ConnectivityService( 1429): ActiveNetwork is blocked, uid = 10368, ignoreBlocked = false
07-07 16:01:30.760 D/HwConnectivityServiceEx( 1429): set cache by key is 10100 interfaceName iswlan0 value is false
07-07 16:01:30.761 D/ConnectivityService( 1429): get Network state from cache, cacheBlock is 0
07-07 16:01:30.761 D/HwConnectivityServiceEx( 1429): set cache by key is 10043 interfaceName iswlan0 value is false
07-07 16:01:30.761 D/ConnectivityService( 1429): get Network state from cache, cacheBlock is 0
07-07 16:01:30.761 D/HwConnectivityServiceEx( 1429): set cache by key is 10039 interfaceName iswlan0 value is false
07-07 16:01:30.761 D/ConnectivityService( 1429): get Network state from cache, cacheBlock is 0
07-07 16:01:30.761 D/HwConnectivityServiceEx( 1429): set cache by key is 10037 interfaceName iswlan0 value is false
