07-09 19:15:58.254 D/AwareLog(  918): iawared: WorkingsetStop cn.carbs.wricheditor/.MainActivity
07-09 19:15:58.255 D/AwareLog(  918): iawared: WorkingsetProcessCommand subCmd = 350, userId=11189, pid=27831, cn.carbs.wricheditor/.MainActivity
07-09 19:15:58.255 D/AwareLog(  918): iawared: WorkingsetSendPrereadMsg cn.carbs.wricheditor/.MainActivity
07-09 19:15:58.256 D/AwareLog(  918): iawared: WorkingsetStart cn.carbs.wricheditor/.MainActivity in monitor0
07-09 19:15:58.256 I/chatty  ( 1709): uid=1000(system) android.anim expire 7 lines
07-09 19:15:58.258 I/ActivityTaskManager( 1709): Making visible and scheduling visibility: ActivityRecord{954b144 u0 cn.carbs.wricheditor/.MainActivity t1188}
07-09 19:15:58.259 W/HwActivityTaskManagerServiceEx( 1709): appSwitch from: com.huawei.android.launcher to: cn.carbs.wricheditor
07-09 19:15:58.259 W/ActivityThread(27831): handleWindowVisibility: no activity for token android.os.BinderProxy@4679458
07-09 19:15:58.259 I/WindowManager( 1709): Changing focus from Window{9473b29 u0 com.huawei.android.launcher/com.huawei.android.launcher.unihome.UniHomeLauncher} to null displayId=0 Callers=com.android.server.wm.RootWindowContainer.updateFocusedWindowLocked:4545952 com.android.server.wm.WindowManagerService.updateFocusedWindowLocked:4548172 com.android.server.wm.ActivityDisplay.setFocusedApp:1243056 com.android.server.wm.ActivityTaskManagerService.setResumedActivityUncheckLocked:1353412 
07-09 19:15:58.261 I/HiAdKit.AppSwitchMonitor( 3967):  call
07-09 19:15:58.261 D/HwGameAssistantController( 1709): UPDATE: mCurFgPkg=cn.carbs.wricheditor, mCurFgPid=27831, mIsCurGame=false
07-09 19:15:58.261 I/WindowManager( 1709): Checking 1 opening apps (frozen=false timeout=false)...
07-09 19:15:58.261 I/WindowManager( 1709): Check opening app=AppWindowToken{95602d1 token=Token{985f8a4 ActivityRecord{954b144 u0 cn.carbs.wricheditor/.MainActivity t1188}}}: allDrawn=false startingDisplayed=false startingMoved=false isRelaunching()=false startingWindow=null
07-09 19:15:58.262 I/HiAdKit.AppSwitchMonitor( 3967):  fromPackage:com.huawei.android.launcher,toPackage:cn.carbs.wricheditor
07-09 19:15:58.262 I/HiAdKit.ExSplashManager( 3967):  do not request exsplash config
07-09 19:15:58.262 I/HiAdKit.KitStatisticsReport( 3967):  do not report kit daily active
07-09 19:15:58.263 I/WindowManager( 1709): addWindow: Window{938dee1 u0 Splash Screen cn.carbs.wricheditor}
07-09 19:15:58.263 D/ZrHung.AppEyeUiProbe(27831): restart watching
07-09 19:15:58.263 I/HwAudioServiceEx( 1709): ComponentInfo : className = com.huawei.android.launcher.unihome.UniHomeLauncher, flag=onPause, isHomeActivity=, isTop=false
07-09 19:15:58.264 I/HwAudioServiceEx( 1709): sendAppKilledIntentForKit, isKitPackageOnPause = false, isKitPackageKill = false, isKitPackageOnResume = false
07-09 19:15:58.264 I/AppLifeChangeSensor( 7191): CAWARENESS: activityPaused componentName = ComponentInfo{com.huawei.android.launcher/com.huawei.android.launcher.unihome.UniHomeLauncher}
07-09 19:15:58.264 E/AppLifeChangeSensor( 7191): CAWARENESS: activityPaused mAppLifeChangeCallback is null 
07-09 19:15:58.263 I/Pged-IPgedBinderService(  918): ****action is 1, pid num is 2***
07-09 19:15:58.264 I/Pged-Freezer(  918): freezePids
07-09 19:15:58.264 I/Pged-Freezer(  918): Freeze process: 10396
07-09 19:15:58.265 V/ActivityTaskManager( 1709): Activity idle: null
07-09 19:15:58.265 V/ActivityTaskManager( 1709): Stopping ActivityRecord{945afc2 u0 com.huawei.android.launcher/.unihome.UniHomeLauncher t1016}: nowVisible=false animating=true finishing=false
07-09 19:15:58.265 D/DecorView( 5848): showOrHideHighlightView: hasFocus=false; winMode=1; isMrgNull=true
07-09 19:15:58.266 D/HwNetworkManagementService( 1709): code == CODE_SET_CHR_REPORT_APP_LIST
07-09 19:15:58.266 I/HwNetworkPolicy( 1709): onTransact, code = 203
07-09 19:15:58.266 I/HwNetworkManagementService( 1709): chr appuid set succeeded
07-09 19:15:58.267 I/BoosterSwitchP( 2931): notifyUidState do nothing
07-09 19:15:58.267 I/DeepNoDisturbP( 2931): notifyUidState
07-09 19:15:58.267 I/BrowserChrP( 2931): notifyUidState
07-09 19:15:58.268 D/AGPService(  868): itouch currentPackageName = cn.carbs.wricheditor
07-09 19:15:58.268 D/AGPService(  868): itouch appType=-1 appState=1 gameMode=2
07-09 19:15:58.268 D/AGPService(  868): itouchReaderMonitor empty
07-09 19:15:58.268 D/AGPService(  868): g_itouch_reader_monitor Monitor::IsReaderMonitorEnable()=0
07-09 19:15:58.268 D/AGPService(  868): itouch getCurrentParmID tempPkg=cn.carbs.xxx
07-09 19:15:58.268 D/AGPService(  868): itouch:app cn.carbs.wricheditor is  not game app
07-09 19:15:58.268 D/AGPService(  868): itouch:app cn.carbs.wricheditor is  not in StylusPenList
07-09 19:15:58.268 D/AGPService(  868): itouch:styluspen_switch is disable
07-09 19:15:58.268 D/AGPService(  868): itouch:currentAppTypeName =|UNKNOWN|
07-09 19:15:58.269 V/ActivityThread(27831): callActivityOnCreate
07-09 19:15:58.269 I/HwNetworkPolicyManager( 2810): getHwUidPolicy uid = 11189 policy = 0
07-09 19:15:58.270 I/chatty  ( 2931): uid=1000(system) Binder:2931_9 expire 11 lines
07-09 19:15:58.271 I/chatty  ( 2975): uid=1000(system) Binder:2975_6 expire 4 lines
07-09 19:15:58.272 I/DecorView[](27831):  old windowMode:0 new windoMode:1
07-09 19:15:58.276 I/WindowManager( 1709): Checking 1 opening apps (frozen=false timeout=false)...
07-09 19:15:58.276 I/WindowManager( 1709): Check opening app=AppWindowToken{95602d1 token=Token{985f8a4 ActivityRecord{954b144 u0 cn.carbs.wricheditor/.MainActivity t1188}}}: allDrawn=false startingDisplayed=false startingMoved=false isRelaunching()=false startingWindow=Window{938dee1 u0 Splash Screen cn.carbs.wricheditor}
07-09 19:15:58.279 I/chatty  ( 1709): uid=1000 system_server expire 1 line
07-09 19:15:58.281 I/HwAudioService( 1709): now type = 28,reportForegroundAppType = -1,pkg = null,systemload = 28mVoipOptimizeInGameModefalse
07-09 19:15:58.289 D/ActivityThread(27831): add activity client record, r= ActivityRecord{62d5491 token=android.os.BinderProxy@4679458 {cn.carbs.wricheditor/cn.carbs.wricheditor.MainActivity}} token= android.os.BinderProxy@4679458
07-09 19:15:58.289 I/WindowManager( 1709): performshow Window{938dee1 u0 Splash Screen cn.carbs.wricheditor} tok.waitingToShow=true isTransitionSet=true parentHidden=false vis=0 tok.hidden=true hasSurface=true policyVis=true destroying=false animating=true
07-09 19:15:58.290 I/WindowManager( 1709): Checking 1 opening apps (frozen=false timeout=false)...
07-09 19:15:58.290 I/WindowManager( 1709): Check opening app=AppWindowToken{95602d1 token=Token{985f8a4 ActivityRecord{954b144 u0 cn.carbs.wricheditor/.MainActivity t1188}}}: allDrawn=false startingDisplayed=true startingMoved=false isRelaunching()=false startingWindow=Window{938dee1 u0 Splash Screen cn.carbs.wricheditor}
07-09 19:15:58.290 I/WindowManager( 1709): Checking 0 opening apps (frozen=false timeout=false)...
07-09 19:15:58.290 I/HwWindowManagerServiceEx( 1709): closing apps count = 1
07-09 19:15:58.290 D/RemoteAnimationController( 1709): createAnimationAdapter(): token=AppWindowToken{94be2d1 token=Token{9786e40 ActivityRecord{945afc2 u0 com.huawei.android.launcher/.unihome.UniHomeLauncher t1016}}}
07-09 19:15:58.291 E/WindowManager( 1709): icon is null!!
07-09 19:15:58.291 D/RemoteAnimationController( 1709): createAnimationAdapter(): token=AppWindowToken{95602d1 token=Token{985f8a4 ActivityRecord{954b144 u0 cn.carbs.wricheditor/.MainActivity t1188}}}
07-09 19:15:58.291 D/RemoteAnimationController( 1709): goodToGo()
07-09 19:15:58.291 D/RemoteAnimationController( 1709): createAnimations()
07-09 19:15:58.291 I/WindowManager( 1709): dispatchResized : win = Window{938dee1 u0 Splash Screen cn.carbs.wricheditor} drawState = HAS_DRAWN
07-09 19:15:58.293 I/StatusBarDisable( 1709): setFlags what=0 which=1 pkg=Window{938dee1 u0 Splash Screen cn.carbs.wricheditor}
07-09 19:15:58.293 D/RemoteAnimationController( 1709): startAnimation(): Notify animation start:
07-09 19:15:58.298 I/WindowManager( 1709): addWindow: Window{98bc771 u0 cn.carbs.wricheditor/cn.carbs.wricheditor.MainActivity}
07-09 19:15:58.299 D/OpenGLRenderer(27831): disableOutlineDraw is true
07-09 19:15:58.300 I/AppLifeChangeSensor( 7191): CAWARENESS: activityResumed componentName = ComponentInfo{cn.carbs.wricheditor/cn.carbs.wricheditor.MainActivity}
07-09 19:15:58.300 E/AppLifeChangeSensor( 7191): CAWARENESS: activityResumed mAppLifeChangeCallback is null 
07-09 19:15:58.300 I/HwAudioServiceEx( 1709): ComponentInfo : className = cn.carbs.wricheditor.MainActivity, flag=onResume, isHomeActivity=, isTop=true
07-09 19:15:58.300 I/HwAudioServiceEx( 1709): sendAppKilledIntentForKit, isKitPackageOnPause = false, isKitPackageKill = false, isKitPackageOnResume = false
07-09 19:15:58.300 I/OPCollectLog( 3284): AppChangeImpl:call onAppChange.
07-09 19:15:58.301 I/OPCollectLog( 3284): HwForegroundAppAction:handleMessage 
07-09 19:15:58.301 I/HidataAppQoeP( 2931): foregroundUidAdd uid: 11189 name: cn.carbs.wricheditor activity state: true
07-09 19:15:58.301 D/OPCollectLog( 3284): HwForegroundAppAction:FG executeWithArgs
07-09 19:15:58.301 I/ContentSensor_ContentSensorService( 5737): The ComponentName can not be autoGrabbed or allowed all text capture
07-09 19:15:58.301 I/OPCollectLog( 3284): OPCollectUtils:ODMF Api Version:2.15.3
07-09 19:15:58.301 I/OPCollectLog( 3284): Action:HwForegroundAppAction executed successfully
07-09 19:15:58.301 D/OPCollectLog( 3284): OdmfCollectScheduler:handleMessage msg: 4
07-09 19:15:58.301 I/OPCollectLog( 3284): OdmfHelper:opcollectCache 1
07-09 19:15:58.301 I/OPCollectLog( 3284): OdmfHelper:opcollectCache curTime: 100523409, interval: 879
07-09 19:15:58.301 I/OPCollectLog( 3284): OdmfHelper:isCharging: true
07-09 19:15:58.302 E/BoosterUtil( 2931): convertSubIdToSlotId failed, subId:0, slotId:-1
07-09 19:15:58.302 E/BoosterUtil( 2931): getDefaultDataSlotId failed, invalid slotId:-1, subId:0
07-09 19:15:58.302 I/NetworkQoeChr( 2931): checkForegroundApp timer end
07-09 19:15:58.303 I/SmartDualCardConfig( 2931): getAppType,pkgName=cn.carbs.wricheditor,appType=-1
07-09 19:15:58.303 E/SmartDualCardConfig( 2931): isAppInBlackList false,items==null
07-09 19:15:58.303 I/SmartDualCardConfig( 2931): isAppInWhiteList false,uid=11189
07-09 19:15:58.304 I/OPCollectLog( 3284): OdmfHelper:insert database success 
07-09 19:15:58.304 I/OPCollectLog( 3284): OdmfHelper:opcollectCache size: 1
07-09 19:15:58.304 I/OPCollectLog( 3284): OdmfHelper:opcollectCache lastTime: 100523412
07-09 19:15:58.312 D/HiTouch_PressGestureDetector(27831): onAttached, package=cn.carbs.wricheditor, windowType=1, mHiTouchRestricted=false
07-09 19:15:58.316 I/WindowManager( 1709): Changing focus from null to Window{98bc771 u0 cn.carbs.wricheditor/cn.carbs.wricheditor.MainActivity} displayId=0 Callers=com.android.server.wm.RootWindowContainer.updateFocusedWindowLocked:4545952 com.android.server.wm.WindowManagerService.updateFocusedWindowLocked:4548172 com.android.server.wm.WindowManagerService.relayoutWindow:4703972 com.android.server.wm.Session.relayout:4697780 
07-09 19:15:58.316 D/HwActivityManagerServiceEx( 1709): notifyAppToTop pid:27831, enable:1
07-09 19:15:58.317 D/HwActivityManagerServiceEx( 1709): notifyAppToTop pid:5848, enable:0
07-09 19:15:58.317 V/HwPhoneWindowManager( 1709): updateSystemUiColorLw window=Window{98bc771 u0 cn.carbs.wricheditor/cn.carbs.wricheditor.MainActivity},EmuiStyle=0,StatusBarColor=0xff3700b3,NavigationBarColor=0xfffcfcfc, mForceNotchStatusBar=false
07-09 19:15:58.317 D/RtgSched( 5848): resetRtgSchedHandle failed enable:0
07-09 19:15:58.317 I/chatty  ( 1709): uid=1000(system) Binder:1709_9 expire 11 lines
07-09 19:15:58.317 I/HwCommandQueue( 2645): updateBarBgColor
07-09 19:15:58.317 D/HwCommandQueue( 2645): CommandQueue, setBarBackgroundColor
07-09 19:15:58.318 I/StatusBarDisable( 1709): setFlags what=0 which=1 pkg=Window{98bc771 u0 cn.carbs.wricheditor/cn.carbs.wricheditor.MainActivity}
07-09 19:15:58.318 D/mali_winsys(27831): EGLint new_window_surface(egl_winsys_display *, void *, EGLSurface, EGLConfig, egl_winsys_surface **, EGLBoolean) returns 0x3000
07-09 19:15:58.328 I/WindowManager( 1709): dispatchResized : win = Window{98bc771 u0 cn.carbs.wricheditor/cn.carbs.wricheditor.MainActivity} drawState = READY_TO_SHOW
07-09 19:15:58.329 D/DecorView(27831): showOrHideHighlightView: hasFocus=true; winMode=1; isMrgNull=true
07-09 19:15:58.329 W/InputMethodManager(27831): startInputReason = 1
07-09 19:15:58.330 I/WindowManager( 1709): removeIfPossible: Window{938dee1 u0 Splash Screen cn.carbs.wricheditor} callers=com.android.server.wm.WindowState.removeIfPossible:1371784 com.android.server.wm.WindowManagerService.removeWindow:1384364 android.view.ViewRootImpl.dispatchDetachedFromWindow:4972624 android.view.ViewRootImpl.doDie:4973316 android.view.ViewRootImpl$ViewRootHandler.handleMessage:5301492 
07-09 19:15:58.331 I/WindowManager( 1709): Not removing Window{938dee1 u0 Splash Screen cn.carbs.wricheditor EXITING} due to exit animation 
07-09 19:15:58.333 I/chatty  ( 1709): uid=1000(system) android.bg expire 5 lines
07-09 19:15:58.336 I/ConnectivityService( 1709): BLOCKED uid 10194
07-09 19:15:58.342 V/ActivityTaskManager( 1709): Activity idle: Token{985f8a4 ActivityRecord{954b144 u0 cn.carbs.wricheditor/.MainActivity t1188}}
07-09 19:15:58.343 V/ActivityTaskManager( 1709): Stopping ActivityRecord{945afc2 u0 com.huawei.android.launcher/.unihome.UniHomeLauncher t1016}: nowVisible=false animating=true finishing=false
07-09 19:15:58.370 I/AGPService(  868): aps-info: focus pkgName - cn.carbs.wricheditor, with 0 more apps
07-09 19:15:58.370 I/AGPService(  868): aps-info: new pkgName - cn.carbs.wricheditor
07-09 19:15:58.370 I/AGPService(  868): fpscommon: this is non game, type -1
07-09 19:15:58.396 W/hwcomposer(  684): setGpuFreqBoost:156: boostGpuFreq succ !
07-09 19:15:58.416 D/ZrHung.AppEyeUiProbe( 5848): not watching, wait.
07-09 19:15:58.441 I/WindowManager( 1709): Exit animation finished in Window{938dee1 u0 Splash Screen cn.carbs.wricheditor EXITING}: remove=true
07-09 19:15:58.441 E/WindowManager( 1709): win=Window{938dee1 u0 Splash Screen cn.carbs.wricheditor EXITING} destroySurfaces: appStopped=false win.mWindowRemovalAllowed=true win.mRemoveOnExit=true
07-09 19:15:58.442 I/WindowManager( 1709): postWindowRemoveCleanupLocked: Window{938dee1 u0 Splash Screen cn.carbs.wricheditor}
07-09 19:15:58.442 I/WindowManager( 1709): Removing Window{938dee1 u0 Splash Screen cn.carbs.wricheditor} from AppWindowToken{95602d1 token=Token{985f8a4 ActivityRecord{954b144 u0 cn.carbs.wricheditor/.MainActivity t1188}}}
07-09 19:15:58.512 I/netd    (  662): trafficSwapActiveStatsMap() <11.93ms>
07-09 19:15:58.529 D/AwareLog(  918): iawared: WorkingsetProcessCommand subCmd = 351, userId=11189, pid=27831, cn.carbs.wricheditor/.MainActivity
07-09 19:15:58.529 D/AwareLog(  918): iawared: WorkingsetPause cn.carbs.wricheditor/.MainActivity
07-09 19:15:58.532 I/netd    (  662): trafficSwapActiveStatsMap() <18.79ms>
07-09 19:15:58.725 D/RemoteAnimationController( 1709): app-onAnimationFinished(): mOuter=com.android.server.wm.RemoteAnimationController@9888c3f
07-09 19:15:58.725 D/RemoteAnimationController( 1709): onAnimationFinished(): Notify animation finished:
07-09 19:15:58.726 I/WindowManager( 1709): New wallpaper target: null prevTarget: Window{9473b29 u0 com.huawei.android.launcher/com.huawei.android.launcher.unihome.UniHomeLauncher}
07-09 19:15:58.729 V/ActivityTaskManager( 1709): Activity idle: null
07-09 19:15:58.734 I/SmartDualCardConfig( 2931): getAppType,pkgName=com.huawei.android.launcher,appType=28
07-09 19:15:58.734 E/SmartDualCardConfig( 2931): isAppInBlackList false,items==null
07-09 19:15:58.734 I/SmartDualCardConfig( 2931): isAppInWhiteList false,uid=10093
07-09 19:15:58.742 W/BufferQueueProducer(  723): [com.huawei.android.launcher/com.huawei.android.launcher.unihome.UniHomeLauncher#0]:1368: disconnect: not connected (req=1)
07-09 19:15:58.743 W/libEGL  ( 5848): EGLNativeWindowType 0x7577d11610 disconnect failed
07-09 19:15:58.744 W/hwcomposer(  684): setGpuFreqBoost:161: boostGpuFreq release !
07-09 19:15:58.745 I/HwLauncher( 5848): Launcher Icon:32 Widget:0 Folder:1 Icon in folder:32
07-09 19:15:58.760 I/WindowManager( 1709): notifyAppStopped: AppWindowToken{94be2d1 token=Token{9786e40 ActivityRecord{945afc2 u0 com.huawei.android.launcher/.unihome.UniHomeLauncher t1016}}}
07-09 19:15:58.760 E/WindowManager( 1709): win=Window{9473b29 u0 com.huawei.android.launcher/com.huawei.android.launcher.unihome.UniHomeLauncher} destroySurfaces: appStopped=true win.mWindowRemovalAllowed=false win.mRemoveOnExit=false
07-09 19:15:58.764 I/BoosterSwitchP( 2931): notifyUidState do nothing
07-09 19:15:58.764 I/DeepNoDisturbP( 2931): notifyUidState
07-09 19:15:58.764 I/BrowserChrP( 2931): notifyUidState
07-09 19:15:59.187 I/aptouch_daemon(  820): filter_touch_detect, down, in: 1, out: 1
07-09 19:15:59.192 W/Settings(27831): Setting device_provisioned has moved from android.provider.Settings.Secure to android.provider.Settings.Global.
07-09 19:15:59.192 V/HiTouch_HiTouchSensor(27831): User setup is finished.
07-09 19:15:59.269 I/aptouch_daemon(  820): filter_touch_detect, all_touch_up
07-09 19:15:59.275 V/AudioManager(27831): querySoundEffectsEnabled...
07-09 19:15:59.279 D/qqq     (27831): editor onSelectionChanged selStart : 0 selEnd : 0
07-09 19:15:59.279 D/qqq     (27831): getEditableText().length() : 0  isCursorAutoChange : true
07-09 19:15:59.281 D/qwer    (27831): onTextChanged hint : null  mTextChangeValid : false
07-09 19:15:59.281 D/qwe     (27831): WRichEditorWrapperView init mRichType : NONE
07-09 19:15:59.281 D/ppp     (27831): scroll addRichCell
07-09 19:15:59.281 D/ppp     (27831): editor setWRichEditorView mWRichEditorView == null ? false
07-09 19:15:59.281 D/ppp     (27831): editor setWRichEditorView mWRichEditorView == null ? false
07-09 19:15:59.370 I/aptouch_daemon(  820): filter_touch_detect, down, in: 1, out: 1
07-09 19:15:59.428 I/aptouch_daemon(  820): filter_touch_detect, all_touch_up
07-09 19:15:59.442 V/AudioManager(27831): querySoundEffectsEnabled...
07-09 19:15:59.445 D/qqq     (27831): editor onSelectionChanged selStart : 0 selEnd : 0
07-09 19:15:59.445 D/qqq     (27831): getEditableText().length() : 0  isCursorAutoChange : true
07-09 19:15:59.445 D/qwer    (27831): onTextChanged hint : null  mTextChangeValid : false
07-09 19:15:59.445 D/qwe     (27831): WRichEditorWrapperView init mRichType : NONE
07-09 19:15:59.445 D/ppp     (27831): scroll addRichCell
07-09 19:15:59.445 D/ppp     (27831): editor setWRichEditorView mWRichEditorView == null ? false
07-09 19:15:59.445 D/ppp     (27831): editor setWRichEditorView mWRichEditorView == null ? false
07-09 19:15:59.512 I/aptouch_daemon(  820): filter_touch_detect, down, in: 1, out: 1
07-09 19:15:59.577 I/aptouch_daemon(  820): filter_touch_detect, all_touch_up
07-09 19:15:59.593 V/AudioManager(27831): querySoundEffectsEnabled...
07-09 19:15:59.597 D/qqq     (27831): editor onSelectionChanged selStart : 0 selEnd : 0
07-09 19:15:59.597 D/qqq     (27831): getEditableText().length() : 0  isCursorAutoChange : true
07-09 19:15:59.598 D/qwer    (27831): onTextChanged hint : null  mTextChangeValid : false
07-09 19:15:59.598 D/qwe     (27831): WRichEditorWrapperView init mRichType : NONE
07-09 19:15:59.598 D/ppp     (27831): scroll addRichCell
07-09 19:15:59.598 D/ppp     (27831): editor setWRichEditorView mWRichEditorView == null ? false
07-09 19:15:59.598 D/ppp     (27831): editor setWRichEditorView mWRichEditorView == null ? false
07-09 19:15:59.628 I/aptouch_daemon(  820): filter_touch_detect, down, in: 1, out: 1
07-09 19:15:59.719 I/aptouch_daemon(  820): filter_touch_detect, all_touch_up
07-09 19:15:59.727 V/AudioManager(27831): querySoundEffectsEnabled...
07-09 19:15:59.732 D/qqq     (27831): editor onSelectionChanged selStart : 0 selEnd : 0
07-09 19:15:59.732 D/qqq     (27831): getEditableText().length() : 0  isCursorAutoChange : true
07-09 19:15:59.732 D/qwer    (27831): onTextChanged hint : null  mTextChangeValid : false
07-09 19:15:59.733 D/qwe     (27831): WRichEditorWrapperView init mRichType : NONE
07-09 19:15:59.733 D/ppp     (27831): scroll addRichCell
07-09 19:15:59.733 D/ppp     (27831): editor setWRichEditorView mWRichEditorView == null ? false
07-09 19:15:59.733 D/ppp     (27831): editor setWRichEditorView mWRichEditorView == null ? false
07-09 19:15:59.745 I/aptouch_daemon(  820): filter_touch_detect, down, in: 1, out: 1
07-09 19:15:59.757 D/HwConnectivityServiceEx( 1709): set 11194 wlan0 value false
07-09 19:15:59.758 I/chatty  ( 1709): uid=1000(system) Binder:1709_3 expire 14 lines
07-09 19:15:59.770 I/Pged-IPgedBinderService(  918): ****action is 2, pid num is 2***
07-09 19:15:59.770 I/Pged-Freezer(  918): thawPids
07-09 19:15:59.771 I/Choreographer(10396): Skipped 89 frames!  The application may be doing too much work on its main thread.
07-09 19:15:59.827 I/aptouch_daemon(  820): filter_touch_detect, all_touch_up
07-09 19:15:59.845 V/AudioManager(27831): querySoundEffectsEnabled...
07-09 19:15:59.851 D/qqq     (27831): editor onSelectionChanged selStart : 0 selEnd : 0
07-09 19:15:59.851 D/qqq     (27831): getEditableText().length() : 0  isCursorAutoChange : true
07-09 19:15:59.852 D/qwer    (27831): onTextChanged hint : null  mTextChangeValid : false
07-09 19:15:59.852 D/qwe     (27831): WRichEditorWrapperView init mRichType : NONE
07-09 19:15:59.852 D/ppp     (27831): scroll addRichCell
07-09 19:15:59.852 D/ppp     (27831): editor setWRichEditorView mWRichEditorView == null ? false
07-09 19:15:59.852 D/ppp     (27831): editor setWRichEditorView mWRichEditorView == null ? false
07-09 19:15:59.911 I/aptouch_daemon(  820): filter_touch_detect, down, in: 1, out: 1
07-09 19:15:59.968 I/aptouch_daemon(  820): filter_touch_detect, all_touch_up
07-09 19:15:59.977 V/AudioManager(27831): querySoundEffectsEnabled...
07-09 19:15:59.983 D/qqq     (27831): editor onSelectionChanged selStart : 0 selEnd : 0
07-09 19:15:59.983 D/qqq     (27831): getEditableText().length() : 0  isCursorAutoChange : true
07-09 19:15:59.983 D/qwer    (27831): onTextChanged hint : null  mTextChangeValid : false
07-09 19:15:59.984 D/qwe     (27831): WRichEditorWrapperView init mRichType : NONE
07-09 19:15:59.984 D/ppp     (27831): scroll addRichCell
07-09 19:15:59.984 D/ppp     (27831): editor setWRichEditorView mWRichEditorView == null ? false
07-09 19:15:59.984 D/ppp     (27831): editor setWRichEditorView mWRichEditorView == null ? false
07-09 19:16:00.010 W/ClockView1( 2645):  action android.intent.action.TIME_TICK
07-09 19:16:00.010 W/ClockView1( 2645):  action android.intent.action.TIME_TICK
07-09 19:16:00.010 E/DateView( 2645): DateView,mCurrentTime: 1594293360010
07-09 19:16:00.013 E/ndroid.systemu( 2645): No package ID ff found for ID 0xffffffff.
07-09 19:16:00.013 W/ClockView1( 2645): onreceive tz is Asia/Shanghai time:Thu Jul 09 19:16:00 GMT+08:00 2020 timezone:libcore.util.ZoneInfo[id="Asia/Shanghai",mRawOffset=28800000,mEarliestRawOffset=28800000,mUseDst=false,mDstSavings=0,transitions=28]
07-09 19:16:00.014 W/ClockView1( 2645): onreceive tz is Asia/Shanghai time:Thu Jul 09 19:16:00 GMT+08:00 2020 timezone:libcore.util.ZoneInfo[id="Asia/Shanghai",mRawOffset=28800000,mEarliestRawOffset=28800000,mUseDst=false,mDstSavings=0,transitions=28]
07-09 19:16:00.014 E/ndroid.systemu( 2645): No package ID ff found for ID 0xffffffff.
07-09 19:16:00.069 I/aptouch_daemon(  820): filter_touch_detect, down, in: 1, out: 1
07-09 19:16:00.097 E/WifiHAL (  717): enter wifi_get_link_stats
07-09 19:16:00.110 W/HwLockScreenPanel( 2645): Handle message: 133
07-09 19:16:00.111 W/HwLockScreenPanel( 2645): Handle message: 133
07-09 19:16:00.112 W/PhoneInterfaceManager( 3329): shouldBlockLocation running ...
07-09 19:16:00.112 I/PhoneInterfaceManager( 3329): shouldBlockLocation  ret:false
07-09 19:16:00.114 I/AppEyeFwkBlock( 1709): do monitor
07-09 19:16:00.135 I/aptouch_daemon(  820): filter_touch_detect, all_touch_up
07-09 19:16:00.146 V/AudioManager(27831): querySoundEffectsEnabled...
07-09 19:16:00.151 D/qqq     (27831): editor onSelectionChanged selStart : 0 selEnd : 0
07-09 19:16:00.151 D/qqq     (27831): getEditableText().length() : 0  isCursorAutoChange : true
07-09 19:16:00.151 D/qwer    (27831): onTextChanged hint : null  mTextChangeValid : false
07-09 19:16:00.152 D/qwe     (27831): WRichEditorWrapperView init mRichType : NONE
07-09 19:16:00.152 D/ppp     (27831): scroll addRichCell
07-09 19:16:00.152 D/ppp     (27831): editor setWRichEditorView mWRichEditorView == null ? false
07-09 19:16:00.152 D/ppp     (27831): editor setWRichEditorView mWRichEditorView == null ? false
07-09 19:16:00.281 E/Thermal-daemon:hw_thermal(  911): [accurate_usb] temp_new :30  temp_old :31
07-09 19:16:00.281 E/Thermal-daemon:hw_thermal(  911): Report temperature: [accurate_usb] temp :30  report_threshold:1
07-09 19:16:00.282 E/Thermal-daemon:hw_thermal(  911): [charger_ic] temp_new :34  temp_old :33
07-09 19:16:00.282 E/Thermal-daemon:hw_thermal(  911): Report temperature: [charger_ic] temp :34  report_threshold:1
07-09 19:16:00.283 E/Thermal-daemon:hw_thermal(  911): [ap] temp_new :34  temp_old :33
07-09 19:16:00.284 E/Thermal-daemon:hw_thermal(  911): Report temperature: [ap] temp :34  report_threshold:1
07-09 19:16:00.327 I/aptouch_daemon(  820): filter_touch_detect, down, in: 1, out: 1
07-09 19:16:00.393 I/aptouch_daemon(  820): filter_touch_detect, all_touch_up
07-09 19:16:01.149 I/aptouch_daemon(  820): filter_touch_detect, down, in: 1, out: 1
07-09 19:16:01.186 E/bastetd (  919): [ProxySocket    ] NotifySocketErrState# No record found by comm prop, state=196619
07-09 19:16:01.223 I/aptouch_daemon(  820): filter_touch_detect, all_touch_up
07-09 19:16:01.227 D/HwAutofillHelper(27831): recordCurrentInfo:0
07-09 19:16:01.227 D/HwAutofillHelper(27831): inputType = 131073
07-09 19:16:01.232 D/fff     (27831): editor onFocusChanged focused : true direction : 130
07-09 19:16:01.232 D/eee     (27831): onEditorFocusChanged focused : true
07-09 19:16:01.233 W/InputMethodManager(27831): startInputReason = 4
07-09 19:16:01.238 I/InputMethodManager(27831): showSoftInput
07-09 19:16:01.243 I/netd    (  662): firewallSetUidRule(2, 10194, 1) <0.03ms>
07-09 19:16:01.245 I/HwViewRootImpl(27831): removeInvalidNode all the node in jank list is out of time
07-09 19:16:01.249 D/HwConnectivityServiceEx( 1709): set 10194 wlan0 value false
07-09 19:16:01.249 I/ConnectivityService( 1709): Returning UNBLOCKED NetworkInfo to uid=10194
07-09 19:16:01.251 I/AssistStructure(27831): Flattened final assist data: 5104 bytes, containing 1 windows, 39 views
07-09 19:16:01.252 V/RemoteFillService( 1709): ensureBound()
07-09 19:16:01.253 I/        (  878): [Promm]ReadAheadEnd: ReadAheadEnd, uid = 11189
07-09 19:16:01.253 I/        (  878): [Promm]ReadAheadCheckResult: res 1: study no file.
07-09 19:16:01.259 I/HISEC   (  704): [SOCKETC   ] client >> cmd 2002, key 8, detail 0, history 0
07-09 19:16:01.259 W/TelephonyPermissions( 3329): reportAccessDeniedToReadIdentifiers:com.sohu.inputmethod.sogou:getSubscriberId:isPreinstalled=false:isPrivApp=false
07-09 19:16:01.259 I/HISEC   (  704): [SOCKETC   ] client << len 6, ret 0
07-09 19:16:01.259 I/chatty  (23440): uid=1000(system) com.huawei.securitymgr expire 31 lines
07-09 19:16:01.266 I/StatusBar/NavBarView( 2645): updateNavButtonIcons (b/113914868): home disabled=false mDisabledFlags=0
07-09 19:16:01.276 I/HwInputMethodManagerServiceEx( 1709): NaviBar defValue = 1
07-09 19:16:01.276 I/HwInputMethodManagerServiceEx( 1709): --- show navigation bar status: isEnableNavBar = true ,isGestureNavigation = false
07-09 19:16:01.277 I/HwInputMethodManagerServiceEx( 1709): NaviBar defValue = 1
07-09 19:16:01.277 I/HwInputMethodManagerServiceEx( 1709): --- show navigation bar status: isEnableNavBar = true ,isGestureNavigation = false
07-09 19:16:01.282 D/mali_winsys( 5676): EGLint new_window_surface(egl_winsys_display *, void *, EGLSurface, EGLConfig, egl_winsys_surface **, EGLBoolean) returns 0x3000
07-09 19:16:01.283 I/WindowManager( 1709): navColorWin was set to default navbar color so should add SYSTEM_UI_FLAG_LIGHT_NAVIGATION_BAR 8018
07-09 19:16:01.283 I/StatusBarDisable( 1709): setFlags what=0 which=1 pkg=Window{98bc771 u0 cn.carbs.wricheditor/cn.carbs.wricheditor.MainActivity}
07-09 19:16:01.284 I/WindowManager( 1709): dispatchResized : win = Window{98bc771 u0 cn.carbs.wricheditor/cn.carbs.wricheditor.MainActivity} drawState = HAS_DRAWN
07-09 19:16:01.292 I/WindowManager( 1709): navColorWin was set to default navbar color so should add SYSTEM_UI_FLAG_LIGHT_NAVIGATION_BAR 8018
07-09 19:16:01.296 I/WindowManager( 1709): navColorWin was set to default navbar color so should add SYSTEM_UI_FLAG_LIGHT_NAVIGATION_BAR 8018
07-09 19:16:01.297 I/WindowManager( 1709): navColorWin was set to default navbar color so should add SYSTEM_UI_FLAG_LIGHT_NAVIGATION_BAR 8018
07-09 19:16:01.330 D/AwareLog(  918): iawared: WorkingsetProcessCommand subCmd = 357, userId=11189, pid=27831, cn.carbs.wricheditor/.MainActivity
07-09 19:16:01.330 D/AwareLog(  918): iawared: WorkingsetPauseCollect cn.carbs.wricheditor/.MainActivity
07-09 19:16:01.410 I/WindowManager( 1709): navColorWin was set to default navbar color so should add SYSTEM_UI_FLAG_LIGHT_NAVIGATION_BAR 8018
07-09 19:16:01.924 I/netd    (  662): trafficSwapActiveStatsMap() <10.94ms>
07-09 19:16:02.028 I/aptouch_daemon(  820): filter_touch_detect, down, in: 1, out: 1
07-09 19:16:02.112 I/aptouch_daemon(  820): filter_touch_detect, all_touch_up
07-09 19:16:01.427 I/WindowManager( 1709): navColorWin was set to default navbar color so should add SYSTEM_UI_FLAG_LIGHT_NAVIGATION_BAR 8018
07-09 19:16:02.128 I/WindowManager( 1709): navColorWin was set to default navbar color so should add SYSTEM_UI_FLAG_LIGHT_NAVIGATION_BAR 8018
07-09 19:16:02.136 I/aptouch_daemon(  820): filter_touch_detect, down, in: 1, out: 1
07-09 19:16:02.219 I/aptouch_daemon(  820): filter_touch_detect, all_touch_up
07-09 19:16:02.226 I/WindowManager( 1709): navColorWin was set to default navbar color so should add SYSTEM_UI_FLAG_LIGHT_NAVIGATION_BAR 8018
07-09 19:16:02.236 I/aptouch_daemon(  820): filter_touch_detect, down, in: 1, out: 1
07-09 19:16:02.246 I/chatty  ( 1709): uid=1000(system) HuaweiWifiWatch expire 17 lines
07-09 19:16:02.246 I/chatty  ( 1709): uid=1000 system_server expire 2 lines
07-09 19:16:02.248 I/chatty  ( 1709): uid=1000 system_server expire 2 lines
07-09 19:16:02.248 D/HwConnectivityServiceEx( 1709): set 1000 wlan0 value false
07-09 19:16:02.294 I/aptouch_daemon(  820): filter_touch_detect, all_touch_up
07-09 19:16:02.310 I/WindowManager( 1709): navColorWin was set to default navbar color so should add SYSTEM_UI_FLAG_LIGHT_NAVIGATION_BAR 8018
07-09 19:16:02.363 W/migration/7(   53): type=1400 audit(0.0:15427): avc: granted { setsched } for pid=53 scontext=u:r:kernel:s0 tcontext=u:r:kernel:s0 tclass=process
07-09 19:16:02.363 W/migration/6(   47): type=1400 audit(0.0:15428): avc: granted { setsched } for pid=47 scontext=u:r:kernel:s0 tcontext=u:r:kernel:s0 tclass=process
07-09 19:16:02.394 I/aptouch_daemon(  820): filter_touch_detect, down, in: 1, out: 1
07-09 19:16:02.460 I/aptouch_daemon(  820): filter_touch_detect, all_touch_up
07-09 19:16:02.476 I/WindowManager( 1709): navColorWin was set to default navbar color so should add SYSTEM_UI_FLAG_LIGHT_NAVIGATION_BAR 8018
07-09 19:16:02.677 I/WindowManager( 1709): navColorWin was set to default navbar color so should add SYSTEM_UI_FLAG_LIGHT_NAVIGATION_BAR 8018
07-09 19:16:03.017 I/aptouch_daemon(  820): filter_touch_detect, down, in: 1, out: 1
07-09 19:16:03.083 I/aptouch_daemon(  820): filter_touch_detect, all_touch_up
07-09 19:16:03.114 E/WifiHAL (  717): enter wifi_get_link_stats
07-09 19:16:03.118 W/PhoneInterfaceManager( 3329): shouldBlockLocation running ...
07-09 19:16:03.118 I/PhoneInterfaceManager( 3329): shouldBlockLocation  ret:false
07-09 19:16:03.093 I/WindowManager( 1709): navColorWin was set to default navbar color so should add SYSTEM_UI_FLAG_LIGHT_NAVIGATION_BAR 8018
07-09 19:16:03.174 I/ActivityManager( 1709): sendIntentSender target:PendingIntentRecord{981b7d1 android broadcastIntent}, intent:flg=0x4 hwFlg=0x810
07-09 19:16:03.175 I/PushLog100101401( 4439): [main-1]action is com.huawei.push.alarm.HEARTBEAT
07-09 19:16:03.177 I/PushLog100101401( 4439): [main-1]dispatchIntent over
07-09 19:16:03.177 V/BroadcastQueue( 1709): Finished with ordered broadcast BroadcastRecord{94a35a9 u0 com.huawei.push.alarm.HEARTBEAT}
07-09 19:16:03.178 I/PushLog100101401( 4439): [ReceiverDispatcher-178]com.huawei.push.alarm.HEARTBEAT alarm trigger, expectTriggerTime:1594293363174, current trigger time:1594293363178
07-09 19:16:03.178 I/PushLog100101401( 4439): [ReceiverDispatcher-178]heartbeatArrive
07-09 19:16:03.178 I/PushLog100101401( 4439): [ReceiverDispatcher-178]heartbeatArrive, send heart beat
07-09 19:16:03.179 I/PushLog100101401( 4439): [ReceiverDispatcher-178] get charging true
07-09 19:16:03.179 I/PushLog100101401( 4439): [ReceiverDispatcher-178]enter AlarmTools:setExactAlarm(intent:Intent { act=com.huawei.android.push.intent.HEARTBEAT_RSP_TIMEOUT pkg=android } interval:10000ms
07-09 19:16:03.179 I/PushLog100101401( 4439): [ReceiverDispatcher-178]setExactAlarm expectTriggerTime:1594293373179
07-09 19:16:03.184 I/PushLog100101401( 4439): [ReceiverDispatcher-178]next Heartbeat timeout for push server is: 5 min , curHeartBeatInterval: 300000
07-09 19:16:03.184 I/PushLog100101401( 4439): [ReceiverDispatcher-178]process cmdid to send to pushSrv:46, subCmdId:FF
07-09 19:16:03.185 I/PushLog100101401( 4439): [ReceiverDispatcher-178]send msg to remote srv success
07-09 19:16:03.194 I/WindowManager( 1709): navColorWin was set to default navbar color so should add SYSTEM_UI_FLAG_LIGHT_NAVIGATION_BAR 8018
07-09 19:16:03.200 I/aptouch_daemon(  820): filter_touch_detect, down, in: 1, out: 1
07-09 19:16:03.205 I/PushLog100101401( 4439): [SocketRead_15:15:57-191]enter cancelAlarm(Action=com.huawei.android.push.intent.RESPONSE_FAIL
07-09 19:16:03.206 I/PushLog100101401( 4439): [SocketRead_15:15:57-191]process cmdid to receive from pushSrv:47, subCmdId:FF
07-09 19:16:03.206 I/PushLog100101401( 4439): [SocketRead_15:15:57-191]enter cancelAlarm(Action=com.huawei.android.push.intent.HEARTBEAT_RSP_TIMEOUT
07-09 19:16:03.206 I/AlarmManager( 1709): remove alarm:Alarm{9514bcb type 0 when 1594293373179 PendingIntent{98a184d: PendingIntentRecord{984f5ad android broadcastIntent}}android procName com.huawei.android.pushagent.PushService} according to operation:950c585
07-09 19:16:03.209 I/PushLog100101401( 4439): [SocketRead_15:15:57-191]enter adjustHeartBeat:(findHeartBeat:true,RspTimeOut:false,beatInterval:300000,bestHBSuccessCount:0,range:[180000,300000])
07-09 19:16:03.209 I/PushLog100101401( 4439): [SocketRead_15:15:57-191]judgeFindBestHB and isBestHBTimeOut: falseisOffset: false
07-09 19:16:03.210 I/PushLog100101401( 4439): [SocketRead_15:15:57-191] get charging true
07-09 19:16:03.210 I/PushLog100101401( 4439): [SocketRead_15:15:57-191]after delayHeartBeatReq, is charging, nextHeartBeatTime will be 180000ms later
07-09 19:16:03.210 I/PushLog100101401( 4439): [SocketRead_15:15:57-191]enter AlarmTools:setExactAlarm(intent:Intent { act=com.huawei.push.alarm.HEARTBEAT pkg=android } interval:180000ms
07-09 19:16:03.210 I/PushLog100101401( 4439): [SocketRead_15:15:57-191]setExactAlarm expectTriggerTime:1594293543210
07-09 19:16:03.212 I/PushLog100101401( 4439): [SocketRead_15:15:57-191]dispatchIntent over
07-09 19:16:03.213 I/PushLog100101401( 4439): [ReceiverDispatcher-178]process push message cmdid from pushSrv:47, subCmdId:FF
07-09 19:16:03.213 I/PushLog100101401( 4439): [ReceiverDispatcher-178]enter AlarmTools:setInexactAlarm(intent:Intent { act=com.huawei.action.push.intent.CHECK_CHANNEL_CYCLE pkg=android } interval:1200000ms
07-09 19:16:03.215 I/AlarmManager( 1709): remove alarm:Alarm{966ac99 type 1 when 1594294383180 PendingIntent{9227565: PendingIntentRecord{96d4251 android broadcastIntent}}android procName com.huawei.android.pushagent.PushService} according to operation:98a3945
07-09 19:16:03.223 W/migration/6(   47): type=1400 audit(0.0:15429): avc: granted { setsched } for pid=47 scontext=u:r:kernel:s0 tcontext=u:r:kernel:s0 tclass=process
07-09 19:16:03.223 W/migration/7(   53): type=1400 audit(0.0:15430): avc: granted { setsched } for pid=53 scontext=u:r:kernel:s0 tcontext=u:r:kernel:s0 tclass=process
07-09 19:16:03.316 I/aptouch_daemon(  820): filter_touch_detect, all_touch_up
07-09 19:16:03.326 I/WindowManager( 1709): navColorWin was set to default navbar color so should add SYSTEM_UI_FLAG_LIGHT_NAVIGATION_BAR 8018
07-09 19:16:03.408 I/aptouch_daemon(  820): filter_touch_detect, down, in: 1, out: 1
07-09 19:16:03.423 W/migration/7(   53): type=1400 audit(0.0:15431): avc: granted { setsched } for pid=53 scontext=u:r:kernel:s0 tcontext=u:r:kernel:s0 tclass=process
07-09 19:16:03.444 I/WindowManager( 1709): navColorWin was set to default navbar color so should add SYSTEM_UI_FLAG_LIGHT_NAVIGATION_BAR 8018
07-09 19:16:03.463 W/migration/7(   53): type=1400 audit(0.0:15432): avc: granted { setsched } for pid=53 scontext=u:r:kernel:s0 tcontext=u:r:kernel:s0 tclass=process
07-09 19:16:03.490 I/aptouch_daemon(  820): filter_touch_detect, all_touch_up
07-09 19:16:03.498 I/WindowManager( 1709): navColorWin was set to default navbar color so should add SYSTEM_UI_FLAG_LIGHT_NAVIGATION_BAR 8018
07-09 19:16:03.558 I/aptouch_daemon(  820): filter_touch_detect, down, in: 1, out: 1
07-09 19:16:03.616 D/InputTransport( 5676): history resample interval is too short, cannot uses it to resample!!
07-09 19:16:03.632 I/aptouch_daemon(  820): filter_touch_detect, all_touch_up
07-09 19:16:03.639 I/WindowManager( 1709): navColorWin was set to default navbar color so should add SYSTEM_UI_FLAG_LIGHT_NAVIGATION_BAR 8018
07-09 19:16:03.641 I/aptouch_daemon(  820): filter_touch_detect, down, in: 1, out: 1
07-09 19:16:03.724 I/aptouch_daemon(  820): filter_touch_detect, all_touch_up
07-09 19:16:03.734 I/WindowManager( 1709): navColorWin was set to default navbar color so should add SYSTEM_UI_FLAG_LIGHT_NAVIGATION_BAR 8018
07-09 19:16:03.749 I/aptouch_daemon(  820): filter_touch_detect, down, in: 1, out: 1
07-09 19:16:03.857 I/WindowManager( 1709): navColorWin was set to default navbar color so should add SYSTEM_UI_FLAG_LIGHT_NAVIGATION_BAR 8018
07-09 19:16:03.866 D/InputTransport( 5676): history resample interval is too short, cannot uses it to resample!!
07-09 19:16:03.906 I/aptouch_daemon(  820): filter_touch_detect, all_touch_up
07-09 19:16:03.918 I/WindowManager( 1709): navColorWin was set to default navbar color so should add SYSTEM_UI_FLAG_LIGHT_NAVIGATION_BAR 8018
07-09 19:16:03.938 W/TelephonyPermissions( 3329): reportAccessDeniedToReadIdentifiers:com.sohu.inputmethod.sogou:getSubscriberId:isPreinstalled=false:isPrivApp=false
07-09 19:16:04.023 W/migration/7(   53): type=1400 audit(0.0:15433): avc: granted { setsched } for pid=53 scontext=u:r:kernel:s0 tcontext=u:r:kernel:s0 tclass=process
07-09 19:16:04.023 W/migration/6(   47): type=1400 audit(0.0:15434): avc: granted { setsched } for pid=47 scontext=u:r:kernel:s0 tcontext=u:r:kernel:s0 tclass=process
07-09 19:16:04.546 I/aptouch_daemon(  820): filter_touch_detect, down, in: 1, out: 1
07-09 19:16:04.628 I/aptouch_daemon(  820): filter_touch_detect, all_touch_up
07-09 19:16:04.635 D/qwer    (27831): onTextChanged hint : CELL : 3  mTextChangeValid : true
07-09 19:16:04.635 D/xxx     (27831): hint : CELL : 3 , has parent : true , editor onTextChanged text :  , editor getEditableText() :  , start : 0 , lengthBefore : 0 , lengthAfter : 7
07-09 19:16:04.635 D/qqq     (27831): editor onSelectionChanged selStart : 7 selEnd : 7
07-09 19:16:04.635 D/qqq     (27831): getEditableText().length() : 7  isCursorAutoChange : true
07-09 19:16:03.984 I/chatty  ( 1709): uid=1000(system) Binder:1709_F identical 1 line
07-09 19:16:04.568 I/WindowManager( 1709): navColorWin was set to default navbar color so should add SYSTEM_UI_FLAG_LIGHT_NAVIGATION_BAR 8018
07-09 19:16:04.637 I/WindowManager( 1709): navColorWin was set to default navbar color so should add SYSTEM_UI_FLAG_LIGHT_NAVIGATION_BAR 8018
07-09 19:16:05.840 I/netd    (  662): trafficSwapActiveStatsMap() <15.07ms>
07-09 19:16:05.855 I/aptouch_daemon(  820): filter_touch_detect, down, in: 1, out: 1
07-09 19:16:05.913 I/aptouch_daemon(  820): filter_touch_detect, all_touch_up
07-09 19:16:05.920 D/qwer    (27831): onTextChanged hint : CELL : 3  mTextChangeValid : true
07-09 19:16:05.920 D/xxx     (27831): hint : CELL : 3 , has parent : true , editor onTextChanged text : 
07-09 19:16:05.920 D/xxx     (27831):  , editor getEditableText() : 
07-09 19:16:05.920 D/xxx     (27831):  , start : 7 , lengthBefore : 0 , lengthAfter : 1
07-09 19:16:05.921 D/qqq     (27831): editor onSelectionChanged selStart : 8 selEnd : 8
07-09 19:16:05.921 D/qqq     (27831): getEditableText().length() : 8  isCursorAutoChange : true
07-09 19:16:05.921 D/key     (27831): 00 keyCode : 66
07-09 19:16:05.921 D/key     (27831): keyCode : 66
07-09 19:16:06.114 I/AppEyeFwkBlock( 1709): do monitor
07-09 19:16:06.120 E/WifiHAL (  717): enter wifi_get_link_stats
07-09 19:16:06.134 W/PhoneInterfaceManager( 3329): shouldBlockLocation running ...
07-09 19:16:06.134 I/PhoneInterfaceManager( 3329): shouldBlockLocation  ret:false
07-09 19:16:06.245 I/chatty  ( 1709): uid=1000 system_server expire 2 lines
07-09 19:16:06.246 I/chatty  ( 1709): uid=1000 system_server expire 2 lines
07-09 19:16:06.248 D/HwConnectivityServiceEx( 1709): set 1000 wlan0 value false
07-09 19:16:06.331 D/AwareLog(  918): iawared: WorkingsetProcessCommand subCmd = 352, userId=11189, pid=27831, cn.carbs.wricheditor/.MainActivity
07-09 19:16:06.331 D/AwareLog(  918): iawared: WorkingsetStop cn.carbs.wricheditor/.MainActivity
07-09 19:16:06.429 I/aptouch_daemon(  820): filter_touch_detect, down, in: 1, out: 1
07-09 19:16:06.520 I/aptouch_daemon(  820): filter_touch_detect, all_touch_up
07-09 19:16:06.522 I/InputMethodManager(27831): showSoftInput
07-09 19:16:06.524 D/qqq     (27831): editor onSelectionChanged selStart : 3 selEnd : 3
07-09 19:16:06.524 D/qqq     (27831): richTypes size : 0
07-09 19:16:06.524 D/qqq     (27831): getEditableText().length() : 8  isCursorAutoChange : false
07-09 19:16:06.525 I/HwInputMethodManagerServiceEx( 1709): NaviBar defValue = 1
07-09 19:16:06.525 I/HwInputMethodManagerServiceEx( 1709): --- show navigation bar status: isEnableNavBar = true ,isGestureNavigation = false
07-09 19:16:06.526 I/chatty  ( 2975): uid=1000(system) sdk thread expire 10 lines
07-09 19:16:06.528 D/HwAutofillHelper(27831): recordCurrentInfo:0
07-09 19:16:06.528 D/HwAutofillHelper(27831): inputType = 131073
07-09 19:16:06.538 I/WindowManager( 1709): Adding Window{95633b9 u0 PopupWindow:cbb1e6f} to Window{98bc771 u0 cn.carbs.wricheditor/cn.carbs.wricheditor.MainActivity}
07-09 19:16:06.539 I/WindowManager( 1709): addWindow: Window{95633b9 u0 PopupWindow:cbb1e6f}
07-09 19:16:06.547 D/OpenGLRenderer(27831): disableOutlineDraw is true
07-09 19:16:06.551 I/WindowManager( 1709): navColorWin was set to default navbar color so should add SYSTEM_UI_FLAG_LIGHT_NAVIGATION_BAR 8018
07-09 19:16:06.561 D/mali_winsys(27831): EGLint new_window_surface(egl_winsys_display *, void *, EGLSurface, EGLConfig, egl_winsys_surface **, EGLBoolean) returns 0x3000
07-09 19:16:06.567 I/HwViewRootImpl(27831): removeInvalidNode all the node in jank list is out of time
07-09 19:16:06.553 I/WindowManager( 1709): navColorWin was set to default navbar color so should add SYSTEM_UI_FLAG_LIGHT_NAVIGATION_BAR 8018
07-09 19:16:06.568 I/WindowManager( 1709): navColorWin was set to default navbar color so should add SYSTEM_UI_FLAG_LIGHT_NAVIGATION_BAR 8018
07-09 19:16:06.569 I/WindowManager( 1709): dispatchResized : win = Window{95633b9 u0 PopupWindow:cbb1e6f} drawState = READY_TO_SHOW
07-09 19:16:06.570 I/WindowManager( 1709): navColorWin was set to default navbar color so should add SYSTEM_UI_FLAG_LIGHT_NAVIGATION_BAR 8018
07-09 19:16:06.940 I/netd    (  662): trafficSwapActiveStatsMap() <10.41ms>
07-09 19:16:07.228 I/aptouch_daemon(  820): filter_touch_detect, down, in: 1, out: 1
07-09 19:16:07.643 W/BufferQueueProducer(  723): [PopupWindow:cbb1e6f#0]:1368: disconnect: not connected (req=1)
07-09 19:16:07.644 W/libEGL  (27831): EGLNativeWindowType 0x7577d541d0 disconnect failed
07-09 19:16:06.666 I/chatty  ( 1709): uid=1000(system) android.anim identical 2 lines
07-09 19:16:06.684 I/WindowManager( 1709): navColorWin was set to default navbar color so should add SYSTEM_UI_FLAG_LIGHT_NAVIGATION_BAR 8018
07-09 19:16:07.644 I/WindowManager( 1709): removeIfPossible: Window{95633b9 u0 PopupWindow:cbb1e6f} callers=com.android.server.wm.WindowState.removeIfPossible:1371784 com.android.server.wm.WindowManagerService.removeWindow:1384364 android.view.IWindowSession$Stub.onTransact:3560452 com.android.server.wm.Session.onTransact:4761056 android.os.Binder.execTransactInternal:5520784 
07-09 19:16:07.646 I/WindowManager( 1709): Not removing Window{95633b9 u0 PopupWindow:cbb1e6f EXITING} due to exit animation 
07-09 19:16:07.647 I/WindowManager( 1709): navColorWin was set to default navbar color so should add SYSTEM_UI_FLAG_LIGHT_NAVIGATION_BAR 8018
07-09 19:16:07.648 I/WindowManager( 1709): navColorWin was set to default navbar color so should add SYSTEM_UI_FLAG_LIGHT_NAVIGATION_BAR 8018
07-09 19:16:07.649 D/qqq     (27831): editor onSelectionChanged selStart : 4 selEnd : 5
07-09 19:16:07.716 D/InputTransport(27831): history resample interval is too short, cannot uses it to resample!!
07-09 19:16:07.801 I/WindowManager( 1709): Exit animation finished in Window{95633b9 u0 PopupWindow:cbb1e6f EXITING}: remove=true
07-09 19:16:07.801 E/WindowManager( 1709): win=Window{95633b9 u0 PopupWindow:cbb1e6f EXITING} destroySurfaces: appStopped=false win.mWindowRemovalAllowed=true win.mRemoveOnExit=true
07-09 19:16:07.801 I/WindowManager( 1709): postWindowRemoveCleanupLocked: Window{95633b9 u0 PopupWindow:cbb1e6f}
07-09 19:16:07.801 I/WindowManager( 1709): Removing Window{95633b9 u0 PopupWindow:cbb1e6f} from AppWindowToken{95602d1 token=Token{985f8a4 ActivityRecord{954b144 u0 cn.carbs.wricheditor/.MainActivity t1188}}}
07-09 19:16:07.803 I/WindowManager( 1709): navColorWin was set to default navbar color so should add SYSTEM_UI_FLAG_LIGHT_NAVIGATION_BAR 8018
07-09 19:16:07.841 I/aptouch_daemon(  820): filter_touch_detect, all_touch_up
07-09 19:16:07.818 I/WindowManager( 1709): navColorWin was set to default navbar color so should add SYSTEM_UI_FLAG_LIGHT_NAVIGATION_BAR 8018
07-09 19:16:07.846 D/TextClassifierService(27831): No configured system TextClassifierService
07-09 19:16:07.851 D/TextClassifierService(27831): No configured system TextClassifierService
07-09 19:16:07.853 D/TextClassifierService(27831): No configured system TextClassifierService
07-09 19:16:07.862 D/androidtc(27831): Loading ModelFile { path=/etc/textclassifier/lang_id.model name=lang_id.model version=0 locales=und }
07-09 19:16:07.898 D/androidtc(27831): Loading ModelFile { path=/data/misc/textclassifier/textclassifier.model name=textclassifier.model version=609 locales=zh }
07-09 19:16:07.915 W/migration/6(   47): type=1400 audit(0.0:15435): avc: granted { setsched } for pid=47 scontext=u:r:kernel:s0 tcontext=u:r:kernel:s0 tclass=process
07-09 19:16:07.915 W/migration/7(   53): type=1400 audit(0.0:15436): avc: granted { setsched } for pid=53 scontext=u:r:kernel:s0 tcontext=u:r:kernel:s0 tclass=process
07-09 19:16:07.960 D/TextClassifierService(27831): No configured system TextClassifierService
07-09 19:16:08.014 I/ClipboardService( 1709): callingPackage:cn.carbs.wricheditor, uid =11189, isFocusedWindow =true
07-09 19:16:08.014 I/chatty  ( 1709): uid=1000(system) Binder:1709_3 identical 1 line
07-09 19:16:08.015 I/ClipboardService( 1709): callingPackage:cn.carbs.wricheditor, uid =11189, isFocusedWindow =true
07-09 19:16:08.015 I/ClipboardService( 1709): getPrimaryClip pkg=cn.carbs.wricheditor, intendingUid=11189, isAccessAlowed=true
07-09 19:16:08.016 I/HwResolverManager( 1709): isMultiScreenCollaborationEnabled: Operate settings exception! 
07-09 19:16:08.017 I/InputMethodManager(27831): showSoftInput
07-09 19:16:08.019 I/HwInputMethodManagerServiceEx( 1709): NaviBar defValue = 1
07-09 19:16:08.019 I/HwInputMethodManagerServiceEx( 1709): --- show navigation bar status: isEnableNavBar = true ,isGestureNavigation = false
07-09 19:16:08.023 I/WindowManager( 1709): Adding Window{92b8a99 u0 PopupWindow:f402f46} to Window{98bc771 u0 cn.carbs.wricheditor/cn.carbs.wricheditor.MainActivity}
07-09 19:16:08.025 I/WindowManager( 1709): addWindow: Window{92b8a99 u0 PopupWindow:f402f46}
07-09 19:16:08.029 I/WindowManager( 1709): Adding Window{938de99 u0 PopupWindow:74afc5d} to Window{98bc771 u0 cn.carbs.wricheditor/cn.carbs.wricheditor.MainActivity}
07-09 19:16:08.030 I/WindowManager( 1709): addWindow: Window{938de99 u0 PopupWindow:74afc5d}
07-09 19:16:08.035 D/OpenGLRenderer(27831): disableOutlineDraw is true
07-09 19:16:08.037 I/WindowManager( 1709): navColorWin was set to default navbar color so should add SYSTEM_UI_FLAG_LIGHT_NAVIGATION_BAR 8018
07-09 19:16:08.043 D/mali_winsys(27831): EGLint new_window_surface(egl_winsys_display *, void *, EGLSurface, EGLConfig, egl_winsys_surface **, EGLBoolean) returns 0x3000
07-09 19:16:08.043 I/chatty  (  683): uid=1000(system) allocator@2.0-s expire 10 lines
07-09 19:16:08.038 I/WindowManager( 1709): navColorWin was set to default navbar color so should add SYSTEM_UI_FLAG_LIGHT_NAVIGATION_BAR 8018
07-09 19:16:08.048 I/WindowManager( 1709): navColorWin was set to default navbar color so should add SYSTEM_UI_FLAG_LIGHT_NAVIGATION_BAR 8018
07-09 19:16:08.049 I/WindowManager( 1709): dispatchResized : win = Window{92b8a99 u0 PopupWindow:f402f46} drawState = DRAW_PENDING
