07-09 19:16:40.618 V/WindowManager( 1709): removeAppToken: AppWindowToken{95602d1 token=Token{985f8a4 ActivityRecord{954b144 u0 cn.carbs.wricheditor/.MainActivity t1188}}} delayed=false Callers=com.android.server.wm.DisplayContent.removeAppToken:7295944 com.android.server.wm.ActivityRecord.removeWindowContainer:7298740 com.android.server.wm.ActivityStack.removeActivityFromHistoryLocked:7297860 com.android.server.wm.ActivityStack.activityDestroyedLocked:7278236 
07-09 19:16:40.621 V/ActivityTaskManager( 1709): removeChild: detaching stackId=174 from displayId=0
07-09 19:16:40.708 W/OpenGLRenderer( 5848): Incorrectly called buildLayer on View: ShortcutAndWidgetContainer, destroying layer...
07-09 19:16:40.708 W/OpenGLRenderer( 5848): Incorrectly called buildLayer on View: ShortcutAndWidgetContainer, destroying layer...
07-09 19:16:40.826 I/chatty  ( 1709): uid=1000(system) WifiService expire 56 lines
07-09 19:16:40.931 I/aptouch_daemon(  820): filter_touch_detect, down, in: 1, out: 1
07-09 19:16:40.941 I/RMS.HwSysResManager( 5848): preloadAppForLauncher packageName cn.carbs.wricheditor preloadType 101
07-09 19:16:40.942 D/HwActivityManagerServiceEx( 1709): process has started cn.carbs.wricheditor, proc:cn.carbs.wricheditor
07-09 19:16:40.997 I/aptouch_daemon(  820): filter_touch_detect, all_touch_up
07-09 19:16:41.000 V/AudioManager( 5848): querySoundEffectsEnabled...
07-09 19:16:41.001 I/HwResolverManager( 1709): isMultiScreenCollaborationEnabled: Operate settings exception! 
07-09 19:16:41.005 I/ActivityTaskManager( 1709): START u0 {act=android.intent.action.MAIN cat=[android.intent.category.LAUNCHER] flg=0x10200000 hwFlg=0x10 cmp=cn.carbs.wricheditor/.MainActivity bnds=[40,723][292,1028]} from uid 10093
07-09 19:16:41.005 D/AwareLog(  918): iawared: pause rcc and gpu compress
07-09 19:16:41.005 I/ActivityTaskManager( 1709): ActivityRecord info: ActivityInfo{967b88d cn.carbs.wricheditor.MainActivity}
07-09 19:16:41.006 D/ActivityTaskManager( 1709): TaskLaunchParamsModifier:task=null activity=ActivityRecord{982da09 u0 cn.carbs.wricheditor/.MainActivity t-1} display-from-source=0 display-id=0 display-windowing-mode=1
07-09 19:16:41.006 D/ActivityTaskManager( 1709): TaskLaunchParamsModifier:task=null activity=ActivityRecord{982da09 u0 cn.carbs.wricheditor/.MainActivity t-1} display-from-source=0 display-id=0 display-windowing-mode=1 activity-options-fullscreen=Rect(0, 0 - 0, 0) inherit-fullscreen non-freeform-display
07-09 19:16:41.008 V/ActivityTaskManager( 1709): addChild: attaching stackId=175 to displayId=0 position=3
07-09 19:16:41.008 V/ActivityTaskManager( 1709): positionChild stackId=175 to top.
07-09 19:16:41.008 D/ActivityTaskManager( 1709): TaskLaunchParamsModifier:task=TaskRecord{94a5ec2 #1189 A=cn.carbs.wricheditor U=0 StackId=175 sz=0} activity=ActivityRecord{982da09 u0 cn.carbs.wricheditor/.MainActivity t-1} display-from-task=0 display-id=0 display-windowing-mode=1 activity-options-fullscreen=Rect(0, 0 - 0, 0) inherit-fullscreen non-freeform-display
07-09 19:16:41.009 V/ActivityTaskManager( 1709): positionChild stackId=175 to top.
07-09 19:16:41.009 I/HwMultiWindowSplitUI( 1709): removeSplit
07-09 19:16:41.009 I/HwMultiWindowSplitUI( 1709): removeSplit, mIsAddedSplitBar:false windowMode:100,-1 mIsActionDown:false
07-09 19:16:41.010 V/ActivityTaskManager( 1709): addAppToken: AppWindowToken{949689f token=Token{987ac1d ActivityRecord{982da09 u0 cn.carbs.wricheditor/.MainActivity t1189}}} task={taskId=1189 appTokens=[] mdr=false} at 2147483647
07-09 19:16:41.013 I/        (  878): [Promm]ReadAheadBegin: ReadAheadBegin, uid is 11189
07-09 19:16:41.013 I/        (  878): [Promm]ReadAheadBegin: bitmap is not exist , now to study
07-09 19:16:41.013 I/chatty  ( 1709): uid=1000(system) HwActivityTaskM expire 9 lines
07-09 19:16:41.013 I/HwAudioServiceEx( 1709): ComponentInfo : className = cn.carbs.wricheditor.MainActivity, flag=showStartingWindow, isHomeActivity=, isTop=false
07-09 19:16:41.014 D/AwareLog(  918): iawared: WorkingsetProcessCommand subCmd = 350, userId=11189, pid=27831, cn.carbs.wricheditor/.MainActivity
07-09 19:16:41.014 W/FrameworkRegistry( 7191): CAWARENESS: ActivityNotifier unknown state
07-09 19:16:41.014 W/ContentSensor_FrameworkRegistry( 5737): ActivityNotifier unknown state
07-09 19:16:41.014 D/AwareLog(  918): iawared: WorkingsetSendPrereadMsg cn.carbs.wricheditor/.MainActivity
07-09 19:16:41.014 D/AwareLog(  918): iawared: WorkingsetStart cn.carbs.wricheditor/.MainActivity in monitor0
07-09 19:16:41.017 I/ActivityTaskManager( 1709): Making visible and scheduling visibility: ActivityRecord{982da09 u0 cn.carbs.wricheditor/.MainActivity t1189}
07-09 19:16:41.018 I/Pged-IPgedBinderService(  918): ****action is 1, pid num is 2***
07-09 19:16:41.018 I/Pged-Freezer(  918): freezePids
07-09 19:16:41.018 I/Pged-Freezer(  918): Freeze process: 10396
07-09 19:16:41.018 I/chatty  ( 2975): uid=1000(system) fast_hibernatio expire 2 lines
07-09 19:16:41.019 W/ActivityThread(27831): handleWindowVisibility: no activity for token android.os.BinderProxy@2ce1d
07-09 19:16:41.019 W/HwActivityTaskManagerServiceEx( 1709): appSwitch from: com.huawei.android.launcher to: cn.carbs.wricheditor
07-09 19:16:41.020 I/HiAdKit.AppSwitchMonitor( 3967):  call
07-09 19:16:41.020 D/HwGameAssistantController( 1709): UPDATE: mCurFgPkg=cn.carbs.wricheditor, mCurFgPid=27831, mIsCurGame=false
07-09 19:16:41.020 I/HiAdKit.AppSwitchMonitor( 3967):  fromPackage:com.huawei.android.launcher,toPackage:cn.carbs.wricheditor
07-09 19:16:41.020 I/WindowManager( 1709): Changing focus from Window{9473b29 u0 com.huawei.android.launcher/com.huawei.android.launcher.unihome.UniHomeLauncher} to null displayId=0 Callers=com.android.server.wm.RootWindowContainer.updateFocusedWindowLocked:4545952 com.android.server.wm.WindowManagerService.updateFocusedWindowLocked:4548172 com.android.server.wm.ActivityDisplay.setFocusedApp:1243056 com.android.server.wm.ActivityTaskManagerService.setResumedActivityUncheckLocked:1353412 
07-09 19:16:41.020 I/chatty  ( 1709): uid=1000(system) Binder:1709_F expire 14 lines
07-09 19:16:41.021 I/HiAdKit.ExSplashManager( 3967):  do not request exsplash config
07-09 19:16:41.021 I/HiAdKit.KitStatisticsReport( 3967):  do not report kit daily active
07-09 19:16:41.022 I/WindowManager( 1709): Checking 1 opening apps (frozen=false timeout=false)...
07-09 19:16:41.022 I/WindowManager( 1709): Check opening app=AppWindowToken{949689f token=Token{987ac1d ActivityRecord{982da09 u0 cn.carbs.wricheditor/.MainActivity t1189}}}: allDrawn=false startingDisplayed=false startingMoved=false isRelaunching()=false startingWindow=null
07-09 19:16:41.023 I/chatty  ( 2931): uid=1000(system) pool-2-thread-1 expire 2 lines
07-09 19:16:41.023 D/ZrHung.AppEyeUiProbe(27831): restart watching
07-09 19:16:41.024 I/WindowManager( 1709): addWindow: Window{95633b9 u0 Splash Screen cn.carbs.wricheditor}
07-09 19:16:41.024 I/HwAudioServiceEx( 1709): ComponentInfo : className = com.huawei.android.launcher.unihome.UniHomeLauncher, flag=onPause, isHomeActivity=, isTop=false
07-09 19:16:41.024 I/AppLifeChangeSensor( 7191): CAWARENESS: activityPaused componentName = ComponentInfo{com.huawei.android.launcher/com.huawei.android.launcher.unihome.UniHomeLauncher}
07-09 19:16:41.024 E/AppLifeChangeSensor( 7191): CAWARENESS: activityPaused mAppLifeChangeCallback is null 
07-09 19:16:41.024 I/HwAudioServiceEx( 1709): sendAppKilledIntentForKit, isKitPackageOnPause = false, isKitPackageKill = false, isKitPackageOnResume = false
07-09 19:16:41.026 I/chatty  ( 1709): uid=1000 system_server expire 1 line
07-09 19:16:41.026 I/WindowManager( 1709): Checking 1 opening apps (frozen=false timeout=false)...
07-09 19:16:41.026 I/WindowManager( 1709): Check opening app=AppWindowToken{949689f token=Token{987ac1d ActivityRecord{982da09 u0 cn.carbs.wricheditor/.MainActivity t1189}}}: allDrawn=false startingDisplayed=false startingMoved=false isRelaunching()=false startingWindow=Window{95633b9 u0 Splash Screen cn.carbs.wricheditor}
07-09 19:16:41.030 V/ActivityThread(27831): callActivityOnCreate
07-09 19:16:41.032 V/ActivityTaskManager( 1709): Activity idle: null
07-09 19:16:41.032 D/HwNetworkManagementService( 1709): code == CODE_SET_CHR_REPORT_APP_LIST
07-09 19:16:41.032 V/ActivityTaskManager( 1709): Stopping ActivityRecord{945afc2 u0 com.huawei.android.launcher/.unihome.UniHomeLauncher t1016}: nowVisible=false animating=true finishing=false
07-09 19:16:41.033 I/HwNetworkPolicy( 1709): onTransact, code = 203
07-09 19:16:41.033 I/HwNetworkManagementService( 1709): chr appuid set succeeded
07-09 19:16:41.033 I/HwNetworkPolicyManager( 2810): getHwUidPolicy uid = 11189 policy = 0
07-09 19:16:41.033 D/AGPService(  868): itouch currentPackageName = cn.carbs.wricheditor
07-09 19:16:41.033 D/AGPService(  868): itouch appType=-1 appState=1 gameMode=2
07-09 19:16:41.033 D/AGPService(  868): itouchReaderMonitor empty
07-09 19:16:41.033 D/AGPService(  868): g_itouch_reader_monitor Monitor::IsReaderMonitorEnable()=0
07-09 19:16:41.033 D/AGPService(  868): itouch getCurrentParmID tempPkg=cn.carbs.xxx
07-09 19:16:41.033 D/AGPService(  868): itouch:app cn.carbs.wricheditor is  not game app
07-09 19:16:41.033 D/AGPService(  868): itouch:app cn.carbs.wricheditor is  not in StylusPenList
07-09 19:16:41.033 D/AGPService(  868): itouch:styluspen_switch is disable
07-09 19:16:41.033 D/AGPService(  868): itouch:currentAppTypeName =|UNKNOWN|
07-09 19:16:41.033 D/DecorView( 5848): showOrHideHighlightView: hasFocus=false; winMode=1; isMrgNull=true
07-09 19:16:41.033 I/BoosterSwitchP( 2931): notifyUidState do nothing
07-09 19:16:41.033 I/DeepNoDisturbP( 2931): notifyUidState
07-09 19:16:41.034 I/BrowserChrP( 2931): notifyUidState
07-09 19:16:41.039 I/WindowManager( 1709): performshow Window{95633b9 u0 Splash Screen cn.carbs.wricheditor} tok.waitingToShow=true isTransitionSet=true parentHidden=false vis=0 tok.hidden=true hasSurface=true policyVis=true destroying=false animating=true
07-09 19:16:41.040 I/WindowManager( 1709): Checking 1 opening apps (frozen=false timeout=false)...
07-09 19:16:41.040 I/WindowManager( 1709): Check opening app=AppWindowToken{949689f token=Token{987ac1d ActivityRecord{982da09 u0 cn.carbs.wricheditor/.MainActivity t1189}}}: allDrawn=false startingDisplayed=true startingMoved=false isRelaunching()=false startingWindow=Window{95633b9 u0 Splash Screen cn.carbs.wricheditor}
07-09 19:16:41.040 I/WindowManager( 1709): Checking 0 opening apps (frozen=false timeout=false)...
07-09 19:16:41.040 I/HwWindowManagerServiceEx( 1709): closing apps count = 1
07-09 19:16:41.040 D/RemoteAnimationController( 1709): createAnimationAdapter(): token=AppWindowToken{94be2d1 token=Token{9786e40 ActivityRecord{945afc2 u0 com.huawei.android.launcher/.unihome.UniHomeLauncher t1016}}}
07-09 19:16:41.041 E/WindowManager( 1709): icon is null!!
07-09 19:16:41.041 D/RemoteAnimationController( 1709): createAnimationAdapter(): token=AppWindowToken{949689f token=Token{987ac1d ActivityRecord{982da09 u0 cn.carbs.wricheditor/.MainActivity t1189}}}
07-09 19:16:41.041 D/RemoteAnimationController( 1709): goodToGo()
07-09 19:16:41.041 D/RemoteAnimationController( 1709): createAnimations()
07-09 19:16:41.042 I/WindowManager( 1709): dispatchResized : win = Window{95633b9 u0 Splash Screen cn.carbs.wricheditor} drawState = HAS_DRAWN
07-09 19:16:41.043 D/RemoteAnimationController( 1709): startAnimation(): Notify animation start:
07-09 19:16:41.043 I/DecorView[](27831):  old windowMode:0 new windoMode:1
07-09 19:16:41.046 I/StatusBarDisable( 1709): setFlags what=0 which=1 pkg=Window{95633b9 u0 Splash Screen cn.carbs.wricheditor}
07-09 19:16:41.047 I/HwAudioService( 1709): now type = 28,reportForegroundAppType = -1,pkg = null,systemload = 28mVoipOptimizeInGameModefalse
07-09 19:16:41.059 D/ActivityThread(27831): add activity client record, r= ActivityRecord{4722df9 token=android.os.BinderProxy@2ce1d {cn.carbs.wricheditor/cn.carbs.wricheditor.MainActivity}} token= android.os.BinderProxy@2ce1d
07-09 19:16:41.063 I/WindowManager( 1709): addWindow: Window{938de99 u0 cn.carbs.wricheditor/cn.carbs.wricheditor.MainActivity}
07-09 19:16:41.065 D/OpenGLRenderer(27831): disableOutlineDraw is true
07-09 19:16:41.065 I/AppLifeChangeSensor( 7191): CAWARENESS: activityResumed componentName = ComponentInfo{cn.carbs.wricheditor/cn.carbs.wricheditor.MainActivity}
07-09 19:16:41.065 E/AppLifeChangeSensor( 7191): CAWARENESS: activityResumed mAppLifeChangeCallback is null 
07-09 19:16:41.065 I/HwAudioServiceEx( 1709): ComponentInfo : className = cn.carbs.wricheditor.MainActivity, flag=onResume, isHomeActivity=, isTop=true
07-09 19:16:41.066 I/HwAudioServiceEx( 1709): sendAppKilledIntentForKit, isKitPackageOnPause = false, isKitPackageKill = false, isKitPackageOnResume = false
07-09 19:16:41.066 I/HidataAppQoeP( 2931): foregroundUidAdd uid: 11189 name: cn.carbs.wricheditor activity state: true
07-09 19:16:41.066 I/OPCollectLog( 3284): AppChangeImpl:call onAppChange.
07-09 19:16:41.066 I/ContentSensor_ContentSensorService( 5737): The ComponentName can not be autoGrabbed or allowed all text capture
07-09 19:16:41.066 I/OPCollectLog( 3284): HwForegroundAppAction:handleMessage 
07-09 19:16:41.066 D/OPCollectLog( 3284): HwForegroundAppAction:FG executeWithArgs
07-09 19:16:41.066 I/OPCollectLog( 3284): OPCollectUtils:ODMF Api Version:2.15.3
07-09 19:16:41.066 I/OPCollectLog( 3284): Action:HwForegroundAppAction executed successfully
07-09 19:16:41.066 D/OPCollectLog( 3284): OdmfCollectScheduler:handleMessage msg: 4
07-09 19:16:41.066 I/OPCollectLog( 3284): OdmfHelper:opcollectCache 1
07-09 19:16:41.066 I/OPCollectLog( 3284): OdmfHelper:opcollectCache curTime: 100566174, interval: 856
07-09 19:16:41.067 E/BoosterUtil( 2931): convertSubIdToSlotId failed, subId:0, slotId:-1
07-09 19:16:41.067 E/BoosterUtil( 2931): getDefaultDataSlotId failed, invalid slotId:-1, subId:0
07-09 19:16:41.067 I/NetworkQoeChr( 2931): checkForegroundApp timer end
07-09 19:16:41.067 I/OPCollectLog( 3284): OdmfHelper:isCharging: true
07-09 19:16:41.067 I/SmartDualCardConfig( 2931): getAppType,pkgName=cn.carbs.wricheditor,appType=-1
07-09 19:16:41.067 E/SmartDualCardConfig( 2931): isAppInBlackList false,items==null
07-09 19:16:41.067 I/SmartDualCardConfig( 2931): isAppInWhiteList false,uid=11189
07-09 19:16:41.070 I/OPCollectLog( 3284): OdmfHelper:insert database success 
07-09 19:16:41.070 I/OPCollectLog( 3284): OdmfHelper:opcollectCache size: 1
07-09 19:16:41.070 I/OPCollectLog( 3284): OdmfHelper:opcollectCache lastTime: 100566178
07-09 19:16:41.074 D/HiTouch_PressGestureDetector(27831): onAttached, package=cn.carbs.wricheditor, windowType=1, mHiTouchRestricted=false
07-09 19:16:41.077 I/WindowManager( 1709): Changing focus from null to Window{938de99 u0 cn.carbs.wricheditor/cn.carbs.wricheditor.MainActivity} displayId=0 Callers=com.android.server.wm.RootWindowContainer.updateFocusedWindowLocked:4545952 com.android.server.wm.WindowManagerService.updateFocusedWindowLocked:4548172 com.android.server.wm.WindowManagerService.relayoutWindow:4703972 com.android.server.wm.Session.relayout:4697780 
07-09 19:16:41.078 D/HwActivityManagerServiceEx( 1709): notifyAppToTop pid:27831, enable:1
07-09 19:16:41.078 D/HwActivityManagerServiceEx( 1709): notifyAppToTop pid:5848, enable:0
07-09 19:16:41.078 V/HwPhoneWindowManager( 1709): updateSystemUiColorLw window=Window{938de99 u0 cn.carbs.wricheditor/cn.carbs.wricheditor.MainActivity},EmuiStyle=0,StatusBarColor=0xff3700b3,NavigationBarColor=0xfffcfcfc, mForceNotchStatusBar=false
07-09 19:16:41.078 D/RtgSched( 5848): resetRtgSchedHandle failed enable:0
07-09 19:16:41.078 I/HwCommandQueue( 2645): updateBarBgColor
07-09 19:16:41.078 D/HwCommandQueue( 2645): CommandQueue, setBarBackgroundColor
07-09 19:16:41.078 I/StatusBarDisable( 1709): setFlags what=0 which=1 pkg=Window{938de99 u0 cn.carbs.wricheditor/cn.carbs.wricheditor.MainActivity}
07-09 19:16:41.080 D/mali_winsys(27831): EGLint new_window_surface(egl_winsys_display *, void *, EGLSurface, EGLConfig, egl_winsys_surface **, EGLBoolean) returns 0x3000
07-09 19:16:41.089 I/WindowManager( 1709): dispatchResized : win = Window{938de99 u0 cn.carbs.wricheditor/cn.carbs.wricheditor.MainActivity} drawState = READY_TO_SHOW
07-09 19:16:41.091 D/DecorView(27831): showOrHideHighlightView: hasFocus=true; winMode=1; isMrgNull=true
07-09 19:16:41.092 W/InputMethodManager(27831): startInputReason = 1
07-09 19:16:41.092 I/WindowManager( 1709): removeIfPossible: Window{95633b9 u0 Splash Screen cn.carbs.wricheditor} callers=com.android.server.wm.WindowState.removeIfPossible:1371784 com.android.server.wm.WindowManagerService.removeWindow:1384364 android.view.ViewRootImpl.dispatchDetachedFromWindow:4972624 android.view.ViewRootImpl.doDie:4973316 android.view.ViewRootImpl$ViewRootHandler.handleMessage:5301492 
07-09 19:16:41.094 I/WindowManager( 1709): Not removing Window{95633b9 u0 Splash Screen cn.carbs.wricheditor EXITING} due to exit animation 
07-09 19:16:41.097 I/ConnectivityService( 1709): BLOCKED uid 10194
07-09 19:16:41.105 V/ActivityTaskManager( 1709): Activity idle: Token{987ac1d ActivityRecord{982da09 u0 cn.carbs.wricheditor/.MainActivity t1189}}
07-09 19:16:41.106 V/ActivityTaskManager( 1709): Stopping ActivityRecord{945afc2 u0 com.huawei.android.launcher/.unihome.UniHomeLauncher t1016}: nowVisible=false animating=true finishing=false
07-09 19:16:41.107 I/chatty  ( 1709): uid=1000(system) android.display expire 1 line
07-09 19:16:41.125 W/hwcomposer(  684): setGpuFreqBoost:156: boostGpuFreq succ !
07-09 19:16:41.125 I/AGPService(  868): aps-info: focus pkgName - cn.carbs.wricheditor, with 0 more apps
07-09 19:16:41.125 I/AGPService(  868): aps-info: new pkgName - cn.carbs.wricheditor
07-09 19:16:41.125 I/AGPService(  868): fpscommon: this is non game, type -1
07-09 19:16:41.186 D/ZrHung.AppEyeUiProbe( 5848): not watching, wait.
07-09 19:16:41.204 I/WindowManager( 1709): Exit animation finished in Window{95633b9 u0 Splash Screen cn.carbs.wricheditor EXITING}: remove=true
07-09 19:16:41.204 E/WindowManager( 1709): win=Window{95633b9 u0 Splash Screen cn.carbs.wricheditor EXITING} destroySurfaces: appStopped=false win.mWindowRemovalAllowed=true win.mRemoveOnExit=true
07-09 19:16:41.204 I/WindowManager( 1709): postWindowRemoveCleanupLocked: Window{95633b9 u0 Splash Screen cn.carbs.wricheditor}
07-09 19:16:41.204 I/WindowManager( 1709): Removing Window{95633b9 u0 Splash Screen cn.carbs.wricheditor} from AppWindowToken{949689f token=Token{987ac1d ActivityRecord{982da09 u0 cn.carbs.wricheditor/.MainActivity t1189}}}
07-09 19:16:41.276 I/netd    (  662): trafficSwapActiveStatsMap() <15.57ms>
07-09 19:16:41.288 I/netd    (  662): trafficSwapActiveStatsMap() <11.32ms>
07-09 19:16:41.290 D/AwareLog(  918): iawared: WorkingsetProcessCommand subCmd = 351, userId=11189, pid=27831, cn.carbs.wricheditor/.MainActivity
07-09 19:16:41.290 D/AwareLog(  918): iawared: WorkingsetPause cn.carbs.wricheditor/.MainActivity
07-09 19:16:41.454 D/RemoteAnimationController( 1709): app-onAnimationFinished(): mOuter=com.android.server.wm.RemoteAnimationController@9801fef
07-09 19:16:41.454 D/RemoteAnimationController( 1709): onAnimationFinished(): Notify animation finished:
07-09 19:16:41.455 I/WindowManager( 1709): New wallpaper target: null prevTarget: Window{9473b29 u0 com.huawei.android.launcher/com.huawei.android.launcher.unihome.UniHomeLauncher}
07-09 19:16:41.458 V/ActivityTaskManager( 1709): Activity idle: null
07-09 19:16:41.461 I/SmartDualCardConfig( 2931): getAppType,pkgName=com.huawei.android.launcher,appType=28
07-09 19:16:41.461 E/SmartDualCardConfig( 2931): isAppInBlackList false,items==null
07-09 19:16:41.461 I/SmartDualCardConfig( 2931): isAppInWhiteList false,uid=10093
07-09 19:16:41.473 W/BufferQueueProducer(  723): [com.huawei.android.launcher/com.huawei.android.launcher.unihome.UniHomeLauncher#0]:1368: disconnect: not connected (req=1)
07-09 19:16:41.473 W/libEGL  ( 5848): EGLNativeWindowType 0x75159f8e50 disconnect failed
07-09 19:16:41.473 W/hwcomposer(  684): setGpuFreqBoost:161: boostGpuFreq release !
07-09 19:16:41.476 I/HwLauncher( 5848): Launcher Icon:32 Widget:0 Folder:1 Icon in folder:32
07-09 19:16:41.487 I/WindowManager( 1709): notifyAppStopped: AppWindowToken{94be2d1 token=Token{9786e40 ActivityRecord{945afc2 u0 com.huawei.android.launcher/.unihome.UniHomeLauncher t1016}}}
07-09 19:16:41.487 E/WindowManager( 1709): win=Window{9473b29 u0 com.huawei.android.launcher/com.huawei.android.launcher.unihome.UniHomeLauncher} destroySurfaces: appStopped=true win.mWindowRemovalAllowed=false win.mRemoveOnExit=false
07-09 19:16:41.491 I/BoosterSwitchP( 2931): notifyUidState do nothing
07-09 19:16:41.491 I/DeepNoDisturbP( 2931): notifyUidState
07-09 19:16:41.491 I/BrowserChrP( 2931): notifyUidState
07-09 19:16:42.116 I/AppEyeFwkBlock( 1709): do monitor
07-09 19:16:42.124 I/netd    (  662): trafficSwapActiveStatsMap() <9.82ms>
07-09 19:16:42.281 I/chatty  ( 1709): uid=1000(system) ClientModeImpl expire 15 lines
07-09 19:16:42.283 I/chatty  ( 1709): uid=1000(system) HuaweiWifiWatch expire 15 lines
07-09 19:16:42.284 I/chatty  ( 1709): uid=1000 system_server expire 2 lines
07-09 19:16:42.284 I/chatty  ( 1709): uid=1000 system_server expire 2 lines
07-09 19:16:42.389 E/WifiHAL (  717): enter wifi_get_link_stats
07-09 19:16:42.401 W/PhoneInterfaceManager( 3329): shouldBlockLocation running ...
07-09 19:16:42.401 I/PhoneInterfaceManager( 3329): shouldBlockLocation  ret:false
07-09 19:16:42.415 I/aptouch_daemon(  820): filter_touch_detect, down, in: 1, out: 1
07-09 19:16:42.426 W/Settings(27831): Setting device_provisioned has moved from android.provider.Settings.Secure to android.provider.Settings.Global.
07-09 19:16:42.426 V/HiTouch_HiTouchSensor(27831): User setup is finished.
07-09 19:16:42.514 I/aptouch_daemon(  820): filter_touch_detect, all_touch_up
07-09 19:16:42.520 I/Pged-IPgedBinderService(  918): ****action is 2, pid num is 2***
07-09 19:16:42.520 I/Pged-Freezer(  918): thawPids
07-09 19:16:42.524 I/Choreographer(10396): Skipped 90 frames!  The application may be doing too much work on its main thread.
07-09 19:16:42.525 V/AudioManager(27831): querySoundEffectsEnabled...
07-09 19:16:42.530 D/qqq     (27831): editor onSelectionChanged selStart : 0 selEnd : 0
07-09 19:16:42.530 D/qqq     (27831): getEditableText().length() : 0  isCursorAutoChange : true
07-09 19:16:42.533 D/qwer    (27831): onTextChanged hint : null  mTextChangeValid : false
07-09 19:16:42.533 D/qwe     (27831): WRichEditorWrapperView init mRichType : NONE
07-09 19:16:42.533 D/ppp     (27831): scroll addRichCell
07-09 19:16:42.533 D/ppp     (27831): editor setWRichEditorView mWRichEditorView == null ? false
07-09 19:16:42.533 D/ppp     (27831): editor setWRichEditorView mWRichEditorView == null ? false
07-09 19:16:42.615 I/aptouch_daemon(  820): filter_touch_detect, down, in: 1, out: 1
07-09 19:16:42.681 I/aptouch_daemon(  820): filter_touch_detect, all_touch_up
07-09 19:16:42.689 V/AudioManager(27831): querySoundEffectsEnabled...
07-09 19:16:42.693 D/qqq     (27831): editor onSelectionChanged selStart : 0 selEnd : 0
07-09 19:16:42.693 D/qqq     (27831): getEditableText().length() : 0  isCursorAutoChange : true
07-09 19:16:42.693 D/qwer    (27831): onTextChanged hint : null  mTextChangeValid : false
07-09 19:16:42.694 D/qwe     (27831): WRichEditorWrapperView init mRichType : NONE
07-09 19:16:42.694 D/ppp     (27831): scroll addRichCell
07-09 19:16:42.694 D/ppp     (27831): editor setWRichEditorView mWRichEditorView == null ? false
07-09 19:16:42.694 D/ppp     (27831): editor setWRichEditorView mWRichEditorView == null ? false
07-09 19:16:42.790 I/aptouch_daemon(  820): filter_touch_detect, down, in: 1, out: 1
07-09 19:16:42.847 I/aptouch_daemon(  820): filter_touch_detect, all_touch_up
07-09 19:16:42.856 V/AudioManager(27831): querySoundEffectsEnabled...
07-09 19:16:42.859 D/qqq     (27831): editor onSelectionChanged selStart : 0 selEnd : 0
07-09 19:16:42.859 D/qqq     (27831): getEditableText().length() : 0  isCursorAutoChange : true
07-09 19:16:42.860 D/qwer    (27831): onTextChanged hint : null  mTextChangeValid : false
07-09 19:16:42.860 D/qwe     (27831): WRichEditorWrapperView init mRichType : NONE
07-09 19:16:42.860 D/ppp     (27831): scroll addRichCell
07-09 19:16:42.860 D/ppp     (27831): editor setWRichEditorView mWRichEditorView == null ? false
07-09 19:16:42.860 D/ppp     (27831): editor setWRichEditorView mWRichEditorView == null ? false
07-09 19:16:42.931 I/aptouch_daemon(  820): filter_touch_detect, down, in: 1, out: 1
07-09 19:16:43.006 I/aptouch_daemon(  820): filter_touch_detect, all_touch_up
07-09 19:16:43.025 V/AudioManager(27831): querySoundEffectsEnabled...
07-09 19:16:43.031 D/qqq     (27831): editor onSelectionChanged selStart : 0 selEnd : 0
07-09 19:16:43.031 D/qqq     (27831): getEditableText().length() : 0  isCursorAutoChange : true
07-09 19:16:43.031 D/qwer    (27831): onTextChanged hint : null  mTextChangeValid : false
07-09 19:16:43.032 D/qwe     (27831): WRichEditorWrapperView init mRichType : NONE
07-09 19:16:43.032 D/ppp     (27831): scroll addRichCell
07-09 19:16:43.032 D/ppp     (27831): editor setWRichEditorView mWRichEditorView == null ? false
07-09 19:16:43.032 D/ppp     (27831): editor setWRichEditorView mWRichEditorView == null ? false
07-09 19:16:43.123 I/aptouch_daemon(  820): filter_touch_detect, down, in: 1, out: 1
07-09 19:16:43.213 I/aptouch_daemon(  820): filter_touch_detect, all_touch_up
07-09 19:16:43.223 V/AudioManager(27831): querySoundEffectsEnabled...
07-09 19:16:43.227 D/qqq     (27831): editor onSelectionChanged selStart : 0 selEnd : 0
07-09 19:16:43.227 D/qqq     (27831): getEditableText().length() : 0  isCursorAutoChange : true
07-09 19:16:43.228 D/qwer    (27831): onTextChanged hint : null  mTextChangeValid : false
07-09 19:16:43.228 D/qwe     (27831): WRichEditorWrapperView init mRichType : NONE
07-09 19:16:43.228 D/ppp     (27831): scroll addRichCell
07-09 19:16:43.228 D/ppp     (27831): editor setWRichEditorView mWRichEditorView == null ? false
07-09 19:16:43.228 D/ppp     (27831): editor setWRichEditorView mWRichEditorView == null ? false
07-09 19:16:43.841 I/HwNaturalBase( 3013): [CommonHandler]: 29483Kb ram is used.
07-09 19:16:44.018 I/        (  878): [Promm]ReadAheadEnd: ReadAheadEnd, uid = 11189
07-09 19:16:44.018 I/        (  878): [Promm]ReadAheadCheckResult: res 1: study no file.
07-09 19:16:44.091 D/AwareLog(  918): iawared: WorkingsetProcessCommand subCmd = 357, userId=11189, pid=27831, cn.carbs.wricheditor/.MainActivity
07-09 19:16:44.091 D/AwareLog(  918): iawared: WorkingsetPauseCollect cn.carbs.wricheditor/.MainActivity
07-09 19:16:44.830 I/HwBatteryService( 1709): quick charge status : 0
07-09 19:16:44.830 D/HwBatteryService( 1709): onUEvent fcpStatus = 0
07-09 19:16:44.830 D/HwBatteryService( 1709): onUEvent scpStatus = 0 ,ovpStatus = 0
07-09 19:16:44.830 I/HwBatteryService( 1709): handleWirelessTxStatus
07-09 19:16:44.830 I/HwBatteryService( 1709): switch not open, return, mWirelessTxFlag : 0
07-09 19:16:44.830 W/HwBatteryService( 1709): need return. Invalid value: -1
07-09 19:16:44.830 D/HwBatteryService( 1709): setHwChargeTimeRemaining, time = -1 String time: -1
07-09 19:16:45.103 W/migration/7(   53): type=1400 audit(0.0:15461): avc: granted { setsched } for pid=53 scontext=u:r:kernel:s0 tcontext=u:r:kernel:s0 tclass=process
07-09 19:16:45.103 W/migration/6(   47): type=1400 audit(0.0:15462): avc: granted { setsched } for pid=47 scontext=u:r:kernel:s0 tcontext=u:r:kernel:s0 tclass=process
07-09 19:16:45.301 E/Thermal-daemon:hw_thermal(  911): [charger_ic] temp_new :34  temp_old :33
07-09 19:16:45.302 E/Thermal-daemon:hw_thermal(  911): Report temperature: [charger_ic] temp :34  report_threshold:1
07-09 19:16:45.303 E/Thermal-daemon:hw_thermal(  911): [ap] temp_new :34  temp_old :33
07-09 19:16:45.303 E/Thermal-daemon:hw_thermal(  911): Report temperature: [ap] temp :34  report_threshold:1
07-09 19:16:45.306 I/chatty  ( 2975): uid=1000(system) iAwareNRT expire 1 line
07-09 19:16:45.406 E/WifiHAL (  717): enter wifi_get_link_stats
07-09 19:16:45.427 W/PhoneInterfaceManager( 3329): shouldBlockLocation running ...
07-09 19:16:45.428 I/PhoneInterfaceManager( 3329): shouldBlockLocation  ret:false
07-09 19:16:45.940 I/netd    (  662): trafficSwapActiveStatsMap() <11.34ms>
07-09 19:16:46.049 D/HwConnectivityServiceEx( 1709): set 11194 wlan0 value false
07-09 19:16:46.149 I/MmsAliveService(31107): in MmsAliveService, onStartJob
07-09 19:16:46.281 I/chatty  ( 1709): uid=1000 system_server expire 2 lines
07-09 19:16:46.283 D/HwConnectivityServiceEx( 1709): set 1000 wlan0 value false
07-09 19:16:46.284 I/chatty  ( 1709): uid=1000 system_server expire 2 lines
07-09 19:16:47.136 I/netd    (  662): trafficSwapActiveStatsMap() <8.67ms>
07-09 19:16:47.670 E/Thermal-daemon:ambient(  911): calc_ambient_temp: median filter output 26662
07-09 19:16:47.670 E/Thermal-daemon:ambient(  911): ambient_sample: write temp 26662 to ambient node
07-09 19:16:48.116 I/AppEyeFwkBlock( 1709): do monitor
07-09 19:16:48.433 E/WifiHAL (  717): enter wifi_get_link_stats
07-09 19:16:48.454 W/PhoneInterfaceManager( 3329): shouldBlockLocation running ...
07-09 19:16:48.454 I/PhoneInterfaceManager( 3329): shouldBlockLocation  ret:false
07-09 19:16:49.090 D/HwConnectivityServiceEx( 1709): set 11194 wlan0 value false
07-09 19:16:49.092 D/HwConnectivityServiceEx( 1709): set 11194 NULL value false
07-09 19:16:49.092 D/AwareLog(  918): iawared: WorkingsetProcessCommand subCmd = 352, userId=11189, pid=27831, cn.carbs.wricheditor/.MainActivity
07-09 19:16:49.093 D/AwareLog(  918): iawared: WorkingsetStop cn.carbs.wricheditor/.MainActivity
07-09 19:16:49.095 W//system/bin/netd(  662): A binder object at 0x7ce3556d80 is being transacted on, however, this object is in the same process as its proxy. Transacting with this binder is expensive compared to just calling the corresponding functionality in the same process.
07-09 19:16:49.096 I/PreDnsController(  662): canPreDnsQuery,persist.sys.predns is false!
07-09 19:16:49.826 D/HwConnectivityServiceEx( 1709): set 11194 wlan0 value false
07-09 19:16:50.293 I/chatty  ( 1709): uid=1000 system_server expire 2 lines
07-09 19:16:50.295 D/HwConnectivityServiceEx( 1709): set 1000 wlan0 value false
07-09 19:16:50.296 I/chatty  ( 1709): uid=1000 system_server expire 2 lines
07-09 19:16:50.305 E/Thermal-daemon:hw_thermal(  911): [charger_ic] temp_new :33  temp_old :34
07-09 19:16:50.306 E/Thermal-daemon:hw_thermal(  911): Report temperature: [charger_ic] temp :33  report_threshold:1
07-09 19:16:51.225 I/SmartChgBase/Arb_HidlParam( 2810): Apply Skipped: IsApplyExcept return true. [moduleName:NightChargeAi, param:soc_control, detailsWithValue:source=trigger;event=heartbeat;chargestatus=start;value=1 95 100 1 0;]
07-09 19:16:51.458 E/WifiHAL (  717): enter wifi_get_link_stats
07-09 19:16:51.478 W/PhoneInterfaceManager( 3329): shouldBlockLocation running ...
07-09 19:16:51.479 I/PhoneInterfaceManager( 3329): shouldBlockLocation  ret:false
07-09 19:16:52.164 I/netd    (  662): trafficSwapActiveStatsMap() <12.66ms>
07-09 19:16:52.539 D/HwConnectivityServiceEx( 1709): set 10020 wlan0 value false
07-09 19:16:52.575 W//system/bin/netd(  662): A binder object at 0x7ce3556d80 is being transacted on, however, this object is in the same process as its proxy. Transacting with this binder is expensive compared to just calling the corresponding functionality in the same process.
07-09 19:16:52.576 I/PreDnsController(  662): canPreDnsQuery,persist.sys.predns is false!
07-09 19:16:52.846 I/chatty  ( 1709): uid=1000(system) WifiService expire 93 lines
07-09 19:16:53.072 I/chatty  ( 2931): uid=1000(system) OllieServiceThr expire 7 lines
07-09 19:16:53.301 E/bastetd (  919): [ProxySocket    ] NotifySocketErrState# No record found by comm prop, state=196619
07-09 19:16:54.116 I/AppEyeFwkBlock( 1709): do monitor
07-09 19:16:54.293 I/chatty  ( 1709): uid=1000(system) ClientModeImpl expire 27 lines
07-09 19:16:54.296 I/chatty  ( 1709): uid=1000(system) HuaweiWifiWatch expire 13 lines
07-09 19:16:54.297 I/chatty  ( 1709): uid=1000 system_server expire 2 lines
07-09 19:16:54.300 D/HwConnectivityServiceEx( 1709): set 1000 wlan0 value false
07-09 19:16:54.300 I/chatty  ( 1709): uid=1000 system_server expire 2 lines
07-09 19:16:54.482 E/WifiHAL (  717): enter wifi_get_link_stats
07-09 19:16:54.493 W/PhoneInterfaceManager( 3329): shouldBlockLocation running ...
07-09 19:16:54.494 I/PhoneInterfaceManager( 3329): shouldBlockLocation  ret:false
07-09 19:16:54.957 D/HwConnectivityServiceEx( 1709): set 10194 wlan0 value true
07-09 19:16:54.957 I/ConnectivityService( 1709): BLOCKED uid 10194
07-09 19:16:55.308 E/Thermal-daemon:hw_thermal(  911): [ap] temp_new :33  temp_old :34
07-09 19:16:55.310 E/Thermal-daemon:hw_thermal(  911): Report temperature: [ap] temp :33  report_threshold:1
07-09 19:16:55.964 I/netd    (  662): trafficSwapActiveStatsMap() <11.32ms>
07-09 19:16:57.194 I/netd    (  662): trafficSwapActiveStatsMap() <15.23ms>
07-09 19:16:57.498 E/WifiHAL (  717): enter wifi_get_link_stats
07-09 19:16:57.518 W/PhoneInterfaceManager( 3329): shouldBlockLocation running ...
07-09 19:16:57.518 I/PhoneInterfaceManager( 3329): shouldBlockLocation  ret:false
07-09 19:16:58.293 I/chatty  ( 1709): uid=1000 system_server expire 2 lines
07-09 19:16:58.296 I/chatty  ( 1709): uid=1000 system_server expire 1 line
07-09 19:16:59.841 D/HwConnectivityServiceEx( 1709): set 11194 wlan0 value false
07-09 19:17:00.005 W/ClockView1( 2645):  action android.intent.action.TIME_TICK
07-09 19:17:00.005 W/ClockView1( 2645):  action android.intent.action.TIME_TICK
07-09 19:17:00.022 E/DateView( 2645): DateView,mCurrentTime: 1594293420022
07-09 19:17:00.024 E/ndroid.systemu( 2645): No package ID ff found for ID 0xffffffff.
07-09 19:17:00.025 W/ClockView1( 2645): onreceive tz is Asia/Shanghai time:Thu Jul 09 19:17:00 GMT+08:00 2020 timezone:libcore.util.ZoneInfo[id="Asia/Shanghai",mRawOffset=28800000,mEarliestRawOffset=28800000,mUseDst=false,mDstSavings=0,transitions=28]
07-09 19:17:00.026 W/ClockView1( 2645): onreceive tz is Asia/Shanghai time:Thu Jul 09 19:17:00 GMT+08:00 2020 timezone:libcore.util.ZoneInfo[id="Asia/Shanghai",mRawOffset=28800000,mEarliestRawOffset=28800000,mUseDst=false,mDstSavings=0,transitions=28]
07-09 19:17:00.028 E/ndroid.systemu( 2645): No package ID ff found for ID 0xffffffff.
07-09 19:17:00.065 I/EnvironmentUtils( 9600): total-pss=27057, java-heap=6956, native-heap=7148, code=5820, system=4621, dex-mmap=(5022, 4928, 12, 24), ver=10.1.0.511
07-09 19:17:00.105 W/HwLockScreenPanel( 2645): Handle message: 133
07-09 19:17:00.117 I/AppEyeFwkBlock( 1709): do monitor
07-09 19:17:00.106 W/HwLockScreenPanel( 2645): Handle message: 133
07-09 19:17:00.521 E/WifiHAL (  717): enter wifi_get_link_stats
07-09 19:17:00.542 W/PhoneInterfaceManager( 3329): shouldBlockLocation running ...
07-09 19:17:00.542 I/PhoneInterfaceManager( 3329): shouldBlockLocation  ret:false
07-09 19:17:01.136 E/bastetd (  919): [ProxySocket    ] NotifySocketErrState# No record found by comm prop, state=196619
07-09 19:17:02.224 I/netd    (  662): trafficSwapActiveStatsMap() <15.83ms>
07-09 19:17:02.307 I/chatty  ( 1709): uid=1000 system_server expire 2 lines
07-09 19:17:02.309 D/HwConnectivityServiceEx( 1709): set 1000 wlan0 value false
07-09 19:17:02.309 I/chatty  ( 1709): uid=1000 system_server expire 2 lines
07-09 19:17:03.119 I/ActivityManager( 1709): sendIntentSender target:PendingIntentRecord{9466bdd com.huawei.hiaction startService}, intent:flg=0x4 hwFlg=0x810
07-09 19:17:03.121 I/HiAction_XChannel.HeartbeatService( 5737): onStartCommand(): 
07-09 19:17:03.122 D/HwConnectivityServiceEx( 1709): set 10012 wlan0 value false
07-09 19:17:03.123 I/HiAction_XChannel.HeartbeatService( 5737): onStartCommand: acquireWakeLock
07-09 19:17:03.123 I/HiAction_XChannel.HeartbeatService( 5737): acquireWakeLock(): 
07-09 19:17:03.126 I/HiAction_XChannel.HeartbeatService( 5737): acquireWakeLock(): succeed
07-09 19:17:03.127 I/HiAction_XChannel.XChannelClient( 5737): willSendHeartbeat: 
07-09 19:17:03.127 I/HiAction_XChannel.XChannelClient-7( 5737): setIntoMsgQueue(): 
07-09 19:17:03.127 I/HiAction_XChannel.SendThread-7( 5737): run(): received heartbeat request message
07-09 19:17:03.127 I/HiAction_XChannel.Packet( 5737): sendHeartbeat(): 
07-09 19:17:03.128 I/HiAction_XChannel.SendThread-7( 5737): handleHeartbeatReq(): to get heartbeat response
07-09 19:17:03.128 I/HiAction_XChannel.XChannelClient-7( 5737): getFromHeartbeatRspQueue(): 
07-09 19:17:03.144 I/HiAction_XChannel.XChannelClient-7( 5737): stopAlarm(): 
07-09 19:17:03.145 I/HiAction_XChannel.XChannelClient-7( 5737): restartAlarm(): 
07-09 19:17:03.146 I/HiAction_XChannel.HeartbeatService( 5737): AlarmManager setExtract: elapsedRealtime: 100588254, internal time:300000
07-09 19:17:03.150 I/HiAction_XChannel.RecvThread-7( 5737): receive packet, catch HeartBeat
07-09 19:17:03.150 I/HiAction_XChannel.XChannelClient-7( 5737): setIntoHeartbeatRspQueue(): 
07-09 19:17:03.150 I/HiAction_XChannel.RecvThread-7( 5737): handlePacket(): TYPE_PT_HEARTBEAT_RES
07-09 19:17:03.150 I/HiAction_XChannel.XChannelClient-7( 5737): setIntoHeartbeatRspQueue(): 
07-09 19:17:03.150 I/HiAction_XChannel.SendThread-7( 5737): handleHeartbeatReq(): received heartbeat response
07-09 19:17:03.150 I/HiAction_XChannel.HeartbeatService( 5737): releaseWakeLock(): 
07-09 19:17:03.152 I/HiAction_XChannel.HeartbeatService( 5737): releaseWakeLock(): succeed
07-09 19:17:03.153 I/HiAction_XChannel.XChannelClient-7( 5737): getFromMsgReqQueue(): 
07-09 19:17:03.545 E/WifiHAL (  717): enter wifi_get_link_stats
07-09 19:17:03.566 W/PhoneInterfaceManager( 3329): shouldBlockLocation running ...
07-09 19:17:03.566 I/PhoneInterfaceManager( 3329): shouldBlockLocation  ret:false
07-09 19:17:05.988 I/netd    (  662): trafficSwapActiveStatsMap() <11.57ms>
07-09 19:17:06.117 I/AppEyeFwkBlock( 1709): do monitor
07-09 19:17:06.308 I/chatty  ( 1709): uid=1000(system) HuaweiWifiWatch expire 16 lines
07-09 19:17:06.309 I/chatty  ( 1709): uid=1000 system_server expire 2 lines
07-09 19:17:06.311 D/HwConnectivityServiceEx( 1709): set 1000 wlan0 value false
07-09 19:17:06.312 I/chatty  ( 1709): uid=1000 system_server expire 2 lines
07-09 19:17:06.569 E/WifiHAL (  717): enter wifi_get_link_stats
07-09 19:17:06.581 W/PhoneInterfaceManager( 3329): shouldBlockLocation running ...
07-09 19:17:06.582 I/PhoneInterfaceManager( 3329): shouldBlockLocation  ret:false
07-09 19:17:07.248 I/netd    (  662): trafficSwapActiveStatsMap() <9.41ms>
07-09 19:17:08.795 I/HwNaturalBase( 3013): [Timer-1]: MultiUserManagerService:  getNotActiveUser start
07-09 19:17:09.585 E/WifiHAL (  717): enter wifi_get_link_stats
07-09 19:17:09.603 W/PhoneInterfaceManager( 3329): shouldBlockLocation running ...
07-09 19:17:09.603 I/PhoneInterfaceManager( 3329): shouldBlockLocation  ret:false
07-09 19:17:09.853 D/HwConnectivityServiceEx( 1709): set 11194 wlan0 value false
07-09 19:17:10.304 I/chatty  ( 1709): uid=1000 system_server expire 2 lines
07-09 19:17:10.306 D/HwConnectivityServiceEx( 1709): set 1000 wlan0 value false
07-09 19:17:10.306 I/chatty  ( 1709): uid=1000 system_server expire 1 line
07-09 19:17:10.409 I/chatty  ( 2975): uid=1000(system) ARSHandlerThrea expire 1 line
07-09 19:17:12.117 I/AppEyeFwkBlock( 1709): do monitor
07-09 19:17:12.276 I/netd    (  662): trafficSwapActiveStatsMap() <13.76ms>
07-09 19:17:12.508 I/chatty  ( 1709): uid=1000(system) AlarmManager expire 1 line
07-09 19:17:12.509 I/ActivityManager( 1709): sendIntentSender target:PendingIntentRecord{9554aa5 com.huawei.hwvoipservice broadcastIntent}, intent:flg=0x4 hwFlg=0x810
07-09 19:17:12.520 V/BroadcastQueue( 1709): Finished with ordered broadcast BroadcastRecord{94a34bf u0 com.huawei.hwvoipservice.KEEPALIVE}
07-09 19:17:12.606 E/WifiHAL (  717): enter wifi_get_link_stats
07-09 19:17:12.619 W/PhoneInterfaceManager( 3329): shouldBlockLocation running ...
07-09 19:17:12.619 I/PhoneInterfaceManager( 3329): shouldBlockLocation  ret:false
07-09 19:17:14.315 I/chatty  ( 1709): uid=1000(system) WifiService expire 56 lines
07-09 19:17:14.316 I/chatty  ( 1709): uid=1000 system_server expire 2 lines
07-09 19:17:14.318 D/HwConnectivityServiceEx( 1709): set 1000 wlan0 value false
07-09 19:17:14.319 I/chatty  ( 1709): uid=1000 system_server expire 2 lines
07-09 19:17:15.269 I/fwkit_EvilKitRecognitionService( 3766): [I/fwkit/fwkit_EvilKitRecognitionService 3766:136 EvilKitRecognitionService.java:821] memory monitor handler send delay message(5 min)
07-09 19:17:15.269 D/LogWrite( 3766): wtf Exception
07-09 19:17:15.269 D/AppLogManager( 3766): PrintWoker poll timeout , shutdown
07-09 19:17:15.270 I/fwkit_kams_scheduler( 3766): [I/fwkit/fwkit_kams_scheduler 3766:136 StubScheduler.java:298]  [ KAMS ] RemoteConfig ProcessName: { com.huawei.hwid.container3}
07-09 19:17:15.270 D/LogWrite( 3766): wtf Exception
07-09 19:17:15.270 D/AppLogManager( 3766): PrintWoker poll timeout , shutdown
07-09 19:17:15.270 I/fwkit_kams( 3766): [I/fwkit/fwkit_kams 3766:136 KAMSServiceController.java:856] [getKcsForAIDLRequest] Assign com.huawei.hwid.container3 for ekr aidl request
07-09 19:17:15.270 D/LogWrite( 3766): wtf Exception
07-09 19:17:15.270 D/AppLogManager( 3766): PrintWoker poll timeout , shutdown
07-09 19:17:15.273 I/fwkit_HmsProfiler(12570): [I/fwkit/fwkit_HmsProfiler 12570:1709 HmsProfiler.java:218] simple not upload or memory flag is false.
07-09 19:17:15.273 I/fwkit_msg_invoke_remote(12570): [I/fwkit/fwkit_msg_invoke_remote 12570:1709 AIDLInvokeRemote.java:85] execute requestId:feca1d11-0597-44c5-878e-440c04182963 uri:ekr.memory
07-09 19:17:15.273 I/fwkit_HmsProfiler(12570): [I/fwkit/fwkit_HmsProfiler 12570:1709 HmsProfiler.java:260] simple not upload trace info.
07-09 19:17:15.274 I/fwkit_msg_fr(12570): [I/fwkit/fwkit_msg_fr 12570:1709 FinderRemote.java:76] findRequest uri: ekr.memory apiLevel: 1
07-09 19:17:15.274 I/fwkit_HmsProfiler(12570): [I/fwkit/fwkit_HmsProfiler 12570:1709 HmsProfiler.java:260] simple not upload trace info.
07-09 19:17:15.274 I/fwkit_kac_kitloader(12570): [I/fwkit/fwkit_kac_kitloader 12570:1709 KitLoaderManager.java:175] Kit already exits, no need to reload 
07-09 19:17:15.274 I/fwkit_msg_aidl_request(12570): [I/fwkit/fwkit_msg_aidl_request 12570:1709 AIDLRequest.java:119] execute, uri: ekr.memory
07-09 19:17:15.274 I/fwkit_ekr_tm(12570): addTask: MemoryTask
07-09 19:17:15.274 I/fwkit_ekr_tm(12570): bindService
07-09 19:17:15.275 I/fwkit_kams( 3766): [I/fwkit/fwkit_kams 3766:120 KAMSServiceController.java:464]  [ KAMS ] Service Kit ComponentName: {com.huawei.hms.ekr/com.huawei.hms.ekr.TaskService}
07-09 19:17:15.275 I/fwkit_kpms_dbwrapper( 3766): [I/fwkit/fwkit_kpms_dbwrapper 3766:120 DBAndCacheWrapper.java:1229] getValidPluginKey: valid plugin has found: com.huawei.hms.ekr
07-09 19:17:15.275 D/LogWrite( 3766): wtf Exception
07-09 19:17:15.275 D/LogWrite( 3766): wtf Exception
07-09 19:17:15.275 D/AppLogManager( 3766): PrintWoker poll timeout , shutdown
07-09 19:17:15.275 I/fwkit_kams_scheduler( 3766): [I/fwkit/fwkit_kams_scheduler 3766:120 StubScheduler.java:258]  [ KAMS ] RemoteConfig ProcessName: { com.huawei.hwid.container3}
07-09 19:17:15.276 D/LogWrite( 3766): wtf Exception
07-09 19:17:15.276 D/AppLogManager( 3766): PrintWoker poll timeout , shutdown
07-09 19:17:15.276 I/fwkit_kpms_dbwrapper( 3766): [I/fwkit/fwkit_kpms_dbwrapper 3766:120 DBAndCacheWrapper.java:1229] getValidPluginKey: valid plugin has found: com.huawei.hms.ekr
07-09 19:17:15.276 W/fwkit_breaker_utils( 3766): [W/fwkit/fwkit_breaker_utils 3766:120 BreakerUtils.java:172] isKitNeedBreakerPkg kitBreakerInfos is null or empty
07-09 19:17:15.276 D/LogWrite( 3766): wtf Exception
07-09 19:17:15.276 D/LogWrite( 3766): wtf Exception
07-09 19:17:15.276 D/AppLogManager( 3766): PrintWoker poll timeout , shutdown
07-09 19:17:15.276 I/fwkit_kpms_dbwrapper( 3766): [I/fwkit/fwkit_kpms_dbwrapper 3766:120 DBAndCacheWrapper.java:1229] getValidPluginKey: valid plugin has found: com.huawei.hms.ekr
07-09 19:17:15.277 D/LogWrite( 3766): wtf Exception
07-09 19:17:15.277 D/AppLogManager( 3766): PrintWoker poll timeout , shutdown
07-09 19:17:15.278 I/fwkit_kac_kitloader(12570): [I/fwkit/fwkit_kac_kitloader 12570:675 KitLoaderManager.java:175] Kit already exits, no need to reload 
07-09 19:17:15.280 D/AppLogManager(12570): PrintWoker poll timeout , shutdown
07-09 19:17:15.286 I/fwkit_kac_service_help(12570): [I/fwkit/fwkit_kac_service_help 12570:1 ContainerServiceHelper.java:62] ContainerServiceHelper instance be created!
07-09 19:17:15.288 I/fwkit_HmsProfiler(12570): [I/fwkit/fwkit_HmsProfiler 12570:1709 HmsProfiler.java:218] simple not upload or memory flag is false.
07-09 19:17:15.288 I/fwkit_kams_session( 3766): [I/fwkit/fwkit_kams_session 3766:120 SessionManager.java:165] [verifySession] passed!
07-09 19:17:15.288 I/fwkit_MemoryTask(12570): MemoryTask start.
07-09 19:17:15.288 I/fwkit_MemoryTask(12570): runMonitorTask run comming.
07-09 19:17:15.288 D/AppLogManager(12570): PrintWoker poll timeout , shutdown
07-09 19:17:15.288 D/LogWrite( 3766): wtf Exception
07-09 19:17:15.288 D/AppLogManager( 3766): PrintWoker poll timeout , shutdown
07-09 19:17:15.288 I/fwkit_EkrUtil(12570): Is China ROM and no need to check ANALYTICS_STATE
07-09 19:17:15.289 I/fwkit_kac_kitloader(12570): [I/fwkit/fwkit_kac_kitloader 12570:1 KitLoaderManager.java:175] Kit already exits, no need to reload 
07-09 19:17:15.289 I/fwkit_process_utils(12570): [getFwkProcsNoOOBE] fwk process set 7[com.huawei.hwid.nobreakcontainer, com.huawei.hwid.persistent, com.huawei.hwid.core, com.huawei.hwid.container1, com.huawei.hwid.container2, com.huawei.hwid, com.huawei.hwid.container3]
07-09 19:17:15.289 I/fwkit_kac_kitloader(12570): [I/fwkit/fwkit_kac_kitloader 12570:1 KitLoaderManager.java:358] when inject get kit info:ekr_50000301
07-09 19:17:15.289 I/fwkit_MemoryTask(12570): uploadMemInfo comming.
07-09 19:17:15.290 I/fwkit_ekr_tm_service(12570): onCreate
07-09 19:17:15.290 I/fwkit_kac_service_dele(12570): [I/fwkit/fwkit_kac_service_dele 12570:1 ServiceDelegateImpl.java:62] kit class no need to reload again!
07-09 19:17:15.291 I/fwkit_kams_stubmanager( 3766): [I/fwkit/fwkit_kams_stubmanager 3766:120 StubManagerService.java:332] [ KAMS ] Notify kit ComponentName:{com.huawei.hms.ekr/com.huawei.hms.ekr.TaskService} ,Status: {1} ,stub ComponentName:{com.huawei.hwid/com.huawei.hms.runtimekit.stub.HMSKitC3NEStubService1}
07-09 19:17:15.292 D/LogWrite( 3766): wtf Exception
07-09 19:17:15.292 D/AppLogManager( 3766): PrintWoker poll timeout , shutdown
07-09 19:17:15.292 I/fwkit_EvilKitRecognitionService( 3766): [I/fwkit/fwkit_EvilKitRecognitionService 3766:136 EvilKitRecognitionService.java:639] kitComponentCreate start
07-09 19:17:15.292 D/LogWrite( 3766): wtf Exception
07-09 19:17:15.292 D/AppLogManager( 3766): PrintWoker poll timeout , shutdown
07-09 19:17:15.292 I/fwkit_kpms_dbwrapper( 3766): [I/fwkit/fwkit_kpms_dbwrapper 3766:120 DBAndCacheWrapper.java:1229] getValidPluginKey: valid plugin has found: com.huawei.hms.ekr
07-09 19:17:15.293 I/fwkit_kams_pr( 3766): [I/fwkit/fwkit_kams_pr 3766:120 ProcessRecord.java:703] [ KAMS ] NOTIFY ONSTART SUCCESS:ComponentInfo{com.huawei.hwid/com.huawei.hms.runtimekit.stub.HMSKitC3NEStubService1}ComponentInfo{com.huawei.hms.ekr/com.huawei.hms.ekr.TaskService}
07-09 19:17:15.293 I/fwkit_ekr_tm_service(12570): service onBind
07-09 19:17:15.293 D/AppLogManager(12570): PrintWoker poll timeout , shutdown
07-09 19:17:15.293 I/fwkit_HmsProfiler(12570): [I/fwkit/fwkit_HmsProfiler 12570:1 HmsHiAnalyticsClient.java:125] Is China ROM and no need to check ANALYTICS_STATE
07-09 19:17:15.294 I/fwkit_HmsProfiler(12570): [I/fwkit/fwkit_HmsProfiler 12570:1 HmsProfiler.java:413] traceApiEvent input : com.huawei.hms.ekr_50000301
07-09 19:17:15.296 D/AppLogManager(12570): PrintWoker poll timeout , shutdown
07-09 19:17:15.296 I/fwkit_HmsProfiler(12570): [I/fwkit/fwkit_HmsProfiler 12570:1 HmsProfiler.java:469] traceApiEvent update kit info time.
07-09 19:17:15.296 I/fwkit_EvilKitRecognitionService( 3766): [I/fwkit/fwkit_EvilKitRecognitionService 3766:141 EvilKitRecognitionService.java:716] on event start
07-09 19:17:15.296 I/fwkit_EvilKitRecognitionService( 3766): [I/fwkit/fwkit_EvilKitRecognitionService 3766:141 EvilKitRecognitionService.java:716] on event start
07-09 19:17:15.296 D/LogWrite( 3766): wtf Exception
07-09 19:17:15.296 I/chatty  ( 3766): uid=10109(com.huawei.hwid) Core-LogWrite identical 2 lines
07-09 19:17:15.296 D/LogWrite( 3766): wtf Exception
07-09 19:17:15.296 I/fwkit_HmsProfiler(12570): [I/fwkit/fwkit_HmsProfiler 12570:1 HmsProfiler.java:421] simple not upload trace info.
07-09 19:17:15.296 D/AppLogManager( 3766): PrintWoker poll timeout , shutdown
07-09 19:17:15.296 I/fwkit_EvilKitRecognitionService( 3766): [I/fwkit/fwkit_EvilKitRecognitionService 3766:141 EvilKitRecognitionService.java:716] on event start
07-09 19:17:15.297 D/LogWrite( 3766): wtf Exception
07-09 19:17:15.297 D/AppLogManager( 3766): PrintWoker poll timeout , shutdown
07-09 19:17:15.297 I/fwkit_EvilKitRecognitionService( 3766): [I/fwkit/fwkit_EvilKitRecognitionService 3766:141 EvilKitRecognitionService.java:716] on event start
07-09 19:17:15.297 D/LogWrite( 3766): wtf Exception
07-09 19:17:15.297 D/AppLogManager( 3766): PrintWoker poll timeout , shutdown
07-09 19:17:15.297 D/AppLogManager(12570): PrintWoker poll timeout , shutdown
07-09 19:17:15.298 I/fwkit_EvilKitRecognitionService( 3766): [I/fwkit/fwkit_EvilKitRecognitionService 3766:141 EvilKitRecognitionService.java:716] on event start
07-09 19:17:15.299 D/LogWrite( 3766): wtf Exception
07-09 19:17:15.299 D/AppLogManager( 3766): PrintWoker poll timeout , shutdown
07-09 19:17:15.299 I/fwkit_EvilKitRecognitionService( 3766): [I/fwkit/fwkit_EvilKitRecognitionService 3766:141 EvilKitRecognitionService.java:716] on event start
07-09 19:17:15.299 D/LogWrite( 3766): wtf Exception
