07-09 19:10:12.947 I/SmartDualCardConfig( 2931): getAppType,pkgName=com.android.packageinstaller,appType=255
07-09 19:10:12.947 E/SmartDualCardConfig( 2931): isAppInBlackList false,items==null
07-09 19:10:12.947 I/SmartDualCardConfig( 2931): isAppInWhiteList false,uid=10040
07-09 19:10:12.961 V/ActivityThread(22584): callActivityOnCreate
07-09 19:10:12.975 D/ActivityThread(22584): add activity client record, r= ActivityRecord{231679b token=android.os.BinderProxy@93db701 {com.android.packageinstaller/com.android.packageinstaller.PackageInstallerActivity}} token= android.os.BinderProxy@93db701
07-09 19:10:12.983 I/chatty  ( 1709): uid=1000(system) sManagerService expire 2 lines
07-09 19:10:12.983 D/RtgSched( 5848): resetRtgSchedHandle failed enable:0
07-09 19:10:12.986 I/chatty  ( 1709): uid=1000(system) Binder:1709_E expire 1 line
07-09 19:10:12.987 I/chatty  ( 1709): uid=1000(system) HwActivityTaskM expire 4 lines
07-09 19:10:12.989 I/chatty  ( 1709): uid=1000(system) Thread-8 expire 3 lines
07-09 19:10:12.996 I/chatty  ( 1709): uid=1000(system) android.ui expire 9 lines
07-09 19:10:12.996 I/chatty  ( 1709): uid=1000(system) Binder:1709_3 expire 22 lines
07-09 19:10:13.011 I/chatty  ( 1709): uid=1000(system) android.anim expire 32 lines
07-09 19:10:13.044 I/chatty  ( 1709): uid=1000(system) Binder:1709_1C expire 16 lines
07-09 19:10:13.314 I/chatty  ( 1709): uid=1000(system) android.display expire 4 lines
07-09 19:10:13.318 I/SmartDualCardConfig( 2931): getAppType,pkgName=com.huawei.android.launcher,appType=28
07-09 19:10:13.318 E/SmartDualCardConfig( 2931): isAppInBlackList false,items==null
07-09 19:10:13.318 I/SmartDualCardConfig( 2931): isAppInWhiteList false,uid=10093
07-09 19:10:13.343 I/chatty  ( 1709): uid=1000(system) Binder:1709_1 expire 17 lines
07-09 19:10:13.349 I/BoosterSwitchP( 2931): notifyUidState do nothing
07-09 19:10:13.349 I/DeepNoDisturbP( 2931): notifyUidState
07-09 19:10:13.349 I/BrowserChrP( 2931): notifyUidState
07-09 19:10:13.425 D/ActivityThread(22584): Remove activity client record, r= ActivityRecord{2a7d7c9 token=android.os.BinderProxy@ce8515d {com.android.packageinstaller/com.android.packageinstaller.InstallStart}} token= android.os.BinderProxy@ce8515d
07-09 19:10:17.387 I/HwCommandQueue( 2645): updateBarBgColor
07-09 19:10:17.387 D/HwCommandQueue( 2645): CommandQueue, setBarBackgroundColor
07-09 19:10:17.911 I/chatty  ( 1709): uid=1000(system) MobileQosDetect expire 1 line
07-09 19:10:18.095 I/chatty  ( 1709): uid=1000(system) monitor thread expire 1 line
07-09 19:10:18.225 I/chatty  ( 1709): uid=1000(system) Binder:1709_19 expire 28 lines
07-09 19:10:18.238 I/chatty  ( 1709): uid=1000(system) ActivityManager expire 1 line
07-09 19:10:18.239 I/chatty  ( 1709): uid=1000(system) MultiTaskManage expire 1 line
07-09 19:10:18.252 D/ActivityThread(27330): Attach thread to application
07-09 19:10:18.295 I/chatty  ( 1709): uid=1000(system) HwGameAssistant expire 2 lines
07-09 19:10:18.329 V/ActivityThread(22584): callActivityOnCreate
07-09 19:10:18.346 D/ActivityThread(22584): add activity client record, r= ActivityRecord{6c6b935 token=android.os.BinderProxy@60fa6d3 {com.android.packageinstaller/com.android.packageinstaller.InstallInstalling}} token= android.os.BinderProxy@60fa6d3
07-09 19:10:18.399 D/ActivityThread(22584): Remove activity client record, r= ActivityRecord{231679b token=android.os.BinderProxy@93db701 {com.android.packageinstaller/com.android.packageinstaller.PackageInstallerActivity}} token= android.os.BinderProxy@93db701
07-09 19:10:18.412 I/chatty  ( 1709): uid=1000(system) PackageManager expire 76 lines
07-09 19:10:18.419 I/chatty  ( 1709): uid=1000(system) ActivityManager expire 3 lines
07-09 19:10:18.573 I/chatty  ( 1709): uid=1000(system) PackageManager expire 94 lines
07-09 19:10:18.770 I/chatty  ( 1709): uid=1000(system) PackageInstalle expire 1 line
07-09 19:10:18.771 I/chatty  ( 1709): uid=1000(system) android.display expire 8 lines
07-09 19:10:18.776 I/chatty  ( 1709): uid=1000(system) Binder:1709_2 expire 11 lines
07-09 19:10:18.791 V/ActivityThread(22584): callActivityOnCreate
07-09 19:10:18.792 I/chatty  ( 1709): uid=1000(system) HwActivityTaskM expire 4 lines
07-09 19:10:18.794 I/chatty  ( 1709): uid=1000(system) Thread-8 expire 3 lines
07-09 19:10:18.796 I/BoosterGameP( 2931): handleStateChanged reason=12
07-09 19:10:18.797 E/BoosterUtil( 2931): convertSubIdToSlotId failed, subId:0, slotId:-1
07-09 19:10:18.797 E/BoosterUtil( 2931): getDefaultDataSlotId failed, invalid slotId:-1, subId:0
07-09 19:10:18.797 I/BoosterVideoP( 2931): handleStateChanged reason=12
07-09 19:10:18.797 E/BoosterUtil( 2931): convertSubIdToSlotId failed, subId:0, slotId:-1
07-09 19:10:18.797 E/BoosterUtil( 2931): getDefaultDataSlotId failed, invalid slotId:-1, subId:0
07-09 19:10:18.797 I/BoosterSwitchP( 2931): handleStateChanged reason=12
07-09 19:10:18.798 E/BoosterUtil( 2931): convertSubIdToSlotId failed, subId:0, slotId:-1
07-09 19:10:18.798 E/BoosterUtil( 2931): getDefaultDataSlotId failed, invalid slotId:-1, subId:0
07-09 19:10:18.798 I/HwKeystoreServiceImpl( 2931): package removed for update, packageName:cn.carbs.wricheditor appId:11189
07-09 19:10:18.799 E/BoosterUtil( 2931): convertSubIdToSlotId failed, subId:0, slotId:-1
07-09 19:10:18.799 E/BoosterUtil( 2931): getDefaultDataSlotId failed, invalid slotId:-1, subId:0
07-09 19:10:18.799 I/DeepNoDisturbP( 2931): handleStateChanged reason=12
07-09 19:10:18.799 E/BoosterUtil( 2931): convertSubIdToSlotId failed, subId:0, slotId:-1
07-09 19:10:18.799 E/BoosterUtil( 2931): getDefaultDataSlotId failed, invalid slotId:-1, subId:0
07-09 19:10:18.800 E/BoosterUtil( 2931): convertSubIdToSlotId failed, subId:0, slotId:-1
07-09 19:10:18.800 E/BoosterUtil( 2931): getDefaultDataSlotId failed, invalid slotId:-1, subId:0
07-09 19:10:18.800 I/HidataAppQoeP( 2931): handleStateChanged reason=12
07-09 19:10:18.800 E/BoosterUtil( 2931): convertSubIdToSlotId failed, subId:0, slotId:-1
07-09 19:10:18.800 E/BoosterUtil( 2931): getDefaultDataSlotId failed, invalid slotId:-1, subId:0
07-09 19:10:18.800 I/PreDnsQuery( 2931): handleStateChanged reason=12
07-09 19:10:18.801 W/ContextImpl( 3304): Calling a method in the system process without a qualified user: android.app.ContextImpl.bindService:1753 android.content.ContextWrapper.bindService:705 com.huawei.securityserver.ConnectRemoteServiceManager.connectRemoteService:131 com.huawei.securityserver.HandlerManager.bindService:89 com.huawei.securityserver.HandlerManager.access$000:20 
07-09 19:10:18.801 E/BoosterUtil( 2931): convertSubIdToSlotId failed, subId:0, slotId:-1
07-09 19:10:18.801 E/BoosterUtil( 2931): getDefaultDataSlotId failed, invalid slotId:-1, subId:0
07-09 19:10:18.801 I/PreDnsQuery( 2931): No need to handled!
07-09 19:10:18.801 I/BrowserChrP( 2931): handleStateChanged
07-09 19:10:18.804 I/chatty  ( 1709): uid=1000(system) Binder:1709_5 expire 2 lines
07-09 19:10:18.815 I/SmartDualCardConfig( 2931): onPackageInstallStateUpdate uid=11189,appName=cn.carbs.wricheditor,packageAddFlag=0
07-09 19:10:18.816 I/chatty  ( 1709): uid=1000(system) Binder:1709_E expire 1 line
07-09 19:10:18.818 I/chatty  ( 1709): uid=1000(system) Binder:1709_10 expire 3 lines
07-09 19:10:18.822 I/PreDnsQuery( 2931): onReceive: intent = android.intent.action.PACKAGE_REMOVED
07-09 19:10:18.830 I/chatty  ( 1709): uid=1000(system) Binder:1709_12 expire 3 lines
07-09 19:10:18.832 I/chatty  ( 1709): uid=1000(system) Binder:1709_1A expire 6 lines
07-09 19:10:18.832 D/ActivityThread(22584): add activity client record, r= ActivityRecord{cd6b588 token=android.os.BinderProxy@5d1d9ed {com.android.packageinstaller/com.android.packageinstaller.InstallSuccess}} token= android.os.BinderProxy@5d1d9ed
07-09 19:10:18.840 I/chatty  ( 1709): uid=1000(system) Binder:1709_3 expire 7 lines
07-09 19:10:18.851 I/chatty  ( 1709): uid=1000(system) android.anim expire 21 lines
07-09 19:10:18.856 I/chatty  ( 1709): uid=1000(system) Binder:1709_14 expire 6 lines
07-09 19:10:18.857 I/chatty  ( 1709): uid=1000(system) Binder:1709_17 expire 13 lines
07-09 19:10:18.876 I/chatty  ( 1709): uid=1000(system) Binder:1709_B expire 6 lines
07-09 19:10:18.877 D/ActivityThread(22584): Remove activity client record, r= ActivityRecord{6c6b935 token=android.os.BinderProxy@60fa6d3 {com.android.packageinstaller/com.android.packageinstaller.InstallInstalling}} token= android.os.BinderProxy@60fa6d3
07-09 19:10:18.896 I/chatty  ( 1709): uid=1000(system) android.bg expire 6 lines
07-09 19:10:18.904 I/chatty  ( 1709): uid=1000(system) Binder:1709_1E expire 3 lines
07-09 19:10:18.931 I/chatty  ( 1709): uid=1000(system) Binder:1709_4 expire 4 lines
07-09 19:10:18.931 W/ContextImpl( 2810): Calling a method in the system process without a qualified user: android.app.ContextImpl.startService:1674 android.content.ContextWrapper.startService:669 com.huawei.systemmanager.spacecleanner.receiver.SpaceCleanReceiver.T:65 com.huawei.systemmanager.spacecleanner.receiver.SpaceCleanReceiver.doInBackground:89 java.lang.reflect.Method.invoke:-2 
07-09 19:10:18.932 I/chatty  ( 1709): uid=1000(system) android.ui expire 3 lines
07-09 19:10:18.935 I/chatty  ( 1709): uid=1000(system) Binder:1709_D expire 4 lines
07-09 19:10:18.951 W/ContextImpl( 2685): Calling a method in the system process without a qualified user: android.app.ContextImpl.startService:1674 android.content.ContextWrapper.startService:669 android.content.ContextWrapper.startService:669 com.android.settings.applications.BlackListReceiver.onReceive:45 android.app.ActivityThread.handleReceiver:4462 
07-09 19:10:18.961 I/chatty  ( 1709): uid=1000 system_server expire 10 lines
07-09 19:10:18.980 I/BoosterGameP( 2931): handleStateChanged reason=12
07-09 19:10:18.981 E/BoosterUtil( 2931): convertSubIdToSlotId failed, subId:0, slotId:-1
07-09 19:10:18.981 E/BoosterUtil( 2931): getDefaultDataSlotId failed, invalid slotId:-1, subId:0
07-09 19:10:18.981 I/BoosterVideoP( 2931): handleStateChanged reason=12
07-09 19:10:18.981 E/BoosterUtil( 2931): convertSubIdToSlotId failed, subId:0, slotId:-1
07-09 19:10:18.981 E/BoosterUtil( 2931): getDefaultDataSlotId failed, invalid slotId:-1, subId:0
07-09 19:10:18.981 I/BoosterSwitchP( 2931): handleStateChanged reason=12
07-09 19:10:18.982 E/BoosterUtil( 2931): convertSubIdToSlotId failed, subId:0, slotId:-1
07-09 19:10:18.982 E/BoosterUtil( 2931): getDefaultDataSlotId failed, invalid slotId:-1, subId:0
07-09 19:10:18.983 E/BoosterUtil( 2931): convertSubIdToSlotId failed, subId:0, slotId:-1
07-09 19:10:18.983 E/BoosterUtil( 2931): getDefaultDataSlotId failed, invalid slotId:-1, subId:0
07-09 19:10:18.983 I/DeepNoDisturbP( 2931): handleStateChanged reason=12
07-09 19:10:18.983 E/BoosterUtil( 2931): convertSubIdToSlotId failed, subId:0, slotId:-1
07-09 19:10:18.983 E/BoosterUtil( 2931): getDefaultDataSlotId failed, invalid slotId:-1, subId:0
07-09 19:10:18.984 E/BoosterUtil( 2931): convertSubIdToSlotId failed, subId:0, slotId:-1
07-09 19:10:18.984 E/BoosterUtil( 2931): getDefaultDataSlotId failed, invalid slotId:-1, subId:0
07-09 19:10:18.984 I/HidataAppQoeP( 2931): handleStateChanged reason=12
07-09 19:10:18.985 E/BoosterUtil( 2931): convertSubIdToSlotId failed, subId:0, slotId:-1
07-09 19:10:18.985 E/BoosterUtil( 2931): getDefaultDataSlotId failed, invalid slotId:-1, subId:0
07-09 19:10:18.985 I/PreDnsQuery( 2931): handleStateChanged reason=12
07-09 19:10:18.987 E/BoosterUtil( 2931): convertSubIdToSlotId failed, subId:0, slotId:-1
07-09 19:10:18.987 E/BoosterUtil( 2931): getDefaultDataSlotId failed, invalid slotId:-1, subId:0
07-09 19:10:18.987 I/PreDnsQuery( 2931): No need to handled!
07-09 19:10:18.987 I/BrowserChrP( 2931): handleStateChanged
07-09 19:10:18.993 I/chatty  ( 1709): uid=1000(system) Binder:1709_19 expire 2 lines
07-09 19:10:18.995 I/chatty  ( 1709): uid=1000(system) ActivityManager expire 2 lines
07-09 19:10:18.995 I/chatty  ( 1709): uid=1000(system) MultiTaskManage expire 2 lines
07-09 19:10:18.996 I/chatty  ( 1709): uid=1000(system) Binder:1709_11 expire 2 lines
07-09 19:10:19.046 D/ActivityThread(27412): Attach thread to application
07-09 19:10:19.048 I/chatty  ( 1709): uid=1000(system) android.fg expire 1 line
07-09 19:10:19.051 I/chatty  ( 1709): uid=1000(system) HwGameAssistant expire 1 line
07-09 19:10:19.054 I/chatty  ( 1709): uid=1000(system) Binder:1709_1D expire 1 line
07-09 19:10:19.057 I/chatty  ( 1709): uid=1000(system) Binder:1709_13 expire 1 line
07-09 19:10:19.058 I/chatty  ( 1709): uid=1000(system) sManagerService expire 4 lines
07-09 19:10:19.058 D/RtgSched(22584): resetRtgSchedHandle failed enable:0
07-09 19:10:19.059 I/HwNetworkPolicyManager( 2810): getHwUidPolicy uid = 11189 policy = 0
07-09 19:10:19.061 I/BoosterSwitchP( 2931): notifyUidState do nothing
07-09 19:10:19.061 I/DeepNoDisturbP( 2931): notifyUidState
07-09 19:10:19.061 I/BrowserChrP( 2931): notifyUidState
07-09 19:10:19.067 I/chatty  ( 1709): uid=1000 system_server expire 5 lines
07-09 19:10:19.074 I/chatty  ( 1709): uid=1000(system) Binder:1709_1E expire 9 lines
07-09 19:10:19.088 D/ActivityThread(27440): Attach thread to application
07-09 19:10:19.098 I/chatty  ( 1709): uid=1000(system) Binder:1709_3 expire 75 lines
07-09 19:10:19.126 I/chatty  ( 1709): uid=1000(system) Binder:1709_13 expire 2 lines
07-09 19:10:19.129 I/SmartDualCardConfig( 2931): onPackageInstallStateUpdate uid=11189,appName=cn.carbs.wricheditor,packageAddFlag=1
07-09 19:10:19.129 I/chatty  ( 1709): uid=1000(system) android.bg expire 6 lines
07-09 19:10:19.131 V/ActivityThread(27412): callActivityOnCreate
07-09 19:10:19.198 D/ActivityThread(27412): add activity client record, r= ActivityRecord{e734999 token=android.os.BinderProxy@e2d106d {cn.carbs.wricheditor/cn.carbs.wricheditor.MainActivity}} token= android.os.BinderProxy@e2d106d
07-09 19:10:19.203 I/chatty  ( 1709): uid=1000(system) Binder:1709_1C expire 31 lines
07-09 19:10:19.207 I/PreDnsQuery( 2931): onReceive: intent = android.intent.action.PACKAGE_ADDED
07-09 19:10:19.218 I/chatty  ( 1709): uid=1000(system) HwActivityTaskM expire 4 lines
07-09 19:10:19.218 I/chatty  ( 1709): uid=1000(system) Thread-8 expire 4 lines
07-09 19:10:19.233 E/SmartDualCardConfig( 2931): getApkConfig fail,end
07-09 19:10:19.233 I/SmartDualCardConfig( 2931): isAppInXml,return false
07-09 19:10:19.233 E/SmartDualCardConfig( 2931): onPackageInstallStateUpdate fail
07-09 19:10:19.233 I/HidataAppQoeP( 2931): foregroundUidAdd uid: 11189 name: cn.carbs.wricheditor activity state: true
07-09 19:10:19.234 E/BoosterUtil( 2931): convertSubIdToSlotId failed, subId:0, slotId:-1
07-09 19:10:19.234 E/BoosterUtil( 2931): getDefaultDataSlotId failed, invalid slotId:-1, subId:0
07-09 19:10:19.234 I/NetworkQoeChr( 2931): checkForegroundApp timer end
07-09 19:10:19.235 I/SmartDualCardConfig( 2931): getAppType,pkgName=cn.carbs.wricheditor,appType=-1
07-09 19:10:19.235 E/SmartDualCardConfig( 2931): isAppInBlackList false,items==null
07-09 19:10:19.235 I/SmartDualCardConfig( 2931): isAppInWhiteList false,uid=11189
07-09 19:10:19.238 I/chatty  ( 1709): uid=1000(system) android.fg expire 1 line
07-09 19:10:19.239 I/HwCommandQueue( 2645): updateBarBgColor
07-09 19:10:19.239 D/HwCommandQueue( 2645): CommandQueue, setBarBackgroundColor
07-09 19:10:19.239 I/chatty  ( 1709): uid=1000(system) android.ui expire 2 lines
07-09 19:10:19.240 I/chatty  ( 1709): uid=1000(system) Binder:1709_B expire 2 lines
07-09 19:10:19.276 I/chatty  ( 1709): uid=1000(system) android.anim expire 12 lines
07-09 19:10:19.311 W/ContextImpl( 3013): Calling a method in the system process without a qualified user: android.app.ContextImpl.startService:1674 android.content.ContextWrapper.startService:669 android.content.ContextWrapper.startService:669 com.huawei.nb.receiver.AppDataClearBroadcastReceiver$1.run:67 com.huawei.nb.scheduler.a.b.run:55 
07-09 19:10:19.326 W/ContextImpl( 3013): Calling a method in the system process without a qualified user: android.app.ContextImpl.bindService:1753 android.content.ContextWrapper.bindService:705 com.huawei.nb.client.RemoteServiceConnection.open:132 com.huawei.nb.client.Proxy.connect:172 com.huawei.nb.client.DualProxy.connect:72 
07-09 19:10:19.334 W/ContextImpl( 3013): Calling a method in the system process without a qualified user: android.app.ContextImpl.bindService:1753 android.content.ContextWrapper.bindService:705 com.huawei.nb.client.RemoteServiceConnection.open:132 com.huawei.nb.client.Proxy.connect:172 com.huawei.nb.client.DualProxy.access$101:28 
07-09 19:10:19.339 W/ContextImpl(23097): Calling a method in the system process without a qualified user: android.app.ContextImpl.startService:1674 android.content.ContextWrapper.startService:669 android.content.ContextWrapper.startService:669 com.huawei.securitycenter.antivirus.utils.c.s:44 com.huawei.securitycenter.antivirus.AntiVirusReceiver.q:11 
07-09 19:10:19.356 I/HidataAppQoeP( 2931): foregroundUidRemove uid: 10040 name: com.android.packageinstaller
07-09 19:10:19.356 I/SmartDualCardConfig( 2931): getAppType,pkgName=com.android.packageinstaller,appType=255
07-09 19:10:19.356 E/SmartDualCardConfig( 2931): isAppInBlackList false,items==null
07-09 19:10:19.356 I/SmartDualCardConfig( 2931): isAppInWhiteList false,uid=10040
07-09 19:10:19.363 I/chatty  ( 1709): uid=1000(system) Binder:1709_11 expire 3 lines
07-09 19:10:19.365 I/BoosterSwitchP( 2931): notifyUidState do nothing
07-09 19:10:19.365 I/DeepNoDisturbP( 2931): notifyUidState
07-09 19:10:19.365 I/BrowserChrP( 2931): notifyUidState
07-09 19:10:19.370 I/chatty  ( 1709): uid=1000(system) ActivityManager expire 8 lines
07-09 19:10:19.388 W/ContextImpl( 2685): Calling a method in the system process without a qualified user: android.app.ContextImpl.startService:1674 android.content.ContextWrapper.startService:669 android.content.ContextWrapper.startService:669 com.android.settings.applications.BlackListReceiver.onReceive:45 android.app.ActivityThread.handleReceiver:4462 
07-09 19:10:19.439 W/ContextImpl(23097): Calling a method in the system process without a qualified user: android.app.ContextImpl.startService:1674 android.content.ContextWrapper.startService:669 android.content.ContextWrapper.startService:669 com.huawei.securitycenter.antivirus.utils.c.r:73 com.huawei.securitycenter.antivirus.AntiVirusReceiver.onReceive:46 
07-09 19:10:19.440 W/ContextImpl( 2810): Calling a method in the system process without a qualified user: android.app.ContextImpl.startService:1674 android.content.ContextWrapper.startService:669 com.huawei.securitycenter.antivirus.AntiVirusService.s:33 com.huawei.securitycenter.antivirus.AntiVirusService.onStartCommand:72 android.app.ActivityThread.handleServiceArgs:4776 
07-09 19:10:19.447 W/ContextImpl(23191): Calling a method in the system process without a qualified user: android.app.ContextImpl.bindService:1753 android.content.ContextWrapper.bindService:705 com.qihoo.qvssdk.AntivirusEngineImpl.install:44 com.qihoo.qvssdk.AntivirusProviderImpl.install:213 com.huawei.securitycenter.antivirus.newengine.b$c.call:118 
07-09 19:10:19.501 W/ContextImpl( 2810): Calling a method in the system process without a qualified user: android.app.ContextImpl.startService:1674 android.content.ContextWrapper.startService:669 com.huawei.systemmanager.spacecleanner.receiver.SpaceCleanReceiver.T:65 com.huawei.systemmanager.spacecleanner.receiver.SpaceCleanReceiver.doInBackground:89 java.lang.reflect.Method.invoke:-2 
07-09 19:10:19.518 W/ContextImpl( 2685): Calling a method in the system process without a qualified user: android.app.ContextImpl.startService:1674 android.content.ContextWrapper.startService:669 android.content.ContextWrapper.startService:669 com.android.settings.applications.BlackListReceiver.onReceive:45 android.app.ActivityThread.handleReceiver:4462 
07-09 19:10:20.532 W/ContextImpl(23191): Calling a method in the system process without a qualified user: android.app.ContextImpl.stopService:1686 android.content.ContextWrapper.stopService:679 com.qihoo.qvssdk.AntivirusEngineImpl.uninstall:41 com.qihoo.qvssdk.AntivirusProviderImpl.uninstall:40 com.huawei.securitycenter.antivirus.newengine.b$c.ST:7 
07-09 19:10:21.913 I/chatty  ( 1709): uid=1000(system) MobileQosDetect expire 7 lines
07-09 19:10:24.095 I/chatty  ( 1709): uid=1000(system) monitor thread expire 5 lines
07-09 19:10:26.064 W/HwApsManager(27412): HwApsManagerService, registerCallback, start !
07-09 19:10:27.474 I/chatty  ( 1709): uid=1000(system) Binder:1709_19 expire 11 lines
07-09 19:10:27.507 I/chatty  ( 1709): uid=1000(system) Binder:1709_1 expire 4 lines
07-09 19:10:28.107 I/storaged(  910): storaged_t::event: storage_info refreshed.
07-09 19:10:28.312 I/BoosterSwitchP( 2931): notifyUidState do nothing
07-09 19:10:28.312 I/DeepNoDisturbP( 2931): notifyUidState
07-09 19:10:28.312 I/BrowserChrP( 2931): notifyUidState
07-09 19:10:29.506 I/BoosterSwitchP( 2931): notifyUidState do nothing
07-09 19:10:29.506 I/DeepNoDisturbP( 2931): notifyUidState
07-09 19:10:29.506 I/BrowserChrP( 2931): notifyUidState
07-09 19:10:29.951 I/chatty  ( 1709): uid=1000(system) Binder:1709_1C expire 10 lines
07-09 19:10:30.484 I/chatty  ( 1709): uid=1000(system) Binder:1709_D expire 11 lines
07-09 19:10:36.191 I/chatty  ( 1709): uid=1000(system) UEventObserver expire 7 lines
07-09 19:10:42.478 I/chatty  ( 1709): uid=1000(system) ActivityManager expire 1 line
07-09 19:10:42.479 I/chatty  ( 1709): uid=1000(system) MultiTaskManage expire 1 line
07-09 19:10:42.501 D/ActivityThread(27663): Attach thread to application
07-09 19:10:42.536 I/chatty  ( 1709): uid=1000(system) Binder:1709_D expire 17 lines
07-09 19:10:42.650 I/chatty  ( 1709): uid=1000(system) Binder:1709_1C expire 3 lines
07-09 19:10:42.651 I/chatty  ( 1709): uid=1000 system_server expire 6 lines
07-09 19:10:42.653 I/chatty  ( 1709): uid=1000 system_server expire 6 lines
07-09 19:10:42.673 I/chatty  ( 1709): uid=1000 system_server expire 5 lines
07-09 19:10:48.310 I/chatty  ( 1709): uid=1000(system) Binder:1709_D expire 27 lines
07-09 19:10:48.349 D/ActivityThread( 5848): Won't deliver top position change in state=5
07-09 19:10:48.357 I/chatty  ( 1709): uid=1000(system) Binder:1709_19 expire 1 line
07-09 19:10:48.358 I/chatty  ( 1709): uid=1000(system) HwGameAssistant expire 3 lines
07-09 19:10:48.371 I/chatty  ( 1709): uid=1000(system) Binder:1709_1 expire 1 line
07-09 19:10:48.381 I/chatty  ( 1709): uid=1000(system) android.anim expire 52 lines
07-09 19:10:48.383 I/chatty  ( 1709): uid=1000 system_server expire 1 line
07-09 19:10:48.385 I/chatty  ( 1709): uid=1000(system) Binder:1709_1C expire 6 lines
07-09 19:10:48.387 I/HwCoreAppHelperService( 2931): LocalReceiver receives:android.intent.action.PACKAGE_RESTARTED,pkg:cn.carbs.wricheditor,uid:11189
07-09 19:10:48.400 I/chatty  ( 1709): uid=1000(system) android.ui expire 11 lines
07-09 19:10:48.401 I/chatty  ( 1709): uid=1000(system) Binder:1709_3 expire 33 lines
07-09 19:10:48.401 I/HwNetworkPolicyManager( 2810): getHwUidPolicy uid = 10093 policy = 0
07-09 19:10:48.401 I/HidataAppQoeP( 2931): foregroundUidRemove uid: 11189 name: cn.carbs.wricheditor
07-09 19:10:48.405 I/BoosterSwitchP( 2931): notifyUidState do nothing
07-09 19:10:48.405 I/DeepNoDisturbP( 2931): notifyUidState
07-09 19:10:48.405 I/BrowserChrP( 2931): notifyUidState
07-09 19:10:48.405 I/chatty  ( 1709): uid=1000(system) Binder:1709_16 expire 18 lines
07-09 19:10:48.406 I/BoosterSwitchP( 2931): notifyUidState do nothing
07-09 19:10:48.406 I/DeepNoDisturbP( 2931): notifyUidState
07-09 19:10:48.406 I/BrowserChrP( 2931): notifyUidState
07-09 19:10:48.409 I/chatty  ( 1709): uid=1000(system) sManagerService expire 4 lines
07-09 19:10:48.410 I/SmartDualCardConfig( 2931): getAppType,pkgName=cn.carbs.wricheditor,appType=-1
07-09 19:10:48.410 I/chatty  ( 1709): uid=1000(system) HwActivityTaskM expire 8 lines
07-09 19:10:48.411 I/chatty  ( 1709): uid=1000(system) Thread-8 expire 7 lines
07-09 19:10:48.412 E/SmartDualCardConfig( 2931): isAppInBlackList false,items==null
07-09 19:10:48.412 I/SmartDualCardConfig( 2931): isAppInWhiteList false,uid=11189
07-09 19:10:48.412 I/NetworkQoeChr( 2931): checkForegroundApp timer start
07-09 19:10:48.415 I/SmartDualCardConfig( 2931): getAppType,pkgName=com.huawei.android.launcher,appType=28
07-09 19:10:48.415 E/SmartDualCardConfig( 2931): isAppInBlackList false,items==null
07-09 19:10:48.415 I/SmartDualCardConfig( 2931): isAppInWhiteList false,uid=10093
07-09 19:10:48.416 I/chatty  ( 1709): uid=1000(system) android.display expire 9 lines
07-09 19:10:48.501 I/HwCommandQueue( 2645): updateBarBgColor
07-09 19:10:48.501 D/HwCommandQueue( 2645): CommandQueue, setBarBackgroundColor
07-09 19:10:48.686 I/chatty  ( 1709): uid=1000(system) PackageInstalle expire 14 lines
07-09 19:10:48.705 D/ActivityThread(22584): Remove activity client record, r= ActivityRecord{cd6b588 token=android.os.BinderProxy@5d1d9ed {com.android.packageinstaller/com.android.packageinstaller.InstallSuccess}} token= android.os.BinderProxy@5d1d9ed
07-09 19:10:48.705 I/chatty  ( 1709): uid=1000(system) Binder:1709_A expire 23 lines
07-09 19:10:48.705 I/BoosterSwitchP( 2931): notifyUidState do nothing
07-09 19:10:48.706 I/DeepNoDisturbP( 2931): notifyUidState
07-09 19:10:48.706 I/BrowserChrP( 2931): notifyUidState
07-09 19:10:48.706 I/chatty  ( 1709): uid=1000(system) Binder:1709_1F expire 8 lines
07-09 19:10:48.712 I/HwNetworkPolicyManager( 2810): getHwUidPolicy uid = 10040 policy = 0
07-09 19:10:48.722 V/ActivityThread(22584): callActivityOnCreate
07-09 19:10:48.726 I/chatty  ( 1709): uid=1000(system) Binder:1709_E expire 2 lines
07-09 19:10:48.734 I/BoosterSwitchP( 2931): notifyUidState do nothing
07-09 19:10:48.734 I/DeepNoDisturbP( 2931): notifyUidState
07-09 19:10:48.734 I/BrowserChrP( 2931): notifyUidState
07-09 19:10:48.744 D/ActivityThread(22584): add activity client record, r= ActivityRecord{d11d0ef token=android.os.BinderProxy@8e206a3 {com.android.packageinstaller/com.android.packageinstaller.InstallStart}} token= android.os.BinderProxy@8e206a3
07-09 19:10:48.749 I/chatty  ( 1709): uid=1000(system) Binder:1709_4 expire 12 lines
07-09 19:10:48.752 I/HidataAppQoeP( 2931): foregroundUidAdd uid: 10040 name: com.android.packageinstaller activity state: true
07-09 19:10:48.754 E/BoosterUtil( 2931): convertSubIdToSlotId failed, subId:0, slotId:-1
07-09 19:10:48.754 E/BoosterUtil( 2931): getDefaultDataSlotId failed, invalid slotId:-1, subId:0
07-09 19:10:48.754 I/NetworkQoeChr( 2931): checkForegroundApp timer end
07-09 19:10:48.754 I/SmartDualCardConfig( 2931): getAppType,pkgName=com.android.packageinstaller,appType=255
07-09 19:10:48.754 E/SmartDualCardConfig( 2931): isAppInBlackList false,items==null
07-09 19:10:48.754 I/SmartDualCardConfig( 2931): isAppInWhiteList false,uid=10040
07-09 19:10:48.757 I/BoosterSwitchP( 2931): notifyUidState do nothing
07-09 19:10:48.757 I/DeepNoDisturbP( 2931): notifyUidState
07-09 19:10:48.757 I/BrowserChrP( 2931): notifyUidState
07-09 19:10:48.776 V/ActivityThread(22584): callActivityOnCreate
07-09 19:10:48.790 D/ActivityThread(22584): add activity client record, r= ActivityRecord{88dea11 token=android.os.BinderProxy@bceee7 {com.android.packageinstaller/com.android.packageinstaller.PackageInstallerActivity}} token= android.os.BinderProxy@bceee7
07-09 19:10:48.798 D/RtgSched( 5848): resetRtgSchedHandle failed enable:0
07-09 19:10:49.133 I/SmartDualCardConfig( 2931): getAppType,pkgName=com.huawei.android.launcher,appType=28
07-09 19:10:49.133 E/SmartDualCardConfig( 2931): isAppInBlackList false,items==null
07-09 19:10:49.133 I/SmartDualCardConfig( 2931): isAppInWhiteList false,uid=10093
07-09 19:10:49.164 I/BoosterSwitchP( 2931): notifyUidState do nothing
07-09 19:10:49.164 I/DeepNoDisturbP( 2931): notifyUidState
07-09 19:10:49.164 I/BrowserChrP( 2931): notifyUidState
07-09 19:10:49.237 D/ActivityThread(22584): Remove activity client record, r= ActivityRecord{d11d0ef token=android.os.BinderProxy@8e206a3 {com.android.packageinstaller/com.android.packageinstaller.InstallStart}} token= android.os.BinderProxy@8e206a3
07-09 19:10:49.942 I/chatty  ( 1709): uid=1000(system) MobileQosDetect expire 1 line
07-09 19:10:50.331 I/HwCommandQueue( 2645): updateBarBgColor
07-09 19:10:50.331 D/HwCommandQueue( 2645): CommandQueue, setBarBackgroundColor
07-09 19:10:50.336 I/chatty  ( 1709): uid=1000(system) Binder:1709_18 expire 4 lines
07-09 19:10:51.165 I/chatty  ( 1709): uid=1000(system) ActivityManager expire 1 line
07-09 19:10:51.165 I/chatty  ( 1709): uid=1000(system) MultiTaskManage expire 1 line
07-09 19:10:51.179 D/ActivityThread(27762): Attach thread to application
07-09 19:10:51.237 I/chatty  ( 1709): uid=1000(system) HwActivityTaskM expire 4 lines
07-09 19:10:51.237 I/chatty  ( 1709): uid=1000(system) HwGameAssistant expire 1 line
07-09 19:10:51.238 I/chatty  ( 1709): uid=1000(system) android.display expire 3 lines
07-09 19:10:51.239 I/chatty  ( 1709): uid=1000(system) Thread-8 expire 4 lines
07-09 19:10:51.240 I/chatty  ( 1709): uid=1000(system) android.anim expire 33 lines
07-09 19:10:51.243 V/ActivityThread(22584): callActivityOnCreate
07-09 19:10:51.255 D/ActivityThread(22584): add activity client record, r= ActivityRecord{b47ee3b token=android.os.BinderProxy@2286809 {com.android.packageinstaller/com.android.packageinstaller.InstallInstalling}} token= android.os.BinderProxy@2286809
07-09 19:10:51.268 I/chatty  ( 1709): uid=1000(system) android.ui expire 3 lines
07-09 19:10:51.272 I/chatty  ( 1709): uid=1000(system) Binder:1709_16 expire 6 lines
07-09 19:10:51.294 I/chatty  ( 1709): uid=1000(system) Binder:1709_A expire 7 lines
07-09 19:10:51.313 D/ActivityThread(22584): Remove activity client record, r= ActivityRecord{88dea11 token=android.os.BinderProxy@bceee7 {com.android.packageinstaller/com.android.packageinstaller.PackageInstallerActivity}} token= android.os.BinderProxy@bceee7
07-09 19:10:51.317 I/chatty  ( 1709): uid=1000(system) PackageManager expire 170 lines
07-09 19:10:51.321 I/chatty  ( 1709): uid=1000(system) ActivityManager expire 1 line
07-09 19:10:51.618 I/chatty  ( 1709): uid=1000(system) PackageInstalle expire 1 line
07-09 19:10:51.619 I/chatty  ( 1709): uid=1000(system) Binder:1709_D expire 11 lines
07-09 19:10:51.635 V/ActivityThread(22584): callActivityOnCreate
07-09 19:10:51.647 D/ActivityThread(22584): add activity client record, r= ActivityRecord{bb22534 token=android.os.BinderProxy@7d7e9b3 {com.android.packageinstaller/com.android.packageinstaller.InstallSuccess}} token= android.os.BinderProxy@7d7e9b3
07-09 19:10:51.655 I/chatty  ( 1709): uid=1000(system) Binder:1709_15 expire 3 lines
07-09 19:10:51.661 I/chatty  ( 1709): uid=1000(system) Binder:1709_C expire 3 lines
07-09 19:10:51.674 I/chatty  ( 1709): uid=1000(system) android.bg expire 1 line
07-09 19:10:51.686 I/chatty  ( 1709): uid=1000(system) Binder:1709_F expire 1 line
07-09 19:10:51.690 I/chatty  ( 1709): uid=1000(system) Binder:1709_13 expire 3 lines
07-09 19:10:51.692 I/chatty  ( 1709): uid=1000(system) Binder:1709_18 expire 1 line
07-09 19:10:51.698 I/chatty  ( 1709): uid=1000(system) android.ui expire 4 lines
07-09 19:10:51.698 I/chatty  ( 1709): uid=1000(system) Binder:1709_B expire 8 lines
07-09 19:10:51.702 D/ActivityThread(22584): Remove activity client record, r= ActivityRecord{b47ee3b token=android.os.BinderProxy@2286809 {com.android.packageinstaller/com.android.packageinstaller.InstallInstalling}} token= android.os.BinderProxy@2286809
07-09 19:10:51.706 I/chatty  ( 1709): uid=1000(system) Binder:1709_E expire 1 line
07-09 19:10:51.708 I/chatty  ( 1709): uid=1000 system_server expire 11 lines
07-09 19:10:51.708 I/chatty  ( 1709): uid=1000(system) Binder:1709_3 expire 81 lines
07-09 19:10:51.731 I/chatty  ( 1709): uid=1000(system) Binder:1709_1 expire 11 lines
07-09 19:10:51.736 I/chatty  ( 1709): uid=1000(system) Binder:1709_F expire 4 lines
07-09 19:10:51.741 I/chatty  ( 1709): uid=1000(system) Binder:1709_1B expire 12 lines
07-09 19:10:51.745 I/chatty  ( 1709): uid=1000(system) HwActivityTaskM expire 5 lines
07-09 19:10:51.755 I/chatty  ( 1709): uid=1000(system) android.display expire 8 lines
07-09 19:10:51.756 I/chatty  ( 1709): uid=1000(system) Binder:1709_D expire 1 line
07-09 19:10:51.761 I/chatty  ( 1709): uid=1000(system) Binder:1709_4 expire 8 lines
07-09 19:10:51.761 I/chatty  ( 1709): uid=1000(system) Thread-8 expire 4 lines
07-09 19:10:51.761 I/BoosterGameP( 2931): handleStateChanged reason=12
07-09 19:10:51.765 I/chatty  ( 1709): uid=1000(system) android.bg expire 11 lines
07-09 19:10:51.766 I/chatty  ( 1709): uid=1000(system) android.anim expire 22 lines
07-09 19:10:51.766 E/BoosterUtil( 2931): convertSubIdToSlotId failed, subId:0, slotId:-1
07-09 19:10:51.766 E/BoosterUtil( 2931): getDefaultDataSlotId failed, invalid slotId:-1, subId:0
07-09 19:10:51.766 I/BoosterVideoP( 2931): handleStateChanged reason=12
07-09 19:10:51.767 E/BoosterUtil( 2931): convertSubIdToSlotId failed, subId:0, slotId:-1
07-09 19:10:51.767 E/BoosterUtil( 2931): getDefaultDataSlotId failed, invalid slotId:-1, subId:0
07-09 19:10:51.767 I/BoosterSwitchP( 2931): handleStateChanged reason=12
07-09 19:10:51.768 E/BoosterUtil( 2931): convertSubIdToSlotId failed, subId:0, slotId:-1
07-09 19:10:51.768 E/BoosterUtil( 2931): getDefaultDataSlotId failed, invalid slotId:-1, subId:0
07-09 19:10:51.772 E/BoosterUtil( 2931): convertSubIdToSlotId failed, subId:0, slotId:-1
07-09 19:10:51.772 E/BoosterUtil( 2931): getDefaultDataSlotId failed, invalid slotId:-1, subId:0
07-09 19:10:51.772 I/DeepNoDisturbP( 2931): handleStateChanged reason=12
07-09 19:10:51.774 W/ContextImpl( 2685): Calling a method in the system process without a qualified user: android.app.ContextImpl.startService:1674 android.content.ContextWrapper.startService:669 android.content.ContextWrapper.startService:669 com.android.settings.applications.BlackListReceiver.onReceive:45 android.app.ActivityThread.handleReceiver:4462 
07-09 19:10:51.775 E/BoosterUtil( 2931): convertSubIdToSlotId failed, subId:0, slotId:-1
07-09 19:10:51.775 E/BoosterUtil( 2931): getDefaultDataSlotId failed, invalid slotId:-1, subId:0
07-09 19:10:51.779 E/BoosterUtil( 2931): convertSubIdToSlotId failed, subId:0, slotId:-1
07-09 19:10:51.779 E/BoosterUtil( 2931): getDefaultDataSlotId failed, invalid slotId:-1, subId:0
07-09 19:10:51.779 I/HidataAppQoeP( 2931): handleStateChanged reason=12
07-09 19:10:51.779 I/chatty  ( 1709): uid=1000(system) Binder:1709_1D expire 7 lines
07-09 19:10:51.783 E/BoosterUtil( 2931): convertSubIdToSlotId failed, subId:0, slotId:-1
07-09 19:10:51.783 E/BoosterUtil( 2931): getDefaultDataSlotId failed, invalid slotId:-1, subId:0
07-09 19:10:51.783 I/PreDnsQuery( 2931): handleStateChanged reason=12
07-09 19:10:51.783 I/chatty  ( 1709): uid=1000(system) Binder:1709_5 expire 2 lines
07-09 19:10:51.785 E/BoosterUtil( 2931): convertSubIdToSlotId failed, subId:0, slotId:-1
07-09 19:10:51.785 E/BoosterUtil( 2931): getDefaultDataSlotId failed, invalid slotId:-1, subId:0
07-09 19:10:51.785 I/PreDnsQuery( 2931): No need to handled!
07-09 19:10:51.785 I/BrowserChrP( 2931): handleStateChanged
07-09 19:10:51.816 I/HwKeystoreServiceImpl( 2931): package removed for update, packageName:cn.carbs.wricheditor appId:11189
07-09 19:10:51.826 I/chatty  ( 1709): uid=1000(system) ActivityManager expire 8 lines
07-09 19:10:51.842 I/chatty  ( 1709): uid=1000(system) ActivityManager expire 2 lines
07-09 19:10:51.843 I/chatty  ( 1709): uid=1000(system) MultiTaskManage expire 2 lines
07-09 19:10:51.877 D/ActivityThread(27860): Attach thread to application
07-09 19:10:51.888 W/ContextImpl( 3304): Calling a method in the system process without a qualified user: android.app.ContextImpl.bindService:1753 android.content.ContextWrapper.bindService:705 com.huawei.securityserver.ConnectRemoteServiceManager.connectRemoteService:131 com.huawei.securityserver.HandlerManager.bindService:89 com.huawei.securityserver.HandlerManager.access$000:20 
07-09 19:10:51.892 D/ActivityThread(27831): Attach thread to application
07-09 19:10:51.893 I/chatty  ( 1709): uid=1000(system) android.fg expire 2 lines
07-09 19:10:51.898 I/chatty  ( 1709): uid=1000(system) Binder:1709_13 expire 5 lines
07-09 19:10:51.900 I/chatty  ( 1709): uid=1000(system) HwGameAssistant expire 1 line
07-09 19:10:51.904 I/chatty  ( 1709): uid=1000(system) Binder:1709_16 expire 8 lines
07-09 19:10:51.910 I/chatty  ( 1709): uid=1000(system) sManagerService expire 4 lines
07-09 19:10:51.912 D/RtgSched(22584): resetRtgSchedHandle failed enable:0
07-09 19:10:51.912 I/BoosterSwitchP( 2931): notifyUidState do nothing
07-09 19:10:51.912 I/DeepNoDisturbP( 2931): notifyUidState
07-09 19:10:51.912 I/BrowserChrP( 2931): notifyUidState
07-09 19:10:51.914 I/HwNetworkPolicyManager( 2810): getHwUidPolicy uid = 11189 policy = 0
07-09 19:10:51.990 V/ActivityThread(27831): callActivityOnCreate
07-09 19:10:52.014 I/SmartDualCardConfig( 2931): onPackageInstallStateUpdate uid=11189,appName=cn.carbs.wricheditor,packageAddFlag=0
07-09 19:10:52.056 D/ActivityThread(27831): add activity client record, r= ActivityRecord{e734999 token=android.os.BinderProxy@e2d106d {cn.carbs.wricheditor/cn.carbs.wricheditor.MainActivity}} token= android.os.BinderProxy@e2d106d
07-09 19:10:52.071 I/HidataAppQoeP( 2931): foregroundUidAdd uid: 11189 name: cn.carbs.wricheditor activity state: true
07-09 19:10:52.072 E/BoosterUtil( 2931): convertSubIdToSlotId failed, subId:0, slotId:-1
07-09 19:10:52.072 E/BoosterUtil( 2931): getDefaultDataSlotId failed, invalid slotId:-1, subId:0
07-09 19:10:52.073 I/NetworkQoeChr( 2931): checkForegroundApp timer end
07-09 19:10:52.073 I/SmartDualCardConfig( 2931): getAppType,pkgName=cn.carbs.wricheditor,appType=-1
07-09 19:10:52.073 E/SmartDualCardConfig( 2931): isAppInBlackList false,items==null
07-09 19:10:52.073 I/SmartDualCardConfig( 2931): isAppInWhiteList false,uid=11189
07-09 19:10:52.089 I/HwCommandQueue( 2645): updateBarBgColor
07-09 19:10:52.089 D/HwCommandQueue( 2645): CommandQueue, setBarBackgroundColor
07-09 19:10:52.115 I/PreDnsQuery( 2931): onReceive: intent = android.intent.action.PACKAGE_REMOVED
07-09 19:10:52.140 W/ContextImpl( 3013): Calling a method in the system process without a qualified user: android.app.ContextImpl.startService:1674 android.content.ContextWrapper.startService:669 android.content.ContextWrapper.startService:669 com.huawei.nb.receiver.AppDataClearBroadcastReceiver$1.run:67 com.huawei.nb.scheduler.a.b.run:55 
07-09 19:10:52.144 W/ContextImpl( 3013): Calling a method in the system process without a qualified user: android.app.ContextImpl.bindService:1753 android.content.ContextWrapper.bindService:705 com.huawei.nb.client.RemoteServiceConnection.open:132 com.huawei.nb.client.Proxy.connect:172 com.huawei.nb.client.DualProxy.connect:72 
07-09 19:10:52.148 I/chatty  ( 1709): uid=1000(system) Binder:1709_9 expire 1 line
07-09 19:10:52.151 W/ContextImpl(23097): Calling a method in the system process without a qualified user: android.app.ContextImpl.startService:1674 android.content.ContextWrapper.startService:669 android.content.ContextWrapper.startService:669 com.huawei.securitycenter.antivirus.utils.c.s:44 com.huawei.securitycenter.antivirus.AntiVirusReceiver.q:11 
07-09 19:10:52.153 W/ContextImpl( 3013): Calling a method in the system process without a qualified user: android.app.ContextImpl.bindService:1753 android.content.ContextWrapper.bindService:705 com.huawei.nb.client.RemoteServiceConnection.open:132 com.huawei.nb.client.Proxy.connect:172 com.huawei.nb.client.DualProxy.access$101:28 
07-09 19:10:52.157 I/BoosterGameP( 2931): handleStateChanged reason=12
07-09 19:10:52.158 E/BoosterUtil( 2931): convertSubIdToSlotId failed, subId:0, slotId:-1
07-09 19:10:52.158 E/BoosterUtil( 2931): getDefaultDataSlotId failed, invalid slotId:-1, subId:0
07-09 19:10:52.158 I/BoosterVideoP( 2931): handleStateChanged reason=12
07-09 19:10:52.159 E/BoosterUtil( 2931): convertSubIdToSlotId failed, subId:0, slotId:-1
07-09 19:10:52.159 E/BoosterUtil( 2931): getDefaultDataSlotId failed, invalid slotId:-1, subId:0
07-09 19:10:52.159 I/BoosterSwitchP( 2931): handleStateChanged reason=12
07-09 19:10:52.161 E/BoosterUtil( 2931): convertSubIdToSlotId failed, subId:0, slotId:-1
07-09 19:10:52.161 E/BoosterUtil( 2931): getDefaultDataSlotId failed, invalid slotId:-1, subId:0
07-09 19:10:52.162 E/BoosterUtil( 2931): convertSubIdToSlotId failed, subId:0, slotId:-1
07-09 19:10:52.162 E/BoosterUtil( 2931): getDefaultDataSlotId failed, invalid slotId:-1, subId:0
07-09 19:10:52.162 I/DeepNoDisturbP( 2931): handleStateChanged reason=12
07-09 19:10:52.178 E/BoosterUtil( 2931): convertSubIdToSlotId failed, subId:0, slotId:-1
07-09 19:10:52.179 E/BoosterUtil( 2931): getDefaultDataSlotId failed, invalid slotId:-1, subId:0
07-09 19:10:52.179 E/BoosterUtil( 2931): convertSubIdToSlotId failed, subId:0, slotId:-1
07-09 19:10:52.179 E/BoosterUtil( 2931): getDefaultDataSlotId failed, invalid slotId:-1, subId:0
07-09 19:10:52.179 I/HidataAppQoeP( 2931): handleStateChanged reason=12
07-09 19:10:52.180 E/BoosterUtil( 2931): convertSubIdToSlotId failed, subId:0, slotId:-1
07-09 19:10:52.180 E/BoosterUtil( 2931): getDefaultDataSlotId failed, invalid slotId:-1, subId:0
07-09 19:10:52.180 I/PreDnsQuery( 2931): handleStateChanged reason=12
07-09 19:10:52.181 E/BoosterUtil( 2931): convertSubIdToSlotId failed, subId:0, slotId:-1
07-09 19:10:52.181 E/BoosterUtil( 2931): getDefaultDataSlotId failed, invalid slotId:-1, subId:0
07-09 19:10:52.181 I/PreDnsQuery( 2931): No need to handled!
07-09 19:10:52.181 I/BrowserChrP( 2931): handleStateChanged
07-09 19:10:52.191 I/chatty  ( 1709): uid=1000(system) Binder:1709_1F expire 4 lines
07-09 19:10:52.202 I/HidataAppQoeP( 2931): foregroundUidRemove uid: 10040 name: com.android.packageinstaller
07-09 19:10:52.203 I/SmartDualCardConfig( 2931): getAppType,pkgName=com.android.packageinstaller,appType=255
07-09 19:10:52.203 E/SmartDualCardConfig( 2931): isAppInBlackList false,items==null
07-09 19:10:52.203 I/SmartDualCardConfig( 2931): isAppInWhiteList false,uid=10040
07-09 19:10:52.206 W/ContextImpl( 2685): Calling a method in the system process without a qualified user: android.app.ContextImpl.startService:1674 android.content.ContextWrapper.startService:669 android.content.ContextWrapper.startService:669 com.android.settings.applications.BlackListReceiver.onReceive:45 android.app.ActivityThread.handleReceiver:4462 
07-09 19:10:52.213 I/BoosterSwitchP( 2931): notifyUidState do nothing
07-09 19:10:52.213 I/DeepNoDisturbP( 2931): notifyUidState
07-09 19:10:52.213 I/BrowserChrP( 2931): notifyUidState
07-09 19:10:52.247 W/ContextImpl(23097): Calling a method in the system process without a qualified user: android.app.ContextImpl.startService:1674 android.content.ContextWrapper.startService:669 android.content.ContextWrapper.startService:669 com.huawei.securitycenter.antivirus.utils.c.r:73 com.huawei.securitycenter.antivirus.AntiVirusReceiver.onReceive:46 
07-09 19:10:52.248 W/ContextImpl( 2810): Calling a method in the system process without a qualified user: android.app.ContextImpl.startService:1674 android.content.ContextWrapper.startService:669 com.huawei.securitycenter.antivirus.AntiVirusService.s:33 com.huawei.securitycenter.antivirus.AntiVirusService.onStartCommand:72 android.app.ActivityThread.handleServiceArgs:4776 
07-09 19:10:52.251 W/ContextImpl(23191): Calling a method in the system process without a qualified user: android.app.ContextImpl.bindService:1753 android.content.ContextWrapper.bindService:705 com.qihoo.qvssdk.AntivirusEngineImpl.install:44 com.qihoo.qvssdk.AntivirusProviderImpl.install:213 com.huawei.securitycenter.antivirus.newengine.b$c.call:118 
07-09 19:10:52.277 W/ContextImpl( 2685): Calling a method in the system process without a qualified user: android.app.ContextImpl.startService:1674 android.content.ContextWrapper.startService:669 android.content.ContextWrapper.startService:669 com.android.settings.applications.BlackListReceiver.onReceive:45 android.app.ActivityThread.handleReceiver:4462 
07-09 19:10:52.303 I/SmartDualCardConfig( 2931): onPackageInstallStateUpdate uid=11189,appName=cn.carbs.wricheditor,packageAddFlag=1
07-09 19:10:52.351 E/SmartDualCardConfig( 2931): getApkConfig fail,end
07-09 19:10:52.351 I/SmartDualCardConfig( 2931): isAppInXml,return false
07-09 19:10:52.351 E/SmartDualCardConfig( 2931): onPackageInstallStateUpdate fail
07-09 19:10:52.383 I/PreDnsQuery( 2931): onReceive: intent = android.intent.action.PACKAGE_ADDED
07-09 19:10:52.670 W/ContextImpl( 2810): Calling a method in the system process without a qualified user: android.app.ContextImpl.startService:1674 android.content.ContextWrapper.startService:669 com.huawei.systemmanager.spacecleanner.receiver.SpaceCleanReceiver.T:65 com.huawei.systemmanager.spacecleanner.receiver.SpaceCleanReceiver.doInBackground:89 java.lang.reflect.Method.invoke:-2 
07-09 19:10:53.261 W/ContextImpl(23191): Calling a method in the system process without a qualified user: android.app.ContextImpl.stopService:1686 android.content.ContextWrapper.stopService:679 com.qihoo.qvssdk.AntivirusEngineImpl.uninstall:41 com.qihoo.qvssdk.AntivirusProviderImpl.uninstall:40 com.huawei.securitycenter.antivirus.newengine.b$c.ST:7 
07-09 19:10:53.516 W/ContextImpl( 2810): Calling a method in the system process without a qualified user: android.app.ContextImpl.startService:1674 android.content.ContextWrapper.startService:669 com.huawei.systemmanager.spacecleanner.receiver.SpaceCleanReceiver.T:65 com.huawei.systemmanager.spacecleanner.receiver.SpaceCleanReceiver.doInBackground:89 java.lang.reflect.Method.invoke:-2 
07-09 19:10:53.557 I/chatty  ( 1709): uid=1000(system) Binder:1709_C expire 10 lines
07-09 19:10:54.097 I/chatty  ( 1709): uid=1000(system) monitor thread expire 2 lines
07-09 19:10:57.141 W/HwApsManager(27831): HwApsManagerService, registerCallback, start !
07-09 19:10:57.957 I/chatty  ( 1709): uid=1000(system) MobileQosDetect expire 1 line
07-09 19:10:59.441 I/chatty  ( 1709): uid=1000(system) Binder:1709_6 expire 10 lines
07-09 19:10:59.467 I/chatty  ( 1709): uid=1000(system) Binder:1709_A expire 10 lines
07-09 19:11:01.258 I/BoosterSwitchP( 2931): notifyUidState do nothing
07-09 19:11:01.258 I/DeepNoDisturbP( 2931): notifyUidState
07-09 19:11:01.258 I/BrowserChrP( 2931): notifyUidState
07-09 19:11:02.339 I/BoosterSwitchP( 2931): notifyUidState do nothing
07-09 19:11:02.339 I/DeepNoDisturbP( 2931): notifyUidState
07-09 19:11:02.339 I/BrowserChrP( 2931): notifyUidState
07-09 19:11:03.916 I/chatty  ( 1709): uid=1000(system) Binder:1709_1F expire 13 lines
07-09 19:11:04.699 I/chatty  ( 1709): uid=1000(system) Binder:1709_C expire 8 lines
07-09 19:11:05.962 I/chatty  ( 1709): uid=1000(system) MobileQosDetect expire 9 lines
07-09 19:11:06.098 I/chatty  ( 1709): uid=1000(system) monitor thread expire 8 lines
07-09 19:11:06.712 I/chatty  ( 1709): uid=1000 system_server expire 4 lines
07-09 19:11:06.908 I/chatty  ( 1709): uid=1000(system) UEventObserver expire 14 lines
07-09 19:11:07.173 I/chatty  ( 1709): uid=1000(system) Binder:1709_F expire 14 lines
07-09 19:11:08.775 I/chatty  ( 1709): uid=1000(system) ActivityManager expire 1 line
07-09 19:11:16.049 I/chatty  ( 1709): uid=1000(system) Binder:1709_6 expire 25 lines
07-09 19:11:20.551 I/chatty  ( 1709): uid=1000(system) InputDispatcher expire 6 lines
07-09 19:11:20.599 I/chatty  ( 1709): uid=1000(system) android.ui expire 6 lines
07-09 19:11:20.715 I/chatty  ( 1709): uid=1000(system) android.anim expire 30 lines
07-09 19:11:20.754 I/chatty  ( 1709): uid=1000(system) HwGameAssistant expire 3 lines
07-09 19:11:20.762 D/ActivityThread(22584): Won't deliver top position change in state=5
07-09 19:11:20.767 I/chatty  ( 1709): uid=1000(system) android.display expire 9 lines
07-09 19:11:20.767 I/chatty  ( 1709): uid=1000(system) HwActivityTaskM expire 8 lines
07-09 19:11:20.768 I/chatty  ( 1709): uid=1000(system) Thread-8 expire 7 lines
07-09 19:11:20.777 I/HidataAppQoeP( 2931): foregroundUidAdd uid: 10040 name: com.android.packageinstaller activity state: true
07-09 19:11:20.780 E/BoosterUtil( 2931): convertSubIdToSlotId failed, subId:0, slotId:-1
07-09 19:11:20.780 E/BoosterUtil( 2931): getDefaultDataSlotId failed, invalid slotId:-1, subId:0
07-09 19:11:20.780 I/NetworkQoeChr( 2931): checkForegroundApp timer end
07-09 19:11:20.781 I/SmartDualCardConfig( 2931): getAppType,pkgName=com.android.packageinstaller,appType=255
07-09 19:11:20.781 E/SmartDualCardConfig( 2931): isAppInBlackList false,items==null
07-09 19:11:20.781 I/SmartDualCardConfig( 2931): isAppInWhiteList false,uid=10040
07-09 19:11:20.783 I/BoosterSwitchP( 2931): notifyUidState do nothing
07-09 19:11:20.783 I/DeepNoDisturbP( 2931): notifyUidState
07-09 19:11:20.783 I/BrowserChrP( 2931): notifyUidState
07-09 19:11:20.783 I/chatty  ( 1709): uid=1000(system) Binder:1709_A expire 8 lines
07-09 19:11:20.784 I/HwNetworkPolicyManager( 2810): getHwUidPolicy uid = 10040 policy = 0
07-09 19:11:20.794 I/chatty  ( 1709): uid=1000(system) sManagerService expire 6 lines
07-09 19:11:20.795 I/HwCommandQueue( 2645): updateBarBgColor
07-09 19:11:20.795 D/HwCommandQueue( 2645): CommandQueue, setBarBackgroundColor
07-09 19:11:20.795 D/RtgSched(27831): resetRtgSchedHandle failed enable:0
07-09 19:11:20.897 D/ActivityThread( 5848): Won't deliver top position change in state=5
07-09 19:11:20.907 I/BoosterSwitchP( 2931): notifyUidState do nothing
07-09 19:11:20.907 I/DeepNoDisturbP( 2931): notifyUidState
07-09 19:11:20.907 I/BrowserChrP( 2931): notifyUidState
07-09 19:11:20.910 I/HwNetworkPolicyManager( 2810): getHwUidPolicy uid = 10093 policy = 0
07-09 19:11:20.911 I/chatty  ( 1709): uid=1000(system) Binder:1709_1F expire 12 lines
07-09 19:11:20.918 I/NetworkQoeChr( 2931): checkForegroundApp timer start
07-09 19:11:20.918 I/SmartDualCardConfig( 2931): getAppType,pkgName=com.huawei.android.launcher,appType=28
07-09 19:11:20.918 E/SmartDualCardConfig( 2931): isAppInBlackList false,items==null
07-09 19:11:20.918 I/SmartDualCardConfig( 2931): isAppInWhiteList false,uid=10093
