07-09 19:14:56.592 D/qqq     (27831): getEditableText().length() : 0  isCursorAutoChange : true
07-09 19:14:56.595 D/qwer    (27831): onTextChanged hint : null  mTextChangeValid : false
07-09 19:14:56.595 D/qwe     (27831): WRichEditorWrapperView init mRichType : NONE
07-09 19:14:56.596 D/ppp     (27831): scroll addRichCell
07-09 19:14:56.596 D/ppp     (27831): editor setWRichEditorView mWRichEditorView == null ? false
07-09 19:14:56.596 D/ppp     (27831): editor setWRichEditorView mWRichEditorView == null ? false
07-09 19:14:56.612 I/netd    (  662): trafficSwapActiveStatsMap() <12.50ms>
07-09 19:14:56.652 E/WifiHAL (  717): enter wifi_get_link_stats
07-09 19:14:56.658 I/aptouch_daemon(  820): filter_touch_detect, down, in: 1, out: 1
07-09 19:14:56.668 W/PhoneInterfaceManager( 3329): shouldBlockLocation running ...
07-09 19:14:56.668 I/PhoneInterfaceManager( 3329): shouldBlockLocation  ret:false
07-09 19:14:56.733 I/aptouch_daemon(  820): filter_touch_detect, all_touch_up
07-09 19:14:56.747 V/AudioManager(27831): querySoundEffectsEnabled...
07-09 19:14:56.751 D/qqq     (27831): editor onSelectionChanged selStart : 0 selEnd : 0
07-09 19:14:56.751 D/qqq     (27831): getEditableText().length() : 0  isCursorAutoChange : true
07-09 19:14:56.752 D/qwer    (27831): onTextChanged hint : null  mTextChangeValid : false
07-09 19:14:56.752 D/qwe     (27831): WRichEditorWrapperView init mRichType : NONE
07-09 19:14:56.752 D/ppp     (27831): scroll addRichCell
07-09 19:14:56.752 D/ppp     (27831): editor setWRichEditorView mWRichEditorView == null ? false
07-09 19:14:56.752 D/ppp     (27831): editor setWRichEditorView mWRichEditorView == null ? false
07-09 19:14:56.808 I/aptouch_daemon(  820): filter_touch_detect, down, in: 1, out: 1
07-09 19:14:56.883 I/aptouch_daemon(  820): filter_touch_detect, all_touch_up
07-09 19:14:56.898 V/AudioManager(27831): querySoundEffectsEnabled...
07-09 19:14:56.902 D/qqq     (27831): editor onSelectionChanged selStart : 0 selEnd : 0
07-09 19:14:56.902 D/qqq     (27831): getEditableText().length() : 0  isCursorAutoChange : true
07-09 19:14:56.902 D/qwer    (27831): onTextChanged hint : null  mTextChangeValid : false
07-09 19:14:56.903 D/qwe     (27831): WRichEditorWrapperView init mRichType : NONE
07-09 19:14:56.903 D/ppp     (27831): scroll addRichCell
07-09 19:14:56.903 D/ppp     (27831): editor setWRichEditorView mWRichEditorView == null ? false
07-09 19:14:56.903 D/ppp     (27831): editor setWRichEditorView mWRichEditorView == null ? false
07-09 19:14:56.958 I/aptouch_daemon(  820): filter_touch_detect, down, in: 1, out: 1
07-09 19:14:57.024 I/aptouch_daemon(  820): filter_touch_detect, all_touch_up
07-09 19:14:57.031 V/AudioManager(27831): querySoundEffectsEnabled...
07-09 19:14:57.035 D/qqq     (27831): editor onSelectionChanged selStart : 0 selEnd : 0
07-09 19:14:57.035 D/qqq     (27831): getEditableText().length() : 0  isCursorAutoChange : true
07-09 19:14:57.036 D/qwer    (27831): onTextChanged hint : null  mTextChangeValid : false
07-09 19:14:57.036 D/qwe     (27831): WRichEditorWrapperView init mRichType : NONE
07-09 19:14:57.036 D/ppp     (27831): scroll addRichCell
07-09 19:14:57.036 D/ppp     (27831): editor setWRichEditorView mWRichEditorView == null ? false
07-09 19:14:57.037 D/ppp     (27831): editor setWRichEditorView mWRichEditorView == null ? false
07-09 19:14:57.099 I/aptouch_daemon(  820): filter_touch_detect, down, in: 1, out: 1
07-09 19:14:57.165 I/aptouch_daemon(  820): filter_touch_detect, all_touch_up
07-09 19:14:57.183 V/AudioManager(27831): querySoundEffectsEnabled...
07-09 19:14:57.188 D/qqq     (27831): editor onSelectionChanged selStart : 0 selEnd : 0
07-09 19:14:57.188 D/qqq     (27831): getEditableText().length() : 0  isCursorAutoChange : true
07-09 19:14:57.188 D/qwer    (27831): onTextChanged hint : null  mTextChangeValid : false
07-09 19:14:57.189 D/qwe     (27831): WRichEditorWrapperView init mRichType : NONE
07-09 19:14:57.189 D/ppp     (27831): scroll addRichCell
07-09 19:14:57.189 D/ppp     (27831): editor setWRichEditorView mWRichEditorView == null ? false
07-09 19:14:57.189 D/ppp     (27831): editor setWRichEditorView mWRichEditorView == null ? false
07-09 19:14:57.232 I/aptouch_daemon(  820): filter_touch_detect, down, in: 1, out: 1
07-09 19:14:57.315 I/aptouch_daemon(  820): filter_touch_detect, all_touch_up
07-09 19:14:57.333 V/AudioManager(27831): querySoundEffectsEnabled...
07-09 19:14:57.339 D/qqq     (27831): editor onSelectionChanged selStart : 0 selEnd : 0
07-09 19:14:57.339 D/qqq     (27831): getEditableText().length() : 0  isCursorAutoChange : true
07-09 19:14:57.339 D/qwer    (27831): onTextChanged hint : null  mTextChangeValid : false
07-09 19:14:57.340 D/qwe     (27831): WRichEditorWrapperView init mRichType : NONE
07-09 19:14:57.340 D/ppp     (27831): scroll addRichCell
07-09 19:14:57.340 D/ppp     (27831): editor setWRichEditorView mWRichEditorView == null ? false
07-09 19:14:57.340 D/ppp     (27831): editor setWRichEditorView mWRichEditorView == null ? false
07-09 19:14:57.503 I/        (  878): [Promm]ReadAheadEnd: ReadAheadEnd, uid = 11189
07-09 19:14:57.503 I/        (  878): [Promm]ReadAheadCheckResult: res 1: study no file.
07-09 19:14:57.567 D/AwareLog(  918): iawared: WorkingsetProcessCommand subCmd = 357, userId=11189, pid=27831, cn.carbs.wricheditor/.MainActivity
07-09 19:14:57.568 D/AwareLog(  918): iawared: WorkingsetPauseCollect cn.carbs.wricheditor/.MainActivity
07-09 19:14:57.988 I/aptouch_daemon(  820): filter_touch_detect, down, in: 1, out: 1
07-09 19:14:58.045 I/aptouch_daemon(  820): filter_touch_detect, all_touch_up
07-09 19:14:58.049 D/HwAutofillHelper(27831): recordCurrentInfo:0
07-09 19:14:58.049 D/HwAutofillHelper(27831): inputType = 131073
07-09 19:14:58.054 D/fff     (27831): editor onFocusChanged focused : true direction : 130
07-09 19:14:58.054 D/eee     (27831): onEditorFocusChanged focused : true
07-09 19:14:58.055 W/InputMethodManager(27831): startInputReason = 4
07-09 19:14:58.059 I/InputMethodManager(27831): showSoftInput
07-09 19:14:58.064 I/netd    (  662): firewallSetUidRule(2, 10194, 1) <0.03ms>
07-09 19:14:58.064 I/HwViewRootImpl(27831): removeInvalidNode all the node in jank list is out of time
07-09 19:14:58.075 I/AssistStructure(27831): Flattened final assist data: 4664 bytes, containing 1 windows, 35 views
07-09 19:14:58.076 I/chatty  ( 1709): uid=1000 system_server expire 1 line
07-09 19:14:58.081 W/TelephonyPermissions( 3329): reportAccessDeniedToReadIdentifiers:com.sohu.inputmethod.sogou:getSubscriberId:isPreinstalled=false:isPrivApp=false
07-09 19:14:58.086 I/HISEC   (  704): [SOCKETC   ] client >> cmd 2002, key 8, detail 0, history 0
07-09 19:14:58.086 I/HISEC   (  704): [SOCKETC   ] client << len 6, ret 0
07-09 19:14:58.087 I/chatty  (23440): uid=1000(system) com.huawei.securitymgr expire 27 lines
07-09 19:14:58.087 I/StatusBar/NavBarView( 2645): updateNavButtonIcons (b/113914868): home disabled=false mDisabledFlags=0
07-09 19:14:58.087 I/chatty  ( 1709): uid=1000(system) Binder:1709_1D expire 2 lines
07-09 19:14:58.107 D/mali_winsys( 5676): EGLint new_window_surface(egl_winsys_display *, void *, EGLSurface, EGLConfig, egl_winsys_surface **, EGLBoolean) returns 0x3000
07-09 19:14:58.122 I/HwViewRootImpl( 5676): removeInvalidNode all the node in jank list is out of time
07-09 19:14:58.183 I/chatty  ( 1709): uid=1000 system_server expire 2 lines
07-09 19:14:58.183 I/chatty  ( 1709): uid=1000 system_server expire 1 line
07-09 19:14:58.599 W/migration/7(   53): type=1400 audit(0.0:15403): avc: granted { setsched } for pid=53 scontext=u:r:kernel:s0 tcontext=u:r:kernel:s0 tclass=process
07-09 19:14:58.599 W/migration/6(   47): type=1400 audit(0.0:15404): avc: granted { setsched } for pid=47 scontext=u:r:kernel:s0 tcontext=u:r:kernel:s0 tclass=process
07-09 19:14:59.059 I/aptouch_daemon(  820): filter_touch_detect, down, in: 1, out: 1
07-09 19:14:59.129 D/InputTransport( 5676): history resample interval is too short, cannot uses it to resample!!
07-09 19:14:59.150 I/aptouch_daemon(  820): filter_touch_detect, all_touch_up
07-09 19:14:59.171 W/migration/6(   47): type=1400 audit(0.0:15405): avc: granted { setsched } for pid=47 scontext=u:r:kernel:s0 tcontext=u:r:kernel:s0 tclass=process
07-09 19:14:59.171 W/migration/7(   53): type=1400 audit(0.0:15406): avc: granted { setsched } for pid=53 scontext=u:r:kernel:s0 tcontext=u:r:kernel:s0 tclass=process
07-09 19:14:59.208 I/aptouch_daemon(  820): filter_touch_detect, down, in: 1, out: 1
07-09 19:14:59.275 I/aptouch_daemon(  820): filter_touch_detect, all_touch_up
07-09 19:14:59.284 I/aptouch_daemon(  820): filter_touch_detect, down, in: 1, out: 1
07-09 19:14:59.333 I/aptouch_daemon(  820): filter_touch_detect, all_touch_up
07-09 19:14:59.399 W/migration/7(   53): type=1400 audit(0.0:15407): avc: granted { setsched } for pid=53 scontext=u:r:kernel:s0 tcontext=u:r:kernel:s0 tclass=process
07-09 19:14:59.399 W/migration/6(   47): type=1400 audit(0.0:15408): avc: granted { setsched } for pid=47 scontext=u:r:kernel:s0 tcontext=u:r:kernel:s0 tclass=process
07-09 19:14:59.433 I/aptouch_daemon(  820): filter_touch_detect, down, in: 1, out: 1
07-09 19:14:59.507 I/aptouch_daemon(  820): filter_touch_detect, all_touch_up
07-09 19:14:59.616 I/aptouch_daemon(  820): filter_touch_detect, down, in: 1, out: 1
07-09 19:14:59.670 E/WifiHAL (  717): enter wifi_get_link_stats
07-09 19:14:59.684 W/PhoneInterfaceManager( 3329): shouldBlockLocation running ...
07-09 19:14:59.684 I/PhoneInterfaceManager( 3329): shouldBlockLocation  ret:false
07-09 19:14:59.699 I/aptouch_daemon(  820): filter_touch_detect, all_touch_up
07-09 19:14:59.908 W/TelephonyPermissions( 3329): reportAccessDeniedToReadIdentifiers:com.sohu.inputmethod.sogou:getSubscriberId:isPreinstalled=false:isPrivApp=false
07-09 19:14:59.917 W//system/bin/netd(  662): A binder object at 0x7ce3556d80 is being transacted on, however, this object is in the same process as its proxy. Transacting with this binder is expensive compared to just calling the corresponding functionality in the same process.
07-09 19:14:59.917 I/PreDnsController(  662): canPreDnsQuery,persist.sys.predns is false!
07-09 19:14:59.927 I/chatty  ( 1709): uid=1000 system_server expire 10 lines
07-09 19:15:00.002 W/ClockView1( 2645):  action android.intent.action.TIME_TICK
07-09 19:15:00.002 W/ClockView1( 2645):  action android.intent.action.TIME_TICK
07-09 19:15:00.002 E/DateView( 2645): DateView,mCurrentTime: 1594293300002
07-09 19:15:00.007 E/ndroid.systemu( 2645): No package ID ff found for ID 0xffffffff.
07-09 19:15:00.007 W/ClockView1( 2645): onreceive tz is Asia/Shanghai time:Thu Jul 09 19:15:00 GMT+08:00 2020 timezone:libcore.util.ZoneInfo[id="Asia/Shanghai",mRawOffset=28800000,mEarliestRawOffset=28800000,mUseDst=false,mDstSavings=0,transitions=28]
07-09 19:15:00.008 W/ClockView1( 2645): onreceive tz is Asia/Shanghai time:Thu Jul 09 19:15:00 GMT+08:00 2020 timezone:libcore.util.ZoneInfo[id="Asia/Shanghai",mRawOffset=28800000,mEarliestRawOffset=28800000,mUseDst=false,mDstSavings=0,transitions=28]
07-09 19:15:00.008 E/ndroid.systemu( 2645): No package ID ff found for ID 0xffffffff.
07-09 19:15:00.103 W/HwLockScreenPanel( 2645): Handle message: 133
07-09 19:15:00.103 W/HwLockScreenPanel( 2645): Handle message: 133
07-09 19:15:00.233 I/aptouch_daemon(  820): filter_touch_detect, down, in: 1, out: 1
07-09 19:15:00.289 I/aptouch_daemon(  820): filter_touch_detect, all_touch_up
07-09 19:15:00.680 I/chatty  ( 1709): uid=1000(system) WifiService expire 56 lines
07-09 19:15:01.127 E/bastetd (  919): [ProxySocket    ] NotifySocketErrState# No record found by comm prop, state=196619
07-09 19:15:01.385 I/aptouch_daemon(  820): filter_touch_detect, down, in: 1, out: 1
07-09 19:15:01.459 I/aptouch_daemon(  820): filter_touch_detect, all_touch_up
07-09 19:15:01.632 I/netd    (  662): trafficSwapActiveStatsMap() <14.69ms>
07-09 19:15:01.660 I/aptouch_daemon(  820): filter_touch_detect, down, in: 1, out: 1
07-09 19:15:01.750 I/aptouch_daemon(  820): filter_touch_detect, all_touch_up
07-09 19:15:01.964 W/TelephonyPermissions( 3329): reportAccessDeniedToReadIdentifiers:com.sohu.inputmethod.sogou:getSubscriberId:isPreinstalled=false:isPrivApp=false
07-09 19:15:02.017 I/aptouch_daemon(  820): filter_touch_detect, down, in: 1, out: 1
07-09 19:15:02.039 W/migration/6(   47): type=1400 audit(0.0:15409): avc: granted { setsched } for pid=47 scontext=u:r:kernel:s0 tcontext=u:r:kernel:s0 tclass=process
07-09 19:15:02.039 W/migration/7(   53): type=1400 audit(0.0:15410): avc: granted { setsched } for pid=53 scontext=u:r:kernel:s0 tcontext=u:r:kernel:s0 tclass=process
07-09 19:15:02.083 I/aptouch_daemon(  820): filter_touch_detect, all_touch_up
07-09 19:15:02.167 I/aptouch_daemon(  820): filter_touch_detect, down, in: 1, out: 1
07-09 19:15:02.179 I/chatty  ( 1709): uid=1000(system) ClientModeImpl expire 16 lines
07-09 19:15:02.180 I/chatty  ( 1709): uid=1000 system_server expire 2 lines
07-09 19:15:02.181 I/chatty  ( 1709): uid=1000 system_server expire 3 lines
07-09 19:15:02.181 I/chatty  ( 1709): uid=1000(system) MobileQosDetect expire 2 lines
07-09 19:15:02.233 I/aptouch_daemon(  820): filter_touch_detect, all_touch_up
07-09 19:15:02.283 I/aptouch_daemon(  820): filter_touch_detect, down, in: 1, out: 1
07-09 19:15:02.359 W/migration/7(   53): type=1400 audit(0.0:15411): avc: granted { setsched } for pid=53 scontext=u:r:kernel:s0 tcontext=u:r:kernel:s0 tclass=process
07-09 19:15:02.359 W/migration/6(   47): type=1400 audit(0.0:15412): avc: granted { setsched } for pid=47 scontext=u:r:kernel:s0 tcontext=u:r:kernel:s0 tclass=process
07-09 19:15:02.407 I/aptouch_daemon(  820): filter_touch_detect, all_touch_up
07-09 19:15:02.568 D/AwareLog(  918): iawared: WorkingsetProcessCommand subCmd = 352, userId=11189, pid=27831, cn.carbs.wricheditor/.MainActivity
07-09 19:15:02.568 D/AwareLog(  918): iawared: WorkingsetStop cn.carbs.wricheditor/.MainActivity
07-09 19:15:02.583 I/aptouch_daemon(  820): filter_touch_detect, down, in: 1, out: 1
07-09 19:15:02.615 W/TelephonyPermissions( 3329): reportAccessDeniedToReadIdentifiers:com.sohu.inputmethod.sogou:getSubscriberId:isPreinstalled=false:isPrivApp=false
07-09 19:15:02.657 I/aptouch_daemon(  820): filter_touch_detect, all_touch_up
07-09 19:15:02.685 E/WifiHAL (  717): enter wifi_get_link_stats
07-09 19:15:02.690 W/PhoneInterfaceManager( 3329): shouldBlockLocation running ...
07-09 19:15:02.690 I/PhoneInterfaceManager( 3329): shouldBlockLocation  ret:false
07-09 19:15:03.140 I/aptouch_daemon(  820): filter_touch_detect, down, in: 1, out: 1
07-09 19:15:03.155 W/migration/6(   47): type=1400 audit(0.0:15413): avc: granted { setsched } for pid=47 scontext=u:r:kernel:s0 tcontext=u:r:kernel:s0 tclass=process
07-09 19:15:03.223 I/aptouch_daemon(  820): filter_touch_detect, all_touch_up
07-09 19:15:03.228 D/qwer    (27831): onTextChanged hint : CELL : 3  mTextChangeValid : true
07-09 19:15:03.229 D/xxx     (27831): hint : CELL : 3 , has parent : true , editor onTextChanged text :  , editor getEditableText() :  , start : 0 , lengthBefore : 0 , lengthAfter : 7
07-09 19:15:03.229 D/qqq     (27831): editor onSelectionChanged selStart : 7 selEnd : 7
07-09 19:15:03.229 D/qqq     (27831): getEditableText().length() : 7  isCursorAutoChange : true
07-09 19:15:03.339 W/migration/6(   47): type=1400 audit(0.0:15414): avc: granted { setsched } for pid=47 scontext=u:r:kernel:s0 tcontext=u:r:kernel:s0 tclass=process
07-09 19:15:04.373 I/aptouch_daemon(  820): filter_touch_detect, down, in: 1, out: 1
07-09 19:15:04.374 I/chatty  ( 1709): uid=1000(system) InputReader expire 10 lines
07-09 19:15:04.463 I/aptouch_daemon(  820): filter_touch_detect, all_touch_up
07-09 19:15:04.472 D/qwer    (27831): onTextChanged hint : CELL : 3  mTextChangeValid : true
07-09 19:15:04.472 D/xxx     (27831): hint : CELL : 3 , has parent : true , editor onTextChanged text : 
07-09 19:15:04.472 D/xxx     (27831):  , editor getEditableText() : 
07-09 19:15:04.472 D/xxx     (27831):  , start : 7 , lengthBefore : 0 , lengthAfter : 1
07-09 19:15:04.473 D/qqq     (27831): editor onSelectionChanged selStart : 8 selEnd : 8
07-09 19:15:04.473 D/qqq     (27831): getEditableText().length() : 8  isCursorAutoChange : true
07-09 19:15:04.473 D/key     (27831): 00 keyCode : 66
07-09 19:15:04.473 D/key     (27831): keyCode : 66
07-09 19:15:05.204 I/aptouch_daemon(  820): filter_touch_detect, down, in: 1, out: 1
07-09 19:15:05.259 E/Thermal-daemon:hw_thermal(  911): [ap] temp_new :34  temp_old :33
07-09 19:15:05.260 E/Thermal-daemon:hw_thermal(  911): Report temperature: [ap] temp :34  report_threshold:1
07-09 19:15:05.277 I/aptouch_daemon(  820): filter_touch_detect, all_touch_up
07-09 19:15:05.280 I/InputMethodManager(27831): showSoftInput
07-09 19:15:05.285 D/qqq     (27831): editor onSelectionChanged selStart : 7 selEnd : 7
07-09 19:15:05.285 D/qqq     (27831): richTypes size : 0
07-09 19:15:05.285 D/qqq     (27831): getEditableText().length() : 8  isCursorAutoChange : false
07-09 19:15:05.288 D/HwAutofillHelper(27831): recordCurrentInfo:0
07-09 19:15:05.288 D/HwAutofillHelper(27831): inputType = 131073
07-09 19:15:05.300 D/OpenGLRenderer(27831): disableOutlineDraw is true
07-09 19:15:05.313 D/mali_winsys(27831): EGLint new_window_surface(egl_winsys_display *, void *, EGLSurface, EGLConfig, egl_winsys_surface **, EGLBoolean) returns 0x3000
07-09 19:15:05.688 I/netd    (  662): trafficSwapActiveStatsMap() <11.31ms>
07-09 19:15:05.696 E/WifiHAL (  717): enter wifi_get_link_stats
07-09 19:15:05.716 W/PhoneInterfaceManager( 3329): shouldBlockLocation running ...
07-09 19:15:05.717 I/PhoneInterfaceManager( 3329): shouldBlockLocation  ret:false
07-09 19:15:06.184 I/chatty  ( 1709): uid=1000(system) HuaweiWifiWatch expire 15 lines
07-09 19:15:06.184 I/chatty  ( 1709): uid=1000 system_server expire 2 lines
07-09 19:15:06.185 I/chatty  ( 1709): uid=1000 system_server expire 2 lines
07-09 19:15:06.648 I/netd    (  662): trafficSwapActiveStatsMap() <10.07ms>
07-09 19:15:08.723 E/WifiHAL (  717): enter wifi_get_link_stats
07-09 19:15:08.743 W/PhoneInterfaceManager( 3329): shouldBlockLocation running ...
07-09 19:15:08.743 I/PhoneInterfaceManager( 3329): shouldBlockLocation  ret:false
07-09 19:15:08.795 I/HwNaturalBase( 3013): [Timer-1]: MultiUserManagerService:  getNotActiveUser start
07-09 19:15:09.293 W/BufferQueueProducer(  723): [PopupWindow:ca22220#0]:1368: disconnect: not connected (req=1)
07-09 19:15:09.293 W/libEGL  (27831): EGLNativeWindowType 0x757f56c290 disconnect failed
07-09 19:15:09.307 W/migration/6(   47): type=1400 audit(0.0:15415): avc: granted { setsched } for pid=47 scontext=u:r:kernel:s0 tcontext=u:r:kernel:s0 tclass=process
07-09 19:15:09.439 W/migration/6(   47): type=1400 audit(0.0:15416): avc: granted { setsched } for pid=47 scontext=u:r:kernel:s0 tcontext=u:r:kernel:s0 tclass=process
07-09 19:15:09.448 I/WindowManager( 1709): navColorWin was set to default navbar color so should add SYSTEM_UI_FLAG_LIGHT_NAVIGATION_BAR 8018
07-09 19:15:09.464 I/WindowManager( 1709): navColorWin was set to default navbar color so should add SYSTEM_UI_FLAG_LIGHT_NAVIGATION_BAR 8018
07-09 19:15:09.685 D/HwConnectivityServiceEx( 1709): set 11194 wlan0 value false
07-09 19:15:10.197 I/chatty  ( 1709): uid=1000 system_server expire 2 lines
07-09 19:15:10.199 D/HwConnectivityServiceEx( 1709): set 1000 wlan0 value false
07-09 19:15:10.200 I/chatty  ( 1709): uid=1000 system_server expire 3 lines
07-09 19:15:10.362 I/chatty  ( 2975): uid=1000(system) com.huawei.iaware expire 1 line
07-09 19:15:11.676 I/netd    (  662): trafficSwapActiveStatsMap() <13.00ms>
07-09 19:15:11.748 E/WifiHAL (  717): enter wifi_get_link_stats
07-09 19:15:11.768 W/PhoneInterfaceManager( 3329): shouldBlockLocation running ...
07-09 19:15:11.768 I/PhoneInterfaceManager( 3329): shouldBlockLocation  ret:false
07-09 19:15:12.111 I/AppEyeFwkBlock( 1709): do monitor
07-09 19:15:12.669 I/HwBatteryService( 1709): quick charge status : 0
07-09 19:15:12.669 D/HwBatteryService( 1709): onUEvent fcpStatus = 0
07-09 19:15:12.670 D/HwBatteryService( 1709): onUEvent scpStatus = 0 ,ovpStatus = 0
07-09 19:15:12.670 I/HwBatteryService( 1709): handleWirelessTxStatus
07-09 19:15:12.670 I/HwBatteryService( 1709): switch not open, return, mWirelessTxFlag : 0
07-09 19:15:12.670 W/HwBatteryService( 1709): need return. Invalid value: -1
07-09 19:15:12.670 D/HwBatteryService( 1709): setHwChargeTimeRemaining, time = -1 String time: -1
07-09 19:15:12.696 I/chatty  ( 1709): uid=1000(system) WifiService expire 55 lines
07-09 19:15:12.900 I/chatty  ( 2931): uid=1000(system) OllieServiceThr expire 15 lines
07-09 19:15:14.202 I/chatty  ( 1709): uid=1000 system_server expire 2 lines
07-09 19:15:14.204 D/HwConnectivityServiceEx( 1709): set 1000 wlan0 value false
07-09 19:15:14.205 I/chatty  ( 1709): uid=1000 system_server expire 1 line
07-09 19:15:14.771 E/WifiHAL (  717): enter wifi_get_link_stats
07-09 19:15:14.773 I/chatty  ( 1709): uid=1000(system) ClientModeImpl expire 14 lines
07-09 19:15:14.783 W/PhoneInterfaceManager( 3329): shouldBlockLocation running ...
07-09 19:15:14.783 I/PhoneInterfaceManager( 3329): shouldBlockLocation  ret:false
07-09 19:15:15.256 D/UsbSettingsService( 2685): handleMessage, msg.what = 4
07-09 19:15:15.256 D/UsbSettingsService( 2685): receive message to check monkey running.
07-09 19:15:15.263 E/Thermal-daemon:hw_thermal(  911): [ap] temp_new :33  temp_old :34
07-09 19:15:15.264 E/Thermal-daemon:hw_thermal(  911): Report temperature: [ap] temp :33  report_threshold:1
07-09 19:15:15.716 I/netd    (  662): trafficSwapActiveStatsMap() <15.32ms>
07-09 19:15:16.049 D/HwConnectivityServiceEx( 1709): set 11194 wlan0 value false
07-09 19:15:16.449 W/System  (29697): A resource failed to call end. 
07-09 19:15:16.449 W/System  (29697): A resource failed to call end. 
07-09 19:15:16.701 I/netd    (  662): trafficSwapActiveStatsMap() <9.62ms>
07-09 19:15:16.757 I/chatty  ( 1709): uid=1000(system) HwSelfCureEngin expire 14 lines
07-09 19:15:16.802 I/chatty  ( 3284): uid=1000(system) HwWifiCHRStateM expire 3 lines
07-09 19:15:17.789 E/WifiHAL (  717): enter wifi_get_link_stats
07-09 19:15:17.809 W/PhoneInterfaceManager( 3329): shouldBlockLocation running ...
07-09 19:15:17.809 I/PhoneInterfaceManager( 3329): shouldBlockLocation  ret:false
07-09 19:15:18.111 I/AppEyeFwkBlock( 1709): do monitor
07-09 19:15:18.196 I/chatty  ( 1709): uid=1000(system) HuaweiWifiWatch expire 13 lines
07-09 19:15:18.197 I/chatty  ( 1709): uid=1000 system_server expire 2 lines
07-09 19:15:18.198 I/chatty  ( 1709): uid=1000 system_server expire 2 lines
07-09 19:15:18.199 D/HwConnectivityServiceEx( 1709): set 1000 wlan0 value false
07-09 19:15:19.096 D/HwConnectivityServiceEx( 1709): set 11194 wlan0 value false
07-09 19:15:19.098 D/HwConnectivityServiceEx( 1709): set 11194 NULL value false
07-09 19:15:19.102 W//system/bin/netd(  662): A binder object at 0x7ce3556d80 is being transacted on, however, this object is in the same process as its proxy. Transacting with this binder is expensive compared to just calling the corresponding functionality in the same process.
07-09 19:15:19.102 I/PreDnsController(  662): canPreDnsQuery,persist.sys.predns is false!
07-09 19:15:19.699 D/HwConnectivityServiceEx( 1709): set 11194 wlan0 value false
07-09 19:15:20.813 E/WifiHAL (  717): enter wifi_get_link_stats
07-09 19:15:20.833 W/PhoneInterfaceManager( 3329): shouldBlockLocation running ...
07-09 19:15:20.834 I/PhoneInterfaceManager( 3329): shouldBlockLocation  ret:false
07-09 19:15:21.728 I/netd    (  662): trafficSwapActiveStatsMap() <12.51ms>
07-09 19:15:22.211 I/chatty  ( 1709): uid=1000 system_server expire 2 lines
07-09 19:15:22.213 D/HwConnectivityServiceEx( 1709): set 1000 wlan0 value false
07-09 19:15:22.214 I/chatty  ( 1709): uid=1000 system_server expire 2 lines
07-09 19:15:23.837 E/WifiHAL (  717): enter wifi_get_link_stats
07-09 19:15:23.857 W/PhoneInterfaceManager( 3329): shouldBlockLocation running ...
07-09 19:15:23.857 I/PhoneInterfaceManager( 3329): shouldBlockLocation  ret:false
07-09 19:15:24.112 I/AppEyeFwkBlock( 1709): do monitor
07-09 19:15:24.714 I/chatty  ( 1709): uid=1000(system) WifiService expire 81 lines
07-09 19:15:25.740 I/netd    (  662): trafficSwapActiveStatsMap() <11.64ms>
07-09 19:15:26.209 I/chatty  ( 1709): uid=1000(system) ClientModeImpl expire 23 lines
07-09 19:15:26.213 I/chatty  ( 1709): uid=1000 system_server expire 2 lines
07-09 19:15:26.216 I/chatty  ( 1709): uid=1000 system_server expire 1 line
07-09 19:15:26.756 I/netd    (  662): trafficSwapActiveStatsMap() <12.90ms>
07-09 19:15:26.861 E/WifiHAL (  717): enter wifi_get_link_stats
07-09 19:15:26.872 W/PhoneInterfaceManager( 3329): shouldBlockLocation running ...
07-09 19:15:26.872 I/PhoneInterfaceManager( 3329): shouldBlockLocation  ret:false
07-09 19:15:28.112 I/storaged(  910): storaged_t::event: storage_info refreshed.
07-09 19:15:29.714 D/HwConnectivityServiceEx( 1709): set 11194 wlan0 value false
07-09 19:15:29.878 E/WifiHAL (  717): enter wifi_get_link_stats
07-09 19:15:29.898 W/PhoneInterfaceManager( 3329): shouldBlockLocation running ...
07-09 19:15:29.898 I/PhoneInterfaceManager( 3329): shouldBlockLocation  ret:false
07-09 19:15:30.112 I/AppEyeFwkBlock( 1709): do monitor
07-09 19:15:30.208 I/chatty  ( 1709): uid=1000(system) HuaweiWifiWatch expire 14 lines
07-09 19:15:30.209 I/chatty  ( 1709): uid=1000 system_server expire 2 lines
07-09 19:15:30.212 I/chatty  ( 1709): uid=1000 system_server expire 1 line
07-09 19:15:31.046 D/HwConnectivityServiceEx( 1709): set 10020 wlan0 value false
07-09 19:15:31.072 W//system/bin/netd(  662): A binder object at 0x7ce3556d80 is being transacted on, however, this object is in the same process as its proxy. Transacting with this binder is expensive compared to just calling the corresponding functionality in the same process.
07-09 19:15:31.072 I/PreDnsController(  662): canPreDnsQuery,persist.sys.predns is false!
07-09 19:15:31.137 E/bastetd (  919): [ProxySocket    ] NotifySocketErrState# No record found by comm prop, state=196619
07-09 19:15:31.780 I/netd    (  662): trafficSwapActiveStatsMap() <10.03ms>
07-09 19:15:32.399 I/chatty  ( 2931): uid=1000(system) Timer-1 expire 4 lines
07-09 19:15:32.902 E/WifiHAL (  717): enter wifi_get_link_stats
07-09 19:15:32.921 W/PhoneInterfaceManager( 3329): shouldBlockLocation running ...
07-09 19:15:32.922 I/PhoneInterfaceManager( 3329): shouldBlockLocation  ret:false
07-09 19:15:34.222 I/chatty  ( 1709): uid=1000 system_server expire 2 lines
07-09 19:15:34.224 D/HwConnectivityServiceEx( 1709): set 1000 wlan0 value false
07-09 19:15:34.224 I/chatty  ( 1709): uid=1000(system) MobileQosDetect expire 13 lines
07-09 19:15:34.225 I/chatty  ( 1709): uid=1000 system_server expire 3 lines
07-09 19:15:35.768 I/netd    (  662): trafficSwapActiveStatsMap() <15.35ms>
07-09 19:15:35.926 E/WifiHAL (  717): enter wifi_get_link_stats
07-09 19:15:35.945 W/PhoneInterfaceManager( 3329): shouldBlockLocation running ...
07-09 19:15:35.946 I/PhoneInterfaceManager( 3329): shouldBlockLocation  ret:false
07-09 19:15:36.112 I/AppEyeFwkBlock( 1709): do monitor
07-09 19:15:36.804 I/netd    (  662): trafficSwapActiveStatsMap() <8.33ms>
07-09 19:15:37.671 I/dubaid  (  876): [DubaiStorage.cpp] DoFlushEntriesBuffer# Flush all entries into database
07-09 19:15:37.826 I/aptouch_daemon(  820): filter_touch_detect, down, in: 1, out: 1
07-09 19:15:37.908 I/aptouch_daemon(  820): filter_touch_detect, all_touch_up
07-09 19:15:37.912 V/AudioManager(27831): querySoundEffectsEnabled...
07-09 19:15:37.913 D/mmm     (27831): onInsertQuoteClicked()
07-09 19:15:37.913 D/yyy     (27831): cursorLeftStr --><--
07-09 19:15:37.913 D/yyy     (27831): cursorRightStr -->
07-09 19:15:37.913 D/yyy     (27831): <--
07-09 19:15:37.913 D/yyy     (27831): cursorStart : 7  cursorEnd : 7
07-09 19:15:37.913 D/yyy     (27831): quoteStart : 0  quoteEnd : 8
07-09 19:15:37.913 D/yyy     (27831): currentEditableLength : 8
07-09 19:15:37.913 D/yyy     (27831): 111
07-09 19:15:37.913 D/yyy     (27831): 1112
07-09 19:15:37.914 W/InputMethodManager(27831): startInputReason = 3
07-09 19:15:37.925 D/qqq     (27831): editor onSelectionChanged selStart : 0 selEnd : 0
07-09 19:15:37.926 D/qqq     (27831): richTypes size : 0
07-09 19:15:37.926 D/qqq     (27831): getEditableText().length() : 7  isCursorAutoChange : false
07-09 19:15:37.928 D/qwer    (27831): onTextChanged hint : CELL : 3  mTextChangeValid : true
07-09 19:15:37.928 D/xxx     (27831): hint : CELL : 3 , has parent : true , editor onTextChanged text :  , editor getEditableText() :  , start : 0 , lengthBefore : 8 , lengthAfter : 7
07-09 19:15:37.932 D/qqq     (27831): editor onSelectionChanged selStart : 0 selEnd : 0
07-09 19:15:37.932 D/qqq     (27831): getEditableText().length() : 0  isCursorAutoChange : false
07-09 19:15:37.932 D/qwer    (27831): onTextChanged hint : null  mTextChangeValid : false
07-09 19:15:37.933 D/qwe     (27831): WRichEditorWrapperView init mRichType : NONE
07-09 19:15:37.933 D/ppp     (27831): scroll addRichCell
07-09 19:15:37.933 D/ppp     (27831): editor setWRichEditorView mWRichEditorView == null ? false
07-09 19:15:37.933 D/ppp     (27831): editor setWRichEditorView mWRichEditorView == null ? false
07-09 19:15:37.934 D/qqq     (27831): editor onSelectionChanged selStart : 0 selEnd : 0
07-09 19:15:37.934 D/qqq     (27831): getEditableText().length() : 0  isCursorAutoChange : true
07-09 19:15:37.934 D/qwer    (27831): onTextChanged hint : CELL new   mTextChangeValid : true
07-09 19:15:37.934 D/xxx     (27831): hint : CELL new  , has parent : true , editor onTextChanged text :  , editor getEditableText() :  , start : 0 , lengthBefore : 0 , lengthAfter : 0
07-09 19:15:37.939 I/HwViewRootImpl(27831): removeInvalidNode all the node in jank list is out of time
07-09 19:15:37.945 I/HwInputMethodManagerServiceEx( 1709): NaviBar defValue = 1
07-09 19:15:37.945 I/HwInputMethodManagerServiceEx( 1709): --- show navigation bar status: isEnableNavBar = true ,isGestureNavigation = false
07-09 19:15:37.943 W/migration/6(   47): type=1400 audit(0.0:15417): avc: granted { setsched } for pid=47 scontext=u:r:kernel:s0 tcontext=u:r:kernel:s0 tclass=process
07-09 19:15:37.946 I/chatty  ( 2975): uid=1000(system) sdk thread expire 13 lines
07-09 19:15:37.954 I/HwViewRootImpl( 5676): removeInvalidNode all the node in jank list is out of time
07-09 19:15:37.994 E/bastetd (  919): [ProxySocket    ] NotifySocketErrState# No record found by comm prop, state=196619
07-09 19:15:38.063 W/migration/6(   47): type=1400 audit(0.0:15418): avc: granted { setsched } for pid=47 scontext=u:r:kernel:s0 tcontext=u:r:kernel:s0 tclass=process
07-09 19:15:38.225 I/chatty  ( 1709): uid=1000 system_server expire 2 lines
07-09 19:15:38.228 D/HwConnectivityServiceEx( 1709): set 1000 wlan0 value false
07-09 19:15:38.228 I/chatty  ( 1709): uid=1000 system_server expire 1 line
07-09 19:15:38.949 E/WifiHAL (  717): enter wifi_get_link_stats
07-09 19:15:38.962 W/PhoneInterfaceManager( 3329): shouldBlockLocation running ...
07-09 19:15:38.963 I/PhoneInterfaceManager( 3329): shouldBlockLocation  ret:false
07-09 19:15:39.729 D/HwConnectivityServiceEx( 1709): set 11194 wlan0 value false
07-09 19:15:40.667 I/netd    (  662): firewallSetUidRule(2, 10085, 2) <0.09ms>
07-09 19:15:41.829 I/netd    (  662): trafficSwapActiveStatsMap() <10.33ms>
07-09 19:15:41.967 E/WifiHAL (  717): enter wifi_get_link_stats
07-09 19:15:41.987 W/PhoneInterfaceManager( 3329): shouldBlockLocation running ...
07-09 19:15:41.988 I/PhoneInterfaceManager( 3329): shouldBlockLocation  ret:false
07-09 19:15:42.113 I/AppEyeFwkBlock( 1709): do monitor
07-09 19:15:42.221 I/chatty  ( 1709): uid=1000 system_server expire 2 lines
07-09 19:15:42.224 I/chatty  ( 1709): uid=1000 system_server expire 1 line
07-09 19:15:43.374 I/HwBatteryService( 1709): quick charge status : 0
07-09 19:15:43.375 D/HwBatteryService( 1709): onUEvent fcpStatus = 0
07-09 19:15:43.375 D/HwBatteryService( 1709): onUEvent scpStatus = 0 ,ovpStatus = 0
07-09 19:15:43.375 I/HwBatteryService( 1709): handleWirelessTxStatus
07-09 19:15:43.375 I/HwBatteryService( 1709): switch not open, return, mWirelessTxFlag : 0
07-09 19:15:43.375 W/HwBatteryService( 1709): need return. Invalid value: -1
07-09 19:15:43.375 D/HwBatteryService( 1709): setHwChargeTimeRemaining, time = -1 String time: -1
07-09 19:15:43.752 I/HwNaturalBase( 3013): [CommonHandler]: Will close dsCollectEncrypt as not used in 40000 ms
07-09 19:15:43.759 I/HwNaturalBase( 3013): [CommonHandler]: DataManager-0: DbEngine for dsCollectEncrypt is closed.
07-09 19:15:43.817 I/awei.HwOPServe( 3013): Explicit concurrent copying GC freed 18114(826KB) AllocSpace objects, 1(20KB) LOS objects, 64% free, 3402KB/9546KB, paused 121us total 58.108ms
07-09 19:15:43.824 I/HwNaturalBase( 3013): [CommonHandler]: 28740Kb ram is used.
07-09 19:15:44.994 E/WifiHAL (  717): enter wifi_get_link_stats
07-09 19:15:45.004 I/chatty  ( 1709): uid=1000(system) ClientModeImpl expire 15 lines
07-09 19:15:45.013 W/PhoneInterfaceManager( 3329): shouldBlockLocation running ...
07-09 19:15:45.014 I/PhoneInterfaceManager( 3329): shouldBlockLocation  ret:false
07-09 19:15:45.792 I/netd    (  662): trafficSwapActiveStatsMap() <11.41ms>
07-09 19:15:46.049 D/HwConnectivityServiceEx( 1709): set 11194 wlan0 value false
07-09 19:15:46.226 I/chatty  ( 1709): uid=1000(system) HuaweiWifiWatch expire 18 lines
07-09 19:15:46.227 I/chatty  ( 1709): uid=1000(system) WifiService expire 56 lines
07-09 19:15:46.227 I/chatty  ( 1709): uid=1000 system_server expire 2 lines
07-09 19:15:46.230 D/HwConnectivityServiceEx( 1709): set 1000 wlan0 value false
07-09 19:15:46.230 I/chatty  ( 1709): uid=1000 system_server expire 2 lines
07-09 19:15:46.856 I/netd    (  662): trafficSwapActiveStatsMap() <12.71ms>
07-09 19:15:47.618 E/Thermal-daemon:ambient(  911): calc_ambient_temp: median filter output 26662
07-09 19:15:47.618 E/Thermal-daemon:ambient(  911): ambient_sample: write temp 26662 to ambient node
07-09 19:15:48.017 E/WifiHAL (  717): enter wifi_get_link_stats
07-09 19:15:48.037 W/PhoneInterfaceManager( 3329): shouldBlockLocation running ...
07-09 19:15:48.038 I/PhoneInterfaceManager( 3329): shouldBlockLocation  ret:false
07-09 19:15:48.113 I/AppEyeFwkBlock( 1709): do monitor
07-09 19:15:49.098 D/HwConnectivityServiceEx( 1709): set 11194 wlan0 value false
07-09 19:15:49.100 D/HwConnectivityServiceEx( 1709): set 11194 NULL value false
07-09 19:15:49.104 W//system/bin/netd(  662): A binder object at 0x7ce3556d80 is being transacted on, however, this object is in the same process as its proxy. Transacting with this binder is expensive compared to just calling the corresponding functionality in the same process.
07-09 19:15:49.104 I/PreDnsController(  662): canPreDnsQuery,persist.sys.predns is false!
07-09 19:15:49.745 D/HwConnectivityServiceEx( 1709): set 11194 wlan0 value false
07-09 19:15:50.238 I/chatty  ( 1709): uid=1000 system_server expire 2 lines
07-09 19:15:50.240 D/HwConnectivityServiceEx( 1709): set 1000 wlan0 value false
07-09 19:15:50.240 I/chatty  ( 1709): uid=1000 system_server expire 2 lines
07-09 19:15:51.041 E/WifiHAL (  717): enter wifi_get_link_stats
07-09 19:15:51.054 W/PhoneInterfaceManager( 3329): shouldBlockLocation running ...
07-09 19:15:51.054 I/PhoneInterfaceManager( 3329): shouldBlockLocation  ret:false
07-09 19:15:51.167 I/SmartChgBase/Arb_HidlParam( 2810): Apply Skipped: IsApplyExcept return true. [moduleName:NightChargeAi, param:soc_control, detailsWithValue:source=trigger;event=heartbeat;chargestatus=start;value=1 95 100 1 0;]
07-09 19:15:51.880 I/netd    (  662): trafficSwapActiveStatsMap() <9.18ms>
07-09 19:15:53.729 I/aptouch_daemon(  820): filter_touch_detect, down, in: 1, out: 1
07-09 19:15:53.741 V/AudioManager( 2645): querySoundEffectsEnabled...
07-09 19:15:53.744 W/WindowManager( 1709): result: 0 displayId: -1
07-09 19:15:53.744 I/chatty  ( 1709): uid=1000(system) InputDispatcher expire 10 lines
07-09 19:15:53.747 D/canna-debug( 5676): dst:handleKeyDown-- code=4
07-09 19:15:53.748 E/canna-debug( 5676): showKeyboardWithHKB -- 1
07-09 19:15:53.758 I/netd    (  662): firewallSetUidRule(2, 10194, 2) <0.06ms>
07-09 19:15:53.764 D/HwConnectivityServiceEx( 1709): set 10194 wlan0 value true
07-09 19:15:53.764 I/ConnectivityService( 1709): BLOCKED uid 10194
07-09 19:15:53.764 I/ConnectivityService( 1709): Returning BLOCKED NetworkInfo to uid=10194
07-09 19:15:53.774 W//system/bin/netd(  662): A binder object at 0x7ce3556d80 is being transacted on, however, this object is in the same process as its proxy. Transacting with this binder is expensive compared to just calling the corresponding functionality in the same process.
07-09 19:15:53.774 I/PreDnsController(  662): canPreDnsQuery,persist.sys.predns is false!
07-09 19:15:53.777 I/ConnectivityService( 1709): BLOCKED uid 10194
07-09 19:15:53.784 I/aptouch_daemon(  820): filter_touch_detect, all_touch_up
07-09 19:15:53.793 I/chatty  ( 1709): uid=1000(system) Binder:1709_11 expire 9 lines
07-09 19:15:53.795 W/WindowManager( 1709): result: 0 displayId: -1
07-09 19:15:53.796 W/BufferQueueProducer(  723): [InputMethod#0]:1368: disconnect: not connected (req=1)
07-09 19:15:53.796 W/libEGL  ( 5676): EGLNativeWindowType 0xb6b2af08 disconnect failed
07-09 19:15:53.800 I/StatusBarDisable( 1709): setFlags what=0 which=1 pkg=Window{92b8a99 u0 cn.carbs.wricheditor/cn.carbs.wricheditor.MainActivity}
07-09 19:15:53.801 I/WindowManager( 1709): dispatchResized : win = Window{92b8a99 u0 cn.carbs.wricheditor/cn.carbs.wricheditor.MainActivity} drawState = HAS_DRAWN
07-09 19:15:53.803 I/ConnectivityService( 1709): BLOCKED uid 10194
07-09 19:15:53.806 D/canna-debug( 5676): dst:handleKeyUp-- code=4
07-09 19:15:53.807 D/key     (27831): 00 keyCode : 4
07-09 19:15:53.809 I/StatusBar/NavBarView( 2645): updateNavButtonIcons (b/113914868): home disabled=false mDisabledFlags=0
07-09 19:15:53.893 I/aptouch_daemon(  820): filter_touch_detect, down, in: 1, out: 1
07-09 19:15:53.898 V/AudioManager( 2645): querySoundEffectsEnabled...
07-09 19:15:53.899 I/iMonitor(  929): [ZeroHung]dumpEvent: event: cat=2, wp_id=4, ts=1594293353, no=35, cmdbuf=, msg=BK:46497165
07-09 19:15:53.900 I/WindowManager( 1709): Exit animation finished in Window{98763b9 u0 InputMethod EXITING}: remove=false
07-09 19:15:53.901 W/WindowManager( 1709): result: 0 displayId: -1
07-09 19:15:53.903 D/canna-debug( 5676): dst:handleKeyDown-- code=4
07-09 19:15:53.903 E/canna-debug( 5676): showKeyboardWithHKB -- 1
07-09 19:15:53.950 I/aptouch_daemon(  820): filter_touch_detect, all_touch_up
07-09 19:15:53.955 D/canna-debug( 5676): dst:handleKeyUp-- code=4
07-09 19:15:53.957 D/key     (27831): 00 keyCode : 4
07-09 19:15:53.954 W/WindowManager( 1709): result: 0 displayId: -1
07-09 19:15:53.976 V/ActivityTaskManager( 1709): positionChild stackId=0 to top.
07-09 19:15:53.976 I/HwMultiWindowSplitUI( 1709): removeSplit
07-09 19:15:53.976 I/HwMultiWindowSplitUI( 1709): mCoverLp is null
07-09 19:15:53.977 W/HwActivityTaskManagerServiceEx( 1709): setResumedActivityUncheckLocked start call, from: ActivityRecord{93fc487 u0 cn.carbs.wricheditor/.MainActivity t1186 f}, to: ActivityRecord{945afc2 u0 com.huawei.android.launcher/.unihome.UniHomeLauncher t1016}
07-09 19:15:53.977 W/HwActivityTaskManagerServiceEx( 1709): appSwitch from: cn.carbs.wricheditor to: com.huawei.android.launcher
07-09 19:15:53.978 I/chatty  ( 2975): uid=1000(system) core expire 26 lines
07-09 19:15:53.978 I/WindowManager( 1709): Changing focus from Window{92b8a99 u0 cn.carbs.wricheditor/cn.carbs.wricheditor.MainActivity} to null displayId=0 Callers=com.android.server.wm.RootWindowContainer.updateFocusedWindowLocked:4545952 com.android.server.wm.WindowManagerService.updateFocusedWindowLocked:4548172 com.android.server.wm.ActivityDisplay.setFocusedApp:1243056 com.android.server.wm.ActivityTaskManagerService.setResumedActivityUncheckLocked:1353412 
07-09 19:15:53.979 I/HiAdKit.AppSwitchMonitor( 3967):  call
07-09 19:15:53.979 D/HwGameAssistantController( 1709): UPDATE: mCurFgPkg=com.huawei.android.launcher, mCurFgPid=5848, mIsCurGame=false
07-09 19:15:53.980 I/HiAdKit.AppSwitchMonitor( 3967):  fromPackage:cn.carbs.wricheditor,toPackage:com.huawei.android.launcher
07-09 19:15:53.983 I/HwWindowManagerServiceEx( 1709): set app win exit info, bundle = Bundle[{isLandscape=false, launcherPkgName=com.huawei.android.launcher, iconWidth=170, pivotX=162.0, pivotY=830.0, iconHeight=170, flag=0}], iconBitmap = android.graphics.Bitmap@975efa1
07-09 19:15:53.985 I/chatty  ( 2975): uid=1000(system) iAwareNRT expire 10 lines
07-09 19:15:53.985 W/DE J DES( 1709): [effect] Unexpected scenc:28
07-09 19:15:53.987 V/WindowManager( 1709): notifyAppResumed: wasStopped=true AppWindowToken{94be2d1 token=Token{9786e40 ActivityRecord{945afc2 u0 com.huawei.android.launcher/.unihome.UniHomeLauncher t1016}}}
07-09 19:15:53.987 I/chatty  ( 2975): uid=1000(system) actions handler expire 10 lines
07-09 19:15:53.988 I/chatty  ( 2931): uid=1000(system) Binder:2931_B expire 10 lines
07-09 19:15:53.989 I/WindowManager( 1709): Checking 1 opening apps (frozen=false timeout=false)...
07-09 19:15:53.989 I/WindowManager( 1709): Check opening app=AppWindowToken{94be2d1 token=Token{9786e40 ActivityRecord{945afc2 u0 com.huawei.android.launcher/.unihome.UniHomeLauncher t1016}}}: allDrawn=false startingDisplayed=false startingMoved=false isRelaunching()=false startingWindow=null
07-09 19:15:53.990 I/AppLifeChangeSensor( 7191): CAWARENESS: activityPaused componentName = ComponentInfo{cn.carbs.wricheditor/cn.carbs.wricheditor.MainActivity}
07-09 19:15:53.991 E/AppLifeChangeSensor( 7191): CAWARENESS: activityPaused mAppLifeChangeCallback is null 
07-09 19:15:53.991 D/DecorView(27831): showOrHideHighlightView: hasFocus=false; winMode=1; isMrgNull=true
07-09 19:15:53.991 I/WindowManager( 1709): Checking 1 opening apps (frozen=false timeout=false)...
07-09 19:15:53.991 I/WindowManager( 1709): Check opening app=AppWindowToken{94be2d1 token=Token{9786e40 ActivityRecord{945afc2 u0 com.huawei.android.launcher/.unihome.UniHomeLauncher t1016}}}: allDrawn=false startingDisplayed=false startingMoved=false isRelaunching()=false startingWindow=null
07-09 19:15:53.991 I/HwAudioServiceEx( 1709): ComponentInfo : className = cn.carbs.wricheditor.MainActivity, flag=onPause, isHomeActivity=, isTop=false
07-09 19:15:53.992 I/HwAudioServiceEx( 1709): sendAppKilledIntentForKit, isKitPackageOnPause = false, isKitPackageKill = false, isKitPackageOnResume = false
07-09 19:15:53.994 I/chatty  ( 2931): uid=1000(system) EmcomThread expire 23 lines
07-09 19:15:53.995 V/ActivityTaskManager( 1709): Activity idle: null
07-09 19:15:53.995 V/ActivityTaskManager( 1709): Stopping ActivityRecord{93fc487 u0 cn.carbs.wricheditor/.MainActivity t1186 f}: nowVisible=false animating=true finishing=true
07-09 19:15:53.997 I/WindowManager( 1709): Checking 1 opening apps (frozen=false timeout=false)...
07-09 19:15:53.997 I/WindowManager( 1709): Check opening app=AppWindowToken{94be2d1 token=Token{9786e40 ActivityRecord{945afc2 u0 com.huawei.android.launcher/.unihome.UniHomeLauncher t1016}}}: allDrawn=false startingDisplayed=false startingMoved=false isRelaunching()=false startingWindow=null
07-09 19:15:53.998 D/ActivityThread( 5848): Won't deliver top position change in state=5
07-09 19:15:54.002 D/ZrHung.AppEyeUiProbe( 5848): restart watching
07-09 19:15:54.003 I/HwLauncher( 5848): Model loadWidgetsAfterUserUnlockIfNeeded, sLoadWidgetOnResume is false!
07-09 19:15:54.005 I/AppLifeChangeSensor( 7191): CAWARENESS: activityResumed componentName = ComponentInfo{com.huawei.android.launcher/com.huawei.android.launcher.unihome.UniHomeLauncher}
07-09 19:15:54.005 E/AppLifeChangeSensor( 7191): CAWARENESS: activityResumed mAppLifeChangeCallback is null 
07-09 19:15:54.003 W/migration/6(   47): type=1400 audit(0.0:15419): avc: granted { setsched } for pid=47 scontext=u:r:kernel:s0 tcontext=u:r:kernel:s0 tclass=process
07-09 19:15:54.005 I/HwAudioServiceEx( 1709): ComponentInfo : className = com.huawei.android.launcher.unihome.UniHomeLauncher, flag=onResume, isHomeActivity=, isTop=true
07-09 19:15:54.003 W/migration/7(   53): type=1400 audit(0.0:15420): avc: granted { setsched } for pid=53 scontext=u:r:kernel:s0 tcontext=u:r:kernel:s0 tclass=process
07-09 19:15:54.006 I/chatty  ( 3284): uid=1000(system) Binder:3284_5 expire 1 line
07-09 19:15:54.006 I/chatty  ( 3284): uid=1000(system) OdmfCtrlThread expire 11 lines
07-09 19:15:54.006 I/HwAudioServiceEx( 1709): sendAppKilledIntentForKit, isKitPackageOnPause = false, isKitPackageKill = false, isKitPackageOnResume = false
07-09 19:15:54.007 I/NetworkQoeChr( 2931): checkForegroundApp timer start
07-09 19:15:54.008 I/ContentSensor_ContentSensorService( 5737): The ComponentName can not be autoGrabbed or allowed all text capture
07-09 19:15:54.008 D/HwNetworkManagementService( 1709): code == CODE_SET_CHR_REPORT_APP_LIST
07-09 19:15:54.008 I/HwNetworkManagementService( 1709): chr appuid set succeeded
07-09 19:15:54.009 D/HwRecentsTaskUtils( 5848): refreshToCache
07-09 19:15:54.009 D/HwRecentsTaskUtils( 5848): searchFromDate
07-09 19:15:54.009 I/BoosterSwitchP( 2931): notifyUidState do nothing
07-09 19:15:54.009 I/DeepNoDisturbP( 2931): notifyUidState
07-09 19:15:54.009 I/BrowserChrP( 2931): notifyUidState
07-09 19:15:54.009 I/SmartDualCardConfig( 2931): getAppType,pkgName=com.huawei.android.launcher,appType=28
07-09 19:15:54.009 E/SmartDualCardConfig( 2931): isAppInBlackList false,items==null
07-09 19:15:54.009 I/HwNetworkPolicy( 1709): onTransact, code = 203
07-09 19:15:54.009 I/SmartDualCardConfig( 2931): isAppInWhiteList false,uid=10093
07-09 19:15:54.010 I/HwNetworkPolicyManager( 2810): getHwUidPolicy uid = 10093 policy = 0
07-09 19:15:54.010 I/WindowManager( 1709): Checking 1 opening apps (frozen=false timeout=false)...
07-09 19:15:54.010 I/WindowManager( 1709): Check opening app=AppWindowToken{94be2d1 token=Token{9786e40 ActivityRecord{945afc2 u0 com.huawei.android.launcher/.unihome.UniHomeLauncher t1016}}}: allDrawn=false startingDisplayed=false startingMoved=false isRelaunching()=false startingWindow=null
07-09 19:15:54.012 I/WindowManager( 1709): Checking 1 opening apps (frozen=false timeout=false)...
07-09 19:15:54.012 I/WindowManager( 1709): Check opening app=AppWindowToken{94be2d1 token=Token{9786e40 ActivityRecord{945afc2 u0 com.huawei.android.launcher/.unihome.UniHomeLauncher t1016}}}: allDrawn=false startingDisplayed=false startingMoved=false isRelaunching()=false startingWindow=null
07-09 19:15:54.014 I/WindowManager( 1709): Changing focus from null to Window{9473b29 u0 com.huawei.android.launcher/com.huawei.android.launcher.unihome.UniHomeLauncher} displayId=0 Callers=com.android.server.wm.RootWindowContainer.updateFocusedWindowLocked:4545952 com.android.server.wm.WindowManagerService.updateFocusedWindowLocked:4548172 com.android.server.wm.WindowManagerService.relayoutWindow:4703972 com.android.server.wm.Session.relayout:4697780 
07-09 19:15:54.014 D/HwActivityManagerServiceEx( 1709): notifyAppToTop pid:5848, enable:1
07-09 19:15:54.014 D/HwActivityManagerServiceEx( 1709): notifyAppToTop pid:27831, enable:0
07-09 19:15:54.014 V/HwPhoneWindowManager( 1709): updateSystemUiColorLw window=Window{9473b29 u0 com.huawei.android.launcher/com.huawei.android.launcher.unihome.UniHomeLauncher},EmuiStyle=-1,StatusBarColor=0x0,NavigationBarColor=0x0, mForceNotchStatusBar=false
07-09 19:15:54.016 D/mali_winsys( 5848): EGLint new_window_surface(egl_winsys_display *, void *, EGLSurface, EGLConfig, egl_winsys_surface **, EGLBoolean) returns 0x3000
07-09 19:15:54.016 D/RtgSched(27831): resetRtgSchedHandle failed enable:0
07-09 19:15:54.017 V/ActivityManager( 1709): Successfully start provider ContentProviderRecord{944435f u0 com.android.systemui/.recents.HwRecentsLockProdiver} launchingApp=null caller pid= 5848
07-09 19:15:54.022 I/HwLauncher( 5848): RecentTasksList  loadTasksInBackground:3 numTasks:20 currentUserId:0
07-09 19:15:54.028 I/WindowManager( 1709): Checking 1 opening apps (frozen=false timeout=false)...
07-09 19:15:54.028 I/WindowManager( 1709): Check opening app=AppWindowToken{94be2d1 token=Token{9786e40 ActivityRecord{945afc2 u0 com.huawei.android.launcher/.unihome.UniHomeLauncher t1016}}}: allDrawn=false startingDisplayed=false startingMoved=false isRelaunching()=false startingWindow=null
07-09 19:15:54.032 I/HwViewRootImpl( 5848): removeInvalidNode all the node in jank list is out of time
07-09 19:15:54.032 I/WindowManager( 1709): New wallpaper target: Window{9473b29 u0 com.huawei.android.launcher/com.huawei.android.launcher.unihome.UniHomeLauncher} prevTarget: null
07-09 19:15:54.033 D/DecorView( 5848): showOrHideHighlightView: hasFocus=true; winMode=1; isMrgNull=true
07-09 19:15:54.033 W/InputMethodManager( 5848): startInputReason = 1
07-09 19:15:54.033 I/HwAudioService( 1709): now type = -1,reportForegroundAppType = 28,pkg = null,systemload = -1mVoipOptimizeInGameModefalse
07-09 19:15:54.034 I/WindowManager( 1709): Checking 1 opening apps (frozen=false timeout=false)...
07-09 19:15:54.034 I/WindowManager( 1709): Check opening app=AppWindowToken{94be2d1 token=Token{9786e40 ActivityRecord{945afc2 u0 com.huawei.android.launcher/.unihome.UniHomeLauncher t1016}}}: allDrawn=true startingDisplayed=false startingMoved=false isRelaunching()=false startingWindow=null
07-09 19:15:54.034 I/WindowManager( 1709): Checking 0 opening apps (frozen=false timeout=false)...
07-09 19:15:54.034 I/HwWindowManagerServiceEx( 1709): closing apps count = 1
